
Discarded input sections

 .comment       0x00000000       0x13 ps2keyboard.o

Memory Configuration

Name             Origin             Length             Attributes
*default*        0x00000000         0xffffffff

Linker script and memory map

LOAD ps2keyboard.o
LOAD /opt/homebrew/Cellar/i686-elf-gcc/13.1.0/lib/gcc/i686-elf/13.1.0/libgcc.a
                0xd0000000                        . = 0xd0000000

.text           0xd0000000      0x421
 *(.text)
 .text          0xd0000000      0x1b6 ps2keyboard.o
                0xd000019f                _driver_entry_point
 *(.rodata)
 *fill*         0xd00001b6        0xa 
 .rodata        0xd00001c0      0x261 ps2keyboard.o
 *(.symtab)
 *(.strtab)

.plt            0xd0000430        0x0
 .plt           0xd0000430        0x0 ps2keyboard.o

.plt.got        0xd0000428        0x0
 .plt.got       0xd0000428        0x0 ps2keyboard.o

.gnu.version_d  0xd0000424        0x0
 .gnu.version_d
                0xd0000424        0x0 ps2keyboard.o

.gnu.version    0xd0000422        0x0
 .gnu.version   0xd0000422        0x0 ps2keyboard.o

.gnu.version_r  0xd0000424        0x0
 .gnu.version_r
                0xd0000424        0x0 ps2keyboard.o

.dynsym         0xd0000424       0xa0
 .dynsym        0xd0000424       0xa0 ps2keyboard.o

.dynstr         0xd00004c4       0x95
 .dynstr        0xd00004c4       0x95 ps2keyboard.o

.hash           0xd000055c       0x3c
 .hash          0xd000055c       0x3c ps2keyboard.o

.eh_frame       0xd0000598        0x0
 .eh_frame      0xd0000598        0x0 ps2keyboard.o
 .eh_frame      0xd0000598        0x0 ps2keyboard.o

.rel.dyn        0xd0000598       0xc8
 .rel.plt       0xd0000598        0x0 ps2keyboard.o
 .rel.got       0xd0000598        0x0 ps2keyboard.o
 .rel.ifunc     0xd0000598        0x0 ps2keyboard.o
 .rel.text      0xd0000598       0xc8 ps2keyboard.o

.data           0xd0001000        0x0
 *(.data)
 .data          0xd0001000        0x0 ps2keyboard.o

.dynamic        0xd0001000       0x78
 .dynamic       0xd0001000       0x78 ps2keyboard.o
                0xd0001000                _DYNAMIC

.got            0xd0001078        0x0
 .got           0xd0001078        0x0 ps2keyboard.o

.got.plt        0xd0001078        0x0
 .got.plt       0xd0001078        0x0 ps2keyboard.o

.data.rel.ro    0xd0001078        0x0
 .data.rel.ro   0xd0001078        0x0 ps2keyboard.o

.bss            0xd0002000        0x5
 *(COMMON)
 *(.bss)
 .bss           0xd0002000        0x5 ps2keyboard.o
                0xd0002000                caps_lock_on
                0xd0002001                shift_r_held
                0xd0002002                shift_held
                0xd0002003                control_held
                0xd0002004                release_mode
 *(.bootstrap_stack)

.dynbss         0xd0002005        0x0
 .dynbss        0xd0002005        0x0 ps2keyboard.o

/DISCARD/
 *(.comment)
OUTPUT(ps2.sys elf32-i386)
