Archive member included to satisfy reference by file (symbol)

../../../libc/x86/libc.a(_systemcall.oo)
                              main.o (_system_call)

Discarded input sections

 .comment       0x0000000000000000       0x12 main.o

Memory Configuration

Name             Origin             Length             Attributes
*default*        0x0000000000000000 0xffffffffffffffff

Linker script and memory map

LOAD main.o
LOAD /cygdrive/c/Users/Alex/Toolchain/Output/bin/../lib/gcc/i386-banana/8.1.0/libgcc.a
LOAD ../../../libc/x86/libc.a
                0x0000000010000000                . = 0x10000000

.text           0x0000000010000000       0x6d
 *(.text)
 .text          0x0000000010000000       0x42 main.o
                0x0000000010000000                _start
 *fill*         0x0000000010000042        0xe 
 .text          0x0000000010000050       0x1d ../../../libc/x86/libc.a(_systemcall.oo)
                0x0000000010000050                _system_call
 *(.rodata)
 *(.symtab)
 *(.strtab)

.iplt           0x0000000010000070        0x0
 .iplt          0x0000000010000070        0x0 main.o

.rodata.str1.1  0x000000001000006d       0x20
 .rodata.str1.1
                0x000000001000006d       0x20 main.o

.eh_frame       0x0000000010000090       0x34
 .eh_frame      0x0000000010000090       0x34 main.o

.rel.dyn        0x00000000100000c4        0x0
 .rel.got       0x00000000100000c4        0x0 main.o
 .rel.iplt      0x00000000100000c4        0x0 main.o

.data           0x0000000010001000        0x0
 *(.data)
 .data          0x0000000010001000        0x0 main.o

.got            0x00000000100000c4        0x0 load address 0x0000000010001000
 .got           0x00000000100000c4        0x0 main.o

.got.plt        0x00000000100000c4        0x0 load address 0x0000000010001f3c
 .got.plt       0x00000000100000c4        0x0 main.o

.igot.plt       0x00000000100000c4        0x0 load address 0x0000000010002e78
 .igot.plt      0x00000000100000c4        0x0 main.o

.bss            0x0000000010001000        0x0
 *(COMMON)
 *(.bss)
 .bss           0x0000000010001000        0x0 main.o
 *(.bootstrap_stack)

/DISCARD/
 *(.comment)
OUTPUT(usertest.exe elf32-i386)
