Archive member included to satisfy reference by file (symbol)

../../../libc/x86/libc.a(string.o)
                              main.o (strlen)
../../../libc/x86/libc.a(stdio.o)
                              main.o (fmemopen)
../../../libc/x86/libc.a(stdlib.o)
                              crt0.o (exit)
../../../libc/x86/libc.a(errno.o)
                              crt0.o (errno)
../../../libc/x86/libc.a(fcntl.o)
                              ../../../libc/x86/libc.a(stdio.o) (open)
../../../libc/x86/libc.a(unistd.o)
                              ../../../libc/x86/libc.a(stdio.o) (isatty)
../../../libc/x86/libc.a(_systemcall.oo)
                              ../../../libc/x86/libc.a(stdlib.o) (_system_call)
/opt/homebrew/Cellar/i686-elf-gcc/13.1.0/lib/gcc/i686-elf/13.1.0/libgcc.a(_udivmoddi4.o)
                              ../../../libc/x86/libc.a(stdio.o) (__udivmoddi4)

Discarded input sections

 .text          0x00000000        0x0 crt0.o
 .data          0x00000000        0x0 crt0.o
 .bss           0x00000000        0x0 crt0.o
 .comment       0x00000000       0x13 crt0.o
 .text          0x00000000        0x0 main.o
 .data          0x00000000        0x0 main.o
 .bss           0x00000000        0x0 main.o
 .comment       0x00000000       0x13 main.o
 .text          0x00000000        0x0 ../../../libc/x86/libc.a(string.o)
 .data          0x00000000        0x0 ../../../libc/x86/libc.a(string.o)
 .bss           0x00000000        0x0 ../../../libc/x86/libc.a(string.o)
 .text.memchr   0x00000000       0x1d ../../../libc/x86/libc.a(string.o)
 .text.memcmp   0x00000000       0x34 ../../../libc/x86/libc.a(string.o)
 .text.strcat   0x00000000       0x29 ../../../libc/x86/libc.a(string.o)
 .text.strchr   0x00000000       0x16 ../../../libc/x86/libc.a(string.o)
 .text.strcpy   0x00000000       0x1a ../../../libc/x86/libc.a(string.o)
 .rodata.strerror.str1.1
                0x00000000        0xe ../../../libc/x86/libc.a(string.o)
 .text.strerror
                0x00000000       0x19 ../../../libc/x86/libc.a(string.o)
 .text.strncpy  0x00000000       0x2a ../../../libc/x86/libc.a(string.o)
 .text.strdup   0x00000000       0x2e ../../../libc/x86/libc.a(string.o)
 .text.strncmp  0x00000000       0x2f ../../../libc/x86/libc.a(string.o)
 .rodata.str1.1
                0x00000000      0x261 ../../../libc/x86/libc.a(string.o)
 .rodata.CSWTCH.24
                0x00000000       0x70 ../../../libc/x86/libc.a(string.o)
 .comment       0x00000000       0x13 ../../../libc/x86/libc.a(string.o)
 .text          0x00000000        0x0 ../../../libc/x86/libc.a(stdio.o)
 .data          0x00000000        0x0 ../../../libc/x86/libc.a(stdio.o)
 .bss           0x00000000        0x0 ../../../libc/x86/libc.a(stdio.o)
 .text.funlockfile
                0x00000000        0xf ../../../libc/x86/libc.a(stdio.o)
 .text.feof     0x00000000       0x22 ../../../libc/x86/libc.a(stdio.o)
 .text.ferror   0x00000000       0x22 ../../../libc/x86/libc.a(stdio.o)
 .text.clearerr
                0x00000000       0x25 ../../../libc/x86/libc.a(stdio.o)
 .text.setbuffer
                0x00000000       0x24 ../../../libc/x86/libc.a(stdio.o)
 .text.setbuf   0x00000000       0x1b ../../../libc/x86/libc.a(stdio.o)
 .text.setlinebuf
                0x00000000       0x19 ../../../libc/x86/libc.a(stdio.o)
 .text.freopen  0x00000000       0x35 ../../../libc/x86/libc.a(stdio.o)
 .text.ungetc   0x00000000       0x41 ../../../libc/x86/libc.a(stdio.o)
 .text.putc     0x00000000        0x5 ../../../libc/x86/libc.a(stdio.o)
 .text.putchar  0x00000000       0x16 ../../../libc/x86/libc.a(stdio.o)
 .text.fgets    0x00000000       0x5a ../../../libc/x86/libc.a(stdio.o)
 .text.getc     0x00000000        0x5 ../../../libc/x86/libc.a(stdio.o)
 .text.getchar  0x00000000       0x13 ../../../libc/x86/libc.a(stdio.o)
 .text.puts     0x00000000       0x34 ../../../libc/x86/libc.a(stdio.o)
 .text.fileno   0x00000000       0x3f ../../../libc/x86/libc.a(stdio.o)
 .text.snprintf
                0x00000000       0x1a ../../../libc/x86/libc.a(stdio.o)
 .comment       0x00000000       0x13 ../../../libc/x86/libc.a(stdio.o)
 .text          0x00000000        0x0 ../../../libc/x86/libc.a(stdlib.o)
 .data          0x00000000        0x0 ../../../libc/x86/libc.a(stdlib.o)
 .bss           0x00000000        0x0 ../../../libc/x86/libc.a(stdlib.o)
 .text.rand     0x00000000       0x3e ../../../libc/x86/libc.a(stdlib.o)
 .text.srand    0x00000000       0x14 ../../../libc/x86/libc.a(stdlib.o)
 .text.calloc   0x00000000       0x40 ../../../libc/x86/libc.a(stdlib.o)
 .data.rand_seed
                0x00000000        0x8 ../../../libc/x86/libc.a(stdlib.o)
 .comment       0x00000000       0x13 ../../../libc/x86/libc.a(stdlib.o)
 .text          0x00000000        0x0 ../../../libc/x86/libc.a(errno.o)
 .data          0x00000000        0x0 ../../../libc/x86/libc.a(errno.o)
 .bss           0x00000000        0x0 ../../../libc/x86/libc.a(errno.o)
 .comment       0x00000000       0x13 ../../../libc/x86/libc.a(errno.o)
 .text          0x00000000        0x0 ../../../libc/x86/libc.a(fcntl.o)
 .data          0x00000000        0x0 ../../../libc/x86/libc.a(fcntl.o)
 .bss           0x00000000        0x0 ../../../libc/x86/libc.a(fcntl.o)
 .text.creat    0x00000000       0x15 ../../../libc/x86/libc.a(fcntl.o)
 .text.fcntl    0x00000000        0xe ../../../libc/x86/libc.a(fcntl.o)
 .comment       0x00000000       0x13 ../../../libc/x86/libc.a(fcntl.o)
 .text          0x00000000        0x0 ../../../libc/x86/libc.a(unistd.o)
 .data          0x00000000        0x0 ../../../libc/x86/libc.a(unistd.o)
 .bss           0x00000000        0x0 ../../../libc/x86/libc.a(unistd.o)
 .text.dup      0x00000000       0x29 ../../../libc/x86/libc.a(unistd.o)
 .text.dup2     0x00000000       0x2a ../../../libc/x86/libc.a(unistd.o)
 .text.dup3     0x00000000       0x2b ../../../libc/x86/libc.a(unistd.o)
 .text.lseek    0x00000000       0x35 ../../../libc/x86/libc.a(unistd.o)
 .comment       0x00000000       0x13 ../../../libc/x86/libc.a(unistd.o)
 .data          0x00000000        0x0 /opt/homebrew/Cellar/i686-elf-gcc/13.1.0/lib/gcc/i686-elf/13.1.0/libgcc.a(_udivmoddi4.o)
 .bss           0x00000000        0x0 /opt/homebrew/Cellar/i686-elf-gcc/13.1.0/lib/gcc/i686-elf/13.1.0/libgcc.a(_udivmoddi4.o)
 .debug_info    0x00000000      0x27f /opt/homebrew/Cellar/i686-elf-gcc/13.1.0/lib/gcc/i686-elf/13.1.0/libgcc.a(_udivmoddi4.o)
 .debug_abbrev  0x00000000      0x10a /opt/homebrew/Cellar/i686-elf-gcc/13.1.0/lib/gcc/i686-elf/13.1.0/libgcc.a(_udivmoddi4.o)
 .debug_loclists
                0x00000000      0x350 /opt/homebrew/Cellar/i686-elf-gcc/13.1.0/lib/gcc/i686-elf/13.1.0/libgcc.a(_udivmoddi4.o)
 .debug_aranges
                0x00000000       0x20 /opt/homebrew/Cellar/i686-elf-gcc/13.1.0/lib/gcc/i686-elf/13.1.0/libgcc.a(_udivmoddi4.o)
 .debug_line    0x00000000      0x1fc /opt/homebrew/Cellar/i686-elf-gcc/13.1.0/lib/gcc/i686-elf/13.1.0/libgcc.a(_udivmoddi4.o)
 .debug_str     0x00000000      0x1d9 /opt/homebrew/Cellar/i686-elf-gcc/13.1.0/lib/gcc/i686-elf/13.1.0/libgcc.a(_udivmoddi4.o)
 .debug_line_str
                0x00000000      0x106 /opt/homebrew/Cellar/i686-elf-gcc/13.1.0/lib/gcc/i686-elf/13.1.0/libgcc.a(_udivmoddi4.o)
 .comment       0x00000000       0x13 /opt/homebrew/Cellar/i686-elf-gcc/13.1.0/lib/gcc/i686-elf/13.1.0/libgcc.a(_udivmoddi4.o)
 .eh_frame      0x00000000       0x48 /opt/homebrew/Cellar/i686-elf-gcc/13.1.0/lib/gcc/i686-elf/13.1.0/libgcc.a(_udivmoddi4.o)

Memory Configuration

Name             Origin             Length             Attributes
*default*        0x00000000         0xffffffff

Linker script and memory map

LOAD crt0.o
LOAD main.o
LOAD ../../../libc/x86/libc.a
LOAD /opt/homebrew/Cellar/i686-elf-gcc/13.1.0/lib/gcc/i686-elf/13.1.0/libgcc.a
                0x10000000                        . = 0x10000000

.text           0x10000000      0x1d5
 *(.text)
 .text          0x10000000       0x1e ../../../libc/x86/libc.a(_systemcall.oo)
                0x10000000                _system_call
 *fill*         0x1000001e        0x2 
 .text          0x10000020      0x1b5 /opt/homebrew/Cellar/i686-elf-gcc/13.1.0/lib/gcc/i686-elf/13.1.0/libgcc.a(_udivmoddi4.o)
                0x10000020                __udivmoddi4
 *(.rodata)
 *(.symtab)
 *(.strtab)

.text._start    0x100001d5       0x6d
 .text._start   0x100001d5       0x6d crt0.o
                0x100001d5                _start

.iplt           0x10000242        0x0
 .iplt          0x10000242        0x0 crt0.o

.text.startup.main
                0x10000242      0x3ec
 .text.startup.main
                0x10000242      0x3ec main.o
                0x10000242                main

.text.memcpy    0x1000062e       0x16
 .text.memcpy   0x1000062e       0x16 ../../../libc/x86/libc.a(string.o)
                0x1000062e                memcpy

.text.memmove   0x10000644       0x30
 .text.memmove  0x10000644       0x30 ../../../libc/x86/libc.a(string.o)
                0x10000644                memmove

.text.memset    0x10000674       0x15
 .text.memset   0x10000674       0x15 ../../../libc/x86/libc.a(string.o)
                0x10000674                memset

.text.strcmp    0x10000689       0x20
 .text.strcmp   0x10000689       0x20 ../../../libc/x86/libc.a(string.o)
                0x10000689                strcmp

.text.strlen    0x100006a9       0x13
 .text.strlen   0x100006a9       0x13 ../../../libc/x86/libc.a(string.o)
                0x100006a9                strlen

.text._file_read
                0x100006bc       0x11
 .text._file_read
                0x100006bc       0x11 ../../../libc/x86/libc.a(stdio.o)
                0x100006bc                _file_read

.text._file_write
                0x100006cd       0x11
 .text._file_write
                0x100006cd       0x11 ../../../libc/x86/libc.a(stdio.o)
                0x100006cd                _file_write

.text._mem_read
                0x100006de       0x59
 .text._mem_read
                0x100006de       0x59 ../../../libc/x86/libc.a(stdio.o)
                0x100006de                _mem_read

.text._mem_write
                0x10000737       0x6a
 .text._mem_write
                0x10000737       0x6a ../../../libc/x86/libc.a(stdio.o)
                0x10000737                _mem_write

.text.fopen_existing_stream
                0x100007a1      0x110
 .text.fopen_existing_stream
                0x100007a1      0x110 ../../../libc/x86/libc.a(stdio.o)

.text.fmemopen  0x100008b1       0xd8
 .text.fmemopen
                0x100008b1       0xd8 ../../../libc/x86/libc.a(stdio.o)
                0x100008b1                fmemopen

.text.fopen     0x10000989       0x47
 .text.fopen    0x10000989       0x47 ../../../libc/x86/libc.a(stdio.o)
                0x10000989                fopen

.text.ftrylockfile
                0x100009d0       0x2b
 .text.ftrylockfile
                0x100009d0       0x2b ../../../libc/x86/libc.a(stdio.o)
                0x100009d0                ftrylockfile

.text.flockfile
                0x100009fb       0x1a
 .text.flockfile
                0x100009fb       0x1a ../../../libc/x86/libc.a(stdio.o)
                0x100009fb                flockfile

.text.setvbuf   0x10000a15       0x9c
 .text.setvbuf  0x10000a15       0x9c ../../../libc/x86/libc.a(stdio.o)
                0x10000a15                setvbuf

.text.fflush    0x10000ab1       0x99
 .text.fflush   0x10000ab1       0x99 ../../../libc/x86/libc.a(stdio.o)
                0x10000ab1                fflush

.text.fclose    0x10000b4a       0x74
 .text.fclose   0x10000b4a       0x74 ../../../libc/x86/libc.a(stdio.o)
                0x10000b4a                fclose

.text.fputc     0x10000bbe       0xf6
 .text.fputc    0x10000bbe       0xf6 ../../../libc/x86/libc.a(stdio.o)
                0x10000bbe                fputc

.text.fgetc     0x10000cb4       0x9d
 .text.fgetc    0x10000cb4       0x9d ../../../libc/x86/libc.a(stdio.o)
                0x10000cb4                fgetc

.text.fputs     0x10000d51       0x49
 .text.fputs    0x10000d51       0x49 ../../../libc/x86/libc.a(stdio.o)
                0x10000d51                fputs

.text.vfprintf  0x10000d9a      0x761
 .text.vfprintf
                0x10000d9a      0x761 ../../../libc/x86/libc.a(stdio.o)
                0x10000d9a                vfprintf

.text.vsnprintf
                0x100014fb       0x6c
 .text.vsnprintf
                0x100014fb       0x6c ../../../libc/x86/libc.a(stdio.o)
                0x100014fb                vsnprintf

.text.vsprintf  0x10001567       0x1b
 .text.vsprintf
                0x10001567       0x1b ../../../libc/x86/libc.a(stdio.o)
                0x10001567                vsprintf

.text.vprintf   0x10001582       0x19
 .text.vprintf  0x10001582       0x19 ../../../libc/x86/libc.a(stdio.o)
                0x10001582                vprintf

.text.fprintf   0x1000159b       0x17
 .text.fprintf  0x1000159b       0x17 ../../../libc/x86/libc.a(stdio.o)
                0x1000159b                fprintf

.text.printf    0x100015b2       0x14
 .text.printf   0x100015b2       0x14 ../../../libc/x86/libc.a(stdio.o)
                0x100015b2                printf

.text.sprintf   0x100015c6       0x17
 .text.sprintf  0x100015c6       0x17 ../../../libc/x86/libc.a(stdio.o)
                0x100015c6                sprintf

.text.exit      0x100015dd       0x27
 .text.exit     0x100015dd       0x27 ../../../libc/x86/libc.a(stdlib.o)
                0x100015dd                exit

.text.malloc    0x10001604       0x76
 .text.malloc   0x10001604       0x76 ../../../libc/x86/libc.a(stdlib.o)
                0x10001604                malloc

.text.free      0x1000167a        0x1
 .text.free     0x1000167a        0x1 ../../../libc/x86/libc.a(stdlib.o)
                0x1000167a                free

.text.open      0x1000167b       0x30
 .text.open     0x1000167b       0x30 ../../../libc/x86/libc.a(fcntl.o)
                0x1000167b                open

.text.isatty    0x100016ab       0x2d
 .text.isatty   0x100016ab       0x2d ../../../libc/x86/libc.a(unistd.o)
                0x100016ab                isatty

.text.close     0x100016d8       0x27
 .text.close    0x100016d8       0x27 ../../../libc/x86/libc.a(unistd.o)
                0x100016d8                close

.text.read      0x100016ff       0x30
 .text.read     0x100016ff       0x30 ../../../libc/x86/libc.a(unistd.o)
                0x100016ff                read

.text.write     0x1000172f       0x30
 .text.write    0x1000172f       0x30 ../../../libc/x86/libc.a(unistd.o)
                0x1000172f                write

.rodata._start.str1.1
                0x1000175f        0x9
 .rodata._start.str1.1
                0x1000175f        0x9 crt0.o

.rodata.main.str1.1
                0x10001768      0x204
 .rodata.main.str1.1
                0x10001768      0x204 main.o
                                0x206 (size before relaxing)

.rodata.fmemopen.str1.1
                0x1000196c        0x3
 .rodata.fmemopen.str1.1
                0x1000196c        0x3 ../../../libc/x86/libc.a(stdio.o)
                                  0x4 (size before relaxing)

.rodata.vfprintf.str1.1
                0x1000196f       0x3d
 .rodata.vfprintf.str1.1
                0x1000196f       0x3d ../../../libc/x86/libc.a(stdio.o)

.rodata.vfprintf
                0x100019ac      0x128
 .rodata.vfprintf
                0x100019ac      0x128 ../../../libc/x86/libc.a(stdio.o)

.rodata.vsnprintf.str1.1
                0x10001ad4        0x2
 .rodata.vsnprintf.str1.1
                0x10001ad4        0x2 ../../../libc/x86/libc.a(stdio.o)

.rel.dyn        0x10001ad8        0x0
 .rel.got       0x10001ad8        0x0 crt0.o
 .rel.iplt      0x10001ad8        0x0 crt0.o

.data
 *(.data)

.got            0x10001ad8        0x0
 .got           0x10001ad8        0x0 crt0.o

.got.plt        0x10001ad8        0x0
 .got.plt       0x10001ad8        0x0 crt0.o

.igot.plt       0x10001ad8        0x0
 .igot.plt      0x10001ad8        0x0 crt0.o

.bss
 *(COMMON)
 *(.bss)
 *(.bootstrap_stack)

.bss.stderr     0x10001ad8        0x4
 .bss.stderr    0x10001ad8        0x4 ../../../libc/x86/libc.a(stdio.o)
                0x10001ad8                stderr

.bss.stdout     0x10001adc        0x4
 .bss.stdout    0x10001adc        0x4 ../../../libc/x86/libc.a(stdio.o)
                0x10001adc                stdout

.bss.stdin      0x10001ae0        0x4
 .bss.stdin     0x10001ae0        0x4 ../../../libc/x86/libc.a(stdio.o)
                0x10001ae0                stdin

.bss.recent_sbrk.0
                0x10001ae4        0x4
 .bss.recent_sbrk.0
                0x10001ae4        0x4 ../../../libc/x86/libc.a(stdlib.o)

.bss.allocation_position.1
                0x10001ae8        0x4
 .bss.allocation_position.1
                0x10001ae8        0x4 ../../../libc/x86/libc.a(stdlib.o)

.bss.errno      0x10001aec        0x4
 .bss.errno     0x10001aec        0x4 ../../../libc/x86/libc.a(errno.o)
                0x10001aec                errno

/DISCARD/
 *(.comment)
OUTPUT(usertest.exe elf32-i386)
