Archive member included to satisfy reference by file (symbol)

../../../libc/x86/libc.a(string.o)
                              main.o (strlen)
../../../libc/x86/libc.a(stdio.o)
                              main.o (fmemopen)
../../../libc/x86/libc.a(stdlib.o)
                              crt0.o (exit)
../../../libc/x86/libc.a(fcntl.o)
                              ../../../libc/x86/libc.a(stdio.o) (open)
../../../libc/x86/libc.a(unistd.o)
                              ../../../libc/x86/libc.a(stdio.o) (isatty)
../../../libc/x86/libc.a(_systemcall.oo)
                              ../../../libc/x86/libc.a(stdlib.o) (_system_call)
/cygdrive/c/Users/Alex/Toolchain/Output/bin/../lib/gcc/i386-banana/8.1.0/libgcc.a(_udivmoddi4.o)
                              ../../../libc/x86/libc.a(stdio.o) (__udivmoddi4)

Allocating common symbols
Common symbol       size              file

stdout              0x4               ../../../libc/x86/libc.a(stdio.o)
errno               0x4               crt0.o
stdin               0x4               ../../../libc/x86/libc.a(stdio.o)
stderr              0x4               ../../../libc/x86/libc.a(stdio.o)

Discarded input sections

 .text          0x0000000000000000        0x0 crt0.o
 .data          0x0000000000000000        0x0 crt0.o
 .bss           0x0000000000000000        0x0 crt0.o
 .comment       0x0000000000000000       0x12 crt0.o
 .eh_frame      0x0000000000000000       0x34 crt0.o
 .text          0x0000000000000000        0x0 main.o
 .data          0x0000000000000000        0x0 main.o
 .bss           0x0000000000000000        0x0 main.o
 .comment       0x0000000000000000       0x12 main.o
 .eh_frame      0x0000000000000000       0x50 main.o
 .text          0x0000000000000000        0x0 ../../../libc/x86/libc.a(string.o)
 .data          0x0000000000000000        0x0 ../../../libc/x86/libc.a(string.o)
 .bss           0x0000000000000000        0x0 ../../../libc/x86/libc.a(string.o)
 .text.memchr   0x0000000000000000       0x1d ../../../libc/x86/libc.a(string.o)
 .text.memcmp   0x0000000000000000       0x34 ../../../libc/x86/libc.a(string.o)
 .text.strcat   0x0000000000000000       0x27 ../../../libc/x86/libc.a(string.o)
 .text.strchr   0x0000000000000000       0x16 ../../../libc/x86/libc.a(string.o)
 .text.strcpy   0x0000000000000000       0x18 ../../../libc/x86/libc.a(string.o)
 .rodata.strerror.str1.1
                0x0000000000000000        0xe ../../../libc/x86/libc.a(string.o)
 .text.strerror
                0x0000000000000000       0x19 ../../../libc/x86/libc.a(string.o)
 .text.strncpy  0x0000000000000000       0x28 ../../../libc/x86/libc.a(string.o)
 .text.strdup   0x0000000000000000       0x2e ../../../libc/x86/libc.a(string.o)
 .text.strncmp  0x0000000000000000       0x30 ../../../libc/x86/libc.a(string.o)
 .rodata.str1.1
                0x0000000000000000      0x1bd ../../../libc/x86/libc.a(string.o)
 .rodata.CSWTCH.14
                0x0000000000000000       0x4c ../../../libc/x86/libc.a(string.o)
 .comment       0x0000000000000000       0x12 ../../../libc/x86/libc.a(string.o)
 .eh_frame      0x0000000000000000      0x210 ../../../libc/x86/libc.a(string.o)
 .text          0x0000000000000000        0x0 ../../../libc/x86/libc.a(stdio.o)
 .data          0x0000000000000000        0x0 ../../../libc/x86/libc.a(stdio.o)
 .bss           0x0000000000000000        0x0 ../../../libc/x86/libc.a(stdio.o)
 .text.funlockfile
                0x0000000000000000        0xf ../../../libc/x86/libc.a(stdio.o)
 .text.feof     0x0000000000000000       0x20 ../../../libc/x86/libc.a(stdio.o)
 .text.ferror   0x0000000000000000       0x20 ../../../libc/x86/libc.a(stdio.o)
 .text.clearerr
                0x0000000000000000       0x25 ../../../libc/x86/libc.a(stdio.o)
 .text.freopen  0x0000000000000000       0x35 ../../../libc/x86/libc.a(stdio.o)
 .text.ungetc   0x0000000000000000       0x41 ../../../libc/x86/libc.a(stdio.o)
 .text.getc     0x0000000000000000        0x5 ../../../libc/x86/libc.a(stdio.o)
 .text.getchar  0x0000000000000000       0x13 ../../../libc/x86/libc.a(stdio.o)
 .text.fileno   0x0000000000000000       0x3d ../../../libc/x86/libc.a(stdio.o)
 .text.snprintf
                0x0000000000000000       0x1a ../../../libc/x86/libc.a(stdio.o)
 .comment       0x0000000000000000       0x12 ../../../libc/x86/libc.a(stdio.o)
 .eh_frame      0x0000000000000000      0x4a8 ../../../libc/x86/libc.a(stdio.o)
 .text          0x0000000000000000        0x0 ../../../libc/x86/libc.a(stdlib.o)
 .data          0x0000000000000000        0x0 ../../../libc/x86/libc.a(stdlib.o)
 .bss           0x0000000000000000        0x0 ../../../libc/x86/libc.a(stdlib.o)
 .text.rand     0x0000000000000000       0x3e ../../../libc/x86/libc.a(stdlib.o)
 .text.srand    0x0000000000000000       0x17 ../../../libc/x86/libc.a(stdlib.o)
 .text.calloc   0x0000000000000000       0x4f ../../../libc/x86/libc.a(stdlib.o)
 .data.rand_seed
                0x0000000000000000        0x8 ../../../libc/x86/libc.a(stdlib.o)
 .comment       0x0000000000000000       0x12 ../../../libc/x86/libc.a(stdlib.o)
 .eh_frame      0x0000000000000000       0xc8 ../../../libc/x86/libc.a(stdlib.o)
 .text          0x0000000000000000        0x0 ../../../libc/x86/libc.a(fcntl.o)
 .data          0x0000000000000000        0x0 ../../../libc/x86/libc.a(fcntl.o)
 .bss           0x0000000000000000        0x0 ../../../libc/x86/libc.a(fcntl.o)
 .text.creat    0x0000000000000000       0x15 ../../../libc/x86/libc.a(fcntl.o)
 .text.fcntl    0x0000000000000000        0xe ../../../libc/x86/libc.a(fcntl.o)
 .comment       0x0000000000000000       0x12 ../../../libc/x86/libc.a(fcntl.o)
 .eh_frame      0x0000000000000000       0x6c ../../../libc/x86/libc.a(fcntl.o)
 .text          0x0000000000000000        0x0 ../../../libc/x86/libc.a(unistd.o)
 .data          0x0000000000000000        0x0 ../../../libc/x86/libc.a(unistd.o)
 .bss           0x0000000000000000        0x0 ../../../libc/x86/libc.a(unistd.o)
 .text.lseek    0x0000000000000000       0x35 ../../../libc/x86/libc.a(unistd.o)
 .comment       0x0000000000000000       0x12 ../../../libc/x86/libc.a(unistd.o)
 .eh_frame      0x0000000000000000       0xb8 ../../../libc/x86/libc.a(unistd.o)
 .data          0x0000000000000000        0x0 /cygdrive/c/Users/Alex/Toolchain/Output/bin/../lib/gcc/i386-banana/8.1.0/libgcc.a(_udivmoddi4.o)
 .bss           0x0000000000000000        0x0 /cygdrive/c/Users/Alex/Toolchain/Output/bin/../lib/gcc/i386-banana/8.1.0/libgcc.a(_udivmoddi4.o)
 .debug_info    0x0000000000000000      0xc6a /cygdrive/c/Users/Alex/Toolchain/Output/bin/../lib/gcc/i386-banana/8.1.0/libgcc.a(_udivmoddi4.o)
 .debug_abbrev  0x0000000000000000      0x1e7 /cygdrive/c/Users/Alex/Toolchain/Output/bin/../lib/gcc/i386-banana/8.1.0/libgcc.a(_udivmoddi4.o)
 .debug_loc     0x0000000000000000      0x609 /cygdrive/c/Users/Alex/Toolchain/Output/bin/../lib/gcc/i386-banana/8.1.0/libgcc.a(_udivmoddi4.o)
 .debug_aranges
                0x0000000000000000       0x20 /cygdrive/c/Users/Alex/Toolchain/Output/bin/../lib/gcc/i386-banana/8.1.0/libgcc.a(_udivmoddi4.o)
 .debug_ranges  0x0000000000000000       0x20 /cygdrive/c/Users/Alex/Toolchain/Output/bin/../lib/gcc/i386-banana/8.1.0/libgcc.a(_udivmoddi4.o)
 .debug_line    0x0000000000000000      0x335 /cygdrive/c/Users/Alex/Toolchain/Output/bin/../lib/gcc/i386-banana/8.1.0/libgcc.a(_udivmoddi4.o)
 .debug_str     0x0000000000000000      0xc1f /cygdrive/c/Users/Alex/Toolchain/Output/bin/../lib/gcc/i386-banana/8.1.0/libgcc.a(_udivmoddi4.o)
 .comment       0x0000000000000000       0x12 /cygdrive/c/Users/Alex/Toolchain/Output/bin/../lib/gcc/i386-banana/8.1.0/libgcc.a(_udivmoddi4.o)
 .eh_frame      0x0000000000000000       0x70 /cygdrive/c/Users/Alex/Toolchain/Output/bin/../lib/gcc/i386-banana/8.1.0/libgcc.a(_udivmoddi4.o)

Memory Configuration

Name             Origin             Length             Attributes
*default*        0x0000000000000000 0xffffffffffffffff

Linker script and memory map

LOAD crt0.o
LOAD main.o
LOAD ../../../libc/x86/libc.a
LOAD /cygdrive/c/Users/Alex/Toolchain/Output/bin/../lib/gcc/i386-banana/8.1.0/libgcc.a
                0x0000000010000000                . = 0x10000000

.text           0x0000000010000000      0x1f9
 *(.text)
 .text          0x0000000010000000       0x1e ../../../libc/x86/libc.a(_systemcall.oo)
                0x0000000010000000                _system_call
 *fill*         0x000000001000001e        0x2 
 .text          0x0000000010000020      0x1d9 /cygdrive/c/Users/Alex/Toolchain/Output/bin/../lib/gcc/i386-banana/8.1.0/libgcc.a(_udivmoddi4.o)
                0x0000000010000020                __udivmoddi4
 *(.rodata)
 *(.symtab)
 *(.strtab)

.text._start    0x00000000100001f9       0x70
 .text._start   0x00000000100001f9       0x70 crt0.o
                0x00000000100001f9                _start

.iplt           0x0000000010000270        0x0
 .iplt          0x0000000010000270        0x0 crt0.o

.text.startup.main
                0x0000000010000269      0x3ec
 .text.startup.main
                0x0000000010000269      0x3ec main.o
                0x0000000010000269                main

.text.memcpy    0x0000000010000655       0x16
 .text.memcpy   0x0000000010000655       0x16 ../../../libc/x86/libc.a(string.o)
                0x0000000010000655                memcpy

.text.memmove   0x000000001000066b       0x2f
 .text.memmove  0x000000001000066b       0x2f ../../../libc/x86/libc.a(string.o)
                0x000000001000066b                memmove

.text.memset    0x000000001000069a       0x15
 .text.memset   0x000000001000069a       0x15 ../../../libc/x86/libc.a(string.o)
                0x000000001000069a                memset

.text.strcmp    0x00000000100006af       0x20
 .text.strcmp   0x00000000100006af       0x20 ../../../libc/x86/libc.a(string.o)
                0x00000000100006af                strcmp

.text.strlen    0x00000000100006cf       0x13
 .text.strlen   0x00000000100006cf       0x13 ../../../libc/x86/libc.a(string.o)
                0x00000000100006cf                strlen

.text._file_read
                0x00000000100006e2       0x11
 .text._file_read
                0x00000000100006e2       0x11 ../../../libc/x86/libc.a(stdio.o)
                0x00000000100006e2                _file_read

.text._file_write
                0x00000000100006f3       0x11
 .text._file_write
                0x00000000100006f3       0x11 ../../../libc/x86/libc.a(stdio.o)
                0x00000000100006f3                _file_write

.text._mem_read
                0x0000000010000704       0x54
 .text._mem_read
                0x0000000010000704       0x54 ../../../libc/x86/libc.a(stdio.o)
                0x0000000010000704                _mem_read

.text._mem_write
                0x0000000010000758       0x71
 .text._mem_write
                0x0000000010000758       0x71 ../../../libc/x86/libc.a(stdio.o)
                0x0000000010000758                _mem_write

.text.fopen_existing_stream
                0x00000000100007c9      0x11e
 .text.fopen_existing_stream
                0x00000000100007c9      0x11e ../../../libc/x86/libc.a(stdio.o)

.text.fmemopen  0x00000000100008e7       0xdd
 .text.fmemopen
                0x00000000100008e7       0xdd ../../../libc/x86/libc.a(stdio.o)
                0x00000000100008e7                fmemopen

.text.fopen     0x00000000100009c4       0x49
 .text.fopen    0x00000000100009c4       0x49 ../../../libc/x86/libc.a(stdio.o)
                0x00000000100009c4                fopen

.text.ftrylockfile
                0x0000000010000a0d       0x2b
 .text.ftrylockfile
                0x0000000010000a0d       0x2b ../../../libc/x86/libc.a(stdio.o)
                0x0000000010000a0d                ftrylockfile

.text.flockfile
                0x0000000010000a38       0x1a
 .text.flockfile
                0x0000000010000a38       0x1a ../../../libc/x86/libc.a(stdio.o)
                0x0000000010000a38                flockfile

.text.setvbuf   0x0000000010000a52       0x91
 .text.setvbuf  0x0000000010000a52       0x91 ../../../libc/x86/libc.a(stdio.o)
                0x0000000010000a52                setvbuf

.text.fflush    0x0000000010000ae3       0xa7
 .text.fflush   0x0000000010000ae3       0xa7 ../../../libc/x86/libc.a(stdio.o)
                0x0000000010000ae3                fflush

.text.fclose    0x0000000010000b8a       0x74
 .text.fclose   0x0000000010000b8a       0x74 ../../../libc/x86/libc.a(stdio.o)
                0x0000000010000b8a                fclose

.text.fputc     0x0000000010000bfe      0x10c
 .text.fputc    0x0000000010000bfe      0x10c ../../../libc/x86/libc.a(stdio.o)
                0x0000000010000bfe                fputc

.text.fgetc     0x0000000010000d0a       0x95
 .text.fgetc    0x0000000010000d0a       0x95 ../../../libc/x86/libc.a(stdio.o)
                0x0000000010000d0a                fgetc

.text.fputs     0x0000000010000d9f       0x49
 .text.fputs    0x0000000010000d9f       0x49 ../../../libc/x86/libc.a(stdio.o)
                0x0000000010000d9f                fputs

.text.vfprintf  0x0000000010000de8      0x885
 .text.vfprintf
                0x0000000010000de8      0x885 ../../../libc/x86/libc.a(stdio.o)
                0x0000000010000de8                vfprintf

.text.vsnprintf
                0x000000001000166d       0x6c
 .text.vsnprintf
                0x000000001000166d       0x6c ../../../libc/x86/libc.a(stdio.o)
                0x000000001000166d                vsnprintf

.text.vsprintf  0x00000000100016d9       0x1b
 .text.vsprintf
                0x00000000100016d9       0x1b ../../../libc/x86/libc.a(stdio.o)
                0x00000000100016d9                vsprintf

.text.vprintf   0x00000000100016f4       0x19
 .text.vprintf  0x00000000100016f4       0x19 ../../../libc/x86/libc.a(stdio.o)
                0x00000000100016f4                vprintf

.text.fprintf   0x000000001000170d       0x17
 .text.fprintf  0x000000001000170d       0x17 ../../../libc/x86/libc.a(stdio.o)
                0x000000001000170d                fprintf

.text.printf    0x0000000010001724       0x14
 .text.printf   0x0000000010001724       0x14 ../../../libc/x86/libc.a(stdio.o)
                0x0000000010001724                printf

.text.sprintf   0x0000000010001738       0x17
 .text.sprintf  0x0000000010001738       0x17 ../../../libc/x86/libc.a(stdio.o)
                0x0000000010001738                sprintf

.text.exit      0x000000001000174f       0x27
 .text.exit     0x000000001000174f       0x27 ../../../libc/x86/libc.a(stdlib.o)
                0x000000001000174f                exit

.text.malloc    0x0000000010001776       0x80
 .text.malloc   0x0000000010001776       0x80 ../../../libc/x86/libc.a(stdlib.o)
                0x0000000010001776                malloc

.text.free      0x00000000100017f6        0x1
 .text.free     0x00000000100017f6        0x1 ../../../libc/x86/libc.a(stdlib.o)
                0x00000000100017f6                free

.text.open      0x00000000100017f7       0x30
 .text.open     0x00000000100017f7       0x30 ../../../libc/x86/libc.a(fcntl.o)
                0x00000000100017f7                open

.text.isatty    0x0000000010001827       0x2d
 .text.isatty   0x0000000010001827       0x2d ../../../libc/x86/libc.a(unistd.o)
                0x0000000010001827                isatty

.text.close     0x0000000010001854       0x27
 .text.close    0x0000000010001854       0x27 ../../../libc/x86/libc.a(unistd.o)
                0x0000000010001854                close

.text.read      0x000000001000187b       0x30
 .text.read     0x000000001000187b       0x30 ../../../libc/x86/libc.a(unistd.o)
                0x000000001000187b                read

.text.write     0x00000000100018ab       0x30
 .text.write    0x00000000100018ab       0x30 ../../../libc/x86/libc.a(unistd.o)
                0x00000000100018ab                write

.rodata._start.str1.1
                0x00000000100018db        0x9
 .rodata._start.str1.1
                0x00000000100018db        0x9 crt0.o

.rodata.main.str1.1
                0x00000000100018e4      0x204
 .rodata.main.str1.1
                0x00000000100018e4      0x204 main.o
                                        0x206 (size before relaxing)

.rodata.fmemopen.str1.1
                0x0000000010001ae8        0x3
 .rodata.fmemopen.str1.1
                0x0000000010001ae8        0x3 ../../../libc/x86/libc.a(stdio.o)
                                          0x4 (size before relaxing)

.rodata.vfprintf.str1.1
                0x0000000010001aeb       0x3d
 .rodata.vfprintf.str1.1
                0x0000000010001aeb       0x3d ../../../libc/x86/libc.a(stdio.o)

.rodata.vsnprintf.str1.1
                0x0000000010001b28        0x2
 .rodata.vsnprintf.str1.1
                0x0000000010001b28        0x2 ../../../libc/x86/libc.a(stdio.o)

.rel.dyn        0x0000000010001b2c        0x0
 .rel.got       0x0000000010001b2c        0x0 crt0.o
 .rel.iplt      0x0000000010001b2c        0x0 crt0.o
 .rel.text._start
                0x0000000010001b2c        0x0 crt0.o
 .rel.text.startup.main
                0x0000000010001b2c        0x0 crt0.o
 .rel.text._mem_read
                0x0000000010001b2c        0x0 crt0.o
 .rel.text._mem_write
                0x0000000010001b2c        0x0 crt0.o
 .rel.text.fopen_existing_stream
                0x0000000010001b2c        0x0 crt0.o
 .rel.text.fmemopen
                0x0000000010001b2c        0x0 crt0.o
 .rel.text.setvbuf
                0x0000000010001b2c        0x0 crt0.o
 .rel.text.fflush
                0x0000000010001b2c        0x0 crt0.o
 .rel.text.vsnprintf
                0x0000000010001b2c        0x0 crt0.o
 .rel.text.vprintf
                0x0000000010001b2c        0x0 crt0.o
 .rel.text.malloc
                0x0000000010001b2c        0x0 crt0.o
 .rel.text.open
                0x0000000010001b2c        0x0 crt0.o
 .rel.text.isatty
                0x0000000010001b2c        0x0 crt0.o
 .rel.text.close
                0x0000000010001b2c        0x0 crt0.o
 .rel.text.read
                0x0000000010001b2c        0x0 crt0.o
 .rel.text.write
                0x0000000010001b2c        0x0 crt0.o

.data
 *(.data)

.got            0x0000000010001b2c        0x0 load address 0x0000000010002000
 .got           0x0000000010001b2c        0x0 crt0.o

.got.plt        0x0000000010001b2c        0x0 load address 0x00000000100024d4
 .got.plt       0x0000000010001b2c        0x0 crt0.o

.igot.plt       0x0000000010001b2c        0x0 load address 0x00000000100029a8
 .igot.plt      0x0000000010001b2c        0x0 crt0.o

.bss            0x0000000010002000       0x10
 *(COMMON)
 COMMON         0x0000000010002000        0x4 crt0.o
                0x0000000010002000                errno
 COMMON         0x0000000010002004        0xc ../../../libc/x86/libc.a(stdio.o)
                0x0000000010002004                stdout
                0x0000000010002008                stdin
                0x000000001000200c                stderr
 *(.bss)
 *(.bootstrap_stack)

.bss.recent_sbrk.1239
                0x0000000010002010        0x4
 .bss.recent_sbrk.1239
                0x0000000010002010        0x4 ../../../libc/x86/libc.a(stdlib.o)

.bss.allocation_position.1240
                0x0000000010002014        0x4
 .bss.allocation_position.1240
                0x0000000010002014        0x4 ../../../libc/x86/libc.a(stdlib.o)

/DISCARD/
 *(.comment)
OUTPUT(usertest.exe elf32-i386)
