Archive member included to satisfy reference by file (symbol)

/cygdrive/c/Users/Alex/Toolchain/Output/bin/../lib/gcc/i386-banana/8.1.0/libgcc.a(_udivdi3.o)
                              _main.o (__udivdi3)
/cygdrive/c/Users/Alex/Toolchain/Output/bin/../lib/gcc/i386-banana/8.1.0/libgcc.a(_umoddi3.o)
                              utmath.o (__umoddi3)

Allocating common symbols
Common symbol       size              file

AcpiGbl_StateCache  0x4               utglobal.o
AcpiGbl_OwnerIdMask
                    0x200             utglobal.o
AcpiGbl_StepToNextCall
                    0x1               utglobal.o
AcpiGbl_RootTableList
                    0x10              utglobal.o
AcpiGbl_FadtGpeDevice
                    0x4               utglobal.o
AcpiGbl_GpeXruptListHead
                    0x4               utglobal.o
AcpiGbl_GlobalLockHandle
                    0x2               utglobal.o
AcpiGbl_RootNodeStruct
                    0x1c              utglobal.o
AcpiGbl_FACS        0x4               utglobal.o
AcpiGbl_AllGpesInitialized
                    0x1               utglobal.o
AcpiGbl_GlobalLockMutex
                    0x4               utglobal.o
AcpiGbl_IntegerByteWidth
                    0x1               utglobal.o
AcpiGbl_Pm1EnableRegisterSave
                    0x2               utglobal.o
AcpiGbl_NsLookupCount
                    0x4               utglobal.o
AcpiCurrentGpeCount
                    0x4               utglobal.o
AcpiGbl_IntegerBitWidth
                    0x1               utglobal.o
AcpiGbl_NamespaceCache
                    0x4               utglobal.o
AcpiGbl_TableHandler
                    0x4               utglobal.o
AcpiGbl_HardwareLock
                    0x4               utglobal.o
AcpiGbl_FixedEventHandlers
                    0x28              utglobal.o
AcpiSciCount        0x4               utglobal.o
AcpiGbl_DSDT        0x4               utglobal.o
AcpiGbl_GlobalNotify
                    0x10              utglobal.o
AcpiGbl_GlobalLockSemaphore
                    0x4               utglobal.o
AcpiGbl_SystemAwakeAndRunning
                    0x1               utglobal.o
AcpiGbl_InterfaceHandler
                    0x4               utglobal.o
AcpiGbl_EventsInitialized
                    0x1               utglobal.o
AcpiGbl_SupportedInterfaces
                    0x4               utglobal.o
AcpiGbl_GpeLock     0x4               utglobal.o
AcpiGbl_SleepTypeB  0x1               utglobal.o
AcpiGbl_InitHandler
                    0x4               utglobal.o
AcpiGbl_GlobalLockAcquired
                    0x1               utglobal.o
AcpiGbl_XPm1bEnable
                    0xc               utglobal.o
AcpiGbl_OriginalDsdtHeader
                    0x24              utglobal.o
AcpiGbl_ReferenceCountLock
                    0x4               utglobal.o
AcpiGpeCount        0x4               utglobal.o
AcpiGbl_TableHandlerContext
                    0x4               utglobal.o
AcpiGbl_XPm1aStatus
                    0xc               utglobal.o
AcpiGbl_OriginalMode
                    0x4               utglobal.o
AcpiGbl_CmSingleStep
                    0x1               utglobal.o
AcpiGbl_GlobalEventHandlerContext
                    0x4               utglobal.o
AcpiGbl_PsFindCount
                    0x4               utglobal.o
AcpiFixedEventCount
                    0x14              utglobal.o
AcpiGbl_AcpiHardwarePresent
                    0x1               utglobal.o
AcpiGbl_MutexInfo   0x60              utglobal.o
AcpiGbl_RootNode    0x4               utglobal.o
AcpiGbl_AddressRangeList
                    0x8               utglobal.o
AcpiGbl_FADT        0x114             utglobal.o
AcpiGbl_IntegerNybbleWidth
                    0x1               utglobal.o
AcpiGbl_XPm1aEnable
                    0xc               utglobal.o
AcpiGbl_OperandCache
                    0x4               utglobal.o
AcpiGbl_SciHandlerList
                    0x4               utglobal.o
AcpiGbl_OriginalDbgLayer
                    0x4               utglobal.o
AcpiGbl_PsNodeExtCache
                    0x4               utglobal.o
AcpiGbl_GlobalLockPendingLock
                    0x4               utglobal.o
AcpiGbl_DebuggerConfiguration
                    0x1               utglobal.o
AcpiGbl_OriginalDbgLevel
                    0x4               utglobal.o
AcpiGbl_GlobalLockPending
                    0x1               utglobal.o
AcpiGbl_PsNodeCache
                    0x4               utglobal.o
AcpiGbl_SleepTypeA  0x1               utglobal.o
AcpiGbl_GpeFadtBlocks
                    0x8               utglobal.o
AcpiMethodCount     0x4               utglobal.o
AcpiGbl_ExceptionHandler
                    0x4               utglobal.o
AcpiGbl_NamespaceRwLock
                    0xc               utglobal.o
AcpiGbl_GlobalEventHandler
                    0x4               utglobal.o
AcpiGbl_CurrentWalkList
                    0x4               utglobal.o
[...]
Memory Configuration

Name             Origin             Length             Attributes
*default*        0x0000000000000000 0xffffffffffffffff

Linker script and memory map

LOAD _main.o
LOAD dsargs.o
LOAD dscontrol.o
LOAD dsdebug.o
LOAD dsfield.o
LOAD dsinit.o
LOAD dsmethod.o
LOAD dsmthdat.o
LOAD dsobject.o
LOAD dsopcode.o
LOAD dspkginit.o
LOAD dsutils.o
LOAD dswexec.o
LOAD dswload.o
LOAD dswload2.o
LOAD dswscope.o
LOAD dswstate.o
LOAD evevent.o
LOAD evglock.o
LOAD evgpe.o
LOAD evgpeblk.o
LOAD evgpeinit.o
LOAD evgpeutil.o
LOAD evhandler.o
LOAD evmisc.o
LOAD evregion.o
LOAD evrgnini.o
LOAD evsci.o
LOAD evxface.o
LOAD evxfevnt.o
LOAD evxfgpe.o
LOAD evxfregn.o
LOAD exconcat.o
LOAD exconfig.o
LOAD exconvrt.o
LOAD excreate.o
LOAD exdebug.o
LOAD exdump.o
LOAD exfield.o
LOAD exfldio.o
LOAD exmisc.o
LOAD exmutex.o
LOAD exnames.o
LOAD exoparg1.o
LOAD exoparg2.o
LOAD exoparg3.o
LOAD exoparg6.o
LOAD exprep.o
LOAD exregion.o
LOAD exresnte.o
LOAD exresolv.o
LOAD exresop.o
LOAD exserial.o
LOAD exstore.o
LOAD exstoren.o
LOAD exstorob.o
LOAD exsystem.o
LOAD extrace.o
LOAD exutils.o
LOAD hwacpi.o
LOAD hwesleep.o
LOAD hwgpe.o
LOAD hwpci.o
LOAD hwregs.o
LOAD hwsleep.o
LOAD hwtimer.o
LOAD hwvalid.o
LOAD hwxface.o
LOAD hwxfsleep.o
LOAD nsaccess.o
LOAD nsalloc.o
LOAD nsarguments.o
LOAD nsconvert.o
LOAD nsdump.o
LOAD nsdumpdv.o
LOAD nseval.o
LOAD nsinit.o
LOAD nsload.o
LOAD nsnames.o
LOAD nsobject.o
LOAD nsparse.o
LOAD nspredef.o
LOAD nsprepkg.o
LOAD nsrepair.o
LOAD nsrepair2.o
LOAD nssearch.o
LOAD nsutils.o
LOAD nswalk.o
LOAD nsxfeval.o
LOAD nsxfname.o
LOAD nsxfobj.o
LOAD psargs.o
LOAD psloop.o
LOAD psobject.o
LOAD psopcode.o
LOAD psopinfo.o
LOAD psparse.o
LOAD psscope.o
LOAD pstree.o
LOAD psutils.o
LOAD pswalk.o
LOAD psxface.o
LOAD rsaddr.o
LOAD rscalc.o
LOAD rscreate.o
LOAD rsdump.o
LOAD rsdumpinfo.o
LOAD rsinfo.o
LOAD rsio.o
LOAD rsirq.o
LOAD rslist.o
LOAD rsmemory.o
LOAD rsmisc.o
LOAD rsserial.o
LOAD rsutils.o
LOAD rsxface.o
LOAD tbdata.o
LOAD tbfadt.o
LOAD tbfind.o
LOAD tbinstal.o
LOAD tbprint.o
LOAD tbutils.o
LOAD tbxface.o
LOAD tbxfload.o
LOAD tbxfroot.o
LOAD utaddress.o
LOAD utalloc.o
LOAD utascii.o
LOAD utbuffer.o
LOAD utcache.o
LOAD utcopy.o
LOAD utdebug.o
LOAD utdecode.o
LOAD utdelete.o
LOAD uterror.o
LOAD uteval.o
LOAD utexcep.o
LOAD utglobal.o
LOAD uthex.o
LOAD utids.o
LOAD utinit.o
LOAD utlock.o
LOAD utmath.o
LOAD utmisc.o
LOAD utmutex.o
LOAD utnonansi.o
LOAD utobject.o
LOAD utosi.o
LOAD utownerid.o
LOAD utpredef.o
LOAD utprint.o
LOAD utresdecode.o
LOAD utresrc.o
LOAD utstate.o
LOAD utstring.o
LOAD utstrsuppt.o
LOAD utstrtoul64.o
LOAD uttrack.o
LOAD utuuid.o
LOAD utxface.o
LOAD utxferror.o
LOAD utxfinit.o
LOAD utxfmutex.o
LOAD /cygdrive/c/Users/Alex/Toolchain/Output/bin/../lib/gcc/i386-banana/8.1.0/libgcc.a
                0x00000000d0000000                . = 0xd0000000

.text           0x00000000d0000000    0x22349
 *(.text)
 .text          0x00000000d0000000      0x7ca _main.o
                0x00000000d0000000                AcpiOsInitialize
                0x00000000d0000014                AcpiOsTerminate
                0x00000000d0000028                AcpiOsGetRootPointer
                0x00000000d0000059                AcpiOsPredefinedOverride
                0x00000000d000008e                AcpiOsTableOverride
                0x00000000d00000ab                AcpiOsPhysicalTableOverride
                0x00000000d00000cf                AcpiOsReadPort
                0x00000000d0000122                AcpiOsWritePort
                0x00000000d000016e                AcpiOsGetTimer
                0x00000000d0000193                AcpiOsWaitEventsComplete
                0x00000000d00001a3                AcpiOsReadPciConfiguration
                0x00000000d0000221                AcpiOsWritePciConfiguration
                0x00000000d00002ac                AcpiOsSignal
                0x00000000d00002eb                AcpiOsReadMemory
                0x00000000d00002fb                AcpiOsEnterSleep
                0x00000000d000030f                AcpiOsWriteMemory
                0x00000000d000031f                AcpiOsMapMemory
                0x00000000d00003a2                AcpiOsUnmapMemory
                0x00000000d00003b2                AcpiOsGetPhysicalAddress
                0x00000000d00003e2                AcpiOsAllocate
                0x00000000d00003e7                AcpiOsFree
                0x00000000d00003ec                AcpiOsReadable
                0x00000000d0000403                AcpiOsWritable
                0x00000000d000041a                AcpiOsGetThreadId
                0x00000000d0000426                AcpiOsExecute
                0x00000000d0000436                AcpiOsSleep
                0x00000000d0000471                AcpiOsStall
                0x00000000d00004b0                AcpiOsCreateSemaphore
                0x00000000d00004dd                AcpiOsDeleteSemaphore
                0x00000000d00004ef                AcpiOsWaitSemaphore
                0x00000000d000057c                AcpiOsSignalSemaphore
                0x00000000d00005b1                AcpiOsCreateLock
                0x00000000d00005e9                AcpiOsDeleteLock
                0x00000000d00005ee                AcpiOsAcquireLock
                0x00000000d0000600                AcpiOsReleaseLock
                0x00000000d0000605                AcpiOsInstallInterruptHandler
                0x00000000d0000615                AcpiOsRemoveInterruptHandler
                0x00000000d0000625                AcpiOsVprintf
                0x00000000d0000626                AcpiOsPrintf
                0x00000000d0000627                _driver_entry_point
 .text          0x00000000d00007ca      0x2b1 dsargs.o
                0x00000000d0000907                AcpiDsGetBufferFieldArguments
                0x00000000d0000942                AcpiDsGetBankFieldArguments
                0x00000000d000097d                AcpiDsGetBufferArguments
                0x00000000d00009c7                AcpiDsGetPackageArguments
                0x00000000d0000a11                AcpiDsGetRegionArguments
 .text          0x00000000d0000a7b      0x2fc dscontrol.o
                0x00000000d0000a7b                AcpiDsExecBeginControlOp
                0x00000000d0000b37                AcpiDsExecEndControlOp
 .text          0x00000000d0000d77        0x1 dsdebug.o
                0x00000000d0000d77                AcpiDsDumpMethodStack
 .text          0x00000000d0000d78      0x6f0 dsfield.o
                0x00000000d0000f8c                AcpiDsCreateBufferField
                0x00000000d00010db                AcpiDsCreateField
                0x00000000d00011a3                AcpiDsInitFieldObjects
                0x00000000d00012e5                AcpiDsCreateBankField
                0x00000000d00013ae                AcpiDsCreateIndexField
 .text          0x00000000d0001468      0x155 dsinit.o
                0x00000000d000153a                AcpiDsInitializeObjects
 .text          0x00000000d00015bd      0x690 dsmethod.o
                0x00000000d00015ec                AcpiDsAutoSerializeMethod
                0x00000000d00016b3                AcpiDsMethodError
                0x00000000d0001741                AcpiDsBeginMethodExecution
                0x00000000d000192a                AcpiDsRestartControlMethod
                0x00000000d00019a0                AcpiDsTerminateControlMethod
                0x00000000d0001ade                AcpiDsCallControlMethod
 .text          0x00000000d0001c4d      0x3fe dsmthdat.o
                0x00000000d0001c4d                AcpiDsMethodDataInit
                0x00000000d0001cb5                AcpiDsMethodDataDeleteAll
                0x00000000d0001d0e                AcpiDsMethodDataGetNode
                0x00000000d0001da8                AcpiDsMethodDataInitArgs
                0x00000000d0001e01                AcpiDsMethodDataGetValue
                0x00000000d0001ef8                AcpiDsStoreObjectToLocal
 .text          0x00000000d000204b      0x4d8 dsobject.o
                0x00000000d000204b                AcpiDsBuildInternalBufferObj
                0x00000000d000213e                AcpiDsInitObjectFromOp
                0x00000000d00023a1                AcpiDsBuildInternalObject
                0x00000000d00024bf                AcpiDsCreateNode
 .text          0x00000000d0002523      0x6f0 dsopcode.o
                0x00000000d000273d                AcpiDsInitializeRegion
                0x00000000d0002757                AcpiDsEvalBufferFieldOperands
                0x00000000d0002834                AcpiDsEvalRegionOperands
                0x00000000d0002932                AcpiDsEvalTableRegionOperands
                0x00000000d0002a63                AcpiDsEvalDataObjectOperands
                0x00000000d0002b71                AcpiDsEvalBankFieldOperands
 .text          0x00000000d0002c13      0x3fa dspkginit.o
                0x00000000d0002c13                AcpiDsInitPackageElement
                0x00000000d0002d9a                AcpiDsBuildInternalPackageObj
 .text          0x00000000d000300d      0x61a dsutils.o
                0x00000000d000300d                AcpiDsClearImplicitReturn
                0x00000000d0003043                AcpiDsDoImplicitReturn
                0x00000000d00030af                AcpiDsIsResultUsed
                0x00000000d00031b2                AcpiDsDeleteResultIfNotUsed
                0x00000000d0003218                AcpiDsResolveOperands
                0x00000000d0003254                AcpiDsClearOperands
                0x00000000d0003291                AcpiDsCreateOperand
                0x00000000d000349e                AcpiDsCreateOperands
                0x00000000d0003538                AcpiDsEvaluateNamePath
 .text          0x00000000d0003627      0x672 dswexec.o
                0x00000000d0003627                AcpiDsGetPredicateValue
                0x00000000d00037a6                AcpiDsExecBeginOp
                0x00000000d00038d3                AcpiDsExecEndOp
 .text          0x00000000d0003c99      0x464 dswload.o
                0x00000000d0003c99                AcpiDsLoad1BeginOp
                0x00000000d0003edb                AcpiDsLoad1EndOp
                0x00000000d0004067                AcpiDsInitCallbacks
 .text          0x00000000d00040fd      0x5cc dswload2.o
                0x00000000d00040fd                AcpiDsLoad2BeginOp
                0x00000000d00043de                AcpiDsLoad2EndOp
 .text          0x00000000d00046c9       0xfe dswscope.o
                0x00000000d00046c9                AcpiDsScopeStackClear
                0x00000000d00046f6                AcpiDsScopeStackPush
                0x00000000d000478d                AcpiDsScopeStackPop
 .text          0x00000000d00047c7      0x56a dswstate.o
                0x00000000d00047c7                AcpiDsResultPop
                0x00000000d00048b2                AcpiDsResultPush
                0x00000000d00049c6                AcpiDsObjStackPush
                0x00000000d0004a1a                AcpiDsObjStackPop
                0x00000000d0004a72                AcpiDsObjStackPopAndDelete
                0x00000000d0004abf                AcpiDsGetCurrentWalkState
                0x00000000d0004ad0                AcpiDsPushWalkState
                0x00000000d0004ae3                AcpiDsPopWalkState
                0x00000000d0004af7                AcpiDsCreateWalkState
                0x00000000d0004b62                AcpiDsInitAmlWalk
                0x00000000d0004c67                AcpiDsDeleteWalkState
 .text          0x00000000d0004d31      0x1e2 evevent.o
                0x00000000d0004d31                AcpiEvInitializeEvents
                0x00000000d0004dc5                AcpiEvInstallXruptHandlers
                0x00000000d0004e22                AcpiEvFixedEventDetect
 .text          0x00000000d0004f13      0x1dd evglock.o
                0x00000000d0004f80                AcpiEvInitGlobalLockHandler
                0x00000000d0004ff3                AcpiEvRemoveGlobalLockHandler
                0x00000000d0005020                AcpiEvAcquireGlobalLock
                0x00000000d00050a3                AcpiEvReleaseGlobalLock
 .text          0x00000000d00050f0      0x647 evgpe.o
                0x00000000d00050f0                AcpiEvUpdateGpeEnableMask
                0x00000000d0005136                AcpiEvEnableGpe
                0x00000000d0005148                AcpiEvMaskGpe
                0x00000000d00051db                AcpiEvAddGpeReference
                0x00000000d0005237                AcpiEvRemoveGpeReference
                0x00000000d0005280                AcpiEvLowGetGpeInfo
                0x00000000d00052ad                AcpiEvGetGpeEventInfo
                0x00000000d0005302                AcpiEvFinishGpe
                0x00000000d0005436                AcpiEvGpeDispatch
                0x00000000d0005541                AcpiEvDetectGpe
                0x00000000d0005657                AcpiEvGpeDetect
 .text          0x00000000d0005737      0x495 evgpeblk.o
                0x00000000d0005737                AcpiEvDeleteGpeBlock
                0x00000000d0005807                AcpiEvCreateGpeBlock
                0x00000000d0005aec                AcpiEvInitializeGpeBlock
 .text          0x00000000d0005bcc      0x2e0 evgpeinit.o
                0x00000000d0005bcc                AcpiEvMatchGpeMethod
                0x00000000d0005cb0                AcpiEvGpeInitialize
                0x00000000d0005df9                AcpiEvUpdateGpes
 .text          0x00000000d0005eac      0x295 evgpeutil.o
                0x00000000d0005eac                AcpiEvWalkGpeList
                0x00000000d0005f17                AcpiEvGetGpeDevice
                0x00000000d0005f4b                AcpiEvGetGpeXruptBlock
                0x00000000d0006027                AcpiEvDeleteGpeXrupt
                0x00000000d00060b0                AcpiEvDeleteGpeHandlers
 .text          0x00000000d0006141      0x34e evhandler.o
                0x00000000d0006141                AcpiEvHasDefaultHandler
                0x00000000d0006180                AcpiEvFindRegionHandler
                0x00000000d000623f                AcpiEvInstallSpaceHandler
                0x00000000d0006423                AcpiEvInstallRegionHandlers
 .text          0x00000000d000648f      0x24c evmisc.o
                0x00000000d00064e2                AcpiEvIsNotifyObject
                0x00000000d0006503                AcpiEvQueueNotifyRequest
                0x00000000d00065c6                AcpiEvTerminate
 .text          0x00000000d00066db      0x6fc evregion.o
                0x00000000d00066db                AcpiEvAddressSpaceDispatch
                0x00000000d000690d                AcpiEvAttachRegion
                0x00000000d0006940                AcpiEvExecuteRegMethod
                0x00000000d0006a9a                AcpiEvDetachRegion
                0x00000000d0006c63                AcpiEvExecuteRegMethods
                0x00000000d0006d6c                AcpiEvInitializeOpRegions
 .text          0x00000000d0006dd7      0x391 evrgnini.o
                0x00000000d0006dd7                AcpiEvSystemMemoryRegionSetup
                0x00000000d0006e53                AcpiEvIoSpaceRegionSetup
                0x00000000d0006e6a                AcpiEvIsPciRootBridge
                0x00000000d0006f07                AcpiEvPciConfigRegionSetup
                0x00000000d00070a0                AcpiEvPciBarRegionSetup
                0x00000000d00070a3                AcpiEvCmosRegionSetup
                0x00000000d00070a6                AcpiEvDefaultRegionSetup
                0x00000000d00070bd                AcpiEvInitializeRegion
 .text          0x00000000d0007168      0x11b evsci.o
                0x00000000d0007168                AcpiEvSciDispatch
                0x00000000d00071ee                AcpiEvGpeXruptHandler
                0x00000000d00071f3                AcpiEvInstallSciHandler
                0x00000000d0007213                AcpiEvRemoveAllSciHandlers
 .text          0x00000000d0007283      0xa22 evxface.o
                0x00000000d00073b9                AcpiInstallNotifyHandler
                0x00000000d000759a                AcpiRemoveNotifyHandler
                0x00000000d0007721                AcpiInstallExceptionHandler
                0x00000000d0007764                AcpiInstallSciHandler
                0x00000000d000781e                AcpiRemoveSciHandler
                0x00000000d00078ca                AcpiInstallGlobalEventHandler
                0x00000000d0007922                AcpiInstallFixedEventHandler
                0x00000000d00079d1                AcpiRemoveFixedEventHandler
                0x00000000d0007a59                AcpiInstallGpeHandler
                0x00000000d0007ac2                AcpiInstallGpeRawHandler
                0x00000000d0007b2b                AcpiRemoveGpeHandler
                0x00000000d0007c27                AcpiAcquireGlobalLock
                0x00000000d0007c7b                AcpiReleaseGlobalLock
 .text          0x00000000d0007ca5      0x282 evxfevnt.o
                0x00000000d0007ca5                AcpiEnable
                0x00000000d0007d02                AcpiDisable
                0x00000000d0007d53                AcpiEnableEvent
                0x00000000d0007de0                AcpiDisableEvent
                0x00000000d0007e6d                AcpiClearEvent
                0x00000000d0007ea4                AcpiGetEventStatus
 .text          0x00000000d0007f27      0x7a0 evxfgpe.o
                0x00000000d0007f27                AcpiUpdateAllGpes
                0x00000000d0007f9f                AcpiEnableGpe
                0x00000000d0007ffe                AcpiDisableGpe
                0x00000000d0008051                AcpiSetGpe
                0x00000000d00080ce                AcpiMaskGpe
                0x00000000d0008129                AcpiMarkGpeForWake
                0x00000000d0008174                AcpiSetupGpeForWake
                0x00000000d0008271                AcpiSetGpeWakeMask
                0x00000000d000831c                AcpiClearGpe
                0x00000000d000836f                AcpiGetGpeStatus
                0x00000000d00083c4                AcpiDispatchGpe
                0x00000000d00083d9                AcpiFinishGpe
                0x00000000d000842c                AcpiDisableAllGpes
                0x00000000d000845e                AcpiEnableAllRuntimeGpes
                0x00000000d0008490                AcpiEnableAllWakeupGpes
                0x00000000d00084c2                AcpiInstallGpeBlock
                0x00000000d00085d5                AcpiRemoveGpeBlock
                0x00000000d0008668                AcpiGetGpeDevice
 .text          0x00000000d00086c7      0x166 evxfregn.o
                0x00000000d00086c7                AcpiInstallAddressSpaceHandler
                0x00000000d000874e                AcpiRemoveAddressSpaceHandler
 .text          0x00000000d000882d      0x3b1 exconcat.o
                0x00000000d00088a2                AcpiExDoConcatenate
                0x00000000d0008af7                AcpiExConcatTemplate
 .text          0x00000000d0008bde      0x43c exconfig.o
                0x00000000d0008c67                AcpiExUnloadTable
                0x00000000d0008ce4                AcpiExLoadTableOp
                0x00000000d0008e67                AcpiExLoadOp
 .text          0x00000000d000901a      0x503 exconvrt.o
                0x00000000d0009104                AcpiExConvertToInteger
                0x00000000d00091f1                AcpiExConvertToBuffer
                0x00000000d0009297                AcpiExConvertToString
                0x00000000d000942b                AcpiExConvertToTargetType
 .text          0x00000000d000951d      0x3a8 excreate.o
                0x00000000d000951d                AcpiExCreateAlias
                0x00000000d0009557                AcpiExCreateEvent
                0x00000000d00095c0                AcpiExCreateMutex
                0x00000000d000963c                AcpiExCreateRegion
                0x00000000d000973d                AcpiExCreateProcessor
                0x00000000d00097bd                AcpiExCreatePowerResource
                0x00000000d000982d                AcpiExCreateMethod
 .text          0x00000000d00098c5      0x365 exdebug.o
                0x00000000d00098c5                AcpiExDoDebugObject
 .text          0x00000000d0009c2a        0x0 exdump.o
 .text          0x00000000d0009c2a      0x30d exfield.o
                0x00000000d0009c2a                AcpiExGetProtocolBufferLength
                0x00000000d0009c6b                AcpiExReadDataFromField
                0x00000000d0009def                AcpiExWriteDataToField
 .text          0x00000000d0009f37      0xa68 exfldio.o
                0x00000000d0009f37                AcpiExAccessRegion
                0x00000000d000a1a9                AcpiExInsertIntoField
                0x00000000d000a648                AcpiExWriteWithUpdateRule
                0x00000000d000a738                AcpiExExtractFromField
 .text          0x00000000d000a99f      0x40b exmisc.o
                0x00000000d000a99f                AcpiExGetObjectReference
                0x00000000d000aa54                AcpiExDoMathOp
                0x00000000d000ab9c                AcpiExDoLogicalNumericOp
                0x00000000d000ac05                AcpiExDoLogicalOp
 .text          0x00000000d000adaa      0x3be exmutex.o
                0x00000000d000adaa                AcpiExUnlinkMutex
                0x00000000d000ade3                AcpiExAcquireMutexObject
                0x00000000d000ae5a                AcpiExAcquireMutex
                0x00000000d000af49                AcpiExReleaseMutexObject
                0x00000000d000afb7                AcpiExReleaseMutex
                0x00000000d000b0fe                AcpiExReleaseAllMutexes
 .text          0x00000000d000b168      0x308 exnames.o
                0x00000000d000b2b9                AcpiExGetNameString
 .text          0x00000000d000b470      0xc09 exoparg1.o
                0x00000000d000b470                AcpiExOpcode_0A_0T_1R
                0x00000000d000b4f5                AcpiExOpcode_1A_0T_0R
                0x00000000d000b59e                AcpiExOpcode_1A_1T_0R
                0x00000000d000b5e8                AcpiExOpcode_1A_1T_1R
                0x00000000d000bba0                AcpiExOpcode_1A_0T_1R
 .text          0x00000000d000c079      0x67c exoparg2.o
                0x00000000d000c079                AcpiExOpcode_2A_0T_0R
                0x00000000d000c108                AcpiExOpcode_2A_2T_1R
                0x00000000d000c220                AcpiExOpcode_2A_1T_1R
                0x00000000d000c5c2                AcpiExOpcode_2A_0T_1R
 .text          0x00000000d000c6f5      0x25b exoparg3.o
                0x00000000d000c6f5                AcpiExOpcode_3A_0T_0R
                0x00000000d000c7a4                AcpiExOpcode_3A_1T_1R
 .text          0x00000000d000c950      0x228 exoparg6.o
                0x00000000d000c9cc                AcpiExOpcode_6A_0T_1R
 .text          0x00000000d000cb78      0x2fd exprep.o
                0x00000000d000cb78                AcpiExPrepCommonFieldObject
                0x00000000d000cc09                AcpiExPrepFieldValue
 .text          0x00000000d000ce75      0x365 exregion.o
                0x00000000d000ce75                AcpiExSystemMemorySpaceHandler
                0x00000000d000d0db                AcpiExSystemIoSpaceHandler
                0x00000000d000d12e                AcpiExPciConfigSpaceHandler
                0x00000000d000d192                AcpiExCmosSpaceHandler
                0x00000000d000d195                AcpiExPciBarSpaceHandler
                0x00000000d000d198                AcpiExDataTableSpaceHandler
 .text          0x00000000d000d1da      0x1ed exresnte.o
                0x00000000d000d1da                AcpiExResolveNodeToValue
 .text          0x00000000d000d3c7      0x409 exresolv.o
                0x00000000d000d3c7                AcpiExResolveToValue
                0x00000000d000d5a5                AcpiExResolveMultiple
 .text          0x00000000d000d7d0      0x4bf exresop.o
                0x00000000d000d83a                AcpiExResolveOperands
 .text          0x00000000d000dc8f      0x2be exserial.o
                0x00000000d000dc8f                AcpiExReadGpio
                0x00000000d000dcc8                AcpiExWriteGpio
                0x00000000d000dd19                AcpiExReadSerialBus
                0x00000000d000de12                AcpiExWriteSerialBus
 .text          0x00000000d000df4d      0x3a1 exstore.o
                0x00000000d000df8f                AcpiExStoreObjectToNode
                0x00000000d000e0d4                AcpiExStore
 .text          0x00000000d000e2ee      0x1d1 exstoren.o
                0x00000000d000e2ee                AcpiExResolveObject
                0x00000000d000e3b6                AcpiExStoreObjectToObject
 .text          0x00000000d000e4bf      0x14d exstorob.o
                0x00000000d000e4bf                AcpiExStoreBufferToBuffer
                0x00000000d000e551                AcpiExStoreStringToString
 .text          0x00000000d000e60c      0x195 exsystem.o
                0x00000000d000e60c                AcpiExSystemWaitSemaphore
                0x00000000d000e657                AcpiExSystemWaitMutex
                0x00000000d000e6a2                AcpiExSystemDoStall
                0x00000000d000e6e1                AcpiExSystemDoSleep
                0x00000000d000e71f                AcpiExSystemSignalEvent
                0x00000000d000e73f                AcpiExSystemWaitEvent
                0x00000000d000e763                AcpiExSystemResetEvent
 .text          0x00000000d000e7a1      0x18a extrace.o
                0x00000000d000e80c                AcpiExTracePoint
                0x00000000d000e80d                AcpiExStartTraceMethod
                0x00000000d000e8a4                AcpiExStopTraceMethod
                0x00000000d000e91d                AcpiExStartTraceOpcode
                0x00000000d000e924                AcpiExStopTraceOpcode
 .text          0x00000000d000e92b      0x335 exutils.o
                0x00000000d000e92b                AcpiExEnterInterpreter
                0x00000000d000e982                AcpiExExitInterpreter
                0x00000000d000e9d9                AcpiExTruncateFor32bitTable
                0x00000000d000ea07                AcpiExAcquireGlobalLock
                0x00000000d000ea4b                AcpiExReleaseGlobalLock
                0x00000000d000ea86                AcpiExEisaIdToString
                0x00000000d000eb3a                AcpiExIntegerToString
                0x00000000d000ebbe                AcpiExPciClsToString
                0x00000000d000ec50                AcpiIsValidSpaceId
 .text          0x00000000d000ec60      0x136 hwacpi.o
                0x00000000d000ec60                AcpiHwGetMode
                0x00000000d000eca6                AcpiHwSetMode
 .text          0x00000000d000ed96      0x1cd hwesleep.o
                0x00000000d000ed96                AcpiHwExecuteSleepMethod
                0x00000000d000edfc                AcpiHwExtendedSleep
                0x00000000d000eec2                AcpiHwExtendedWakePrep
                0x00000000d000ef06                AcpiHwExtendedWake
 .text          0x00000000d000ef63      0x2d3 hwgpe.o
                0x00000000d000ef63                AcpiHwEnableRuntimeGpeBlock
                0x00000000d000efaf                AcpiHwDisableGpeBlock
                0x00000000d000f028                AcpiHwGetGpeRegisterBit
                0x00000000d000f041                AcpiHwLowSetGpe
                0x00000000d000f0f6                AcpiHwClearGpe
                0x00000000d000f126                AcpiHwGetGpeStatus
                0x00000000d000f1c4                AcpiHwClearGpeBlock
                0x00000000d000f1fa                AcpiHwDisableAllGpes
                0x00000000d000f20e                AcpiHwEnableAllRuntimeGpes
                0x00000000d000f222                AcpiHwEnableAllWakeupGpes
 .text          0x00000000d000f236      0x1ca hwpci.o
                0x00000000d000f25a                AcpiHwDerivePciId
 .text          0x00000000d000f400      0x783 hwregs.o
                0x00000000d000f4d0                AcpiHwValidateRegister
                0x00000000d000f599                AcpiHwRead
                0x00000000d000f769                AcpiHwWrite
                0x00000000d000f8f9                AcpiHwGetBitRegisterInfo
                0x00000000d000f92c                AcpiHwWritePm1Control
                0x00000000d000f96f                AcpiHwRegisterRead
                0x00000000d000fa3d                AcpiHwRegisterWrite
                0x00000000d000fb30                AcpiHwClearAcpiStatus
 .text          0x00000000d000fb83      0x298 hwsleep.o
                0x00000000d000fb83                AcpiHwLegacySleep
                0x00000000d000fce8                AcpiHwLegacyWakePrep
                0x00000000d000fd85                AcpiHwLegacyWake
 .text          0x00000000d000fe1b      0x108 hwtimer.o
                0x00000000d000fe1b                AcpiGetTimerResolution
                0x00000000d000fe45                AcpiGetTimer
                0x00000000d000fe8c                AcpiGetTimerDuration
 .text          0x00000000d000ff23      0x25e hwvalid.o
                0x00000000d001002a                AcpiHwReadPort
                0x00000000d00100d2                AcpiHwWritePort
 .text          0x00000000d0010181      0x2c9 hwxface.o
                0x00000000d0010181                AcpiReset
                0x00000000d00101da                AcpiRead
                0x00000000d00101df                AcpiWrite
                0x00000000d00101e4                AcpiReadBitRegister
                0x00000000d001022e                AcpiWriteBitRegister
                0x00000000d00102e9                AcpiGetSleepTypeData
 .text          0x00000000d001044a      0x1f6 hwxfsleep.o
                0x00000000d0010479                AcpiSetFirmwareWakingVector
                0x00000000d00104b9                AcpiEnterSleepStateS4bios
                0x00000000d0010539                AcpiEnterSleepStatePrep
                0x00000000d00105cd                AcpiEnterSleepState
                0x00000000d001061c                AcpiLeaveSleepStatePrep
                0x00000000d001062e                AcpiLeaveSleepState
 .text          0x00000000d0010640      0x5ea nsaccess.o
                0x00000000d0010640                AcpiNsRootInitialize
                0x00000000d00108a4                AcpiNsLookup
 .text          0x00000000d0010c2a      0x2d6 nsalloc.o
                0x00000000d0010c2a                AcpiNsCreateNode
                0x00000000d0010c4e                AcpiNsDeleteNode
                0x00000000d0010cbb                AcpiNsRemoveNode
                0x00000000d0010cee                AcpiNsInstallNode
                0x00000000d0010d4d                AcpiNsDeleteChildren
                0x00000000d0010da8                AcpiNsDeleteNamespaceSubtree
                0x00000000d0010e2c                AcpiNsDeleteNamespaceByOwner
 .text          0x00000000d0010f00      0x23d nsarguments.o
                0x00000000d0010f00                AcpiNsCheckArgumentTypes
                0x00000000d0010fa4                AcpiNsCheckAcpiCompliance
                0x00000000d001106d                AcpiNsCheckArgumentCount
 .text          0x00000000d001113d      0x3fc nsconvert.o
                0x00000000d001113d                AcpiNsConvertToInteger
                0x00000000d00111fd                AcpiNsConvertToString
                0x00000000d00112b1                AcpiNsConvertToBuffer
                0x00000000d0011392                AcpiNsConvertToUnicode
                0x00000000d0011408                AcpiNsConvertToResource
                0x00000000d0011472                AcpiNsConvertToReference
 .text          0x00000000d0011539        0x0 nsdump.o
 .text          0x00000000d0011539        0x0 nsdumpdv.o
 .text          0x00000000d0011539      0x262 nseval.o
                0x00000000d0011539                AcpiNsEvaluate
 .text          0x00000000d001179b      0x437 nsinit.o
                0x00000000d00118ad                AcpiNsInitializeObjects
                0x00000000d0011901                AcpiNsInitializeDevices
                0x00000000d0011a76                AcpiNsInitOnePackage
 .text          0x00000000d0011bd2       0x91 nsload.o
                0x00000000d0011bd2                AcpiNsLoadTable
 .text          0x00000000d0011c63      0x406 nsnames.o
                0x00000000d0011c63                AcpiNsHandleToName
                0x00000000d0011cbd                AcpiNsBuildNormalizedPath
                0x00000000d0011d98                AcpiNsGetPathnameLength
                0x00000000d0011dde                AcpiNsHandleToPathname
                0x00000000d0011e50                AcpiNsGetNormalizedPathname
                0x00000000d0011eb8                AcpiNsGetExternalPathname
                0x00000000d0011eca                AcpiNsBuildPrefixedPathname
 .text          0x00000000d0012069      0x2b3 nsobject.o
                0x00000000d0012069                AcpiNsDetachObject
                0x00000000d00120f5                AcpiNsAttachObject
                0x00000000d00121d4                AcpiNsGetAttachedObject
                0x00000000d0012216                AcpiNsGetSecondaryObject
                0x00000000d0012236                AcpiNsAttachData
                0x00000000d00122a3                AcpiNsDetachData
                0x00000000d00122ef                AcpiNsGetAttachedData
 .text          0x00000000d001231c      0x25f nsparse.o
                0x00000000d001231c                AcpiNsExecuteTable
                0x00000000d0012440                AcpiNsOneCompleteParse
                0x00000000d0012576                AcpiNsParseTable
 .text          0x00000000d001257b      0x20c nspredef.o
                0x00000000d001257b                AcpiNsCheckObjectType
                0x00000000d00126d7                AcpiNsCheckReturnValue
 .text          0x00000000d0012787      0x580 nsprepkg.o
                0x00000000d00129e1                AcpiNsCheckPackage
 .text          0x00000000d0012d07      0x30f nsrepair.o
                0x00000000d0012d07                AcpiNsRepairNullElement
                0x00000000d0012d7a                AcpiNsRemoveNullElements
                0x00000000d0012dd0                AcpiNsWrapWithPackage
                0x00000000d0012e07                AcpiNsSimpleRepair
 .text          0x00000000d0013016      0x61d nsrepair2.o
                0x00000000d00135e9                AcpiNsComplexRepairs
 .text          0x00000000d0013633      0x1bc nssearch.o
                0x00000000d0013633                AcpiNsSearchOneScope
                0x00000000d0013675                AcpiNsSearchAndEnter
 .text          0x00000000d00137ef      0x59b nsutils.o
                0x00000000d00137ef                AcpiNsPrintNodePathname
                0x00000000d0013865                AcpiNsGetType
                0x00000000d0013894                AcpiNsLocal
                0x00000000d00138d8                AcpiNsGetInternalNameLength
                0x00000000d0013945                AcpiNsBuildInternalName
                0x00000000d0013a17                AcpiNsInternalizeName
                0x00000000d0013a9b                AcpiNsExternalizeName
                0x00000000d0013c2c                AcpiNsValidateHandle
                0x00000000d0013c4b                AcpiNsTerminate
                0x00000000d0013c8e                AcpiNsOpensScope
                0x00000000d0013cc3                AcpiNsGetNodeUnlocked
                0x00000000d0013d4a                AcpiNsGetNode
 .text          0x00000000d0013d8a      0x1b3 nswalk.o
                0x00000000d0013d8a                AcpiNsGetNextNode
                0x00000000d0013da1                AcpiNsGetNextNodeTyped
                0x00000000d0013dd0                AcpiNsWalkNamespace
 .text          0x00000000d0013f3d      0x72b nsxfeval.o
                0x00000000d0014087                AcpiEvaluateObject
                0x00000000d00142be                AcpiEvaluateObjectTyped
                0x00000000d00143f5                AcpiWalkNamespace
                0x00000000d00144a5                AcpiGetDevices
                0x00000000d001450b                AcpiAttachData
                0x00000000d0014584                AcpiDetachData
                0x00000000d00145ef                AcpiGetData
 .text          0x00000000d0014668      0x5ff nsxfname.o
                0x00000000d0014692                AcpiGetHandle
                0x00000000d0014721                AcpiGetName
                0x00000000d00147a2                AcpiGetObjectInfo
                0x00000000d0014ac4                AcpiInstallMethod
 .text          0x00000000d0014c67      0x179 nsxfobj.o
                0x00000000d0014c67                AcpiGetType
                0x00000000d0014cd9                AcpiGetParent
                0x00000000d0014d4a                AcpiGetNextObject
 .text          0x00000000d0014de0      0x72e psargs.o
                0x00000000d0014e1c                AcpiPsGetNextPackageEnd
                0x00000000d0014e35                AcpiPsGetNextNamestring
                0x00000000d0014e7f                AcpiPsGetNextNamepath
                0x00000000d0015037                AcpiPsGetNextSimpleArg
                0x00000000d0015117                AcpiPsGetNextArg
 .text          0x00000000d001550e      0x555 psloop.o
                0x00000000d001550e                AcpiPsParseLoop
 .text          0x00000000d0015a63      0x696 psobject.o
                0x00000000d0015a63                AcpiPsBuildNamedOp
                0x00000000d0015b84                AcpiPsCreateOp
                0x00000000d0015d90                AcpiPsCompleteOp
                0x00000000d0015fd9                AcpiPsCompleteFinalOp
 .text          0x00000000d00160f9        0x0 psopcode.o
 .text          0x00000000d00160f9       0x5b psopinfo.o
                0x00000000d00160f9                AcpiPsGetOpcodeInfo
                0x00000000d0016139                AcpiPsGetOpcodeName
                0x00000000d001613f                AcpiPsGetArgumentCount
 .text          0x00000000d0016154      0x56f psparse.o
                0x00000000d0016154                AcpiPsGetOpcodeSize
                0x00000000d0016165                AcpiPsPeekOpcode
                0x00000000d0016180                AcpiPsCompleteThisOp
                0x00000000d00162f9                AcpiPsNextParseState
                0x00000000d00163e4                AcpiPsParseAml
 .text          0x00000000d00166c3      0x175 psscope.o
                0x00000000d00166c3                AcpiPsGetParentScope
                0x00000000d00166d1                AcpiPsHasCompletedScope
                0x00000000d00166f7                AcpiPsInitScope
                0x00000000d0016735                AcpiPsPushScope
                0x00000000d0016798                AcpiPsPopScope
                0x00000000d0016808                AcpiPsCleanupScope
 .text          0x00000000d0016838      0x127 pstree.o
                0x00000000d0016838                AcpiPsGetArg
                0x00000000d001687b                AcpiPsAppendArg
                0x00000000d00168f3                AcpiPsGetDepthNext
 .text          0x00000000d001695f      0x132 psutils.o
                0x00000000d001695f                AcpiPsInitOp
                0x00000000d0016972                AcpiPsAllocOp
                0x00000000d00169fd                AcpiPsCreateScopeOp
                0x00000000d0016a1d                AcpiPsFreeOp
                0x00000000d0016a4a                AcpiPsIsLeadingChar
                0x00000000d0016a6a                AcpiPsGetName
                0x00000000d0016a7d                AcpiPsSetName
 .text          0x00000000d0016a91       0x55 pswalk.o
                0x00000000d0016a91                AcpiPsDeleteParseTree
 .text          0x00000000d0016ae6      0x303 psxface.o
                0x00000000d0016b20                AcpiDebugTrace
                0x00000000d0016b6b                AcpiPsExecuteMethod
                0x00000000d0016cf9                AcpiPsExecuteTable
 .text          0x00000000d0016de9       0xa9 rsaddr.o
                0x00000000d0016de9                AcpiRsGetAddressCommon
                0x00000000d0016e45                AcpiRsSetAddressCommon
 .text          0x00000000d0016e92      0x4f8 rscalc.o
                0x00000000d0016e92                AcpiRsGetAmlLength
                0x00000000d0017010                AcpiRsGetListLength
                0x00000000d001727a                AcpiRsGetPciRoutingTableLength
 .text          0x00000000d001738a      0x3c7 rscreate.o
                0x00000000d001738a                AcpiBufferToResource
                0x00000000d0017419                AcpiRsCreateResourceList
                0x00000000d001748a                AcpiRsCreatePciRoutingTable
                0x00000000d00176ee                AcpiRsCreateAmlResources
 .text          0x00000000d0017751        0x0 rsdump.o
 .text          0x00000000d0017751        0x0 rsdumpinfo.o
 .text          0x00000000d0017751        0x0 rsinfo.o
 .text          0x00000000d0017751        0x0 rsio.o
 .text          0x00000000d0017751        0x0 rsirq.o
 .text          0x00000000d0017751      0x1e8 rslist.o
                0x00000000d0017751                AcpiRsConvertAmlToResources
                0x00000000d001781c                AcpiRsConvertResourcesToAml
 .text          0x00000000d0017939        0x0 rsmemory.o
 .text          0x00000000d0017939      0x61c rsmisc.o
                0x00000000d0017939                AcpiRsConvertAmlToResource
                0x00000000d0017ce6                AcpiRsConvertResourceToAml
 .text          0x00000000d0017f55        0x0 rsserial.o
 .text          0x00000000d0017f55      0x41b rsutils.o
                0x00000000d0017f55                AcpiRsDecodeBitmask
                0x00000000d0017f7f                AcpiRsEncodeBitmask
                0x00000000d0017fab                AcpiRsMoveData
                0x00000000d0018037                AcpiRsSetResourceLength
                0x00000000d001806a                AcpiRsSetResourceHeader
                0x00000000d0018081                AcpiRsGetResourceSource
                0x00000000d0018118                AcpiRsSetResourceSource
                0x00000000d0018154                AcpiRsGetPrtMethodData
                0x00000000d0018195                AcpiRsGetCrsMethodData
                0x00000000d00181d6                AcpiRsGetPrsMethodData
                0x00000000d0018217                AcpiRsGetAeiMethodData
                0x00000000d0018258                AcpiRsGetMethodData
                0x00000000d0018297                AcpiRsSetSrsMethodData
 .text          0x00000000d0018370      0x47c rsxface.o
                0x00000000d0018449                AcpiGetIrqRoutingTable
                0x00000000d0018477                AcpiGetCurrentResources
                0x00000000d00184a5                AcpiGetPossibleResources
                0x00000000d00184d3                AcpiSetCurrentResources
                0x00000000d0018517                AcpiGetEventResources
                0x00000000d0018545                AcpiResourceToAddress64
                0x00000000d0018687                AcpiWalkResourceBuffer
                0x00000000d00186fc                AcpiWalkResources
                0x00000000d00187a4                AcpiGetVendorResource
 .text          0x00000000d00187ec      0x8b6 tbdata.o
                0x00000000d00187ec                AcpiTbInitTableDescriptor
                0x00000000d0018834                AcpiTbAcquireTable
                0x00000000d0018894                AcpiTbReleaseTable
                0x00000000d00188b6                AcpiTbAcquireTempTable
                0x00000000d001893c                AcpiTbValidateTable
                0x00000000d0018971                AcpiTbInvalidateTable
                0x00000000d001899e                AcpiTbReleaseTempTable
                0x00000000d00189a0                AcpiTbValidateTempTable
                0x00000000d00189c5                AcpiTbVerifyTempTable
                0x00000000d0018b95                AcpiTbResizeRootTableList
                0x00000000d0018c97                AcpiTbGetNextTableDescriptor
                0x00000000d0018ce5                AcpiTbTerminate
                0x00000000d0018d5f                AcpiTbDeleteNamespaceByOwner
                0x00000000d0018de0                AcpiTbAllocateOwnerId
                0x00000000d0018e2f                AcpiTbReleaseOwnerId
                0x00000000d0018e7e                AcpiTbGetOwnerId
                0x00000000d0018ec7                AcpiTbIsTableLoaded
                0x00000000d0018f0b                AcpiTbSetTableLoadedFlag
                0x00000000d0018f5a                AcpiTbNotifyTable
                0x00000000d0018f7d                AcpiTbLoadTable
                0x00000000d0018fed                AcpiTbInstallAndLoadTable
                0x00000000d0019032                AcpiTbUnloadTable
 .text          0x00000000d00190a2      0x50e tbfadt.o
                0x00000000d00190a2                AcpiTbCreateLocalFadt
                0x00000000d00194ea                AcpiTbParseFadt
 .text          0x00000000d00195b0      0x1ab tbfind.o
                0x00000000d00195b0                AcpiTbFindTable
 .text          0x00000000d001975b      0x2ea tbinstal.o
                0x00000000d001975b                AcpiTbUninstallTable
                0x00000000d001979f                AcpiTbOverrideTable
                0x00000000d001988a                AcpiTbInstallTableWithOverride
                0x00000000d0019919                AcpiTbInstallStandardTable
 .text          0x00000000d0019a45      0x1ad tbprint.o
                0x00000000d0019a75                AcpiTbPrintTableHeader
                0x00000000d0019b81                AcpiTbChecksum
                0x00000000d0019b9a                AcpiTbVerifyChecksum
 .text          0x00000000d0019bf2      0x3ba tbutils.o
                0x00000000d0019bf2                AcpiTbInitializeFacs
                0x00000000d0019c60                AcpiTbCheckDsdtHeader
                0x00000000d0019cd4                AcpiTbCopyDsdt
                0x00000000d0019d64                AcpiTbParseRootTable
                0x00000000d0019f0c                AcpiTbGetTable
                0x00000000d0019f68                AcpiTbPutTable
 .text          0x00000000d0019fac      0x41c tbxface.o
                0x00000000d0019fac                AcpiAllocateRootTable
                0x00000000d0019fc4                AcpiInitializeTables
                0x00000000d001a044                AcpiReallocateRootTable
                0x00000000d001a124                AcpiGetTableHeader
                0x00000000d001a1df                AcpiGetTable
                0x00000000d001a265                AcpiPutTable
                0x00000000d001a2c1                AcpiGetTableByIndex
                0x00000000d001a322                AcpiInstallTableHandler
                0x00000000d001a37a                AcpiRemoveTableHandler
 .text          0x00000000d001a3c8      0x37f tbxfload.o
                0x00000000d001a3c8                AcpiTbLoadNamespace
                0x00000000d001a5b0                AcpiLoadTables
                0x00000000d001a619                AcpiInstallTable
                0x00000000d001a639                AcpiLoadTable
                0x00000000d001a695                AcpiUnloadParentTable
                0x00000000d001a731                AcpiUnloadTable
 .text          0x00000000d001a747      0x21c tbxfroot.o
                0x00000000d001a747                AcpiTbGetRsdpLength
                0x00000000d001a77c                AcpiTbValidateRsdp
                0x00000000d001a7d7                AcpiTbScanMemoryForRsdp
                0x00000000d001a808                AcpiFindRootPointer
 .text          0x00000000d001a963      0x22a utaddress.o
                0x00000000d001a963                AcpiUtAddAddressRange
                0x00000000d001a9e1                AcpiUtRemoveAddressRange
                0x00000000d001aa2c                AcpiUtCheckAddressRange
                0x00000000d001ab39                AcpiUtDeleteAddressLists
 .text          0x00000000d001ab8d      0x206 utalloc.o
                0x00000000d001ab8d                AcpiOsAllocateZeroed
                0x00000000d001abc3                AcpiUtCreateCaches
                0x00000000d001ac49                AcpiUtDeleteCaches
                0x00000000d001acc0                AcpiUtValidateBuffer
                0x00000000d001ad02                AcpiUtInitializeBuffer
 .text          0x00000000d001ad93       0x9d utascii.o
                0x00000000d001ad93                AcpiUtValidNameChar
                0x00000000d001adc4                AcpiUtValidNameseg
                0x00000000d001aded                AcpiUtCheckAndRepairAscii
 .text          0x00000000d001ae30      0x1de utbuffer.o
                0x00000000d001ae30                AcpiUtDumpBuffer
                0x00000000d001afe8                AcpiUtDebugDumpBuffer
 .text          0x00000000d001b00e      0x205 utcache.o
                0x00000000d001b00e                AcpiOsCreateCache
                0x00000000d001b07f                AcpiOsPurgeCache
                0x00000000d001b0dc                AcpiOsDeleteCache
                0x00000000d001b10a                AcpiOsReleaseObject
                0x00000000d001b191                AcpiOsAcquireObject
 .text          0x00000000d001b213      0x700 utcopy.o
                0x00000000d001b5b8                AcpiUtCopyIobjectToEobject
                0x00000000d001b67a                AcpiUtCopyEobjectToIobject
                0x00000000d001b82d                AcpiUtCopyIobjectToIobject
 .text          0x00000000d001b913        0x0 utdebug.o
 .text          0x00000000d001b913      0x16c utdecode.o
                0x00000000d001b913                AcpiUtGetRegionName
                0x00000000d001b94c                AcpiUtGetEventName
                0x00000000d001b965                AcpiUtGetTypeName
                0x00000000d001b97e                AcpiUtGetObjectTypeName
                0x00000000d001b9b4                AcpiUtGetNodeName
                0x00000000d001b9f8                AcpiUtGetDescriptorName
                0x00000000d001ba1e                AcpiUtGetReferenceName
                0x00000000d001ba5a                AcpiUtGetMutexName
                0x00000000d001ba73                AcpiUtValidObjectType
 .text          0x00000000d001ba7f      0x4fa utdelete.o
                0x00000000d001ba7f                AcpiUtRemoveReference
                0x00000000d001bab3                AcpiUtDeleteInternalObjectList
                0x00000000d001bde1                AcpiUtUpdateObjectReference
                0x00000000d001bf50                AcpiUtAddReference
 .text          0x00000000d001bf79      0x229 uterror.o
                0x00000000d001bf79                AcpiUtPredefinedWarning
                0x00000000d001bfbc                AcpiUtPredefinedInfo
                0x00000000d001bfff                AcpiUtPredefinedBiosError
                0x00000000d001c042                AcpiUtPrefixedNamespaceError
                0x00000000d001c11a                AcpiUtMethodError
 .text          0x00000000d001c1a2      0x24e uteval.o
                0x00000000d001c1a2                AcpiUtEvaluateObject
                0x00000000d001c2f1                AcpiUtEvaluateNumericObject
                0x00000000d001c33b                AcpiUtExecute_STA
                0x00000000d001c38d                AcpiUtExecutePowerMethods
 .text          0x00000000d001c3f0       0xcc utexcep.o
                0x00000000d001c3f0                AcpiUtValidateException
                0x00000000d001c483                AcpiFormatException
 .text          0x00000000d001c4bc        0x0 utglobal.o
 .text          0x00000000d001c4bc       0xa4 uthex.o
                0x00000000d001c4bc                AcpiUtHexToAsciiChar
                0x00000000d001c4e2                AcpiUtAsciiCharToHex
                0x00000000d001c4fd                AcpiUtAsciiToHexByte
 .text          0x00000000d001c560      0x337 utids.o
                0x00000000d001c560                AcpiUtExecute_HID
                0x00000000d001c605                AcpiUtExecute_UID
                0x00000000d001c6aa                AcpiUtExecute_CID
                0x00000000d001c7ca                AcpiUtExecute_CLS
 .text          0x00000000d001c897      0x2c5 utinit.o
                0x00000000d001c897                AcpiUtInitGlobals
                0x00000000d001caaa                AcpiUtSubsystemShutdown
 .text          0x00000000d001cb5c      0x145 utlock.o
                0x00000000d001cb5c                AcpiUtCreateRwLock
                0x00000000d001cb94                AcpiUtDeleteRwLock
                0x00000000d001cbca                AcpiUtAcquireReadLock
                0x00000000d001cc21                AcpiUtReleaseReadLock
                0x00000000d001cc71                AcpiUtAcquireWriteLock
                0x00000000d001cc8a                AcpiUtReleaseWriteLock
 .text          0x00000000d001cca1      0x189 utmath.o
                0x00000000d001cca1                AcpiUtShortMultiply
                0x00000000d001ccc6                AcpiUtShortShiftLeft
                0x00000000d001ccfa                AcpiUtShortShiftRight
                0x00000000d001cd2e                AcpiUtShortDivide
                0x00000000d001cda4                AcpiUtDivide
 .text          0x00000000d001ce2a      0x1b2 utmisc.o
                0x00000000d001ce2a                AcpiUtIsPciRootBridge
                0x00000000d001ce64                AcpiUtDwordByteSwap
                0x00000000d001ce73                AcpiUtSetIntegerWidth
                0x00000000d001ceaa                AcpiUtCreateUpdateStateAndPush
                0x00000000d001cee8                AcpiUtWalkPackageTree
 .text          0x00000000d001cfdc      0x24c utmutex.o
                0x00000000d001cfdc                AcpiUtMutexInitialize
                0x00000000d001d095                AcpiUtMutexTerminate
                0x00000000d001d119                AcpiUtAcquireMutex
                0x00000000d001d1a5                AcpiUtReleaseMutex
 .text          0x00000000d001d228       0x91 utnonansi.o
                0x00000000d001d228                AcpiUtStrlwr
                0x00000000d001d251                AcpiUtStrupr
                0x00000000d001d27a                AcpiUtStricmp
 .text          0x00000000d001d2b9      0x4aa utobject.o
                0x00000000d001d44b                AcpiUtValidInternalObject
                0x00000000d001d460                AcpiUtAllocateObjectDescDbg
                0x00000000d001d49a                AcpiUtDeleteObjectDesc
                0x00000000d001d4e4                AcpiUtCreateInternalObjectDbg
                0x00000000d001d561                AcpiUtCreatePackageObject
                0x00000000d001d5c5                AcpiUtCreateIntegerObject
                0x00000000d001d5f7                AcpiUtCreateBufferObject
                0x00000000d001d67a                AcpiUtCreateStringObject
                0x00000000d001d6f3                AcpiUtGetObjectSize
 .text          0x00000000d001d763      0x34b utosi.o
                0x00000000d001d763                AcpiUtInitializeInterfaces
                0x00000000d001d7ba                AcpiUtInterfaceTerminate
                0x00000000d001d837                AcpiUtInstallInterface
                0x00000000d001d8b3                AcpiUtRemoveInterface
                0x00000000d001d929                AcpiUtUpdateInterfaces
                0x00000000d001d977                AcpiUtGetInterface
                0x00000000d001d9a5                AcpiUtOsiImplementation
 .text          0x00000000d001daae      0x18a utownerid.o
                0x00000000d001daae                AcpiUtAllocateOwnerId
                0x00000000d001db9b                AcpiUtReleaseOwnerId
 .text          0x00000000d001dc38       0xb1 utpredef.o
                0x00000000d001dc38                AcpiUtGetNextPredefinedMethod
                0x00000000d001dc53                AcpiUtMatchPredefinedMethod
                0x00000000d001dc85                AcpiUtGetExpectedReturnTypes
 .text          0x00000000d001dce9      0x7ff utprint.o
                0x00000000d001df9d                AcpiUtScanNumber
                0x00000000d001e002                AcpiUtPrintNumber
                0x00000000d001e07f                vsnprintf
                0x00000000d001e4b0                snprintf
                0x00000000d001e4cd                sprintf
 .text          0x00000000d001e4e8        0x0 utresdecode.o
 .text          0x00000000d001e4e8      0x2a4 utresrc.o
                0x00000000d001e4e8                AcpiUtGetResourceType
                0x00000000d001e4f9                AcpiUtGetResourceLength
                0x00000000d001e510                AcpiUtValidateResource
                0x00000000d001e62a                AcpiUtGetResourceHeaderLength
                0x00000000d001e63b                AcpiUtGetDescriptorLength
                0x00000000d001e662                AcpiUtWalkAmlResources
                0x00000000d001e75b                AcpiUtGetResourceEndTag
 .text          0x00000000d001e78c      0x11d utstate.o
                0x00000000d001e78c                AcpiUtPushGenericState
                0x00000000d001e79d                AcpiUtPopGenericState
                0x00000000d001e7af                AcpiUtCreateGenericState
                0x00000000d001e7cd                AcpiUtCreateThreadState
                0x00000000d001e81d                AcpiUtCreateUpdateState
                0x00000000d001e840                AcpiUtCreatePkgState
                0x00000000d001e86e                AcpiUtCreateControlState
                0x00000000d001e889                AcpiUtDeleteGenericState
 .text          0x00000000d001e8a9      0x1a6 utstring.o
                0x00000000d001e8a9                AcpiUtPrintString
                0x00000000d001e9de                AcpiUtRepairName
 .text          0x00000000d001ea4f      0x280 utstrsuppt.o
                0x00000000d001eb15                AcpiUtConvertOctalString
                0x00000000d001eb68                AcpiUtConvertDecimalString
                0x00000000d001ebca                AcpiUtConvertHexString
                0x00000000d001ec2c                AcpiUtRemoveLeadingZeros
                0x00000000d001ec41                AcpiUtRemoveWhitespace
                0x00000000d001ec6b                AcpiUtRemoveHexPrefix
                0x00000000d001ec97                AcpiUtDetectHexPrefix
                0x00000000d001ecb9                AcpiUtDetectOctalPrefix
 .text          0x00000000d001eccf      0x1ad utstrtoul64.o
                0x00000000d001eccf                AcpiUtStrtoul64
                0x00000000d001ed9b                AcpiUtImplicitStrtoul64
                0x00000000d001edfc                AcpiUtExplicitStrtoul64
 .text          0x00000000d001ee7c        0x0 uttrack.o
 .text          0x00000000d001ee7c        0x0 utuuid.o
 .text          0x00000000d001ee7c      0x498 utxface.o
                0x00000000d001ee7c                AcpiTerminate
                0x00000000d001ee92                AcpiSubsystemStatus
                0x00000000d001eea0                AcpiGetSystemInfo
                0x00000000d001ef18                AcpiGetStatistics
                0x00000000d001ef5c                AcpiInstallInitializationHandler
                0x00000000d001ef83                AcpiPurgeCachedObjects
                0x00000000d001efbc                AcpiInstallInterface
                0x00000000d001f04b                AcpiRemoveInterface
                0x00000000d001f0b0                AcpiInstallInterfaceHandler
                0x00000000d001f109                AcpiUpdateInterfaces
                0x00000000d001f158                AcpiCheckAddressRange
                0x00000000d001f1bc                AcpiDecodePldBuffer
 .text          0x00000000d001f314      0x1bf utxferror.o
                0x00000000d001f314                AcpiError
                0x00000000d001f34c                AcpiException
                0x00000000d001f3a4                AcpiWarning
                0x00000000d001f3dc                AcpiInfo
                0x00000000d001f40b                AcpiBiosError
                0x00000000d001f443                AcpiBiosException
                0x00000000d001f49b                AcpiBiosWarning
 .text          0x00000000d001f4d3      0x154 utxfinit.o
                0x00000000d001f4d3                AcpiInitializeSubsystem
                0x00000000d001f56c                AcpiEnableSubsystem
                0x00000000d001f5fa                AcpiInitializeObjects
 .text          0x00000000d001f627       0xd5 utxfmutex.o
                0x00000000d001f692                AcpiAcquireMutex
                0x00000000d001f6c8                AcpiReleaseMutex
 .text          0x00000000d001f6fc       0xff /cygdrive/c/Users/Alex/Toolchain/Output/bin/../lib/gcc/i386-banana/8.1.0/libgcc.a(_udivdi3.o)
                0x00000000d001f6fc                __udivdi3
 *fill*         0x00000000d001f7fb        0x1 
 .text          0x00000000d001f7fc      0x11a /cygdrive/c/Users/Alex/Toolchain/Output/bin/../lib/gcc/i386-banana/8.1.0/libgcc.a(_umoddi3.o)
                0x00000000d001f7fc                __umoddi3
 *(.rodata)
 *fill*         0x00000000d001f916        0x2 
 .rodata        0x00000000d001f918        0x7 dsargs.o
 *fill*         0x00000000d001f91f        0x1 
 .rodata        0x00000000d001f920        0xa dscontrol.o
 *fill*         0x00000000d001f92a        0x2 
 .rodata        0x00000000d001f92c       0x30 dsfield.o
 .rodata        0x00000000d001f95c        0x7 dsinit.o
 *fill*         0x00000000d001f963        0x1 
 .rodata        0x00000000d001f964        0x9 dsmethod.o
 *fill*         0x00000000d001f96d        0x3 
 .rodata        0x00000000d001f970        0x9 dsmthdat.o
 *fill*         0x00000000d001f979        0x3 
 .rodata        0x00000000d001f97c        0x9 dsobject.o
 *fill*         0x00000000d001f985        0x3 
 .rodata        0x00000000d001f988        0x9 dsopcode.o
 *fill*         0x00000000d001f991        0x3 
 .rodata        0x00000000d001f994        0xa dspkginit.o
 *fill*         0x00000000d001f99e        0x2 
 .rodata        0x00000000d001f9a0        0x8 dsutils.o
 *fill*         0x00000000d001f9a8       0x18 
 .rodata        0x00000000d001f9c0       0x78 dswexec.o
 .rodata        0x00000000d001fa38        0x8 dswload.o
 .rodata        0x00000000d001fa40       0x49 dswload2.o
 *fill*         0x00000000d001fa89        0x3 
 .rodata        0x00000000d001fa8c        0x9 dswscope.o
 *fill*         0x00000000d001fa95        0x3 
 .rodata        0x00000000d001fa98        0x9 dswstate.o
 *fill*         0x00000000d001faa1        0x3 
 .rodata        0x00000000d001faa4        0x8 evevent.o
 .rodata        0x00000000d001faac        0x8 evglock.o
 .rodata        0x00000000d001fab4        0x6 evgpe.o
 *fill*         0x00000000d001faba        0x2 
 .rodata        0x00000000d001fabc        0x9 evgpeblk.o
 *fill*         0x00000000d001fac5        0x3 
 .rodata        0x00000000d001fac8        0xa evgpeinit.o
 *fill*         0x00000000d001fad2        0x2 
 .rodata        0x00000000d001fad4        0xa evgpeutil.o
 *fill*         0x00000000d001fade        0x2 
 .rodata        0x00000000d001fae0        0xa evhandler.o
 *fill*         0x00000000d001faea        0x2 
 .rodata        0x00000000d001faec        0x7 evmisc.o
 *fill*         0x00000000d001faf3        0x1 
 .rodata        0x00000000d001faf4        0x9 evregion.o
 *fill*         0x00000000d001fafd        0x3 
 .rodata        0x00000000d001fb00        0x9 evrgnini.o
 *fill*         0x00000000d001fb09        0x3 
 .rodata        0x00000000d001fb0c        0x8 evxface.o
 .rodata        0x00000000d001fb14        0x9 evxfevnt.o
 *fill*         0x00000000d001fb1d        0x3 
 .rodata        0x00000000d001fb20        0x8 evxfgpe.o
 .rodata        0x00000000d001fb28        0x9 exconcat.o
 *fill*         0x00000000d001fb31        0x3 
 .rodata        0x00000000d001fb34        0x9 exconfig.o
 *fill*         0x00000000d001fb3d        0x3 
 .rodata        0x00000000d001fb40        0x9 exconvrt.o
 *fill*         0x00000000d001fb49        0x3 
 .rodata        0x00000000d001fb4c        0x9 excreate.o
 *fill*         0x00000000d001fb55        0x3 
 .rodata        0x00000000d001fb58       0x18 exfield.o
                0x00000000d001fb58                AcpiProtocolLengths
 .rodata        0x00000000d001fb70        0x8 exfldio.o
 .rodata        0x00000000d001fb78       0x3f exmisc.o
 *fill*         0x00000000d001fbb7        0x1 
 .rodata        0x00000000d001fbb8        0x8 exmutex.o
 .rodata        0x00000000d001fbc0        0x8 exnames.o
 .rodata        0x00000000d001fbc8       0x31 exoparg1.o
 *fill*         0x00000000d001fbf9        0x3 
 .rodata        0x00000000d001fbfc        0x9 exoparg2.o
 *fill*         0x00000000d001fc05        0x3 
 .rodata        0x00000000d001fc08        0x9 exoparg3.o
 *fill*         0x00000000d001fc11        0x3 
 .rodata        0x00000000d001fc14       0x21 exoparg6.o
 *fill*         0x00000000d001fc35        0x3 
 .rodata        0x00000000d001fc38       0x17 exprep.o
 *fill*         0x00000000d001fc4f        0x1 
 .rodata        0x00000000d001fc50        0x9 exregion.o
 *fill*         0x00000000d001fc59        0x3 
 .rodata        0x00000000d001fc5c       0x5d exresnte.o
 *fill*         0x00000000d001fcb9        0x3 
 .rodata        0x00000000d001fcbc       0x89 exresolv.o
 *fill*         0x00000000d001fd45        0x3 
 .rodata        0x00000000d001fd48       0x64 exresop.o
 .rodata        0x00000000d001fdac        0x9 exserial.o
 *fill*         0x00000000d001fdb5        0x3 
 .rodata        0x00000000d001fdb8       0x24 exstore.o
 .rodata        0x00000000d001fddc        0x9 exstoren.o
 *fill*         0x00000000d001fde5        0x3 
 .rodata        0x00000000d001fde8        0x9 exsystem.o
 *fill*         0x00000000d001fdf1        0x3 
 .rodata        0x00000000d001fdf4        0x8 exutils.o
 .rodata        0x00000000d001fdfc        0x7 hwacpi.o
 *fill*         0x00000000d001fe03        0x1 
 .rodata        0x00000000d001fe04        0x9 hwesleep.o
 *fill*         0x00000000d001fe0d        0x3 
 .rodata        0x00000000d001fe10        0x6 hwgpe.o
 *fill*         0x00000000d001fe16        0x2 
 .rodata        0x00000000d001fe18       0x3f hwregs.o
 *fill*         0x00000000d001fe57        0x9 
 .rodata        0x00000000d001fe60       0xd4 hwvalid.o
 .rodata        0x00000000d001ff34        0x8 hwxface.o
 .rodata        0x00000000d001ff3c       0x2a hwxfsleep.o
 *fill*         0x00000000d001ff66        0x2 
 .rodata        0x00000000d001ff68        0x9 nsaccess.o
 *fill*         0x00000000d001ff71        0x3 
 .rodata        0x00000000d001ff74        0x8 nsalloc.o
 .rodata        0x00000000d001ff7c        0xc nsarguments.o
 .rodata        0x00000000d001ff88        0xa nsconvert.o
 *fill*         0x00000000d001ff92        0x2 
 .rodata        0x00000000d001ff94        0x7 nseval.o
 *fill*         0x00000000d001ff9b        0x1 
 .rodata        0x00000000d001ff9c       0x47 nsinit.o
 *fill*         0x00000000d001ffe3        0x1 
 .rodata        0x00000000d001ffe4        0x8 nsnames.o
 .rodata        0x00000000d001ffec        0x9 nsobject.o
 *fill*         0x00000000d001fff5        0x3 
 .rodata        0x00000000d001fff8        0x8 nsparse.o
 .rodata        0x00000000d0020000      0x8ee nspredef.o
                0x00000000d0020020                AcpiGbl_PredefinedMethods
 *fill*         0x00000000d00208ee        0x2 
 .rodata        0x00000000d00208f0       0x5d nsprepkg.o
 *fill*         0x00000000d002094d       0x13 
 .rodata        0x00000000d0020960       0x79 nsrepair.o
 *fill*         0x00000000d00209d9        0x7 
 .rodata        0x00000000d00209e0       0x5a nsrepair2.o
 *fill*         0x00000000d0020a3a        0x2 
 .rodata        0x00000000d0020a3c        0x9 nssearch.o
 *fill*         0x00000000d0020a45        0x3 
 .rodata        0x00000000d0020a48        0x8 nsutils.o
 .rodata        0x00000000d0020a50        0x9 nsxfeval.o
 *fill*         0x00000000d0020a59        0x3 
 .rodata        0x00000000d0020a5c        0x9 nsxfname.o
 *fill*         0x00000000d0020a65        0x3 
 .rodata        0x00000000d0020a68       0xbf psargs.o
 *fill*         0x00000000d0020b27        0x1 
 .rodata        0x00000000d0020b28        0x7 psloop.o
 *fill*         0x00000000d0020b2f        0x1 
 .rodata        0x00000000d0020b30        0x9 psobject.o
 *fill*         0x00000000d0020b39        0x7 
 .rodata        0x00000000d0020b40      0x830 psopcode.o
                0x00000000d0020b40                AcpiGbl_AmlOpInfo
 *fill*         0x00000000d0021370       0x10 
 .rodata        0x00000000d0021380      0x1ac psopinfo.o
                0x00000000d0021380                AcpiGbl_LongOpIndex
                0x00000000d0021420                AcpiGbl_ShortOpIndex
 .rodata        0x00000000d002152c       0x2c psparse.o
 .rodata        0x00000000d0021558        0x7 pstree.o
 *fill*         0x00000000d002155f        0x1 
 .rodata        0x00000000d0021560       0x8c rsaddr.o
                0x00000000d002159c                AcpiRsConvertExtAddress64
                0x00000000d00215b0                AcpiRsConvertAddress64
                0x00000000d00215c4                AcpiRsConvertAddress32
                0x00000000d00215d8                AcpiRsConvertAddress16
 .rodata        0x00000000d00215ec       0x64 rscalc.o
 .rodata        0x00000000d0021650        0x9 rscreate.o
 *fill*         0x00000000d0021659        0x7 
 .rodata        0x00000000d0021660       0x5d rsinfo.o
                0x00000000d0021660                AcpiGbl_ResourceStructSerialBusSizes
                0x00000000d0021664                AcpiGbl_AmlResourceSerialBusSizes
                0x00000000d0021680                AcpiGbl_ResourceStructSizes
                0x00000000d00216a4                AcpiGbl_AmlResourceSizes
 *fill*         0x00000000d00216bd        0x3 
 .rodata        0x00000000d00216c0       0x84 rsio.o
                0x00000000d00216c0                AcpiRsSetStartDpf
                0x00000000d00216e8                AcpiRsGetStartDpf
                0x00000000d0021700                AcpiRsConvertEndTag
                0x00000000d0021708                AcpiRsConvertEndDpf
                0x00000000d0021710                AcpiRsConvertGenericReg
                0x00000000d0021720                AcpiRsConvertFixedIo
                0x00000000d0021730                AcpiRsConvertIo
 *fill*         0x00000000d0021744       0x1c 
 .rodata        0x00000000d0021760       0xe4 rsirq.o
                0x00000000d0021760                AcpiRsConvertFixedDma
                0x00000000d0021770                AcpiRsConvertDma
                0x00000000d00217a0                AcpiRsConvertExtIrq
                0x00000000d00217e0                AcpiRsSetIrq
                0x00000000d0021820                AcpiRsGetIrq
 .rodata        0x00000000d0021844        0x7 rslist.o
 *fill*         0x00000000d002184b        0x1 
 .rodata        0x00000000d002184c       0x64 rsmemory.o
                0x00000000d002184c                AcpiRsSetVendor
                0x00000000d0021868                AcpiRsGetVendorLarge
                0x00000000d0021874                AcpiRsGetVendorSmall
                0x00000000d0021880                AcpiRsConvertFixedMemory32
                0x00000000d0021890                AcpiRsConvertMemory32
                0x00000000d00218a0                AcpiRsConvertMemory24
 .rodata        0x00000000d00218b0      0x107 rsmisc.o
 *fill*         0x00000000d00219b7        0x9 
 .rodata        0x00000000d00219c0      0x2a8 rsserial.o
                0x00000000d00219c0                AcpiRsConvertPinGroupConfig
                0x00000000d0021a00                AcpiRsConvertPinGroupFunction
                0x00000000d0021a40                AcpiRsConvertPinGroup
                0x00000000d0021a80                AcpiRsConvertPinConfig
                0x00000000d0021ac0                AcpiRsConvertUartSerialBus
                0x00000000d0021b20                AcpiRsConvertSpiSerialBus
                0x00000000d0021b80                AcpiRsConvertI2cSerialBus
                0x00000000d0021be0                AcpiRsConvertPinFunction
                0x00000000d0021c20                AcpiRsConvertGpio
 .rodata        0x00000000d0021c68       0x28 rsutils.o
 .rodata        0x00000000d0021c90        0x7 tbdata.o
 *fill*         0x00000000d0021c97        0x9 
 .rodata        0x00000000d0021ca0       0x87 tbfadt.o
 *fill*         0x00000000d0021d27        0x1 
 .rodata        0x00000000d0021d28        0x9 tbinstal.o
 *fill*         0x00000000d0021d31        0x3 
 .rodata        0x00000000d0021d34        0x8 tbprint.o
 .rodata        0x00000000d0021d3c        0x8 tbutils.o
 .rodata        0x00000000d0021d44        0x8 tbxface.o
 .rodata        0x00000000d0021d4c        0x9 tbxfload.o
 *fill*         0x00000000d0021d55        0x3 
 .rodata        0x00000000d0021d58        0x9 tbxfroot.o
 *fill*         0x00000000d0021d61        0x3 
 .rodata        0x00000000d0021d64        0xa utaddress.o
 *fill*         0x00000000d0021d6e        0x2 
 .rodata        0x00000000d0021d70       0x53 utcopy.o
 *fill*         0x00000000d0021dc3       0x1d 
 .rodata        0x00000000d0021de0      0x13b utdecode.o
                0x00000000d0021efc                AcpiGbl_NsProperties
 *fill*         0x00000000d0021f1b        0x1 
 .rodata        0x00000000d0021f1c       0x91 utdelete.o
 *fill*         0x00000000d0021fad        0x3 
 .rodata        0x00000000d0021fb0        0xb uteval.o
 *fill*         0x00000000d0021fbb        0x5 
 .rodata        0x00000000d0021fc0      0x1f0 utexcep.o
 *fill*         0x00000000d00221b0       0x10 
 .rodata        0x00000000d00221c0       0x9d utglobal.o
                0x00000000d00221c0                AcpiGbl_PreDefinedNames
                0x00000000d0022238                AcpiGbl_UpperHexDigits
                0x00000000d002224c                AcpiGbl_LowerHexDigits
 *fill*         0x00000000d002225d        0x3 
 .rodata        0x00000000d0022260       0x10 uthex.o
 .rodata        0x00000000d0022270        0x7 utinit.o
 *fill*         0x00000000d0022277        0x1 
 .rodata        0x00000000d0022278        0x7 utmath.o
 *fill*         0x00000000d002227f        0x1 
 .rodata        0x00000000d0022280        0x8 utmutex.o
 .rodata        0x00000000d0022288        0x9 utobject.o
 *fill*         0x00000000d0022291        0x3 
 .rodata        0x00000000d0022294        0x6 utosi.o
 *fill*         0x00000000d002229a        0x2 
 .rodata        0x00000000d002229c        0xa utownerid.o
 *fill*         0x00000000d00222a6        0x2 
 .rodata        0x00000000d00222a8       0x14 utpredef.o
 *fill*         0x00000000d00222bc        0x4 
 .rodata        0x00000000d00222c0       0x6c utresrc.o
                0x00000000d00222e4                AcpiGbl_ResourceAmlSerialBusSizes
                0x00000000d0022300                AcpiGbl_ResourceAmlSizes
 .rodata        0x00000000d002232c        0x8 utstate.o
 .rodata        0x00000000d0022334        0x9 utstring.o
 *fill*         0x00000000d002233d        0x3 
 .rodata        0x00000000d0022340        0x9 utxfinit.o
 *(.symtab)
 *(.strtab)

.plt            0x00000000d0022350        0x0
 .plt           0x00000000d0022350        0x0 _main.o

.plt.got        0x00000000d0022350        0x0
 .plt.got       0x00000000d0022350        0x0 _main.o

.rodata.str1.1  0x00000000d0022349     0x58b8
 .rodata.str1.1
                0x00000000d0022349      0x4fe _main.o
 .rodata.str1.1
                0x00000000d0022847       0x66 dsargs.o
 .rodata.str1.1
                0x00000000d00228ad       0x41 dscontrol.o
 .rodata.str1.1
                0x00000000d00228ee       0xc3 dsfield.o
 .rodata.str1.1
                0x00000000d00229b1       0x3d dsinit.o
 .rodata.str1.1
                0x00000000d00229ee       0xe5 dsmethod.o
 .rodata.str1.1
                0x00000000d0022ad3       0xb4 dsmthdat.o
 .rodata.str1.1
                0x00000000d0022b87      0x102 dsobject.o
 .rodata.str1.1
                0x00000000d0022c89      0x1b4 dsopcode.o
 .rodata.str1.1
                0x00000000d0022e3d      0x114 dspkginit.o
                                        0x115 (size before relaxing)
 .rodata.str1.1
                0x00000000d0022f51       0x52 dsutils.o
 .rodata.str1.1
                0x00000000d0022fa3      0x11c dswexec.o
 .rodata.str1.1
                0x00000000d00230bf       0x49 dswload.o
 .rodata.str1.1
                0x00000000d0023108       0x56 dswload2.o
                                         0x9f (size before relaxing)
 .rodata.str1.1
                0x00000000d002315e       0x2f dswscope.o
 .rodata.str1.1
                0x00000000d002318d      0x209 dswstate.o
 .rodata.str1.1
                0x00000000d0023396       0xe4 evevent.o
 .rodata.str1.1
                0x00000000d002347a       0x9b evglock.o
 .rodata.str1.1
                0x00000000d0023515       0xc1 evgpe.o
 .rodata.str1.1
                0x00000000d00235d6       0x99 evgpeblk.o
 .rodata.str1.1
                0x00000000d002366f       0xf6 evgpeinit.o
 .rodata.str1.1
                0x00000000d0023765       0x36 evgpeutil.o
 .rodata.str1.1
                0x00000000d002379b       0xb8 evmisc.o
 .rodata.str1.1
                0x00000000d0023853      0x126 evregion.o
 .rodata.str1.1
                0x00000000d0023979       0x49 evrgnini.o
 .rodata.str1.1
                0x00000000d00239c2       0x6e evxface.o
 .rodata.str1.1
                0x00000000d0023a30       0x80 evxfevnt.o
 .rodata.str1.1
                0x00000000d0023ab0       0x13 evxfgpe.o
 .rodata.str1.1
                0x00000000d0023ac3        0xb exconcat.o
                                         0x25 (size before relaxing)
 .rodata.str1.1
                0x00000000d0023ace       0x66 exconfig.o
 .rodata.str1.1
                0x00000000d0023b34       0x64 exconvrt.o
 .rodata.str1.1
                0x00000000d0023b98       0x2a excreate.o
 .rodata.str1.1
                0x00000000d0023bc2      0x1ae exdebug.o
                                        0x1bb (size before relaxing)
 .rodata.str1.1
                0x00000000d0023d70       0x2c exfield.o
 .rodata.str1.1
                0x00000000d0023d9c      0x1b2 exfldio.o
                                        0x1dc (size before relaxing)
 .rodata.str1.1
                0x00000000d0023f4e       0xab exmisc.o
 .rodata.str1.1
                0x00000000d0023ff9      0x14e exmutex.o
 .rodata.str1.1
                0x00000000d0024147       0x6e exnames.o
 .rodata.str1.1
                0x00000000d00241b5      0x131 exoparg1.o
                                        0x153 (size before relaxing)
 .rodata.str1.1
                0x00000000d00242e6       0x73 exoparg2.o
                                         0x8b (size before relaxing)
 .rodata.str1.1
                0x00000000d0024359       0x15 exoparg3.o
                                         0x2d (size before relaxing)
 .rodata.str1.1
                0x00000000d002436e       0x4b exoparg6.o
                                         0x63 (size before relaxing)
 .rodata.str1.1
                0x00000000d00243b9       0x53 exprep.o
                                         0x77 (size before relaxing)
 .rodata.str1.1
                0x00000000d002440c       0x4c exregion.o
 .rodata.str1.1
                0x00000000d0024458      0x105 exresnte.o
 .rodata.str1.1
                0x00000000d002455d      0x117 exresolv.o
 .rodata.str1.1
                0x00000000d0024674      0x1c3 exresop.o
                                        0x1db (size before relaxing)
 .rodata.str1.1
                0x00000000d0024837       0xa9 exserial.o
 .rodata.str1.1
                0x00000000d00248e0      0x12e exstore.o
                                        0x14e (size before relaxing)
 .rodata.str1.1
                0x00000000d0024a0e       0x86 exstoren.o
 .rodata.str1.1
                0x00000000d0024a94       0x21 exsystem.o
 .rodata.str1.1
                0x00000000d0024ab5      0x119 exutils.o
 .rodata.str1.1
                0x00000000d0024bce       0xb6 hwacpi.o
 .rodata.str1.1
                0x00000000d0024c84       0x2a hwesleep.o
 .rodata.str1.1
                0x00000000d0024cae       0x17 hwgpe.o
 .rodata.str1.1
                0x00000000d0024cc5        0x5 hwpci.o
 .rodata.str1.1
                0x00000000d0024cc5       0xc0 hwregs.o
 .rodata.str1.1
                0x00000000d0024d85       0x10 hwsleep.o
 .rodata.str1.1
                0x00000000d0024d85       0xa4 hwvalid.o
                                         0xad (size before relaxing)
 .rodata.str1.1
                0x00000000d0024e29       0x76 hwxface.o
 .rodata.str1.1
                0x00000000d0024e9f       0x2f hwxfsleep.o
                                         0x39 (size before relaxing)
 .rodata.str1.1
                0x00000000d0024ece      0x10e nsaccess.o
                                        0x10f (size before relaxing)
 .rodata.str1.1
                0x00000000d0024fdc       0x1e nsalloc.o
 .rodata.str1.1
                0x00000000d0024ffa      0x250 nsarguments.o
 .rodata.str1.1
                0x00000000d002524a       0x92 nseval.o
 .rodata.str1.1
                0x00000000d00252dc       0x78 nsinit.o
                                         0x8d (size before relaxing)
 .rodata.str1.1
                0x00000000d0025354       0x59 nsnames.o
                                         0x5b (size before relaxing)
 .rodata.str1.1
                0x00000000d00253ad       0x62 nsobject.o
 .rodata.str1.1
                0x00000000d002540f      0x110 nspredef.o
 .rodata.str1.1
                0x00000000d002551f      0x14a nsprepkg.o
 .rodata.str1.1
                0x00000000d0025669       0x62 nsrepair.o
 .rodata.str1.1
                0x00000000d00256cb      0x131 nsrepair2.o
 .rodata.str1.1
                0x00000000d00257fc       0x30 nssearch.o
 .rodata.str1.1
                0x00000000d002582c       0x53 nsutils.o
                                         0x56 (size before relaxing)
 .rodata.str1.1
                0x00000000d002587f       0x5b nsxfeval.o
                                         0x81 (size before relaxing)
 .rodata.str1.1
                0x00000000d00258da        0x2 nsxfname.o
                                          0x7 (size before relaxing)
 .rodata.str1.1
                0x00000000d00258dc       0x54 psargs.o
 .rodata.str1.1
                0x00000000d0025930       0x91 psloop.o
 .rodata.str1.1
                0x00000000d00259c1       0x7b psobject.o
 .rodata.str1.1
                0x00000000d0025a3c       0x17 psopinfo.o
 .rodata.str1.1
                0x00000000d0025a53       0x10 psparse.o
                                         0x12 (size before relaxing)
 .rodata.str1.1
                0x00000000d0025a63       0x1c pstree.o
 .rodata.str1.1
                0x00000000d0025a7f      0x119 rscreate.o
 .rodata.str1.1
                0x00000000d0025b98      0x10f rslist.o
 .rodata.str1.1
                0x00000000d0025ca7       0x75 rsmisc.o
 .rodata.str1.1
                0x00000000d0025d1c       0x19 rsutils.o
 .rodata.str1.1
                0x00000000d0025d35       0xe9 tbdata.o
 .rodata.str1.1
                0x00000000d0025e1e      0x2d9 tbfadt.o
 .rodata.str1.1
                0x00000000d00260f7       0xa9 tbinstal.o
 .rodata.str1.1
                0x00000000d00261a0       0xc9 tbprint.o
 .rodata.str1.1
                0x00000000d0026269      0x11a tbutils.o
 .rodata.str1.1
                0x00000000d0026383       0x39 tbxface.o
 .rodata.str1.1
                0x00000000d00263bc      0x102 tbxfload.o
 .rodata.str1.1
                0x00000000d00264be       0x49 tbxfroot.o
                                         0x52 (size before relaxing)
 .rodata.str1.1
                0x00000000d0026507       0x5a utaddress.o
 .rodata.str1.1
                0x00000000d0026561       0x40 utalloc.o
 .rodata.str1.1
                0x00000000d00265a1       0x47 utbuffer.o
                                         0x54 (size before relaxing)
 .rodata.str1.1
                0x00000000d00265e8       0x99 utcopy.o
 .rodata.str1.1
                0x00000000d0026681      0x3f8 utdecode.o
                                        0x447 (size before relaxing)
 .rodata.str1.1
                0x00000000d0026a79      0x148 utdelete.o
 .rodata.str1.1
                0x00000000d0026bc1      0x11f uterror.o
 .rodata.str1.1
                0x00000000d0026ce0       0x98 uteval.o
 .rodata.str1.1
                0x00000000d0026d78      0x735 utexcep.o
                                        0x747 (size before relaxing)
 .rodata.str1.1
                0x00000000d00274ad       0x84 utglobal.o
                                         0x93 (size before relaxing)
 .rodata.str1.1
                0x00000000d0027531       0x14 utids.o
 .rodata.str1.1
                0x00000000d0027545       0x25 utinit.o
 .rodata.str1.1
                0x00000000d002756a        0xf utmath.o
 .rodata.str1.1
                0x00000000d0027579       0x10 utmisc.o
 .rodata.str1.1
                0x00000000d0027589       0x60 utmutex.o
 .rodata.str1.1
                0x00000000d00275e9      0x137 utobject.o
                                        0x152 (size before relaxing)
 .rodata.str1.1
                0x00000000d0027720      0x1a5 utosi.o
 .rodata.str1.1
                0x00000000d00278c5       0xac utownerid.o
 .rodata.str1.1
                0x00000000d0027971       0x32 utpredef.o
 .rodata.str1.1
                0x00000000d00279a3        0x7 utprint.o
 .rodata.str1.1
                0x00000000d00279aa       0x97 utresrc.o
                                         0xcd (size before relaxing)
 .rodata.str1.1
                0x00000000d0027a41       0x27 utstate.o
 .rodata.str1.1
                0x00000000d0027a68       0x70 utstring.o
                                         0x77 (size before relaxing)
 .rodata.str1.1
                0x00000000d0027ad8       0x5d utxferror.o
                                         0x94 (size before relaxing)
 .rodata.str1.1
                0x00000000d0027b35       0xcc utxfinit.o

.eh_frame       0x00000000d0027c04     0x78f4
 .eh_frame      0x00000000d0027c04      0x504 _main.o
 .eh_frame      0x00000000d0028108      0x104 dsargs.o
                                        0x11c (size before relaxing)
 .eh_frame      0x00000000d002820c       0x68 dscontrol.o
                                         0x80 (size before relaxing)
 .eh_frame      0x00000000d0028274       0x14 dsdebug.o
                                         0x2c (size before relaxing)
 .eh_frame      0x00000000d0028288      0x110 dsfield.o
                                        0x128 (size before relaxing)
 .eh_frame      0x00000000d0028398       0x54 dsinit.o
                                         0x6c (size before relaxing)
 .eh_frame      0x00000000d00283ec      0x12c dsmethod.o
                                        0x144 (size before relaxing)
 .eh_frame      0x00000000d0028518       0xf8 dsmthdat.o
                                        0x110 (size before relaxing)
 .eh_frame      0x00000000d0028610       0xbc dsobject.o
                                         0xd4 (size before relaxing)
 .eh_frame      0x00000000d00286cc      0x134 dsopcode.o
                                        0x14c (size before relaxing)
 .eh_frame      0x00000000d0028800       0x60 dspkginit.o
                                         0x78 (size before relaxing)
 .eh_frame      0x00000000d0028860      0x17c dsutils.o
                                        0x194 (size before relaxing)
 .eh_frame      0x00000000d00289dc       0xb4 dswexec.o
                                         0xcc (size before relaxing)
 .eh_frame      0x00000000d0028a90       0x8c dswload.o
                                         0xa4 (size before relaxing)
 .eh_frame      0x00000000d0028b1c       0x60 dswload2.o
                                         0x78 (size before relaxing)
 .eh_frame      0x00000000d0028b7c       0x74 dswscope.o
                                         0x8c (size before relaxing)
 .eh_frame      0x00000000d0028bf0      0x1bc dswstate.o
                                        0x1d4 (size before relaxing)
 .eh_frame      0x00000000d0028dac       0x70 evevent.o
                                         0x88 (size before relaxing)
 .eh_frame      0x00000000d0028e1c       0xac evglock.o
                                         0xc4 (size before relaxing)
 .eh_frame      0x00000000d0028ec8      0x218 evgpe.o
                                        0x230 (size before relaxing)
 .eh_frame      0x00000000d00290e0       0x88 evgpeblk.o
                                         0xa0 (size before relaxing)
 .eh_frame      0x00000000d0029168       0x84 evgpeinit.o
                                         0x9c (size before relaxing)
 .eh_frame      0x00000000d00291ec       0xd0 evgpeutil.o
                                         0xe8 (size before relaxing)
 .eh_frame      0x00000000d00292bc       0xd0 evhandler.o
                                         0xe8 (size before relaxing)
 .eh_frame      0x00000000d002938c       0x98 evmisc.o
                                         0xb0 (size before relaxing)
 .eh_frame      0x00000000d0029424      0x134 evregion.o
                                        0x14c (size before relaxing)
 .eh_frame      0x00000000d0029558      0x114 evrgnini.o
                                        0x12c (size before relaxing)
 .eh_frame      0x00000000d002966c       0xac evsci.o
                                         0xc4 (size before relaxing)
 .eh_frame      0x00000000d0029718      0x278 evxface.o
                                        0x290 (size before relaxing)
 .eh_frame      0x00000000d0029990       0xdc evxfevnt.o
                                         0xf4 (size before relaxing)
 .eh_frame      0x00000000d0029a6c      0x2c8 evxfgpe.o
                                        0x2e0 (size before relaxing)
 .eh_frame      0x00000000d0029d34       0x58 evxfregn.o
                                         0x70 (size before relaxing)
 .eh_frame      0x00000000d0029d8c       0x88 exconcat.o
                                         0xa0 (size before relaxing)
 .eh_frame      0x00000000d0029e14       0xdc exconfig.o
                                         0xf4 (size before relaxing)
 .eh_frame      0x00000000d0029ef0       0xe0 exconvrt.o
                                         0xf8 (size before relaxing)
 .eh_frame      0x00000000d0029fd0      0x114 excreate.o
                                        0x12c (size before relaxing)
 .eh_frame      0x00000000d002a0e4       0x58 exdebug.o
                                         0x70 (size before relaxing)
 .eh_frame      0x00000000d002a13c       0xa8 exfield.o
                                         0xc0 (size before relaxing)
 .eh_frame      0x00000000d002a1e4       0xec exfldio.o
                                        0x104 (size before relaxing)
 .eh_frame      0x00000000d002a2d0       0xb0 exmisc.o
                                         0xc8 (size before relaxing)
 .eh_frame      0x00000000d002a380       0xf4 exmutex.o
                                        0x10c (size before relaxing)
 .eh_frame      0x00000000d002a474       0x88 exnames.o
                                         0xa0 (size before relaxing)
 .eh_frame      0x00000000d002a4fc       0xe8 exoparg1.o
                                        0x100 (size before relaxing)
 .eh_frame      0x00000000d002a5e4       0xb4 exoparg2.o
                                         0xcc (size before relaxing)
 .eh_frame      0x00000000d002a698       0x58 exoparg3.o
                                         0x70 (size before relaxing)
 .eh_frame      0x00000000d002a6f0       0x50 exoparg6.o
                                         0x68 (size before relaxing)
 .eh_frame      0x00000000d002a740       0x58 exprep.o
                                         0x70 (size before relaxing)
 .eh_frame      0x00000000d002a798       0xe4 exregion.o
                                         0xfc (size before relaxing)
 .eh_frame      0x00000000d002a87c       0x30 exresnte.o
                                         0x48 (size before relaxing)
 .eh_frame      0x00000000d002a8ac       0x60 exresolv.o
                                         0x78 (size before relaxing)
 .eh_frame      0x00000000d002a90c       0x70 exresop.o
                                         0x88 (size before relaxing)
 .eh_frame      0x00000000d002a97c       0xa8 exserial.o
                                         0xc0 (size before relaxing)
 .eh_frame      0x00000000d002aa24       0x84 exstore.o
                                         0x9c (size before relaxing)
 .eh_frame      0x00000000d002aaa8       0x58 exstoren.o
                                         0x70 (size before relaxing)
 .eh_frame      0x00000000d002ab00       0x58 exstorob.o
                                         0x70 (size before relaxing)
 .eh_frame      0x00000000d002ab58      0x108 exsystem.o
                                        0x120 (size before relaxing)
 .eh_frame      0x00000000d002ac60       0xc4 extrace.o
                                         0xdc (size before relaxing)
 .eh_frame      0x00000000d002ad24      0x13c exutils.o
                                        0x154 (size before relaxing)
 .eh_frame      0x00000000d002ae60       0x4c hwacpi.o
                                         0x64 (size before relaxing)
 .eh_frame      0x00000000d002aeac       0x94 hwesleep.o
                                         0xac (size before relaxing)
 .eh_frame      0x00000000d002af40      0x198 hwgpe.o