Archive member included to satisfy reference by file (symbol)

/cygdrive/c/Users/Alex/Toolchain/Output/bin/../lib/gcc/i386-banana/8.1.0/libgcc.a(_udivdi3.o)
                              region.o (__udivdi3)

Discarded input sections

 .comment       0x0000000000000000       0x12 main.o
 .comment       0x0000000000000000       0x12 region.o
 .debug_info    0x0000000000000000      0xd25 /cygdrive/c/Users/Alex/Toolchain/Output/bin/../lib/gcc/i386-banana/8.1.0/libgcc.a(_udivdi3.o)
 .debug_abbrev  0x0000000000000000      0x23a /cygdrive/c/Users/Alex/Toolchain/Output/bin/../lib/gcc/i386-banana/8.1.0/libgcc.a(_udivdi3.o)
 .debug_loc     0x0000000000000000      0x79c /cygdrive/c/Users/Alex/Toolchain/Output/bin/../lib/gcc/i386-banana/8.1.0/libgcc.a(_udivdi3.o)
 .debug_aranges
                0x0000000000000000       0x20 /cygdrive/c/Users/Alex/Toolchain/Output/bin/../lib/gcc/i386-banana/8.1.0/libgcc.a(_udivdi3.o)
 .debug_ranges  0x0000000000000000       0x28 /cygdrive/c/Users/Alex/Toolchain/Output/bin/../lib/gcc/i386-banana/8.1.0/libgcc.a(_udivdi3.o)
 .debug_line    0x0000000000000000      0x2c5 /cygdrive/c/Users/Alex/Toolchain/Output/bin/../lib/gcc/i386-banana/8.1.0/libgcc.a(_udivdi3.o)
 .debug_str     0x0000000000000000      0xc29 /cygdrive/c/Users/Alex/Toolchain/Output/bin/../lib/gcc/i386-banana/8.1.0/libgcc.a(_udivdi3.o)
 .comment       0x0000000000000000       0x12 /cygdrive/c/Users/Alex/Toolchain/Output/bin/../lib/gcc/i386-banana/8.1.0/libgcc.a(_udivdi3.o)

Memory Configuration

Name             Origin             Length             Attributes
*default*        0x0000000000000000 0xffffffffffffffff

Linker script and memory map

LOAD main.o
LOAD region.o
LOAD /cygdrive/c/Users/Alex/Toolchain/Output/bin/../lib/gcc/i386-banana/8.1.0/libgcc.a
                0x00000000d0000000                . = 0xd0000000

.text           0x00000000d0000000      0xa6b
 *(.text)
 .text          0x00000000d0000000       0x15 main.o
                0x00000000d0000000                _driver_entry_point
 .text          0x00000000d0000015      0x957 region.o
                0x00000000d0000015                sqrt_fp8
                0x00000000d000007c                region_destroy
                0x00000000d000008b                region_create_oval
                0x00000000d000019d                region_create_rounded_rectangle
                0x00000000d00002d2                region_create_rectangle
                0x00000000d000034a                region_add_data_block
                0x00000000d000040e                region_add_padding_data_block
                0x00000000d0000432                region_add_data_block_from_existing
                0x00000000d0000490                region_operation_check_special_case
                0x00000000d000050a                region_operation_on_data_block
                0x00000000d0000710                region_operate
                0x00000000d0000913                region_debug_print
 .text          0x00000000d000096c       0xff /cygdrive/c/Users/Alex/Toolchain/Output/bin/../lib/gcc/i386-banana/8.1.0/libgcc.a(_udivdi3.o)
                0x00000000d000096c                __udivdi3
 *(.rodata)
 *(.symtab)
 *(.strtab)

.plt            0x00000000d0000a70        0x0
 .plt           0x00000000d0000a70        0x0 main.o

.plt.got        0x00000000d0000a70        0x0
 .plt.got       0x00000000d0000a70        0x0 main.o

.text.startup   0x00000000d0000a6b       0x44
 .text.startup  0x00000000d0000a6b       0x44 region.o
                0x00000000d0000a6b                main

.rodata.str1.1  0x00000000d0000aaf       0x6c
 .rodata.str1.1
                0x00000000d0000aaf       0x13 main.o
 .rodata.str1.1
                0x00000000d0000ac2       0x59 region.o
                                         0x5e (size before relaxing)

.eh_frame       0x00000000d0000b1c      0x2e4
 .eh_frame      0x00000000d0000b1c       0x38 main.o
 .eh_frame      0x00000000d0000b54      0x240 region.o
                                        0x258 (size before relaxing)
 .eh_frame      0x00000000d0000d94       0x6c /cygdrive/c/Users/Alex/Toolchain/Output/bin/../lib/gcc/i386-banana/8.1.0/libgcc.a(_udivdi3.o)
                                         0x84 (size before relaxing)

.gnu.version_d  0x00000000d0000e00        0x0
 .gnu.version_d
                0x00000000d0000e00        0x0 main.o

.gnu.version    0x00000000d0000e00        0x0
 .gnu.version   0x00000000d0000e00        0x0 main.o

.gnu.version_r  0x00000000d0000e00        0x0
 .gnu.version_r
                0x00000000d0000e00        0x0 main.o

.dynsym         0x00000000d0000e00      0x170
 .dynsym        0x00000000d0000e00      0x170 main.o

.dynstr         0x00000000d0000f70      0x173
 .dynstr        0x00000000d0000f70      0x173 main.o

.hash           0x00000000d00010e4       0xa8
 .hash          0x00000000d00010e4       0xa8 main.o

.eh_frame       0x00000000d000118c        0x0
 .eh_frame      0x00000000d000118c        0x0 main.o
 .eh_frame      0x00000000d000118c        0x0 main.o

.rel.dyn        0x00000000d000118c      0x1a0
 .rel.plt       0x00000000d000118c        0x0 main.o
 .rel.got       0x00000000d000118c        0x0 main.o
 .rel.ifunc     0x00000000d000118c        0x0 main.o
 .rel.text      0x00000000d000118c      0x190 main.o
 .rel.text.startup
                0x00000000d000131c       0x10 main.o

.data           0x00000000d0002000        0x0
 *(.data)
 .data          0x00000000d0002000        0x0 main.o
 .data          0x00000000d0002000        0x0 region.o
 .data          0x00000000d0002000        0x0 /cygdrive/c/Users/Alex/Toolchain/Output/bin/../lib/gcc/i386-banana/8.1.0/libgcc.a(_udivdi3.o)

.dynamic        0x00000000d0002000       0x78
 .dynamic       0x00000000d0002000       0x78 main.o
                0x00000000d0002000                _DYNAMIC

.got            0x00000000d0002078        0x0
 .got           0x00000000d0002078        0x0 main.o

.got.plt        0x00000000d0002078        0x0
 .got.plt       0x00000000d0002078        0x0 main.o

.data.rel.ro    0x00000000d0002078        0x0
 .data.rel.ro   0x00000000d0002078        0x0 main.o

.bss            0x00000000d0003000        0x0
 *(COMMON)
 *(.bss)
 .bss           0x00000000d0003000        0x0 main.o
 .bss           0x00000000d0003000        0x0 region.o
 .bss           0x00000000d0003000        0x0 /cygdrive/c/Users/Alex/Toolchain/Output/bin/../lib/gcc/i386-banana/8.1.0/libgcc.a(_udivdi3.o)
 *(.bootstrap_stack)

.dynbss         0x00000000d0003000        0x0
 .dynbss        0x00000000d0003000        0x0 main.o

/DISCARD/
 *(.comment)
OUTPUT(CLIPDRAW.SYS elf32-i386)
