Archive member included to satisfy reference by file (symbol)

/opt/homebrew/Cellar/i686-elf-gcc/13.1.0/lib/gcc/i686-elf/13.1.0/libgcc.a(_udivdi3.o)
                              region/region.o (__udivdi3)

Discarded input sections

 .comment       0x00000000       0x13 main.o
 .comment       0x00000000       0x13 region/cursor.o
 .comment       0x00000000       0x13 region/draw.o
 .comment       0x00000000       0x13 region/region.o
 .debug_info    0x00000000      0x32c /opt/homebrew/Cellar/i686-elf-gcc/13.1.0/lib/gcc/i686-elf/13.1.0/libgcc.a(_udivdi3.o)
 .debug_abbrev  0x00000000      0x15b /opt/homebrew/Cellar/i686-elf-gcc/13.1.0/lib/gcc/i686-elf/13.1.0/libgcc.a(_udivdi3.o)
 .debug_loclists
                0x00000000      0x50c /opt/homebrew/Cellar/i686-elf-gcc/13.1.0/lib/gcc/i686-elf/13.1.0/libgcc.a(_udivdi3.o)
 .debug_aranges
                0x00000000       0x20 /opt/homebrew/Cellar/i686-elf-gcc/13.1.0/lib/gcc/i686-elf/13.1.0/libgcc.a(_udivdi3.o)
 .debug_rnglists
                0x00000000       0x2a /opt/homebrew/Cellar/i686-elf-gcc/13.1.0/lib/gcc/i686-elf/13.1.0/libgcc.a(_udivdi3.o)
 .debug_line    0x00000000      0x180 /opt/homebrew/Cellar/i686-elf-gcc/13.1.0/lib/gcc/i686-elf/13.1.0/libgcc.a(_udivdi3.o)
 .debug_str     0x00000000      0x1e3 /opt/homebrew/Cellar/i686-elf-gcc/13.1.0/lib/gcc/i686-elf/13.1.0/libgcc.a(_udivdi3.o)
 .debug_line_str
                0x00000000      0x106 /opt/homebrew/Cellar/i686-elf-gcc/13.1.0/lib/gcc/i686-elf/13.1.0/libgcc.a(_udivdi3.o)
 .comment       0x00000000       0x13 /opt/homebrew/Cellar/i686-elf-gcc/13.1.0/lib/gcc/i686-elf/13.1.0/libgcc.a(_udivdi3.o)

Memory Configuration

Name             Origin             Length             Attributes
*default*        0x00000000         0xffffffff

Linker script and memory map

LOAD main.o
LOAD region/cursor.o
LOAD region/draw.o
LOAD region/region.o
LOAD /opt/homebrew/Cellar/i686-elf-gcc/13.1.0/lib/gcc/i686-elf/13.1.0/libgcc.a
                0xd0000000                        . = 0xd0000000

.text           0xd0000000     0x145a
 *(.text)
 .text          0xd0000000      0x8fe main.o
                0xd0000000                stack_push
                0xd000002e                stack_pop
                0xd0000060                window_paint
                0xd00002f9                invalidate_part_of_screen
                0xd00003dc                window_paint_all
                0xd0000416                demo_window_draw
                0xd0000546                window_add_child
                0xd0000564                create_window
                0xd0000736                _driver_entry_point
 .text          0xd00008fe       0x42 region/cursor.o
                0xd00008fe                region_create_cursor_black
                0xd000091d                region_create_cursor_white
 .text          0xd0000940       0x91 region/draw.o
                0xd0000940                region_fill
 .text          0xd00009d1      0x96a region/region.o
                0xd00009d1                sqrt_fp8
                0xd0000a56                region_destroy
                0xd0000a65                region_is_empty
                0xd0000aa8                region_create_oval
                0xd0000bbb                region_create_rounded_rectangle
                0xd0000ce4                region_create_rectangle
                0xd0000d5a                region_create_empty
                0xd0000d77                region_add_data_block
                0xd0000e3f                region_add_padding_data_block
                0xd0000e63                region_add_data_block_from_existing
                0xd0000ec1                region_operation_check_special_case
                0xd0000f4a                region_operation_on_data_block
                0xd0001174                region_operate
 *fill*         0xd000133b        0x5 
 .text          0xd0001340      0x11a /opt/homebrew/Cellar/i686-elf-gcc/13.1.0/lib/gcc/i686-elf/13.1.0/libgcc.a(_udivdi3.o)
                0xd0001340                __udivdi3
 *(.rodata)
 *(.symtab)
 *(.strtab)

.plt            0xd0001460        0x0
 .plt           0xd0001460        0x0 main.o

.plt.got        0xd0001460        0x0
 .plt.got       0xd0001460        0x0 main.o

.gnu.version_d  0xd000145c        0x0
 .gnu.version_d
                0xd000145c        0x0 main.o

.gnu.version    0xd000145a        0x0
 .gnu.version   0xd000145a        0x0 main.o

.gnu.version_r  0xd000145c        0x0
 .gnu.version_r
                0xd000145c        0x0 main.o

.dynsym         0xd000145c      0x230
 .dynsym        0xd000145c      0x230 main.o

.dynstr         0xd000168c      0x254
 .dynstr        0xd000168c      0x254 main.o

.hash           0xd00018e0       0xd8
 .hash          0xd00018e0       0xd8 main.o

.eh_frame       0xd00019b8        0x0
 .eh_frame      0xd00019b8        0x0 main.o
 .eh_frame      0xd00019b8        0x0 main.o

.rodata.str1.1  0xd00019b8       0x87
 .rodata.str1.1
                0xd00019b8       0x87 region/region.o
                                 0x8a (size before relaxing)

.eh_frame       0xd0001a40       0x64
 .eh_frame      0xd0001a40       0x64 /opt/homebrew/Cellar/i686-elf-gcc/13.1.0/lib/gcc/i686-elf/13.1.0/libgcc.a(_udivdi3.o)

.rel.dyn        0xd0001aa4      0x320
 .rel.plt       0xd0001aa4        0x0 main.o
 .rel.got       0xd0001aa4        0x0 main.o
 .rel.ifunc     0xd0001aa4        0x0 main.o
 .rel.text      0xd0001aa4      0x320 main.o

.data           0xd0002000        0x0
 *(.data)
 .data          0xd0002000        0x0 main.o
 .data          0xd0002000        0x0 region/cursor.o
 .data          0xd0002000        0x0 region/draw.o
 .data          0xd0002000        0x0 region/region.o
 .data          0xd0002000        0x0 /opt/homebrew/Cellar/i686-elf-gcc/13.1.0/lib/gcc/i686-elf/13.1.0/libgcc.a(_udivdi3.o)

.dynamic        0xd0002000       0x78
 .dynamic       0xd0002000       0x78 main.o
                0xd0002000                _DYNAMIC

.got            0xd0002078        0x0
 .got           0xd0002078        0x0 main.o

.got.plt        0xd0002078        0x0
 .got.plt       0xd0002078        0x0 main.o

.data.rel.ro    0xd0002078        0x0
 .data.rel.ro   0xd0002078        0x0 main.o

.bss            0xd0003000     0xc020
 *(COMMON)
 *(.bss)
 .bss           0xd0003000     0xc020 main.o
                0xd0003000                stack_ptr
                0xd0003020                stack
 .bss           0xd000f020        0x0 region/cursor.o
 .bss           0xd000f020        0x0 region/draw.o
 .bss           0xd000f020        0x0 region/region.o
 .bss           0xd000f020        0x0 /opt/homebrew/Cellar/i686-elf-gcc/13.1.0/lib/gcc/i686-elf/13.1.0/libgcc.a(_udivdi3.o)
 *(.bootstrap_stack)

.dynbss         0xd000f020        0x0
 .dynbss        0xd000f020        0x0 main.o

/DISCARD/
 *(.comment)
OUTPUT(clipdraw.sys elf32-i386)
