Archive member included to satisfy reference by file (symbol)

/opt/homebrew/Cellar/i686-elf-gcc/13.1.0/lib/gcc/i686-elf/13.1.0/libgcc.a(_udivdi3.o)
                              region/region.o (__udivdi3)

Discarded input sections

 .comment       0x00000000       0x13 main.o
 .comment       0x00000000       0x13 region/cursor.o
 .comment       0x00000000       0x13 region/draw.o
 .comment       0x00000000       0x13 region/region.o
 .debug_info    0x00000000      0x32c /opt/homebrew/Cellar/i686-elf-gcc/13.1.0/lib/gcc/i686-elf/13.1.0/libgcc.a(_udivdi3.o)
 .debug_abbrev  0x00000000      0x15b /opt/homebrew/Cellar/i686-elf-gcc/13.1.0/lib/gcc/i686-elf/13.1.0/libgcc.a(_udivdi3.o)
 .debug_loclists
                0x00000000      0x50c /opt/homebrew/Cellar/i686-elf-gcc/13.1.0/lib/gcc/i686-elf/13.1.0/libgcc.a(_udivdi3.o)
 .debug_aranges
                0x00000000       0x20 /opt/homebrew/Cellar/i686-elf-gcc/13.1.0/lib/gcc/i686-elf/13.1.0/libgcc.a(_udivdi3.o)
 .debug_rnglists
                0x00000000       0x2a /opt/homebrew/Cellar/i686-elf-gcc/13.1.0/lib/gcc/i686-elf/13.1.0/libgcc.a(_udivdi3.o)
 .debug_line    0x00000000      0x180 /opt/homebrew/Cellar/i686-elf-gcc/13.1.0/lib/gcc/i686-elf/13.1.0/libgcc.a(_udivdi3.o)
 .debug_str     0x00000000      0x1e3 /opt/homebrew/Cellar/i686-elf-gcc/13.1.0/lib/gcc/i686-elf/13.1.0/libgcc.a(_udivdi3.o)
 .debug_line_str
                0x00000000      0x106 /opt/homebrew/Cellar/i686-elf-gcc/13.1.0/lib/gcc/i686-elf/13.1.0/libgcc.a(_udivdi3.o)
 .comment       0x00000000       0x13 /opt/homebrew/Cellar/i686-elf-gcc/13.1.0/lib/gcc/i686-elf/13.1.0/libgcc.a(_udivdi3.o)

Memory Configuration

Name             Origin             Length             Attributes
*default*        0x00000000         0xffffffff

Linker script and memory map

LOAD main.o
LOAD region/cursor.o
LOAD region/draw.o
LOAD region/region.o
LOAD /opt/homebrew/Cellar/i686-elf-gcc/13.1.0/lib/gcc/i686-elf/13.1.0/libgcc.a
                0xd0000000                        . = 0xd0000000

.text           0xd0000000      0xeba
 *(.text)
 .text          0xd0000000      0x356 main.o
                0xd000011a                add_window
                0xd000026c                _driver_entry_point
 .text          0xd0000356       0x42 region/cursor.o
                0xd0000356                region_create_cursor_black
                0xd0000375                region_create_cursor_white
 .text          0xd0000398       0x91 region/draw.o
                0xd0000398                region_fill
 .text          0xd0000429      0x96a region/region.o
                0xd0000429                sqrt_fp8
                0xd00004ae                region_destroy
                0xd00004bd                region_is_empty
                0xd0000500                region_create_oval
                0xd0000613                region_create_rounded_rectangle
                0xd000073c                region_create_rectangle
                0xd00007b2                region_create_empty
                0xd00007cf                region_add_data_block
                0xd0000897                region_add_padding_data_block
                0xd00008bb                region_add_data_block_from_existing
                0xd0000919                region_operation_check_special_case
                0xd00009a2                region_operation_on_data_block
                0xd0000bcc                region_operate
 *fill*         0xd0000d93        0xd 
 .text          0xd0000da0      0x11a /opt/homebrew/Cellar/i686-elf-gcc/13.1.0/lib/gcc/i686-elf/13.1.0/libgcc.a(_udivdi3.o)
                0xd0000da0                __udivdi3
 *(.rodata)
 *(.symtab)
 *(.strtab)

.plt            0xd0000ec0        0x0
 .plt           0xd0000ec0        0x0 main.o

.plt.got        0xd0000ec0        0x0
 .plt.got       0xd0000ec0        0x0 main.o

.gnu.version_d  0xd0000ebc        0x0
 .gnu.version_d
                0xd0000ebc        0x0 main.o

.gnu.version    0xd0000eba        0x0
 .gnu.version   0xd0000eba        0x0 main.o

.gnu.version_r  0xd0000ebc        0x0
 .gnu.version_r
                0xd0000ebc        0x0 main.o

.dynsym         0xd0000ebc      0x1b0
 .dynsym        0xd0000ebc      0x1b0 main.o

.dynstr         0xd000106c      0x1d9
 .dynstr        0xd000106c      0x1d9 main.o

.hash           0xd0001248       0xb8
 .hash          0xd0001248       0xb8 main.o

.eh_frame       0xd0001300        0x0
 .eh_frame      0xd0001300        0x0 main.o
 .eh_frame      0xd0001300        0x0 main.o

.rodata.str1.1  0xd0001300       0x87
 .rodata.str1.1
                0xd0001300       0x87 region/region.o
                                 0x8a (size before relaxing)

.eh_frame       0xd0001388       0x64
 .eh_frame      0xd0001388       0x64 /opt/homebrew/Cellar/i686-elf-gcc/13.1.0/lib/gcc/i686-elf/13.1.0/libgcc.a(_udivdi3.o)

.rel.dyn        0xd00013ec      0x1f8
 .rel.plt       0xd00013ec        0x0 main.o
 .rel.got       0xd00013ec        0x0 main.o
 .rel.ifunc     0xd00013ec        0x0 main.o
 .rel.text      0xd00013ec      0x1f8 main.o

.data           0xd0002000        0x0
 *(.data)
 .data          0xd0002000        0x0 main.o
 .data          0xd0002000        0x0 region/cursor.o
 .data          0xd0002000        0x0 region/draw.o
 .data          0xd0002000        0x0 region/region.o
 .data          0xd0002000        0x0 /opt/homebrew/Cellar/i686-elf-gcc/13.1.0/lib/gcc/i686-elf/13.1.0/libgcc.a(_udivdi3.o)

.dynamic        0xd0002000       0x78
 .dynamic       0xd0002000       0x78 main.o
                0xd0002000                _DYNAMIC

.got            0xd0002078        0x0
 .got           0xd0002078        0x0 main.o

.got.plt        0xd0002078        0x0
 .got.plt       0xd0002078        0x0 main.o

.data.rel.ro    0xd0002078        0x0
 .data.rel.ro   0xd0002078        0x0 main.o

.bss            0xd0003000        0x0
 *(COMMON)
 *(.bss)
 .bss           0xd0003000        0x0 main.o
 .bss           0xd0003000        0x0 region/cursor.o
 .bss           0xd0003000        0x0 region/draw.o
 .bss           0xd0003000        0x0 region/region.o
 .bss           0xd0003000        0x0 /opt/homebrew/Cellar/i686-elf-gcc/13.1.0/lib/gcc/i686-elf/13.1.0/libgcc.a(_udivdi3.o)
 *(.bootstrap_stack)

.dynbss         0xd0003000        0x0
 .dynbss        0xd0003000        0x0 main.o

/DISCARD/
 *(.comment)
OUTPUT(clipdraw.sys elf32-i386)
