Archive member included to satisfy reference by file (symbol)

../../../libc/x86/libc.a(stdio.o)
                              crt0.o (fopen)
../../../libc/x86/libc.a(stdlib.o)
                              crt0.o (exit)
../../../libc/x86/libc.a(errno.o)
                              crt0.o (errno)
../../../libc/x86/libc.a(string.o)
                              ../../../libc/x86/libc.a(stdio.o) (memcpy)
../../../libc/x86/libc.a(fcntl.o)
                              ../../../libc/x86/libc.a(stdio.o) (open)
../../../libc/x86/libc.a(unistd.o)
                              ../../../libc/x86/libc.a(stdio.o) (isatty)
../../../libc/x86/libc.a(_systemcall.oo)
                              ../../../libc/x86/libc.a(stdlib.o) (_system_call)
/opt/homebrew/Cellar/i686-elf-gcc/13.1.0/lib/gcc/i686-elf/13.1.0/libgcc.a(_udivmoddi4.o)
                              ../../../libc/x86/libc.a(stdio.o) (__udivmoddi4)

Discarded input sections

 .text          0x00000000        0x0 crt0.o
 .data          0x00000000        0x0 crt0.o
 .bss           0x00000000        0x0 crt0.o
 .comment       0x00000000       0x13 crt0.o
 .text          0x00000000        0x0 main.o
 .data          0x00000000        0x0 main.o
 .bss           0x00000000        0x0 main.o
 .comment       0x00000000       0x13 main.o
 .text          0x00000000        0x0 ../../../libc/x86/libc.a(stdio.o)
 .data          0x00000000        0x0 ../../../libc/x86/libc.a(stdio.o)
 .bss           0x00000000        0x0 ../../../libc/x86/libc.a(stdio.o)
 .text._mem_read
                0x00000000       0x59 ../../../libc/x86/libc.a(stdio.o)
 .text._mem_write
                0x00000000       0x6a ../../../libc/x86/libc.a(stdio.o)
 .rodata.fmemopen.str1.1
                0x00000000        0x4 ../../../libc/x86/libc.a(stdio.o)
 .text.fmemopen
                0x00000000       0xd8 ../../../libc/x86/libc.a(stdio.o)
 .text.funlockfile
                0x00000000        0xf ../../../libc/x86/libc.a(stdio.o)
 .text.ferror   0x00000000       0x22 ../../../libc/x86/libc.a(stdio.o)
 .text.clearerr
                0x00000000       0x25 ../../../libc/x86/libc.a(stdio.o)
 .text.setbuffer
                0x00000000       0x24 ../../../libc/x86/libc.a(stdio.o)
 .text.setbuf   0x00000000       0x1b ../../../libc/x86/libc.a(stdio.o)
 .text.setlinebuf
                0x00000000       0x19 ../../../libc/x86/libc.a(stdio.o)
 .text.fclose   0x00000000       0x74 ../../../libc/x86/libc.a(stdio.o)
 .text.freopen  0x00000000       0x35 ../../../libc/x86/libc.a(stdio.o)
 .text.ungetc   0x00000000       0x41 ../../../libc/x86/libc.a(stdio.o)
 .text.putc     0x00000000        0x5 ../../../libc/x86/libc.a(stdio.o)
 .text.putchar  0x00000000       0x16 ../../../libc/x86/libc.a(stdio.o)
 .text.getc     0x00000000        0x5 ../../../libc/x86/libc.a(stdio.o)
 .text.getchar  0x00000000       0x13 ../../../libc/x86/libc.a(stdio.o)
 .text.fputs    0x00000000       0x49 ../../../libc/x86/libc.a(stdio.o)
 .text.puts     0x00000000       0x34 ../../../libc/x86/libc.a(stdio.o)
 .text.fileno   0x00000000       0x3f ../../../libc/x86/libc.a(stdio.o)
 .rodata.vsnprintf.str1.1
                0x00000000        0x2 ../../../libc/x86/libc.a(stdio.o)
 .text.vsnprintf
                0x00000000       0x6c ../../../libc/x86/libc.a(stdio.o)
 .text.vsprintf
                0x00000000       0x1b ../../../libc/x86/libc.a(stdio.o)
 .text.fprintf  0x00000000       0x17 ../../../libc/x86/libc.a(stdio.o)
 .text.sprintf  0x00000000       0x17 ../../../libc/x86/libc.a(stdio.o)
 .text.snprintf
                0x00000000       0x1a ../../../libc/x86/libc.a(stdio.o)
 .comment       0x00000000       0x13 ../../../libc/x86/libc.a(stdio.o)
 .text          0x00000000        0x0 ../../../libc/x86/libc.a(stdlib.o)
 .data          0x00000000        0x0 ../../../libc/x86/libc.a(stdlib.o)
 .bss           0x00000000        0x0 ../../../libc/x86/libc.a(stdlib.o)
 .text.rand     0x00000000       0x3e ../../../libc/x86/libc.a(stdlib.o)
 .text.srand    0x00000000       0x14 ../../../libc/x86/libc.a(stdlib.o)
 .text.calloc   0x00000000       0x40 ../../../libc/x86/libc.a(stdlib.o)
 .data.rand_seed
                0x00000000        0x8 ../../../libc/x86/libc.a(stdlib.o)
 .comment       0x00000000       0x13 ../../../libc/x86/libc.a(stdlib.o)
 .text          0x00000000        0x0 ../../../libc/x86/libc.a(errno.o)
 .data          0x00000000        0x0 ../../../libc/x86/libc.a(errno.o)
 .bss           0x00000000        0x0 ../../../libc/x86/libc.a(errno.o)
 .comment       0x00000000       0x13 ../../../libc/x86/libc.a(errno.o)
 .text          0x00000000        0x0 ../../../libc/x86/libc.a(string.o)
 .data          0x00000000        0x0 ../../../libc/x86/libc.a(string.o)
 .bss           0x00000000        0x0 ../../../libc/x86/libc.a(string.o)
 .text.memchr   0x00000000       0x1d ../../../libc/x86/libc.a(string.o)
 .text.memcmp   0x00000000       0x34 ../../../libc/x86/libc.a(string.o)
 .text.memcpy   0x00000000       0x16 ../../../libc/x86/libc.a(string.o)
 .text.strcat   0x00000000       0x29 ../../../libc/x86/libc.a(string.o)
 .text.strchr   0x00000000       0x16 ../../../libc/x86/libc.a(string.o)
 .text.strcmp   0x00000000       0x20 ../../../libc/x86/libc.a(string.o)
 .text.strcpy   0x00000000       0x1a ../../../libc/x86/libc.a(string.o)
 .rodata.strerror.str1.1
                0x00000000        0xe ../../../libc/x86/libc.a(string.o)
 .text.strerror
                0x00000000       0x19 ../../../libc/x86/libc.a(string.o)
 .text.strncpy  0x00000000       0x2a ../../../libc/x86/libc.a(string.o)
 .text.strdup   0x00000000       0x2e ../../../libc/x86/libc.a(string.o)
 .text.strncmp  0x00000000       0x2f ../../../libc/x86/libc.a(string.o)
 .rodata.str1.1
                0x00000000      0x261 ../../../libc/x86/libc.a(string.o)
 .rodata.CSWTCH.24
                0x00000000       0x70 ../../../libc/x86/libc.a(string.o)
 .comment       0x00000000       0x13 ../../../libc/x86/libc.a(string.o)
 .text          0x00000000        0x0 ../../../libc/x86/libc.a(fcntl.o)
 .data          0x00000000        0x0 ../../../libc/x86/libc.a(fcntl.o)
 .bss           0x00000000        0x0 ../../../libc/x86/libc.a(fcntl.o)
 .text.creat    0x00000000       0x15 ../../../libc/x86/libc.a(fcntl.o)
 .text.fcntl    0x00000000        0xe ../../../libc/x86/libc.a(fcntl.o)
 .comment       0x00000000       0x13 ../../../libc/x86/libc.a(fcntl.o)
 .text          0x00000000        0x0 ../../../libc/x86/libc.a(unistd.o)
 .data          0x00000000        0x0 ../../../libc/x86/libc.a(unistd.o)
 .bss           0x00000000        0x0 ../../../libc/x86/libc.a(unistd.o)
 .text.dup      0x00000000       0x29 ../../../libc/x86/libc.a(unistd.o)
 .text.dup2     0x00000000       0x2a ../../../libc/x86/libc.a(unistd.o)
 .text.dup3     0x00000000       0x2b ../../../libc/x86/libc.a(unistd.o)
 .text.close    0x00000000       0x27 ../../../libc/x86/libc.a(unistd.o)
 .text.lseek    0x00000000       0x35 ../../../libc/x86/libc.a(unistd.o)
 .comment       0x00000000       0x13 ../../../libc/x86/libc.a(unistd.o)
 .data          0x00000000        0x0 /opt/homebrew/Cellar/i686-elf-gcc/13.1.0/lib/gcc/i686-elf/13.1.0/libgcc.a(_udivmoddi4.o)
 .bss           0x00000000        0x0 /opt/homebrew/Cellar/i686-elf-gcc/13.1.0/lib/gcc/i686-elf/13.1.0/libgcc.a(_udivmoddi4.o)
 .debug_info    0x00000000      0x27f /opt/homebrew/Cellar/i686-elf-gcc/13.1.0/lib/gcc/i686-elf/13.1.0/libgcc.a(_udivmoddi4.o)
 .debug_abbrev  0x00000000      0x10a /opt/homebrew/Cellar/i686-elf-gcc/13.1.0/lib/gcc/i686-elf/13.1.0/libgcc.a(_udivmoddi4.o)
 .debug_loclists
                0x00000000      0x350 /opt/homebrew/Cellar/i686-elf-gcc/13.1.0/lib/gcc/i686-elf/13.1.0/libgcc.a(_udivmoddi4.o)
 .debug_aranges
                0x00000000       0x20 /opt/homebrew/Cellar/i686-elf-gcc/13.1.0/lib/gcc/i686-elf/13.1.0/libgcc.a(_udivmoddi4.o)
 .debug_line    0x00000000      0x1fc /opt/homebrew/Cellar/i686-elf-gcc/13.1.0/lib/gcc/i686-elf/13.1.0/libgcc.a(_udivmoddi4.o)
 .debug_str     0x00000000      0x1d9 /opt/homebrew/Cellar/i686-elf-gcc/13.1.0/lib/gcc/i686-elf/13.1.0/libgcc.a(_udivmoddi4.o)
 .debug_line_str
                0x00000000      0x106 /opt/homebrew/Cellar/i686-elf-gcc/13.1.0/lib/gcc/i686-elf/13.1.0/libgcc.a(_udivmoddi4.o)
 .comment       0x00000000       0x13 /opt/homebrew/Cellar/i686-elf-gcc/13.1.0/lib/gcc/i686-elf/13.1.0/libgcc.a(_udivmoddi4.o)
 .eh_frame      0x00000000       0x48 /opt/homebrew/Cellar/i686-elf-gcc/13.1.0/lib/gcc/i686-elf/13.1.0/libgcc.a(_udivmoddi4.o)

Memory Configuration

Name             Origin             Length             Attributes
*default*        0x00000000         0xffffffff

Linker script and memory map

LOAD crt0.o
LOAD main.o
LOAD ../../../libc/x86/libc.a
LOAD /opt/homebrew/Cellar/i686-elf-gcc/13.1.0/lib/gcc/i686-elf/13.1.0/libgcc.a
                0x10000000                        . = 0x10000000

.text           0x10000000      0x1d5
 *(.text)
 .text          0x10000000       0x1e ../../../libc/x86/libc.a(_systemcall.oo)
                0x10000000                _system_call
 *fill*         0x1000001e        0x2 
 .text          0x10000020      0x1b5 /opt/homebrew/Cellar/i686-elf-gcc/13.1.0/lib/gcc/i686-elf/13.1.0/libgcc.a(_udivmoddi4.o)
                0x10000020                __udivmoddi4
 *(.rodata)
 *(.symtab)
 *(.strtab)

.text._start    0x100001d5       0x6d
 .text._start   0x100001d5       0x6d crt0.o
                0x100001d5                _start

.iplt           0x10000242        0x0
 .iplt          0x10000242        0x0 crt0.o

.text.eval      0x10000242       0x18
 .text.eval     0x10000242       0x18 main.o
                0x10000242                eval

.text.startup.main
                0x1000025a       0x73
 .text.startup.main
                0x1000025a       0x73 main.o
                0x1000025a                main

.text._file_read
                0x100002cd       0x11
 .text._file_read
                0x100002cd       0x11 ../../../libc/x86/libc.a(stdio.o)
                0x100002cd                _file_read

.text._file_write
                0x100002de       0x11
 .text._file_write
                0x100002de       0x11 ../../../libc/x86/libc.a(stdio.o)
                0x100002de                _file_write

.text.fopen_existing_stream
                0x100002ef      0x110
 .text.fopen_existing_stream
                0x100002ef      0x110 ../../../libc/x86/libc.a(stdio.o)

.text.fopen     0x100003ff       0x47
 .text.fopen    0x100003ff       0x47 ../../../libc/x86/libc.a(stdio.o)
                0x100003ff                fopen

.text.ftrylockfile
                0x10000446       0x2b
 .text.ftrylockfile
                0x10000446       0x2b ../../../libc/x86/libc.a(stdio.o)
                0x10000446                ftrylockfile

.text.flockfile
                0x10000471       0x1a
 .text.flockfile
                0x10000471       0x1a ../../../libc/x86/libc.a(stdio.o)
                0x10000471                flockfile

.text.feof      0x1000048b       0x22
 .text.feof     0x1000048b       0x22 ../../../libc/x86/libc.a(stdio.o)
                0x1000048b                feof

.text.setvbuf   0x100004ad       0x9c
 .text.setvbuf  0x100004ad       0x9c ../../../libc/x86/libc.a(stdio.o)
                0x100004ad                setvbuf

.text.fflush    0x10000549       0x99
 .text.fflush   0x10000549       0x99 ../../../libc/x86/libc.a(stdio.o)
                0x10000549                fflush

.text.fputc     0x100005e2       0xf6
 .text.fputc    0x100005e2       0xf6 ../../../libc/x86/libc.a(stdio.o)
                0x100005e2                fputc

.text.fgetc     0x100006d8       0x9d
 .text.fgetc    0x100006d8       0x9d ../../../libc/x86/libc.a(stdio.o)
                0x100006d8                fgetc

.text.fgets     0x10000775       0x5a
 .text.fgets    0x10000775       0x5a ../../../libc/x86/libc.a(stdio.o)
                0x10000775                fgets

.text.vfprintf  0x100007cf      0x761
 .text.vfprintf
                0x100007cf      0x761 ../../../libc/x86/libc.a(stdio.o)
                0x100007cf                vfprintf

.text.vprintf   0x10000f30       0x19
 .text.vprintf  0x10000f30       0x19 ../../../libc/x86/libc.a(stdio.o)
                0x10000f30                vprintf

.text.printf    0x10000f49       0x14
 .text.printf   0x10000f49       0x14 ../../../libc/x86/libc.a(stdio.o)
                0x10000f49                printf

.text.exit      0x10000f5d       0x27
 .text.exit     0x10000f5d       0x27 ../../../libc/x86/libc.a(stdlib.o)
                0x10000f5d                exit

.text.malloc    0x10000f84       0x76
 .text.malloc   0x10000f84       0x76 ../../../libc/x86/libc.a(stdlib.o)
                0x10000f84                malloc

.text.free      0x10000ffa        0x1
 .text.free     0x10000ffa        0x1 ../../../libc/x86/libc.a(stdlib.o)
                0x10000ffa                free

.text.memmove   0x10000ffb       0x30
 .text.memmove  0x10000ffb       0x30 ../../../libc/x86/libc.a(string.o)
                0x10000ffb                memmove

.text.memset    0x1000102b       0x15
 .text.memset   0x1000102b       0x15 ../../../libc/x86/libc.a(string.o)
                0x1000102b                memset

.text.strlen    0x10001040       0x13
 .text.strlen   0x10001040       0x13 ../../../libc/x86/libc.a(string.o)
                0x10001040                strlen

.text.open      0x10001053       0x30
 .text.open     0x10001053       0x30 ../../../libc/x86/libc.a(fcntl.o)
                0x10001053                open

.text.isatty    0x10001083       0x2d
 .text.isatty   0x10001083       0x2d ../../../libc/x86/libc.a(unistd.o)
                0x10001083                isatty

.text.read      0x100010b0       0x30
 .text.read     0x100010b0       0x30 ../../../libc/x86/libc.a(unistd.o)
                0x100010b0                read

.text.write     0x100010e0       0x30
 .text.write    0x100010e0       0x30 ../../../libc/x86/libc.a(unistd.o)
                0x100010e0                write

.rodata._start.str1.1
                0x10001110        0x9
 .rodata._start.str1.1
                0x10001110        0x9 crt0.o

.rodata.eval.str1.1
                0x10001119        0x4
 .rodata.eval.str1.1
                0x10001119        0x4 main.o

.rodata.main.str1.1
                0x1000111d        0x3
 .rodata.main.str1.1
                0x1000111d        0x3 main.o

.rodata.vfprintf.str1.1
                0x10001120       0x3d
 .rodata.vfprintf.str1.1
                0x10001120       0x3d ../../../libc/x86/libc.a(stdio.o)

.rodata.vfprintf
                0x10001160      0x128
 .rodata.vfprintf
                0x10001160      0x128 ../../../libc/x86/libc.a(stdio.o)

.rel.dyn        0x10001288        0x0
 .rel.got       0x10001288        0x0 crt0.o
 .rel.iplt      0x10001288        0x0 crt0.o

.data
 *(.data)

.got            0x10001288        0x0
 .got           0x10001288        0x0 crt0.o

.got.plt        0x10001288        0x0
 .got.plt       0x10001288        0x0 crt0.o

.igot.plt       0x10001288        0x0
 .igot.plt      0x10001288        0x0 crt0.o

.bss
 *(COMMON)
 *(.bss)
 *(.bootstrap_stack)

.bss.stderr     0x10001288        0x4
 .bss.stderr    0x10001288        0x4 ../../../libc/x86/libc.a(stdio.o)
                0x10001288                stderr

.bss.stdout     0x1000128c        0x4
 .bss.stdout    0x1000128c        0x4 ../../../libc/x86/libc.a(stdio.o)
                0x1000128c                stdout

.bss.stdin      0x10001290        0x4
 .bss.stdin     0x10001290        0x4 ../../../libc/x86/libc.a(stdio.o)
                0x10001290                stdin

.bss.recent_sbrk.0
                0x10001294        0x4
 .bss.recent_sbrk.0
                0x10001294        0x4 ../../../libc/x86/libc.a(stdlib.o)

.bss.allocation_position.1
                0x10001298        0x4
 .bss.allocation_position.1
                0x10001298        0x4 ../../../libc/x86/libc.a(stdlib.o)

.bss.errno      0x1000129c        0x4
 .bss.errno     0x1000129c        0x4 ../../../libc/x86/libc.a(errno.o)
                0x1000129c                errno

/DISCARD/
 *(.comment)
OUTPUT(shell.exe elf32-i386)
