Archive member included to satisfy reference by file (symbol)

/opt/homebrew/Cellar/i686-elf-gcc/13.1.0/lib/gcc/i686-elf/13.1.0/libgcc.a(_udivdi3.o)
                              machine/dev/pit.o (__udivdi3)

Discarded input sections

 .comment       0x00000000       0x13 assert.o
 .comment       0x00000000       0x13 ctype.o
 .comment       0x00000000       0x13 string.o
 .comment       0x00000000       0x13 dev/beeper.o
 .comment       0x00000000       0x13 dev/console.o
 .comment       0x00000000       0x13 dev/interface.o
 .comment       0x00000000       0x13 dev/pipe.o
 .comment       0x00000000       0x13 dev/random.o
 .comment       0x00000000       0x13 dev/video.o
 .comment       0x00000000       0x13 main/main.o
 .comment       0x00000000       0x13 mem/heap.o
 .comment       0x00000000       0x13 mem/physical.o
 .comment       0x00000000       0x13 mem/swapfile.o
 .comment       0x00000000       0x13 mem/vas.o
 .comment       0x00000000       0x13 mem/virtual.o
 .comment       0x00000000       0x13 syscall/close.o
 .comment       0x00000000       0x13 syscall/dup.o
 .comment       0x00000000       0x13 syscall/isatty.o
 .comment       0x00000000       0x13 syscall/lseek.o
 .comment       0x00000000       0x13 syscall/open.o
 .comment       0x00000000       0x13 syscall/read.o
 .comment       0x00000000       0x13 syscall/sbrk.o
 .comment       0x00000000       0x13 syscall/syscall.o
 .comment       0x00000000       0x13 syscall/tcgetattr.o
 .comment       0x00000000       0x13 syscall/tcsetattr.o
 .comment       0x00000000       0x13 syscall/terminate.o
 .comment       0x00000000       0x13 syscall/write.o
 .comment       0x00000000       0x13 syscall/yield.o
 .comment       0x00000000       0x13 test/runtest.o
 .comment       0x00000000       0x13 thread/cleaner.o
 .comment       0x00000000       0x13 thread/idle.o
 .comment       0x00000000       0x13 thread/loader.o
 .comment       0x00000000       0x13 thread/process.o
 .comment       0x00000000       0x13 thread/signal.o
 .comment       0x00000000       0x13 thread/spinlock.o
 .comment       0x00000000       0x13 thread/synch.o
 .comment       0x00000000       0x13 thread/thread.o
 .comment       0x00000000       0x13 util/adt_blocking_byte_buffer.o
 .comment       0x00000000       0x13 util/adt_hashmap.o
 .comment       0x00000000       0x13 util/adt_list.o
 .comment       0x00000000       0x13 util/adt_stack.o
 .comment       0x00000000       0x13 util/bitarray.o
 .comment       0x00000000       0x13 util/cpu.o
 .comment       0x00000000       0x13 util/kprintf.o
 .comment       0x00000000       0x13 util/panic.o
 .comment       0x00000000       0x13 vfs/copyinout.o
 .comment       0x00000000       0x13 vfs/device.o
 .comment       0x00000000       0x13 vfs/filedes.o
 .comment       0x00000000       0x13 vfs/uio.o
 .comment       0x00000000       0x13 vfs/vfs.o
 .comment       0x00000000       0x13 vfs/vnode.o
 .comment       0x00000000       0x13 fs/demofs/demofs_inodes.o
 .comment       0x00000000       0x13 fs/demofs/demofs_vnode.o
 .comment       0x00000000       0x13 machine/dev/beeper.o
 .comment       0x00000000       0x13 machine/dev/cpu.o
 .comment       0x00000000       0x13 machine/dev/floppy.o
 .comment       0x00000000       0x13 machine/dev/ide.o
 .comment       0x00000000       0x13 machine/dev/pic.o
 .comment       0x00000000       0x13 machine/dev/pit.o
 .comment       0x00000000       0x13 machine/elf/elf.o
 .comment       0x00000000       0x13 machine/elf/symbols.o
 .comment       0x00000000       0x13 machine/lowlevel/gdt.o
 .comment       0x00000000       0x13 machine/lowlevel/idt.o
 .comment       0x00000000       0x13 machine/lowlevel/interrupt.o
 .comment       0x00000000       0x13 machine/lowlevel/tss.o
 .comment       0x00000000       0x13 machine/mem/physical.o
 .comment       0x00000000       0x13 machine/mem/virtual.o
 .comment       0x00000000       0x13 machine/thread/fork.o
 .comment       0x00000000       0x13 test/runnable/canary.o
 .comment       0x00000000       0x13 test/runnable/heap.o
 .comment       0x00000000       0x13 test/runnable/sleep.o
 .comment       0x00000000       0x13 /opt/homebrew/Cellar/i686-elf-gcc/13.1.0/lib/gcc/i686-elf/13.1.0/libgcc.a(_udivdi3.o)

Memory Configuration

Name             Origin             Length             Attributes
*default*        0x00000000         0xffffffff

Linker script and memory map

LOAD assert.o
LOAD ctype.o
LOAD string.o
LOAD dev/beeper.o
LOAD dev/console.o
LOAD dev/interface.o
LOAD dev/pipe.o
LOAD dev/random.o
LOAD dev/video.o
LOAD main/main.o
LOAD mem/heap.o
LOAD mem/physical.o
LOAD mem/swapfile.o
LOAD mem/vas.o
LOAD mem/virtual.o
LOAD syscall/close.o
LOAD syscall/dup.o
LOAD syscall/isatty.o
LOAD syscall/lseek.o
LOAD syscall/open.o
LOAD syscall/read.o
LOAD syscall/sbrk.o
LOAD syscall/syscall.o
LOAD syscall/tcgetattr.o
LOAD syscall/tcsetattr.o
LOAD syscall/terminate.o
LOAD syscall/write.o
LOAD syscall/yield.o
LOAD test/runtest.o
LOAD thread/cleaner.o
LOAD thread/idle.o
LOAD thread/loader.o
LOAD thread/process.o
LOAD thread/signal.o
LOAD thread/spinlock.o
LOAD thread/synch.o
LOAD thread/thread.o
LOAD util/adt_blocking_byte_buffer.o
LOAD util/adt_hashmap.o
LOAD util/adt_list.o
LOAD util/adt_stack.o
LOAD util/bitarray.o
LOAD util/cpu.o
LOAD util/kprintf.o
LOAD util/panic.o
LOAD vfs/copyinout.o
LOAD vfs/device.o
LOAD vfs/filedes.o
LOAD vfs/uio.o
LOAD vfs/vfs.o
LOAD vfs/vnode.o
LOAD fs/demofs/demofs_inodes.o
LOAD fs/demofs/demofs_vnode.o
LOAD machine/dev/beeper.o
LOAD machine/dev/cpu.o
LOAD machine/dev/floppy.o
LOAD machine/dev/ide.o
LOAD machine/dev/pic.o
LOAD machine/dev/pit.o
LOAD machine/elf/elf.o
LOAD machine/elf/symbols.o
LOAD machine/lowlevel/gdt.o
LOAD machine/lowlevel/idt.o
LOAD machine/lowlevel/interrupt.o
LOAD machine/lowlevel/tss.o
LOAD machine/mem/physical.o
LOAD machine/mem/virtual.o
LOAD machine/thread/fork.o
LOAD test/runnable/canary.o
LOAD test/runnable/heap.o
LOAD test/runnable/sleep.o
LOAD machine/boot/kernel_entry.oo
LOAD machine/lowlevel/gdt.oo
LOAD machine/lowlevel/idt.oo
LOAD machine/lowlevel/misc.oo
LOAD machine/lowlevel/trap.oo
LOAD machine/lowlevel/tss.oo
LOAD machine/mem/virtual.oo
LOAD machine/thread/spinlock.oo
LOAD machine/thread/switch.oo
LOAD machine/thread/usermode.oo
LOAD /opt/homebrew/Cellar/i686-elf-gcc/13.1.0/lib/gcc/i686-elf/13.1.0/libgcc.a
                0x00100000                        . = 0x100000
                0x00100000                        _kernel_start = .

.multiboot.data
                0x00100000        0xc
 *(.multiboot.data)
 .multiboot.data
                0x00100000        0xc machine/boot/kernel_entry.oo

.multiboot.text
                0x0010000c       0x77
 *(.multiboot.text)
 .multiboot.text
                0x0010000c       0x77 machine/boot/kernel_entry.oo
                0x0010000c                _start
                0xc0100083                        . = (. + 0xc0000000)

.text           0xc0101000     0x843a load address 0x00101000
 *(.text)
 .text          0xc0101000       0x4a assert.o
                0xc0101000                assertion_fail
 .text          0xc010104a      0x199 ctype.o
                0xc010104a                toupper
                0xc010105d                tolower
                0xc0101070                isalpha
                0xc0101087                isalnum
                0xc01010b1                iscntrl
                0xc01010ca                isblank
                0xc01010e3                isdigit
                0xc01010f7                islower
                0xc010110b                ispunct
                0xc010112d                isgraph
                0xc0101164                isprint
                0xc010118e                isspace
                0xc01011aa                isupper
                0xc01011be                isxdigit
 .text          0xc01011e3      0x1d8 string.o
                0xc01011e3                memchr
                0xc0101200                memcmp
                0xc0101234                memcpy
                0xc010124a                memmove
                0xc010127a                memset
                0xc010128f                strcat
                0xc01012b8                strchr
                0xc01012ce                strcmp
                0xc01012ee                strcpy
                0xc0101308                strerror
                0xc0101321                strlen
                0xc0101334                strncpy
                0xc010135e                strdup
                0xc010138c                strncmp
 .text          0xc01013bb      0x168 dev/beeper.o
                0xc01013bb                beeper_start
                0xc0101430                beeper_stop
                0xc01014a1                beeper_register_driver
 .text          0xc0101523      0x4a6 dev/console.o
                0xc0101685                console_register_driver
                0xc01016e3                console_init
                0xc0101766                console_panic
                0xc010176e                console_putc
                0xc01017a2                console_received_character
                0xc0101937                console_getc
                0xc0101965                console_gets
 .text          0xc01019c9       0x1a dev/interface.o
                0xc01019c9                interface_init
                0xc01019da                interface_io_not_needed
                0xc01019dd                interface_check_open_not_needed
                0xc01019e0                interface_ioctl_not_needed
 .text          0xc01019e3      0x140 dev/pipe.o
                0xc0101a74                pipe_initialise_internal
                0xc0101aa0                pipe_create
 .text          0xc0101b23      0x152 dev/random.o
                0xc0101b23                random_io
                0xc0101bbe                random_init
                0xc0101c28                rand32
 .text          0xc0101c75      0x181 dev/video.o
                0xc0101c75                video_init
                0xc0101c8f                video_register_driver
                0xc0101ced                video_putpixel
                0xc0101d40                video_putline
                0xc0101d9a                video_putrect
 .text          0xc0101df6      0x504 main/main.o
                0xc0101df6                basic_shell
                0xc0102243                kernel_main
 .text          0xc01022fa      0x343 mem/heap.o
                0xc0102332                heap_init
                0xc0102353                heap_reinit
                0xc0102405                malloc
                0xc0102524                free
                0xc0102609                realloc
 .text          0xc010263d      0x1dc mem/physical.o
                0xc0102664                phys_init
                0xc0102723                phys_allocate_page
                0xc01027d7                phys_free_page
 .text          0xc0102819      0x1c9 mem/swapfile.o
                0xc0102819                swapfile_init
                0xc010289c                swapfile_write
                0xc010295e                swapfile_read
 .text          0xc01029e2      0x351 mem/vas.o
                0xc01029e2                vas_create
                0xc0102a16                vas_get_current_vas
                0xc0102a1f                vas_flush_tlb
                0xc0102a24                vas_destroy
                0xc0102a75                vas_load
                0xc0102aaa                vas_copy
                0xc0102af8                vas_map
                0xc0102b40                vas_reflag
                0xc0102b8a                vas_virtual_to_physical
                0xc0102bc2                vas_unmap
                0xc0102c2d                vas_perform_page_replacement
 .text          0xc0102d33      0x13a mem/virtual.o
                0xc0102d33                virt_init
                0xc0102d4d                virt_bytes_to_pages
                0xc0102d5d                virt_allocate_unbacked_krnl_region
                0xc0102db4                virt_deallocate_unbacked_krnl_region
                0xc0102db5                virt_allocate_backed_pages
                0xc0102e2e                virt_free_backed_pages
 .text          0xc0102e6d       0x59 syscall/close.o
                0xc0102e6d                sys_close
 .text          0xc0102ec6       0x66 syscall/dup.o
                0xc0102ec6                sys_dup
                0xc0102ee5                sys_dup2
                0xc0102f07                sys_dup3
 .text          0xc0102f2c       0x43 syscall/isatty.o
                0xc0102f2c                sys_isatty
 .text          0xc0102f6f       0xfd syscall/lseek.o
                0xc0102f6f                sys_lseek
 .text          0xc010306c       0xa3 syscall/open.o
                0xc010306c                sys_open
 .text          0xc010310f       0x9a syscall/read.o
                0xc010310f                sys_read
 .text          0xc01031a9       0xf4 syscall/sbrk.o
                0xc01031a9                sys_sbrk
 .text          0xc010329d       0xcb syscall/syscall.o
                0xc010329d                syscall_init
                0xc0103342                syscall_perform
 .text          0xc0103368       0x6b syscall/tcgetattr.o
                0xc0103368                sys_tcgetattr
 .text          0xc01033d3       0x89 syscall/tcsetattr.o
                0xc01033d3                sys_tcsetattr
 .text          0xc010345c       0x18 syscall/terminate.o
                0xc010345c                sys_terminate
 .text          0xc0103474       0xc2 syscall/write.o
                0xc0103474                sys_write
 .text          0xc0103536        0xf syscall/yield.o
                0xc0103536                sys_yield
 .text          0xc0103545       0x47 test/runtest.o
                0xc0103545                test_run
 .text          0xc010358c      0x106 thread/cleaner.o
                0xc010358c                cleaner_thread_task
                0xc0103652                cleaner_thread_init
                0xc0103675                cleaner_thread_awaken
 .text          0xc0103692       0x39 thread/idle.o
                0xc01036ac                idle_thread_init
 .text          0xc01036cb      0x1c8 thread/loader.o
                0xc01036cb                load_program
                0xc0103787                load_driver
 .text          0xc0103893      0x116 thread/process.o
                0xc0103893                process_create_child
                0xc01038fc                process_create
                0xc010391b                process_kill
                0xc0103921                process_add_thread
                0xc0103958                process_create_thread
                0xc010398f                process_init
 .text          0xc01039a9      0x197 thread/signal.o
                0xc01039a9                signal_create_state
                0xc01039d3                signal_install_handler
                0xc0103a26                signal_check
 .text          0xc0103b40       0x69 thread/spinlock.o
                0xc0103b40                spinlock_is_held
                0xc0103b4f                spinlock_init
                0xc0103b7e                spinlock_acquire
                0xc0103b83                spinlock_release
                0xc0103b88                spinlock_acquire_if_unlocked
 .text          0xc0103ba9      0x277 thread/synch.o
                0xc0103ba9                semaphore_create
                0xc0103bca                semaphore_destory
                0xc0103bcf                semaphore_acquire
                0xc0103c3e                semaphore_try_acquire
                0xc0103c8e                semaphore_release
                0xc0103ce2                semaphore_set_count
                0xc0103d25                rw_lock_create
                0xc0103d5e                rw_lock_destroy
                0xc0103d87                rw_lock_acquire_read
                0xc0103dc2                rw_lock_release_read
                0xc0103dfe                rw_lock_acquire_write
                0xc0103e0f                rw_lock_release_write
 .text          0xc0103e20      0xa7c thread/thread.o
                0xc0103eec                thread_stack_check_canary
                0xc0103f1b                thread_execve
                0xc0103f6a                thread_init
                0xc0104083                thread_fork
                0xc01041aa                thread_create
                0xc010428f                thread_postpone_switches
                0xc01042b2                thread_schedule
                0xc01043c5                thread_block
                0xc01043db                thread_unblock
                0xc010441b                thread_end_postpone_switches
                0xc0104460                get_time_since_boot
                0xc0104495                thread_nano_sleep_until
                0xc010450b                thread_nano_sleep
                0xc010452d                thread_sleep
                0xc0104547                thread_yield
                0xc010456d                thread_terminate
                0xc0104653                thread_execute_in_usermode
                0xc010471c                thread_startup_handler
                0xc010473f                thread_received_timer_interrupt_bsp
                0xc0104778                thread_received_timer_interrupt
                0xc010485a                thread_set_priority
 .text          0xc010489c      0x17f util/adt_blocking_byte_buffer.o
                0xc010489c                adt_blocking_byte_buffer_create
                0xc01048f7                adt_blocking_byte_buffer_destroy
                0xc0104917                adt_blocking_byte_buffer_add
                0xc010497d                adt_blocking_byte_buffer_get
                0xc01049c2                adt_blocking_byte_buffer_try_get
 .text          0xc0104a1b      0x202 util/adt_hashmap.o
                0xc0104a1b                adt_hashmap_create
                0xc0104a84                adt_hashmap_contains
                0xc0104aef                adt_hashmap_add
                0xc0104b5d                adt_hashmap_get
                0xc0104bdb                adt_hashmap_size
                0xc0104be6                adt_hashmap_null_terminated_string_hash_function
                0xc0104c02                adt_hashmap_null_terminated_string_equality_function
 .text          0xc0104c1d      0x2bc util/adt_list.o
                0xc0104c1d                adt_list_create
                0xc0104c3d                adt_list_add_front
                0xc0104c79                adt_list_add_back
                0xc0104cb6                adt_list_remove_front
                0xc0104cfc                adt_list_destroy
                0xc0104d24                adt_list_remove_back
                0xc0104d85                adt_list_get_front
                0xc0104da7                adt_list_get_back
                0xc0104dca                adt_list_size
                0xc0104dd5                adt_list_reset
                0xc0104de6                adt_list_has_next
                0xc0104e0b                adt_list_get_next
                0xc0104e44                adt_list_circulate
                0xc0104e68                adt_list_remove_element
 .text          0xc0104ed9       0x71 util/adt_stack.o
                0xc0104ed9                adt_stack_create
                0xc0104ef7                adt_stack_destroy
                0xc0104f17                adt_stack_push
                0xc0104f28                adt_stack_pop
                0xc0104f39                adt_stack_size
 .text          0xc0104f4a       0x55 util/bitarray.o
                0xc0104f4a                bitarray_set
                0xc0104f66                bitarray_clear
                0xc0104f7c                bitarray_is_set
 .text          0xc0104f9f       0x1d util/cpu.o
                0xc0104f9f                cpu_get_count
                0xc0104fa5                cpu_init
 .text          0xc0104fbc      0x28f util/kprintf.o
                0xc0105083                kprintf
                0xc0105162                kprintfnv
 .text          0xc010524b       0x22 util/panic.o
                0xc010524b                panic
 .text          0xc010526d      0x10a vfs/copyinout.o
                0xc0105312                copyin
                0xc0105343                copyout
 .text          0xc0105377      0x160 vfs/device.o
                0xc01054b2                dev_create_vnode
 .text          0xc01054d7      0x30d vfs/filedes.o
                0xc01054d7                filedes_table_create
                0xc0105511                filedes_table_copy
                0xc010554f                filedesc_get_open_file
                0xc0105597                filedesc_table_register_file
                0xc01055f3                filedesc_table_deregister_file
                0xc0105645                filedes_handle_exec
                0xc0105697                filedesc_table_dup
                0xc0105714                filedesc_table_dup2
                0xc0105796                filedesc_table_dup3
 .text          0xc01057e4      0x162 vfs/uio.o
                0xc01057e4                uio_move
                0xc0105851                uio_move_string_to_usermode
                0xc01058c4                uio_move_string_from_usermode
                0xc010591f                uio_construct
 .text          0xc0105946      0xbc7 vfs/vfs.o
                0xc0105a7e                vfs_init
                0xc0105aa2                vfs_get_path_component
                0xc0105d66                vfs_get_final_component
                0xc0105dc8                vfs_mount_filesystem
                0xc0105ee9                vfs_write
                0xc0105f4c                vfs_read
                0xc0105fae                vfs_readdir
                0xc0106011                open_file_reference
                0xc0106039                open_file_dereference
                0xc0106083                vfs_remove_device
                0xc010615c                vfs_close
                0xc010618f                open_file_create
                0xc01061e8                vfs_add_device
                0xc01062cb                vfs_open
                0xc0106418                vfs_add_virtual_mount_point
 .text          0xc010650d      0x29f vfs/vnode.o
                0xc010650d                vnode_init
                0xc010655a                vnode_check
                0xc0106591                vnode_reference
                0xc01065b9                vnode_op_check_open
                0xc01065e9                vnode_op_read
                0xc0106611                vnode_op_readdir
                0xc0106639                vnode_op_write
                0xc0106661                vnode_op_ioctl
                0xc0106691                vnode_op_is_seekable
                0xc01066b0                vnode_op_is_tty
                0xc01066cf                vnode_op_close
                0xc01066db                vnode_dereference
                0xc0106735                vnode_op_follow
                0xc0106765                vnode_op_dirent_type
                0xc0106784                vnode_op_stat
 .text          0xc01067ac      0x445 fs/demofs/demofs_inodes.o
                0xc01067ac                demofs_read_inode
                0xc0106803                demofs_read_file
                0xc0106930                demofs_follow
                0xc0106a91                demofs_read_directory_entry
 .text          0xc0106bf1      0x23c fs/demofs/demofs_vnode.o
                0xc0106d06                demofs_root_creator
                0xc0106d6b                demofs_create_file_vnode
                0xc0106d8f                demofs_create_dir_vnode
 .text          0xc0106e2d       0x5e machine/dev/beeper.o
                0xc0106e62                x86_beeper_register
 .text          0xc0106e8b       0xa6 machine/dev/cpu.o
                0xc0106e8b                arch_initialise_devices_no_fs
                0xc0106e90                arch_initialise_devices_with_fs
                0xc0106ebc                arch_cpu_initialise_bootstrap
                0xc0106f0b                arch_all_cpus_are_done
                0xc0106f1a                arch_reboot
 .text          0xc0106f31      0x722 machine/dev/floppy.o
                0xc0107576                floppy_initialise
 .text          0xc0107653      0x487 machine/dev/ide.o
                0xc0107653                ide_check_errors
                0xc01076ab                ide_poll
                0xc01079a7                ide_initialise
 .text          0xc0107ada       0x93 machine/dev/pic.o
                0xc0107ada                pic_is_spurious
                0xc0107b27                pic_eoi
                0xc0107b3a                pic_initialise
 .text          0xc0107b6d       0x74 machine/dev/pit.o
                0xc0107b9e                pit_initialise
 .text          0xc0107be1      0x3a7 machine/elf/elf.o
                0xc0107be1                is_elf_valid
                0xc0107f22                arch_load_driver
                0xc0107f3b                arch_start_driver
                0xc0107f5c                arch_exec
 .text          0xc0107f88      0x394 machine/elf/symbols.o
                0xc0107f88                ksymbol_add_symbol
                0xc01082d7                ksymbol_get_address_from_name
 .text          0xc010831c       0xf4 machine/lowlevel/gdt.o
                0xc010831c                x86_gdt_create_entry
                0xc010835c                x86_gdt_initialise
                0xc01083dd                x86_gdt_add_tss
 .text          0xc0108410       0xf0 machine/lowlevel/idt.o
                0xc0108410                x86_idt_set_entry
                0xc0108452                x86_idt_initialise
 .text          0xc0108500      0x163 machine/lowlevel/interrupt.o
                0xc0108500                x86_handle_syscall
                0xc0108544                x86_register_interrupt_handler
                0xc0108574                x86_interrupt_initialise
                0xc01085ac                x86_interrupt_handler
 .text          0xc0108663       0x4f machine/lowlevel/tss.o
                0xc0108663                x86_tss_initialise
 .text          0xc01086b2       0xda machine/mem/physical.o
                0xc01086b2                arch_get_memory
 .text          0xc010878c      0x76c machine/mem/virtual.o
                0xc010878c                lowmem_physical_to_virtual
                0xc0108799                arch_vas_destroy
                0xc010879e                arch_vas_load
                0xc01087af                arch_vas_set_entry
                0xc0108872                x86_per_cpu_virt_initialise
                0xc0108a36                x86_get_entry
                0xc0108b3a                arch_vas_create
                0xc0108bc0                arch_vas_copy
                0xc0108caa                x86_handle_page_fault
                0xc0108e35                arch_vas_get_entry
                0xc0108e9a                arch_find_page_replacement_virt_address
 .text          0xc0108ef8       0x5e machine/thread/fork.o
                0xc0108ef8                arch_set_forked_kernel_stack
 .text          0xc0108f56       0x37 test/runnable/canary.o
                0xc0108f56                test_stack_canary
 .text          0xc0108f8d       0x7e test/runnable/heap.o
                0xc0108f8d                test_heap
 .text          0xc010900b       0x4a test/runnable/sleep.o
                0xc010900b                test_sleep
 *fill*         0xc0109055        0xb 
 .text          0xc0109060       0x6b machine/boot/kernel_entry.oo
                0xc0109060                vesa_depth
                0xc0109061                vesa_framebuffer
                0xc0109065                vesa_width
                0xc0109067                vesa_height
                0xc0109069                vesa_pitch
                0xc010906b                x86_grub_table
 *fill*         0xc01090cb        0x5 
 .text          0xc01090d0       0x1d machine/lowlevel/gdt.oo
                0xc01090d0                x86_gdt_load
 *fill*         0xc01090ed        0x3 
 .text          0xc01090f0        0x8 machine/lowlevel/idt.oo
                0xc01090f0                x86_idt_load
 *fill*         0xc01090f8        0x8 
 .text          0xc0109100       0x1f machine/lowlevel/misc.oo
                0xc0109100                arch_read_timestamp
                0xc0109103                arch_enable_interrupts
                0xc0109105                arch_disable_interrupts
                0xc0109107                arch_stall_processor
                0xc0109109                arch_flush_tlb
                0xc0109110                x86_get_cr2
                0xc0109114                x86_are_irqs_on
 *fill*         0xc010911f        0x1 
 .text          0xc0109120      0x138 machine/lowlevel/trap.oo
                0xc0109120                isr0
                0xc0109129                isr1
                0xc0109132                isr2
                0xc010913b                isr3
                0xc0109144                isr4
                0xc010914d                isr5
                0xc0109156                isr6
                0xc010915f                isr7
                0xc0109168                isr8
                0xc010916f                isr9
                0xc0109178                isr10
                0xc010917f                isr11
                0xc0109186                isr12
                0xc010918d                isr13
                0xc0109194                isr14
                0xc010919b                isr15
                0xc01091a4                isr16
                0xc01091ad                isr17
                0xc01091b1                isr18
                0xc01091b7                isr19
                0xc01091bd                isr20
                0xc01091c3                isr21
                0xc01091c9                isr96
                0xc01091cf                irq0
                0xc01091d5                irq1
                0xc01091db                irq2
                0xc01091e1                irq3
                0xc01091e7                irq4
                0xc01091ed                irq5
                0xc01091f3                irq6
                0xc01091f9                irq7
                0xc01091ff                irq8
                0xc0109205                irq9
                0xc010920b                irq10
                0xc0109211                irq11
                0xc0109217                irq12
                0xc010921d                irq13
                0xc0109223                irq14
                0xc0109229                irq15
 *fill*         0xc0109258        0x8 
 .text          0xc0109260        0x8 machine/lowlevel/tss.oo
                0xc0109260                x86_tss_load
 *fill*         0xc0109268        0x8 
 .text          0xc0109270        0x8 machine/mem/virtual.oo
                0xc0109270                x86_set_cr3
 *fill*         0xc0109278        0x8 
 .text          0xc0109280       0x3f machine/thread/spinlock.oo
                0xc0109284                arch_irq_spinlock_acquire
                0xc01092a3                arch_irq_spinlock_release
 *fill*         0xc01092bf        0x1 
 .text          0xc01092c0       0x3d machine/thread/switch.oo
                0xc01092c0                arch_prepare_stack
                0xc01092cf                arch_switch_thread
 *fill*         0xc01092fd        0x3 
 .text          0xc0109300       0x20 machine/thread/usermode.oo
                0xc0109300                arch_switch_to_usermode
 .text          0xc0109320      0x11a /opt/homebrew/Cellar/i686-elf-gcc/13.1.0/lib/gcc/i686-elf/13.1.0/libgcc.a(_udivdi3.o)
                0xc0109320                __udivdi3
 *(.ctors)
 *(.dtors)

.iplt           0xc010943a        0x0 load address 0x0010943a
 .iplt          0xc010943a        0x0 assert.o

userkernel      0xc010943a        0x2 load address 0x0010943a
 userkernel     0xc010943a        0x2 thread/signal.o
                0xc010943a                signal_default_terminate_handler
                0xc010943b                signal_default_abort_handler

align_previous  0xc010943c        0x1 load address 0x0010943c
 align_previous
                0xc010943c        0x1 thread/signal.o
                0xc010943c                DO_NOT_DELETE

.rodata         0xc010a000      0x1e0 load address 0x0010a000
 *(.rodata)
 .rodata        0xc010a000       0x70 string.o
 *fill*         0xc010a070       0x10 
 .rodata        0xc010a080       0x34 vfs/device.o
 *fill*         0xc010a0b4        0xc 
 .rodata        0xc010a0c0       0x74 fs/demofs/demofs_vnode.o
                0xc010a0c0                demofs_vnode_dir_ops
                0xc010a100                demofs_vnode_file_ops
 *fill*         0xc010a134        0xc 
 .rodata        0xc010a140       0xa0 machine/lowlevel/idt.o

.rodata.str1.1  0xc010a1e0     0x1000 load address 0x0010a1e0
 .rodata.str1.1
                0xc010a1e0       0x68 assert.o
 .rodata.str1.1
                0xc010a248       0x21 ctype.o
 .rodata.str1.1
                0xc010a269      0x26f string.o
 .rodata.str1.1
                0xc010a4d8        0xc dev/beeper.o
 .rodata.str1.1
                0xc010a4e4       0x4e dev/console.o
 .rodata.str1.1
                0xc010a532       0x17 dev/random.o
 .rodata.str1.1
                0xc010a549        0xb dev/video.o
 .rodata.str1.1
                0xc010a554      0x186 main/main.o
                                0x194 (size before relaxing)
 .rodata.str1.1
                0xc010a6da       0x4f mem/heap.o
 .rodata.str1.1
                0xc010a729       0x56 mem/physical.o
 .rodata.str1.1
                0xc010a77f       0x96 mem/swapfile.o
 .rodata.str1.1
                0xc010a815       0xd9 mem/vas.o
 .rodata.str1.1
                0xc010a8ee       0x31 mem/virtual.o
 .rodata.str1.1
                0xc010a91f       0x25 syscall/terminate.o
 .rodata.str1.1
                0xc010a944       0x23 test/runtest.o
 .rodata.str1.1
                0xc010a967       0x29 thread/cleaner.o
 .rodata.str1.1
                0xc010a990       0x5f thread/loader.o
 .rodata.str1.1
                0xc010a9ef       0x1b thread/process.o
 .rodata.str1.1
                0xc010aa0a       0x15 thread/signal.o
 .rodata.str1.1
                0xc010aa1f       0x47 thread/synch.o
 .rodata.str1.1
                0xc010aa66      0x1b6 thread/thread.o
 .rodata.str1.1
                0xc010ac1c       0x4d util/adt_blocking_byte_buffer.o
 .rodata.str1.1
                0xc010ac69       0x79 util/adt_hashmap.o
 .rodata.str1.1
                0xc010ace2      0x138 util/adt_list.o
 .rodata.str1.1
                0xc010ae1a       0x3b util/kprintf.o
 .rodata.str1.1
                0xc010ae55       0x1d util/panic.o
 .rodata.str1.1
                0xc010ae72       0x13 vfs/filedes.o
 .rodata.str1.1
                0xc010ae85       0x4d vfs/vfs.o
                                 0x4f (size before relaxing)
 .rodata.str1.1
                0xc010aed2       0x1b vfs/vnode.o
 .rodata.str1.1
                0xc010aed2       0x29 fs/demofs/demofs_inodes.o
 .rodata.str1.1
                0xc010aefb       0x1e machine/dev/cpu.o
 .rodata.str1.1
                0xc010af19       0x7d machine/dev/floppy.o
                                 0x85 (size before relaxing)
 .rodata.str1.1
                0xc010af96       0x21 machine/dev/ide.o
                                 0x29 (size before relaxing)
 .rodata.str1.1
                0xc010afb7       0x40 machine/elf/elf.o
 .rodata.str1.1
                0xc010aff7       0x59 machine/elf/symbols.o
 .rodata.str1.1
                0xc010b050       0x8c machine/lowlevel/interrupt.o
 .rodata.str1.1
                0xc010b0dc       0x18 machine/mem/physical.o
 .rodata.str1.1
                0xc010b0f4       0xca machine/mem/virtual.o
 .rodata.str1.1
                0xc010b1be        0x9 test/runnable/canary.o
 .rodata.str1.1
                0xc010b1c7        0x7 test/runnable/heap.o
 .rodata.str1.1
                0xc010b1ce       0x12 test/runnable/sleep.o

.eh_frame       0xc010b1e0       0x64 load address 0x0010b1e0
 .eh_frame      0xc010b1e0       0x64 /opt/homebrew/Cellar/i686-elf-gcc/13.1.0/lib/gcc/i686-elf/13.1.0/libgcc.a(_udivdi3.o)

.rel.dyn        0xc010b244        0x0 load address 0x0010b244
 .rel.got       0xc010b244        0x0 assert.o
 .rel.iplt      0xc010b244        0x0 assert.o
 .rel.text      0xc010b244        0x0 assert.o
 .rel.multiboot.text
                0xc010b244        0x0 assert.o

.data           0xc010c000      0x2a4 load address 0x0010c000
 *(.data)
 .data          0xc010c000        0x0 assert.o
 .data          0xc010c000        0x0 ctype.o
 .data          0xc010c000        0x0 string.o
 .data          0xc010c000        0x0 dev/beeper.o
 .data          0xc010c000        0x0 dev/console.o
 .data          0xc010c000        0x0 dev/interface.o
 .data          0xc010c000        0x0 dev/pipe.o
 .data          0xc010c000        0x8 dev/random.o
 .data          0xc010c008        0x0 dev/video.o
 .data          0xc010c008        0x0 main/main.o
 .data          0xc010c008        0x0 mem/heap.o
 .data          0xc010c008        0x0 mem/physical.o
 .data          0xc010c008        0x0 mem/swapfile.o
 .data          0xc010c008        0x0 mem/vas.o
 .data          0xc010c008        0x4 mem/virtual.o
                0xc010c008                kernel_sbrk
 .data          0xc010c00c        0x0 syscall/close.o
 .data          0xc010c00c        0x0 syscall/dup.o
 .data          0xc010c00c        0x0 syscall/isatty.o
 .data          0xc010c00c        0x0 syscall/lseek.o
 .data          0xc010c00c        0x0 syscall/open.o
 .data          0xc010c00c        0x0 syscall/read.o
 .data          0xc010c00c        0x0 syscall/sbrk.o
 .data          0xc010c00c        0x0 syscall/syscall.o
 .data          0xc010c00c        0x0 syscall/tcgetattr.o
 .data          0xc010c00c        0x0 syscall/tcsetattr.o
 .data          0xc010c00c        0x0 syscall/terminate.o
 .data          0xc010c00c        0x0 syscall/write.o
 .data          0xc010c00c        0x0 syscall/yield.o
 .data          0xc010c00c       0x18 test/runtest.o
                0xc010c00c                tests
 .data          0xc010c024        0x0 thread/cleaner.o
 .data          0xc010c024        0x0 thread/idle.o
 .data          0xc010c024        0x0 thread/loader.o
 .data          0xc010c024        0x4 thread/process.o
 .data          0xc010c028        0x0 thread/signal.o
 .data          0xc010c028        0x0 thread/spinlock.o
 .data          0xc010c028        0x0 thread/synch.o
 .data          0xc010c028        0x4 thread/thread.o
 .data          0xc010c02c        0x0 util/adt_blocking_byte_buffer.o
 .data          0xc010c02c        0x0 util/adt_hashmap.o
 .data          0xc010c02c        0x0 util/adt_list.o
 .data          0xc010c02c        0x0 util/adt_stack.o
 .data          0xc010c02c        0x0 util/bitarray.o
 .data          0xc010c02c        0x0 util/cpu.o
 .data          0xc010c02c        0x0 util/kprintf.o
 .data          0xc010c02c        0x0 util/panic.o
 .data          0xc010c02c        0x0 vfs/copyinout.o
 .data          0xc010c02c        0x0 vfs/device.o
 .data          0xc010c02c        0x0 vfs/filedes.o
 .data          0xc010c02c        0x0 vfs/uio.o
 .data          0xc010c02c        0x0 vfs/vfs.o
 .data          0xc010c02c        0x0 vfs/vnode.o
 .data          0xc010c02c        0x0 fs/demofs/demofs_inodes.o
 .data          0xc010c02c        0x0 fs/demofs/demofs_vnode.o
 .data          0xc010c02c        0x0 machine/dev/beeper.o
 .data          0xc010c02c        0x0 machine/dev/cpu.o
 .data          0xc010c02c        0x4 machine/dev/floppy.o
                0xc010c02c                stored_cylinder
 .data          0xc010c030        0x0 machine/dev/ide.o
 .data          0xc010c030        0x0 machine/dev/pic.o
 .data          0xc010c030        0x0 machine/dev/pit.o
 .data          0xc010c030        0x0 machine/elf/elf.o
 .data          0xc010c030        0x0 machine/elf/symbols.o
 .data          0xc010c030        0x0 machine/lowlevel/gdt.o
 .data          0xc010c030        0x0 machine/lowlevel/idt.o
 *fill*         0xc010c030       0x10 
 .data          0xc010c040      0x260 machine/lowlevel/interrupt.o
 .data          0xc010c2a0        0x0 machine/lowlevel/tss.o
 .data          0xc010c2a0        0x4 machine/mem/physical.o
 .data          0xc010c2a4        0x0 machine/mem/virtual.o
 .data          0xc010c2a4        0x0 machine/thread/fork.o
 .data          0xc010c2a4        0x0 test/runnable/canary.o
 .data          0xc010c2a4        0x0 test/runnable/heap.o
 .data          0xc010c2a4        0x0 test/runnable/sleep.o
 .data          0xc010c2a4        0x0 /opt/homebrew/Cellar/i686-elf-gcc/13.1.0/lib/gcc/i686-elf/13.1.0/libgcc.a(_udivdi3.o)

.got            0xc010c2a4        0x0 load address 0x0010c2a4
 .got           0xc010c2a4        0x0 assert.o

.got.plt        0xc010c2a4        0x0 load address 0x0010c2a4
 .got.plt       0xc010c2a4        0x0 assert.o

.igot.plt       0xc010c2a4        0x0 load address 0x0010c2a4
 .igot.plt      0xc010c2a4        0x0 assert.o

.bss            0xc010d000     0xf000 load address 0x0010d000
 *(COMMON)
 *(.bss)
 .bss           0xc010d000        0x0 assert.o
 .bss           0xc010d000        0x0 ctype.o
 .bss           0xc010d000        0x0 string.o
 .bss           0xc010d000       0x6c dev/beeper.o
                0xc010d000                init_lock_yet
                0xc010d020                beeper_lock
                0xc010d068                default_beeper_driver
 *fill*         0xc010d06c       0x14 
 .bss           0xc010d080      0x8a8 dev/console.o
                0xc010d080                line_buffer_pos
                0xc010d0a0                line_buffer_char_width
                0xc010d4a0                line_buffer
                0xc010d8a0                input_buffer
                0xc010d8c0                console_driver_lock
                0xc010d908                default_console_driver
                0xc010d90c                console_device
 .bss           0xc010d928        0x0 dev/interface.o
 .bss           0xc010d928        0x0 dev/pipe.o
 *fill*         0xc010d928       0x18 
 .bss           0xc010d940       0x64 dev/random.o
                0xc010d940                random_lock
 *fill*         0xc010d9a4       0x1c 
 .bss           0xc010d9c0       0x4c dev/video.o
                0xc010d9c0                video_lock
                0xc010da08                default_video_driver
 .bss           0xc010da0c        0x0 main/main.o
 *fill*         0xc010da0c       0x14 
 .bss           0xc010da20     0x2088 mem/heap.o
                0xc010da20                heap_used
                0xc010da40                heap_lock
                0xc010da88                bootstrap_heap_pos
                0xc010daa0                bootstrap_heap
                0xc010faa0                full_heap_initialised
                0xc010faa4                block_head
 *fill*         0xc010faa8       0x18 
 .bss           0xc010fac0     0x1084 mem/physical.o
                0xc010fac0                bitmap_checksum
                0xc010fac4                num_pages_total
                0xc010fac8                num_pages_used
                0xc010fae0                phys_lock
                0xc010fb40                page_allocation_bitmap
 *fill*         0xc0110b44       0x1c 
 .bss           0xc0110b60       0x5c mem/swapfile.o
 .bss           0xc0110bbc        0x0 mem/vas.o
 *fill*         0xc0110bbc        0x4 
 .bss           0xc0110bc0       0x48 mem/virtual.o
                0xc0110bc0                virt_lock
 .bss           0xc0110c08        0x0 syscall/close.o
 .bss           0xc0110c08        0x0 syscall/dup.o
 .bss           0xc0110c08        0x0 syscall/isatty.o
 .bss           0xc0110c08        0x0 syscall/lseek.o
 .bss           0xc0110c08        0x0 syscall/open.o
 .bss           0xc0110c08        0x0 syscall/read.o
 .bss           0xc0110c08        0x0 syscall/sbrk.o
 *fill*         0xc0110c08       0x18 
 .bss           0xc0110c20       0x40 syscall/syscall.o
                0xc0110c20                syscall_table
 .bss           0xc0110c60        0x0 syscall/tcgetattr.o
 .bss           0xc0110c60        0x0 syscall/tcsetattr.o
 .bss           0xc0110c60        0x0 syscall/terminate.o
 .bss           0xc0110c60        0x0 syscall/write.o
 .bss           0xc0110c60        0x0 syscall/yield.o
 .bss           0xc0110c60        0x0 test/runtest.o
 .bss           0xc0110c60        0x4 thread/cleaner.o
 .bss           0xc0110c64        0x0 thread/idle.o
 .bss           0xc0110c64        0x0 thread/loader.o
 *fill*         0xc0110c64       0x1c 
 .bss           0xc0110c80       0x48 thread/process.o
 .bss           0xc0110cc8        0x0 thread/signal.o
 .bss           0xc0110cc8        0x0 thread/spinlock.o
 .bss           0xc0110cc8        0x0 thread/synch.o
 *fill*         0xc0110cc8       0x18 
 .bss           0xc0110ce0      0x138 thread/thread.o
                0xc0110ce0                terminated_thread_list
                0xc0110d00                scheduler_lock
 .bss           0xc0110e18        0x0 util/adt_blocking_byte_buffer.o
 .bss           0xc0110e18        0x0 util/adt_hashmap.o
 .bss           0xc0110e18        0x0 util/adt_list.o
 .bss           0xc0110e18        0x0 util/adt_stack.o
 .bss           0xc0110e18        0x0 util/bitarray.o
 .bss           0xc0110e18        0x8 util/cpu.o
                0xc0110e18                current_cpu
 .bss           0xc0110e20        0x0 util/kprintf.o
 .bss           0xc0110e20        0x0 util/panic.o
 .bss           0xc0110e20        0x0 vfs/copyinout.o
 .bss           0xc0110e20        0x0 vfs/device.o
 .bss           0xc0110e20        0x0 vfs/filedes.o
 .bss           0xc0110e20        0x0 vfs/uio.o
 .bss           0xc0110e20       0x4c vfs/vfs.o
                0xc0110e20                vfs_lock
                0xc0110e68                mount_list
 .bss           0xc0110e6c        0x0 vfs/vnode.o
 .bss           0xc0110e6c        0x0 fs/demofs/demofs_inodes.o
 .bss           0xc0110e6c        0x0 fs/demofs/demofs_vnode.o
 .bss           0xc0110e6c        0x8 machine/dev/beeper.o
 .bss           0xc0110e74        0x4 machine/dev/cpu.o
                0xc0110e74                x86_allow_interrupts
 .bss           0xc0110e78       0x34 machine/dev/floppy.o
                0xc0110e78                got_cylinder_zero
                0xc0110e7c                cylinder_zero
                0xc0110e80                cylinder_buffer
 .bss           0xc0110eac       0x20 machine/dev/ide.o
                0xc0110eac                ide_lock
 .bss           0xc0110ecc        0x0 machine/dev/pic.o
 *fill*         0xc0110ecc        0x4 
 .bss           0xc0110ed0        0x8 machine/dev/pit.o
                0xc0110ed0                pit_hertz
 .bss           0xc0110ed8        0x0 machine/elf/elf.o
 .bss           0xc0110ed8        0x4 machine/elf/symbols.o
                0xc0110ed8                loaded_symbols
 .bss           0xc0110edc        0x0 machine/lowlevel/gdt.o
 .bss           0xc0110edc        0x0 machine/lowlevel/idt.o
 *fill*         0xc0110edc        0x4 
 .bss           0xc0110ee0      0x400 machine/lowlevel/interrupt.o
                0xc0110ee0                x86_irq_handlers
 .bss           0xc01112e0        0x0 machine/lowlevel/tss.o
 .bss           0xc01112e0       0x14 machine/mem/physical.o
                0xc01112e0                memory_table
 *fill*         0xc01112f4      0xd0c 
 .bss           0xc0112000     0x4000 machine/mem/virtual.o
                0xc0112000                kernel_vas_x86
                0xc0112080                kernel_vas
                0xc0113000                first_page_table
                0xc0114000                kernel_page_directory
                0xc0115000                temp_virtual_page
 .bss           0xc0116000        0x0 machine/thread/fork.o
 .bss           0xc0116000        0x0 test/runnable/canary.o
 .bss           0xc0116000        0x0 test/runnable/heap.o
 .bss           0xc0116000        0x0 test/runnable/sleep.o
 .bss           0xc0116000     0x6000 machine/boot/kernel_entry.oo
 .bss           0xc011c000        0x0 /opt/homebrew/Cellar/i686-elf-gcc/13.1.0/lib/gcc/i686-elf/13.1.0/libgcc.a(_udivdi3.o)
 *(.bootstrap_stack)
                0xc011c000                        _kernel_end = .

/DISCARD/
 *(.comment)
OUTPUT(KERNEL.EXE elf32-i386)

.debug_info     0x00000000      0x32c
 .debug_info    0x00000000      0x32c /opt/homebrew/Cellar/i686-elf-gcc/13.1.0/lib/gcc/i686-elf/13.1.0/libgcc.a(_udivdi3.o)

.debug_abbrev   0x00000000      0x15b
 .debug_abbrev  0x00000000      0x15b /opt/homebrew/Cellar/i686-elf-gcc/13.1.0/lib/gcc/i686-elf/13.1.0/libgcc.a(_udivdi3.o)

.debug_loclists
                0x00000000      0x50c
 .debug_loclists
                0x00000000      0x50c /opt/homebrew/Cellar/i686-elf-gcc/13.1.0/lib/gcc/i686-elf/13.1.0/libgcc.a(_udivdi3.o)

.debug_aranges  0x00000000       0x20
 .debug_aranges
                0x00000000       0x20 /opt/homebrew/Cellar/i686-elf-gcc/13.1.0/lib/gcc/i686-elf/13.1.0/libgcc.a(_udivdi3.o)

.debug_rnglists
                0x00000000       0x2a
 .debug_rnglists
                0x00000000       0x2a /opt/homebrew/Cellar/i686-elf-gcc/13.1.0/lib/gcc/i686-elf/13.1.0/libgcc.a(_udivdi3.o)

.debug_line     0x00000000      0x180
 .debug_line    0x00000000      0x180 /opt/homebrew/Cellar/i686-elf-gcc/13.1.0/lib/gcc/i686-elf/13.1.0/libgcc.a(_udivdi3.o)

.debug_str      0x00000000      0x179
 .debug_str     0x00000000      0x179 /opt/homebrew/Cellar/i686-elf-gcc/13.1.0/lib/gcc/i686-elf/13.1.0/libgcc.a(_udivdi3.o)
                                0x1e3 (size before relaxing)

.debug_line_str
                0x00000000       0x93
 .debug_line_str
                0x00000000       0x93 /opt/homebrew/Cellar/i686-elf-gcc/13.1.0/lib/gcc/i686-elf/13.1.0/libgcc.a(_udivdi3.o)
                                0x106 (size before relaxing)
