Archive member included to satisfy reference by file (symbol)

/cygdrive/c/Users/Alex/Toolchain/Output/bin/../lib/gcc/i386-banana/8.1.0/libgcc.a(_udivdi3.o)
                              machine/dev/pit.o (__udivdi3)

Allocating common symbols
Common symbol       size              file

first_page_table    0x1000            machine/mem/virtual.o
cylinder_buffer     0x4               machine/dev/floppy.o
video_lock          0x48              dev/video.o
virt_lock           0x48              mem/virtual.o
console_driver_lock
                    0x48              dev/console.o
line_buffer_char_width
                    0x400             dev/console.o
bootstrap_heap      0x2000            mem/heap.o
x86_irq_handlers    0x400             machine/lowlevel/interrupt.o
temp_virtual_page   0x1000            machine/mem/virtual.o
phys_lock           0x48              mem/physical.o
kernel_page_directory
                    0x1000            machine/mem/virtual.o
console_device      0x1c              dev/console.o
random_lock         0x48              dev/random.o
block_head          0x4               mem/heap.o
vfs_lock            0x48              vfs/vfs.o
line_buffer         0x400             dev/console.o
page_allocation_bitmap
                    0x1000            mem/physical.o
kernel_vas_x86      0x80              machine/mem/virtual.o
kernel_vas          0x500             machine/mem/virtual.o
cylinder_zero       0x4               machine/dev/floppy.o
syscall_table       0x40              syscall/syscall.o
current_cpu         0x4               util/cpu.o
scheduler_lock      0x48              thread/thread.o
beeper_lock         0x48              dev/beeper.o
heap_lock           0x48              mem/heap.o

Discarded input sections

 .comment       0x0000000000000000       0x12 assert.o
 .comment       0x0000000000000000       0x12 ctype.o
 .comment       0x0000000000000000       0x12 string.o
 .comment       0x0000000000000000       0x12 dev/beeper.o
 .comment       0x0000000000000000       0x12 dev/console.o
 .comment       0x0000000000000000       0x12 dev/interface.o
 .comment       0x0000000000000000       0x12 dev/pipe.o
 .comment       0x0000000000000000       0x12 dev/random.o
 .comment       0x0000000000000000       0x12 dev/video.o
 .comment       0x0000000000000000       0x12 main/main.o
 .comment       0x0000000000000000       0x12 mem/heap.o
 .comment       0x0000000000000000       0x12 mem/physical.o
 .comment       0x0000000000000000       0x12 mem/swapfile.o
 .comment       0x0000000000000000       0x12 mem/vas.o
 .comment       0x0000000000000000       0x12 mem/virtual.o
 .comment       0x0000000000000000       0x12 syscall/close.o
 .comment       0x0000000000000000       0x12 syscall/dup.o
 .comment       0x0000000000000000       0x12 syscall/isatty.o
 .comment       0x0000000000000000       0x12 syscall/lseek.o
 .comment       0x0000000000000000       0x12 syscall/open.o
 .comment       0x0000000000000000       0x12 syscall/read.o
 .comment       0x0000000000000000       0x12 syscall/sbrk.o
 .comment       0x0000000000000000       0x12 syscall/syscall.o
 .comment       0x0000000000000000       0x12 syscall/tcgetattr.o
 .comment       0x0000000000000000       0x12 syscall/tcsetattr.o
 .comment       0x0000000000000000       0x12 syscall/terminate.o
 .comment       0x0000000000000000       0x12 syscall/write.o
 .comment       0x0000000000000000       0x12 syscall/yield.o
 .comment       0x0000000000000000       0x12 test/runtest.o
 .comment       0x0000000000000000       0x12 thread/cleaner.o
 .comment       0x0000000000000000       0x12 thread/idle.o
 .comment       0x0000000000000000       0x12 thread/loader.o
 .comment       0x0000000000000000       0x12 thread/process.o
 .comment       0x0000000000000000       0x12 thread/spinlock.o
 .comment       0x0000000000000000       0x12 thread/synch.o
 .comment       0x0000000000000000       0x12 thread/thread.o
 .comment       0x0000000000000000       0x12 util/adt_blocking_byte_buffer.o
 .comment       0x0000000000000000       0x12 util/adt_hashmap.o
 .comment       0x0000000000000000       0x12 util/adt_list.o
 .comment       0x0000000000000000       0x12 util/adt_stack.o
 .comment       0x0000000000000000       0x12 util/bitarray.o
 .comment       0x0000000000000000       0x12 util/cpu.o
 .comment       0x0000000000000000       0x12 util/kprintf.o
 .comment       0x0000000000000000       0x12 util/panic.o
 .comment       0x0000000000000000       0x12 vfs/copyinout.o
 .comment       0x0000000000000000       0x12 vfs/device.o
 .comment       0x0000000000000000       0x12 vfs/filedes.o
 .comment       0x0000000000000000       0x12 vfs/uio.o
 .comment       0x0000000000000000       0x12 vfs/vfs.o
 .comment       0x0000000000000000       0x12 vfs/vnode.o
 .comment       0x0000000000000000       0x12 fs/demofs/demofs_inodes.o
 .comment       0x0000000000000000       0x12 fs/demofs/demofs_vnode.o
 .comment       0x0000000000000000       0x12 machine/dev/beeper.o
 .comment       0x0000000000000000       0x12 machine/dev/cpu.o
 .comment       0x0000000000000000       0x12 machine/dev/floppy.o
 .comment       0x0000000000000000       0x12 machine/dev/ide.o
 .comment       0x0000000000000000       0x12 machine/dev/pic.o
 .comment       0x0000000000000000       0x12 machine/dev/pit.o
 .comment       0x0000000000000000       0x12 machine/elf/elf.o
 .comment       0x0000000000000000       0x12 machine/elf/symbols.o
 .comment       0x0000000000000000       0x12 machine/lowlevel/gdt.o
 .comment       0x0000000000000000       0x12 machine/lowlevel/idt.o
 .comment       0x0000000000000000       0x12 machine/lowlevel/interrupt.o
 .comment       0x0000000000000000       0x12 machine/lowlevel/tss.o
 .comment       0x0000000000000000       0x12 machine/mem/physical.o
 .comment       0x0000000000000000       0x12 machine/mem/virtual.o
 .comment       0x0000000000000000       0x12 machine/thread/fork.o
 .comment       0x0000000000000000       0x12 test/runnable/canary.o
 .comment       0x0000000000000000       0x12 test/runnable/heap.o
 .comment       0x0000000000000000       0x12 test/runnable/sleep.o
 .comment       0x0000000000000000       0x12 /cygdrive/c/Users/Alex/Toolchain/Output/bin/../lib/gcc/i386-banana/8.1.0/libgcc.a(_udivdi3.o)

Memory Configuration

Name             Origin             Length             Attributes
*default*        0x0000000000000000 0xffffffffffffffff

Linker script and memory map

LOAD assert.o
LOAD ctype.o
LOAD string.o
LOAD dev/beeper.o
LOAD dev/console.o
LOAD dev/interface.o
LOAD dev/pipe.o
LOAD dev/random.o
LOAD dev/video.o
LOAD main/main.o
LOAD mem/heap.o
LOAD mem/physical.o
LOAD mem/swapfile.o
LOAD mem/vas.o
LOAD mem/virtual.o
LOAD syscall/close.o
LOAD syscall/dup.o
LOAD syscall/isatty.o
LOAD syscall/lseek.o
LOAD syscall/open.o
LOAD syscall/read.o
LOAD syscall/sbrk.o
LOAD syscall/syscall.o
LOAD syscall/tcgetattr.o
LOAD syscall/tcsetattr.o
LOAD syscall/terminate.o
LOAD syscall/write.o
LOAD syscall/yield.o
LOAD test/runtest.o
LOAD thread/cleaner.o
LOAD thread/idle.o
LOAD thread/loader.o
LOAD thread/process.o
LOAD thread/spinlock.o
LOAD thread/synch.o
LOAD thread/thread.o
LOAD util/adt_blocking_byte_buffer.o
LOAD util/adt_hashmap.o
LOAD util/adt_list.o
LOAD util/adt_stack.o
LOAD util/bitarray.o
LOAD util/cpu.o
LOAD util/kprintf.o
LOAD util/panic.o
LOAD vfs/copyinout.o
LOAD vfs/device.o
LOAD vfs/filedes.o
LOAD vfs/uio.o
LOAD vfs/vfs.o
LOAD vfs/vnode.o
LOAD fs/demofs/demofs_inodes.o
LOAD fs/demofs/demofs_vnode.o
LOAD machine/dev/beeper.o
LOAD machine/dev/cpu.o
LOAD machine/dev/floppy.o
LOAD machine/dev/ide.o
LOAD machine/dev/pic.o
LOAD machine/dev/pit.o
LOAD machine/elf/elf.o
LOAD machine/elf/symbols.o
LOAD machine/lowlevel/gdt.o
LOAD machine/lowlevel/idt.o
LOAD machine/lowlevel/interrupt.o
LOAD machine/lowlevel/tss.o
LOAD machine/mem/physical.o
LOAD machine/mem/virtual.o
LOAD machine/thread/fork.o
LOAD test/runnable/canary.o
LOAD test/runnable/heap.o
LOAD test/runnable/sleep.o
LOAD machine/boot/kernel_entry.oo
LOAD machine/lowlevel/gdt.oo
LOAD machine/lowlevel/idt.oo
LOAD machine/lowlevel/misc.oo
LOAD machine/lowlevel/trap.oo
LOAD machine/lowlevel/tss.oo
LOAD machine/mem/virtual.oo
LOAD machine/thread/spinlock.oo
LOAD machine/thread/switch.oo
LOAD machine/thread/usermode.oo
LOAD /cygdrive/c/Users/Alex/Toolchain/Output/bin/../lib/gcc/i386-banana/8.1.0/libgcc.a
                0x0000000000100000                . = 0x100000
                0x0000000000100000                _kernel_start = .

.multiboot.data
                0x0000000000100000        0xc
 *(.multiboot.data)
 .multiboot.data
                0x0000000000100000        0xc machine/boot/kernel_entry.oo

.multiboot.text
                0x000000000010000c       0x77
 *(.multiboot.text)
 .multiboot.text
                0x000000000010000c       0x77 machine/boot/kernel_entry.oo
                0x000000000010000c                _start
                0x00000000c0100083                . = (. + 0xc0000000)

.text           0x00000000c0101000     0x7d8f load address 0x0000000000101000
 *(.text)
 .text          0x00000000c0101000       0x29 assert.o
                0x00000000c0101000                assertion_fail
 .text          0x00000000c0101029      0x19c ctype.o
                0x00000000c0101029                toupper
                0x00000000c010103c                tolower
                0x00000000c010104f                isalpha
                0x00000000c0101066                isalnum
                0x00000000c0101090                iscntrl
                0x00000000c01010a9                isblank
                0x00000000c01010c2                isdigit
                0x00000000c01010d6                islower
                0x00000000c01010ea                ispunct
                0x00000000c0101114                isgraph
                0x00000000c010114a                isprint
                0x00000000c0101172                isspace
                0x00000000c010118e                isupper
                0x00000000c01011a2                isxdigit
 .text          0x00000000c01011c5      0x1d2 string.o
                0x00000000c01011c5                memchr
                0x00000000c01011e2                memcmp
                0x00000000c0101216                memcpy
                0x00000000c010122c                memmove
                0x00000000c010125b                memset
                0x00000000c0101270                strcat
                0x00000000c0101297                strchr
                0x00000000c01012ad                strcmp
                0x00000000c01012cd                strcpy
                0x00000000c01012e5                strerror
                0x00000000c01012fe                strlen
                0x00000000c0101311                strncpy
                0x00000000c0101339                strdup
                0x00000000c0101367                strncmp
 .text          0x00000000c0101397      0x168 dev/beeper.o
                0x00000000c0101397                beeper_start
                0x00000000c010140c                beeper_stop
                0x00000000c010147d                beeper_register_driver
 .text          0x00000000c01014ff      0x4ab dev/console.o
                0x00000000c0101634                console_register_driver
                0x00000000c0101692                console_init
                0x00000000c0101722                console_panic
                0x00000000c010172a                console_putc
                0x00000000c010175e                console_received_character
                0x00000000c0101918                console_getc
                0x00000000c0101946                console_gets
 .text          0x00000000c01019aa       0x1a dev/interface.o
                0x00000000c01019aa                interface_init
                0x00000000c01019bb                interface_io_not_needed
                0x00000000c01019be                interface_check_open_not_needed
                0x00000000c01019c1                interface_ioctl_not_needed
 .text          0x00000000c01019c4      0x137 dev/pipe.o
                0x00000000c0101a55                pipe_initialise_internal
                0x00000000c0101a85                pipe_create
 .text          0x00000000c0101afb      0x159 dev/random.o
                0x00000000c0101afb                random_io
                0x00000000c0101b96                random_init
                0x00000000c0101c07                rand32
 .text          0x00000000c0101c54      0x181 dev/video.o
                0x00000000c0101c54                video_init
                0x00000000c0101c6e                video_register_driver
                0x00000000c0101ccc                video_putpixel
                0x00000000c0101d1f                video_putline
                0x00000000c0101d79                video_putrect
 .text          0x00000000c0101dd5      0x359 main/main.o
                0x00000000c0101dd5                basic_shell
                0x00000000c0102077                kernel_main
 .text          0x00000000c010212e      0x327 mem/heap.o
                0x00000000c0102168                heap_init
                0x00000000c0102189                heap_reinit
                0x00000000c0102241                malloc
                0x00000000c010235d                free
                0x00000000c0102421                realloc
 .text          0x00000000c0102455      0x184 mem/physical.o
                0x00000000c0102455                phys_init
                0x00000000c010250f                phys_allocate_page
                0x00000000c010259c                phys_free_page
 .text          0x00000000c01025d9      0x1c9 mem/swapfile.o
                0x00000000c01025d9                swapfile_init
                0x00000000c010265c                swapfile_write
                0x00000000c010271e                swapfile_read
 .text          0x00000000c01027a2      0x30c mem/vas.o
                0x00000000c01027a2                vas_create
                0x00000000c01027d8                vas_get_current_vas
                0x00000000c01027e1                vas_flush_tlb
                0x00000000c01027e6                vas_destroy
                0x00000000c0102837                vas_load
                0x00000000c010286c                vas_copy
                0x00000000c01028ba                vas_map
                0x00000000c0102902                vas_reflag
                0x00000000c010294c                vas_virtual_to_physical
                0x00000000c0102984                vas_unmap
                0x00000000c01029ef                vas_perform_page_replacement
 .text          0x00000000c0102aae      0x132 mem/virtual.o
                0x00000000c0102aae                virt_init
                0x00000000c0102ac8                virt_bytes_to_pages
                0x00000000c0102ad8                virt_allocate_unbacked_krnl_region
                0x00000000c0102b32                virt_deallocate_unbacked_krnl_region
                0x00000000c0102b33                virt_allocate_backed_pages
                0x00000000c0102ba1                virt_free_backed_pages
 .text          0x00000000c0102be0       0x59 syscall/close.o
                0x00000000c0102be0                sys_close
 .text          0x00000000c0102c39       0x66 syscall/dup.o
                0x00000000c0102c39                sys_dup
                0x00000000c0102c58                sys_dup2
                0x00000000c0102c7a                sys_dup3
 .text          0x00000000c0102c9f       0x41 syscall/isatty.o
                0x00000000c0102c9f                sys_isatty
 .text          0x00000000c0102ce0       0xfc syscall/lseek.o
                0x00000000c0102ce0                sys_lseek
 .text          0x00000000c0102ddc       0xa3 syscall/open.o
                0x00000000c0102ddc                sys_open
 .text          0x00000000c0102e7f       0xb0 syscall/read.o
                0x00000000c0102e7f                sys_read
 .text          0x00000000c0102f2f       0xed syscall/sbrk.o
                0x00000000c0102f2f                sys_sbrk
 .text          0x00000000c010301c       0xcb syscall/syscall.o
                0x00000000c010301c                syscall_init
                0x00000000c01030c1                syscall_perform
 .text          0x00000000c01030e7       0x68 syscall/tcgetattr.o
                0x00000000c01030e7                sys_tcgetattr
 .text          0x00000000c010314f       0x86 syscall/tcsetattr.o
                0x00000000c010314f                sys_tcsetattr
 .text          0x00000000c01031d5       0x18 syscall/terminate.o
                0x00000000c01031d5                sys_terminate
 .text          0x00000000c01031ed       0xe3 syscall/write.o
                0x00000000c01031ed                sys_write
 .text          0x00000000c01032d0        0xf syscall/yield.o
                0x00000000c01032d0                sys_yield
 .text          0x00000000c01032df       0x47 test/runtest.o
                0x00000000c01032df                test_run
 .text          0x00000000c0103326       0xee thread/cleaner.o
                0x00000000c0103326                cleaner_thread_task
                0x00000000c01033d4                cleaner_thread_init
                0x00000000c01033f7                cleaner_thread_awaken
 .text          0x00000000c0103414       0x39 thread/idle.o
                0x00000000c010342e                idle_thread_init
 .text          0x00000000c010344d      0x1ae thread/loader.o
                0x00000000c010344d                load_program
                0x00000000c0103506                load_driver
 .text          0x00000000c01035fb      0x116 thread/process.o
                0x00000000c01035fb                process_create_child
                0x00000000c0103664                process_create
                0x00000000c0103683                process_kill
                0x00000000c0103689                process_add_thread
                0x00000000c01036c0                process_create_thread
                0x00000000c01036f7                process_init
 .text          0x00000000c0103711       0x6b thread/spinlock.o
                0x00000000c0103711                spinlock_is_held
                0x00000000c0103720                spinlock_init
                0x00000000c0103751                spinlock_acquire
                0x00000000c0103756                spinlock_release
                0x00000000c010375b                spinlock_acquire_if_unlocked
 .text          0x00000000c010377c      0x285 thread/synch.o
                0x00000000c010377c                semaphore_create
                0x00000000c01037a5                semaphore_destory
                0x00000000c01037aa                semaphore_acquire
                0x00000000c010381b                semaphore_try_acquire
                0x00000000c010386b                semaphore_release
                0x00000000c01038c1                semaphore_set_count
                0x00000000c0103904                rw_lock_create
                0x00000000c010393f                rw_lock_destroy
                0x00000000c0103968                rw_lock_acquire_read
                0x00000000c01039a3                rw_lock_release_read
                0x00000000c01039df                rw_lock_acquire_write
                0x00000000c01039f0                rw_lock_release_write
 .text          0x00000000c0103a01      0xa95 thread/thread.o
                0x00000000c0103ace                thread_stack_check_canary
                0x00000000c0103afd                thread_execve
                0x00000000c0103b4c                thread_init
                0x00000000c0103c7b                thread_fork
                0x00000000c0103daa                thread_create
                0x00000000c0103e9d                thread_postpone_switches
                0x00000000c0103ec0                thread_schedule
                0x00000000c0103fd9                thread_block
                0x00000000c0103fef                thread_unblock
                0x00000000c010402f                thread_end_postpone_switches
                0x00000000c0104074                get_time_since_boot
                0x00000000c01040a9                thread_nano_sleep_until
                0x00000000c010411f                thread_nano_sleep
                0x00000000c0104141                thread_sleep
                0x00000000c010415b                thread_yield
                0x00000000c0104181                thread_terminate
                0x00000000c0104225                thread_execute_in_usermode
                0x00000000c010430c                thread_startup_handler
                0x00000000c0104333                thread_received_timer_interrupt_bsp
                0x00000000c010436c                thread_received_timer_interrupt
                0x00000000c0104454                thread_set_priority
 .text          0x00000000c0104496      0x189 util/adt_blocking_byte_buffer.o
                0x00000000c0104496                adt_blocking_byte_buffer_create
                0x00000000c01044fb                adt_blocking_byte_buffer_destroy
                0x00000000c010451b                adt_blocking_byte_buffer_add
                0x00000000c0104581                adt_blocking_byte_buffer_get
                0x00000000c01045c6                adt_blocking_byte_buffer_try_get
 .text          0x00000000c010461f      0x207 util/adt_hashmap.o
                0x00000000c010461f                adt_hashmap_create
                0x00000000c010468c                adt_hashmap_contains
                0x00000000c01046f7                adt_hashmap_add
                0x00000000c0104765                adt_hashmap_get
                0x00000000c01047e3                adt_hashmap_size
                0x00000000c01047ee                adt_hashmap_null_terminated_string_hash_function
                0x00000000c010480b                adt_hashmap_null_terminated_string_equality_function
 .text          0x00000000c0104826      0x2e6 util/adt_list.o
                0x00000000c0104826                adt_list_create
                0x00000000c0104854                adt_list_add_front
                0x00000000c0104892                adt_list_add_back
                0x00000000c01048d1                adt_list_remove_front
                0x00000000c0104919                adt_list_destroy
                0x00000000c0104941                adt_list_remove_back
                0x00000000c01049b2                adt_list_get_front
                0x00000000c01049d4                adt_list_get_back
                0x00000000c01049f7                adt_list_size
                0x00000000c0104a02                adt_list_reset
                0x00000000c0104a13                adt_list_has_next
                0x00000000c0104a38                adt_list_get_next
                0x00000000c0104a6f                adt_list_circulate
                0x00000000c0104a93                adt_list_remove_element
 .text          0x00000000c0104b0c       0x71 util/adt_stack.o
                0x00000000c0104b0c                adt_stack_create
                0x00000000c0104b2a                adt_stack_destroy
                0x00000000c0104b4a                adt_stack_push
                0x00000000c0104b5b                adt_stack_pop
                0x00000000c0104b6c                adt_stack_size
 .text          0x00000000c0104b7d       0x5d util/bitarray.o
                0x00000000c0104b7d                bitarray_set
                0x00000000c0104b99                bitarray_clear
                0x00000000c0104bb7                bitarray_is_set
 .text          0x00000000c0104bda       0x1d util/cpu.o
                0x00000000c0104bda                cpu_get_count
                0x00000000c0104be0                cpu_init
 .text          0x00000000c0104bf7      0x281 util/kprintf.o
                0x00000000c0104cbe                kprintf
                0x00000000c0104d9b                kprintfnv
 .text          0x00000000c0104e78       0x22 util/panic.o
                0x00000000c0104e78                panic
 .text          0x00000000c0104e9a      0x10f vfs/copyinout.o
                0x00000000c0104f36                copyin
                0x00000000c0104f6e                copyout
 .text          0x00000000c0104fa9      0x181 vfs/device.o
                0x00000000c01050eb                dev_create_vnode
 .text          0x00000000c010512a      0x313 vfs/filedes.o
                0x00000000c010512a                filedes_table_create
                0x00000000c0105165                filedes_table_copy
                0x00000000c01051aa                filedesc_convert_to_vnode
                0x00000000c01051e6                filedesc_table_register_vnode
                0x00000000c0105242                filedesc_table_deregister_vnode
                0x00000000c0105296                filedes_handle_exec
                0x00000000c01052ea                filedesc_table_dup
                0x00000000c0105367                filedesc_table_dup2
                0x00000000c01053e9                filedesc_table_dup3
 .text          0x00000000c010543d      0x16c vfs/uio.o
                0x00000000c010543d                uio_move
                0x00000000c01054ad                uio_move_string_to_usermode
                0x00000000c0105526                uio_move_string_from_usermode
                0x00000000c0105582                uio_construct
 .text          0x00000000c01055a9      0xa5c vfs/vfs.o
                0x00000000c01056cc                vfs_init
                0x00000000c01056f0                vfs_get_path_component
                0x00000000c01059c9                vfs_get_final_component
                0x00000000c0105b4a                vfs_mount_filesystem
                0x00000000c0105c85                vfs_add_device
                0x00000000c0105d50                vfs_remove_device
                0x00000000c0105e1e                vfs_close
                0x00000000c0105e40                vfs_open
                0x00000000c0105e93                vfs_add_virtual_mount_point
                0x00000000c0105f84                vfs_write
                0x00000000c0105fb0                vfs_read
 .text          0x00000000c0106005      0x2c5 vfs/vnode.o
                0x00000000c0106005                vnode_init
                0x00000000c0106078                vnode_check
                0x00000000c01060af                vnode_reference
                0x00000000c01060d7                vnode_op_check_open
                0x00000000c0106107                vnode_op_read
                0x00000000c010612f                vnode_op_readdir
                0x00000000c0106157                vnode_op_write
                0x00000000c010617f                vnode_op_ioctl
                0x00000000c01061af                vnode_op_is_seekable
                0x00000000c01061ce                vnode_op_is_tty
                0x00000000c01061ed                vnode_op_close
                0x00000000c01061f9                vnode_dereference
                0x00000000c0106253                vnode_op_follow
                0x00000000c0106283                vnode_op_dirent_type
                0x00000000c01062a2                vnode_op_stat
 .text          0x00000000c01062ca      0x2e6 fs/demofs/demofs_inodes.o
                0x00000000c01062ca                demofs_read_inode
                0x00000000c010631e                demofs_read_file
                0x00000000c0106449                demofs_follow
 .text          0x00000000c01065b0      0x235 fs/demofs/demofs_vnode.o
                0x00000000c01066d1                demofs_root_creator
                0x00000000c0106725                demofs_create_file_vnode
                0x00000000c0106749                demofs_create_dir_vnode
 .text          0x00000000c01067e5       0x60 machine/dev/beeper.o
                0x00000000c010681c                x86_beeper_register
 .text          0x00000000c0106845       0xa8 machine/dev/cpu.o
                0x00000000c0106845                arch_initialise_devices_no_fs
                0x00000000c010684a                arch_initialise_devices_with_fs
                0x00000000c0106876                arch_cpu_initialise_bootstrap
                0x00000000c01068c7                arch_all_cpus_are_done
                0x00000000c01068d6                arch_reboot
 .text          0x00000000c01068ed      0x73e machine/dev/floppy.o
                0x00000000c0106f4a                floppy_initialise
 .text          0x00000000c010702b      0x45e machine/dev/ide.o
                0x00000000c010702b                ide_check_errors
                0x00000000c0107081                ide_poll
                0x00000000c010736b                ide_initialise
 .text          0x00000000c0107489       0x93 machine/dev/pic.o
                0x00000000c0107489                pic_is_spurious
                0x00000000c01074d6                pic_eoi
                0x00000000c01074e9                pic_initialise
 .text          0x00000000c010751c       0x78 machine/dev/pit.o
                0x00000000c010754d                pit_initialise
 .text          0x00000000c0107594      0x3b4 machine/elf/elf.o
                0x00000000c0107864                is_elf_valid
                0x00000000c0107886                arch_load_driver
                0x00000000c01078df                arch_start_driver
                0x00000000c0107900                arch_exec
 .text          0x00000000c0107948      0x399 machine/elf/symbols.o
                0x00000000c0107948                ksymbol_add_symbol
                0x00000000c0107c9c                ksymbol_get_address_from_name
 .text          0x00000000c0107ce1       0xe8 machine/lowlevel/gdt.o
                0x00000000c0107ce1                x86_gdt_create_entry
                0x00000000c0107d20                x86_gdt_initialise
                0x00000000c0107d96                x86_gdt_add_tss
 .text          0x00000000c0107dc9       0xf3 machine/lowlevel/idt.o
                0x00000000c0107dc9                x86_idt_set_entry
                0x00000000c0107e0b                x86_idt_initialise
 .text          0x00000000c0107ebc      0x12c machine/lowlevel/interrupt.o
                0x00000000c0107ebc                x86_handle_syscall
                0x00000000c0107ef2                x86_register_interrupt_handler
                0x00000000c0107f22                x86_interrupt_initialise
                0x00000000c0107f5a                x86_interrupt_handler
 .text          0x00000000c0107fe8       0x51 machine/lowlevel/tss.o
                0x00000000c0107fe8                x86_tss_initialise
 .text          0x00000000c0108039       0xdc machine/mem/physical.o
                0x00000000c0108039                arch_get_memory
 .text          0x00000000c0108115      0x750 machine/mem/virtual.o
                0x00000000c0108115                lowmem_physical_to_virtual
                0x00000000c0108122                arch_vas_destroy
                0x00000000c0108127                arch_vas_load
                0x00000000c0108138                arch_vas_set_entry
                0x00000000c0108200                x86_per_cpu_virt_initialise
                0x00000000c01083c4                x86_get_entry
                0x00000000c01084cd                arch_vas_create
                0x00000000c0108552                arch_vas_copy
                0x00000000c0108648                x86_handle_page_fault
                0x00000000c01087a6                arch_vas_get_entry
                0x00000000c0108803                arch_find_page_replacement_virt_address
 .text          0x00000000c0108865       0x68 machine/thread/fork.o
                0x00000000c0108865                arch_set_forked_kernel_stack
 .text          0x00000000c01088cd       0x37 test/runnable/canary.o
                0x00000000c01088cd                test_stack_canary
 .text          0x00000000c0108904       0x7e test/runnable/heap.o
                0x00000000c0108904                test_heap
 .text          0x00000000c0108982       0x4a test/runnable/sleep.o
                0x00000000c0108982                test_sleep
 *fill*         0x00000000c01089cc        0x4 
 .text          0x00000000c01089d0       0x6b machine/boot/kernel_entry.oo
                0x00000000c01089d0                vesa_depth
                0x00000000c01089d1                vesa_framebuffer
                0x00000000c01089d5                vesa_width
                0x00000000c01089d7                vesa_height
                0x00000000c01089d9                vesa_pitch
                0x00000000c01089db                x86_grub_table
 *fill*         0x00000000c0108a3b        0x5 
 .text          0x00000000c0108a40       0x1d machine/lowlevel/gdt.oo
                0x00000000c0108a40                x86_gdt_load
 *fill*         0x00000000c0108a5d        0x3 
 .text          0x00000000c0108a60        0x8 machine/lowlevel/idt.oo
                0x00000000c0108a60                x86_idt_load
 *fill*         0x00000000c0108a68        0x8 
 .text          0x00000000c0108a70       0x1f machine/lowlevel/misc.oo
                0x00000000c0108a70                arch_read_timestamp
                0x00000000c0108a73                arch_enable_interrupts
                0x00000000c0108a75                arch_disable_interrupts
                0x00000000c0108a77                arch_stall_processor
                0x00000000c0108a79                arch_flush_tlb
                0x00000000c0108a80                x86_get_cr2
                0x00000000c0108a84                x86_are_irqs_on
 *fill*         0x00000000c0108a8f        0x1 
 .text          0x00000000c0108a90      0x138 machine/lowlevel/trap.oo
                0x00000000c0108a90                isr0
                0x00000000c0108a99                isr1
                0x00000000c0108aa2                isr2
                0x00000000c0108aab                isr3
                0x00000000c0108ab4                isr4
                0x00000000c0108abd                isr5
                0x00000000c0108ac6                isr6
                0x00000000c0108acf                isr7
                0x00000000c0108ad8                isr8
                0x00000000c0108adf                isr9
                0x00000000c0108ae8                isr10
                0x00000000c0108aef                isr11
                0x00000000c0108af6                isr12
                0x00000000c0108afd                isr13
                0x00000000c0108b04                isr14
                0x00000000c0108b0b                isr15
                0x00000000c0108b14                isr16
                0x00000000c0108b1d                isr17
                0x00000000c0108b21                isr18
                0x00000000c0108b27                isr19
                0x00000000c0108b2d                isr20
                0x00000000c0108b33                isr21
                0x00000000c0108b39                isr96
                0x00000000c0108b3f                irq0
                0x00000000c0108b45                irq1
                0x00000000c0108b4b                irq2
                0x00000000c0108b51                irq3
                0x00000000c0108b57                irq4
                0x00000000c0108b5d                irq5
                0x00000000c0108b63                irq6
                0x00000000c0108b69                irq7
                0x00000000c0108b6f                irq8
                0x00000000c0108b75                irq9
                0x00000000c0108b7b                irq10
                0x00000000c0108b81                irq11
                0x00000000c0108b87                irq12
                0x00000000c0108b8d                irq13
                0x00000000c0108b93                irq14
                0x00000000c0108b99                irq15
 *fill*         0x00000000c0108bc8        0x8 
 .text          0x00000000c0108bd0        0x8 machine/lowlevel/tss.oo
                0x00000000c0108bd0                x86_tss_load
 *fill*         0x00000000c0108bd8        0x8 
 .text          0x00000000c0108be0        0x8 machine/mem/virtual.oo
                0x00000000c0108be0                x86_set_cr3
 *fill*         0x00000000c0108be8        0x8 
 .text          0x00000000c0108bf0       0x3f machine/thread/spinlock.oo
                0x00000000c0108bf4                arch_irq_spinlock_acquire
                0x00000000c0108c13                arch_irq_spinlock_release
 *fill*         0x00000000c0108c2f        0x1 
 .text          0x00000000c0108c30       0x3d machine/thread/switch.oo
                0x00000000c0108c30                arch_prepare_stack
                0x00000000c0108c3f                arch_switch_thread
 *fill*         0x00000000c0108c6d        0x3 
 .text          0x00000000c0108c70       0x20 machine/thread/usermode.oo
                0x00000000c0108c70                arch_switch_to_usermode
 .text          0x00000000c0108c90       0xff /cygdrive/c/Users/Alex/Toolchain/Output/bin/../lib/gcc/i386-banana/8.1.0/libgcc.a(_udivdi3.o)
                0x00000000c0108c90                __udivdi3
 *(.ctors)
 *(.dtors)

.iplt           0x00000000c0108d90        0x0 load address 0x0000000000108d90
 .iplt          0x00000000c0108d90        0x0 assert.o

.rodata         0x00000000c0109000      0x1e0 load address 0x0000000000109000
 *(.rodata)
 .rodata        0x00000000c0109000       0x70 string.o
 *fill*         0x00000000c0109070       0x10 
 .rodata        0x00000000c0109080       0x34 vfs/device.o
 *fill*         0x00000000c01090b4        0xc 
 .rodata        0x00000000c01090c0       0x74 fs/demofs/demofs_vnode.o
                0x00000000c01090c0                demofs_vnode_dir_ops
                0x00000000c0109100                demofs_vnode_file_ops
 *fill*         0x00000000c0109134        0xc 
 .rodata        0x00000000c0109140       0xa0 machine/lowlevel/idt.o

.rodata.str1.1  0x00000000c01091e0      0xd27 load address 0x00000000001091e0
 .rodata.str1.1
                0x00000000c01091e0       0x31 assert.o
 .rodata.str1.1
                0x00000000c0109211       0x21 ctype.o
 .rodata.str1.1
                0x00000000c0109232      0x26f string.o
 .rodata.str1.1
                0x00000000c01094a1        0xc dev/beeper.o
 .rodata.str1.1
                0x00000000c01094ad       0x4e dev/console.o
 .rodata.str1.1
                0x00000000c01094fb       0x17 dev/random.o
 .rodata.str1.1
                0x00000000c0109512        0xb dev/video.o
 .rodata.str1.1
                0x00000000c010951d      0x112 main/main.o
                                        0x120 (size before relaxing)
 .rodata.str1.1
                0x00000000c010962f       0x4f mem/heap.o
 .rodata.str1.1
                0x00000000c010967e       0x23 mem/physical.o
 .rodata.str1.1
                0x00000000c01096a1       0x96 mem/swapfile.o
 .rodata.str1.1
                0x00000000c0109737       0x77 mem/vas.o
 .rodata.str1.1
                0x00000000c01097ae       0x24 mem/virtual.o
 .rodata.str1.1
                0x00000000c01097d2       0x25 syscall/terminate.o
 .rodata.str1.1
                0x00000000c01097f7       0x23 test/runtest.o
 .rodata.str1.1
                0x00000000c010981a       0x1b thread/process.o
 .rodata.str1.1
                0x00000000c0109835       0x47 thread/synch.o
 .rodata.str1.1
                0x00000000c010987c      0x122 thread/thread.o
 .rodata.str1.1
                0x00000000c010999e       0x4d util/adt_blocking_byte_buffer.o
 .rodata.str1.1
                0x00000000c01099eb       0x79 util/adt_hashmap.o
 .rodata.str1.1
                0x00000000c0109a64      0x138 util/adt_list.o
 .rodata.str1.1
                0x00000000c0109b9c       0x3b util/kprintf.o
 .rodata.str1.1
                0x00000000c0109bd7       0x12 util/panic.o
 .rodata.str1.1
                0x00000000c0109be9       0x13 vfs/filedes.o
 .rodata.str1.1
                0x00000000c0109bfc       0x11 vfs/vfs.o
                                         0x13 (size before relaxing)
 .rodata.str1.1
                0x00000000c0109c0d       0x1b vfs/vnode.o
 .rodata.str1.1
                0x00000000c0109c28       0x29 fs/demofs/demofs_inodes.o
 .rodata.str1.1
                0x00000000c0109c51       0x1e machine/dev/cpu.o
 .rodata.str1.1
                0x00000000c0109c6f       0x7d machine/dev/floppy.o
                                         0x85 (size before relaxing)
 .rodata.str1.1
                0x00000000c0109cec       0x21 machine/dev/ide.o
                                         0x29 (size before relaxing)
 .rodata.str1.1
                0x00000000c0109d0d       0x40 machine/elf/elf.o
 .rodata.str1.1
                0x00000000c0109d4d       0x59 machine/elf/symbols.o
 .rodata.str1.1
                0x00000000c0109da6       0x27 machine/lowlevel/interrupt.o
 .rodata.str1.1
                0x00000000c0109dcd       0x18 machine/mem/physical.o
 .rodata.str1.1
                0x00000000c0109de5      0x100 machine/mem/virtual.o
 .rodata.str1.1
                0x00000000c0109ee5        0x9 test/runnable/canary.o
 .rodata.str1.1
                0x00000000c0109eee        0x7 test/runnable/heap.o
 .rodata.str1.1
                0x00000000c0109ef5       0x12 test/runnable/sleep.o

.eh_frame       0x00000000c0109f08     0x3258 load address 0x0000000000109f08
 .eh_frame      0x00000000c0109f08       0x34 assert.o
 .eh_frame      0x00000000c0109f3c      0x1c8 ctype.o
                                        0x1e0 (size before relaxing)
 .eh_frame      0x00000000c010a104      0x1f8 string.o
                                        0x210 (size before relaxing)
 .eh_frame      0x00000000c010a2fc       0x64 dev/beeper.o
                                         0x7c (size before relaxing)
 .eh_frame      0x00000000c010a360      0x144 dev/console.o
                                        0x15c (size before relaxing)
 .eh_frame      0x00000000c010a4a4       0x5c dev/interface.o
                                         0x74 (size before relaxing)
 .eh_frame      0x00000000c010a500       0x78 dev/pipe.o
                                         0x90 (size before relaxing)
 .eh_frame      0x00000000c010a578       0x70 dev/random.o
                                         0x88 (size before relaxing)
 .eh_frame      0x00000000c010a5e8       0xa4 dev/video.o
                                         0xbc (size before relaxing)
 .eh_frame      0x00000000c010a68c       0x3c main/main.o
                                         0x54 (size before relaxing)
 .eh_frame      0x00000000c010a6c8       0xfc mem/heap.o
                                        0x114 (size before relaxing)
 .eh_frame      0x00000000c010a7c4       0x7c mem/physical.o
                                         0x94 (size before relaxing)
 .eh_frame      0x00000000c010a840       0x74 mem/swapfile.o
                                         0x8c (size before relaxing)
 .eh_frame      0x00000000c010a8b4      0x1a0 mem/vas.o
                                        0x1b8 (size before relaxing)
 .eh_frame      0x00000000c010aa54       0xcc mem/virtual.o
                                         0xe4 (size before relaxing)
 .eh_frame      0x00000000c010ab20       0x2c syscall/close.o
                                         0x44 (size before relaxing)
 .eh_frame      0x00000000c010ab4c       0x60 syscall/dup.o
                                         0x78 (size before relaxing)
 .eh_frame      0x00000000c010abac       0x20 syscall/isatty.o
                                         0x38 (size before relaxing)
 .eh_frame      0x00000000c010abcc       0x2c syscall/lseek.o
                                         0x44 (size before relaxing)
 .eh_frame      0x00000000c010abf8       0x28 syscall/open.o
                                         0x40 (size before relaxing)
 .eh_frame      0x00000000c010ac20       0x2c syscall/read.o
                                         0x44 (size before relaxing)
 .eh_frame      0x00000000c010ac4c       0x2c syscall/sbrk.o
                                         0x44 (size before relaxing)
 .eh_frame      0x00000000c010ac78       0x48 syscall/syscall.o
                                         0x60 (size before relaxing)
 .eh_frame      0x00000000c010acc0       0x2c syscall/tcgetattr.o
                                         0x44 (size before relaxing)
 .eh_frame      0x00000000c010acec       0x2c syscall/tcsetattr.o
                                         0x44 (size before relaxing)
 .eh_frame      0x00000000c010ad18       0x1c syscall/terminate.o
                                         0x34 (size before relaxing)
 .eh_frame      0x00000000c010ad34       0x2c syscall/write.o
                                         0x44 (size before relaxing)
 .eh_frame      0x00000000c010ad60       0x20 syscall/yield.o
                                         0x38 (size before relaxing)
 .eh_frame      0x00000000c010ad80       0x34 test/runtest.o
                                         0x4c (size before relaxing)
 .eh_frame      0x00000000c010adb4       0x60 thread/cleaner.o
                                         0x78 (size before relaxing)
 .eh_frame      0x00000000c010ae14       0x3c thread/idle.o
                                         0x54 (size before relaxing)
 .eh_frame      0x00000000c010ae50       0x54 thread/loader.o
                                         0x6c (size before relaxing)
 .eh_frame      0x00000000c010aea4       0xcc thread/process.o
                                         0xe4 (size before relaxing)
 .eh_frame      0x00000000c010af70       0x8c thread/spinlock.o
                                         0xa4 (size before relaxing)
 .eh_frame      0x00000000c010affc      0x198 thread/synch.o
                                        0x1b0 (size before relaxing)
 .eh_frame      0x00000000c010b194      0x3a0 thread/thread.o
                                        0x3b8 (size before relaxing)
 .eh_frame      0x00000000c010b534       0xd0 util/adt_blocking_byte_buffer.o
                                         0xe8 (size before relaxing)
 .eh_frame      0x00000000c010b604      0x10c util/adt_hashmap.o
                                        0x124 (size before relaxing)
 .eh_frame      0x00000000c010b710      0x1e0 util/adt_list.o
                                        0x1f8 (size before relaxing)
 .eh_frame      0x00000000c010b8f0       0xa8 util/adt_stack.o
                                         0xc0 (size before relaxing)
 .eh_frame      0x00000000c010b998       0x60 util/bitarray.o
                                         0x78 (size before relaxing)
 .eh_frame      0x00000000c010b9f8       0x34 util/cpu.o
                                         0x4c (size before relaxing)
 .eh_frame      0x00000000c010ba2c      0x104 util/kprintf.o
                                        0x11c (size before relaxing)
 .eh_frame      0x00000000c010bb30       0x1c util/panic.o
                                         0x34 (size before relaxing)
 .eh_frame      0x00000000c010bb4c       0x84 vfs/copyinout.o
                                         0x9c (size before relaxing)
 .eh_frame      0x00000000c010bbd0      0x18c vfs/device.o
                                        0x1a4 (size before relaxing)
 .eh_frame      0x00000000c010bd5c      0x168 vfs/filedes.o
                                        0x180 (size before relaxing)
 .eh_frame      0x00000000c010bec4       0x9c vfs/uio.o
                                         0xb4 (size before relaxing)
 .eh_frame      0x00000000c010bf60      0x324 vfs/vfs.o
                                        0x33c (size before relaxing)
 .eh_frame      0x00000000c010c284      0x260 vfs/vnode.o
                                        0x278 (size before relaxing)
 .eh_frame      0x00000000c010c4e4       0x88 fs/demofs/demofs_inodes.o
                                         0xa0 (size before relaxing)
 .eh_frame      0x00000000c010c56c      0x208 fs/demofs/demofs_vnode.o
                                        0x220 (size before relaxing)
 .eh_frame      0x00000000c010c774       0x58 machine/dev/beeper.o
                                         0x70 (size before relaxing)
 .eh_frame      0x00000000c010c7cc       0x84 machine/dev/cpu.o
                                         0x9c (size before relaxing)
 .eh_frame      0x00000000c010c850      0x1e0 machine/dev/floppy.o
                                        0x1f8 (size before relaxing)
 .eh_frame      0x00000000c010ca30       0xa8 machine/dev/ide.o
                                         0xc0 (size before relaxing)
 .eh_frame      0x00000000c010cad8       0x54 machine/dev/pic.o
                                         0x6c (size before relaxing)
 .eh_frame      0x00000000c010cb2c       0x44 machine/dev/pit.o
                                         0x5c (size before relaxing)
 .eh_frame      0x00000000c010cb70       0xec machine/elf/elf.o
                                        0x104 (size before relaxing)
 .eh_frame      0x00000000c010cc5c       0x74 machine/elf/symbols.o
                                         0x8c (size before relaxing)
 .eh_frame      0x00000000c010ccd0       0x64 machine/lowlevel/gdt.o
                                         0x7c (size before relaxing)
 .eh_frame      0x00000000c010cd34       0x50 machine/lowlevel/idt.o
                                         0x68 (size before relaxing)
 .eh_frame      0x00000000c010cd84       0x98 machine/lowlevel/interrupt.o
                                         0xb0 (size before relaxing)
 .eh_frame      0x00000000c010ce1c       0x24 machine/lowlevel/tss.o
                                         0x3c (size before relaxing)
 .eh_frame      0x00000000c010ce40       0x28 machine/mem/physical.o
                                         0x40 (size before relaxing)
 .eh_frame      0x00000000c010ce68      0x1f4 machine/mem/virtual.o
                                        0x20c (size before relaxing)
 .eh_frame      0x00000000c010d05c       0x2c machine/thread/fork.o
                                         0x44 (size before relaxing)
 .eh_frame      0x00000000c010d088       0x20 test/runnable/canary.o
                                         0x38 (size before relaxing)
 .eh_frame      0x00000000c010d0a8       0x28 test/runnable/heap.o
                                         0x40 (size before relaxing)
 .eh_frame      0x00000000c010d0d0       0x24 test/runnable/sleep.o
                                         0x3c (size before relaxing)
 .eh_frame      0x00000000c010d0f4       0x6c /cygdrive/c/Users/Alex/Toolchain/Output/bin/../lib/gcc/i386-banana/8.1.0/libgcc.a(_udivdi3.o)
                                         0x84 (size before relaxing)

.rel.dyn        0x00000000c010d160        0x0 load address 0x000000000010d160
 .rel.got       0x00000000c010d160        0x0 assert.o
 .rel.iplt      0x00000000c010d160        0x0 assert.o
 .rel.text      0x00000000c010d160        0x0 assert.o
 .rel.multiboot.text
                0x00000000c010d160        0x0 assert.o

.data           0x00000000c010e000      0x2a4 load address 0x000000000010e000
 *(.data)
 .data          0x00000000c010e000        0x0 assert.o
 .data          0x00000000c010e000        0x0 ctype.o
 .data          0x00000000c010e000        0x0 string.o
 .data          0x00000000c010e000        0x0 dev/beeper.o
 .data          0x00000000c010e000        0x0 dev/console.o
 .data          0x00000000c010e000        0x0 dev/interface.o
 .data          0x00000000c010e000        0x0 dev/pipe.o
 .data          0x00000000c010e000        0x8 dev/random.o
 .data          0x00000000c010e008        0x0 dev/video.o
 .data          0x00000000c010e008        0x0 main/main.o
 .data          0x00000000c010e008        0x0 mem/heap.o
 .data          0x00000000c010e008        0x0 mem/physical.o
 .data          0x00000000c010e008        0x0 mem/swapfile.o
 .data          0x00000000c010e008        0x0 mem/vas.o
 .data          0x00000000c010e008        0x4 mem/virtual.o
                0x00000000c010e008                kernel_sbrk
 .data          0x00000000c010e00c        0x0 syscall/close.o
 .data          0x00000000c010e00c        0x0 syscall/dup.o
 .data          0x00000000c010e00c        0x0 syscall/isatty.o
 .data          0x00000000c010e00c        0x0 syscall/lseek.o
 .data          0x00000000c010e00c        0x0 syscall/open.o
 .data          0x00000000c010e00c        0x0 syscall/read.o
 .data          0x00000000c010e00c        0x0 syscall/sbrk.o
 .data          0x00000000c010e00c        0x0 syscall/syscall.o
 .data          0x00000000c010e00c        0x0 syscall/tcgetattr.o
 .data          0x00000000c010e00c        0x0 syscall/tcsetattr.o
 .data          0x00000000c010e00c        0x0 syscall/terminate.o
 .data          0x00000000c010e00c        0x0 syscall/write.o
 .data          0x00000000c010e00c        0x0 syscall/yield.o
 .data          0x00000000c010e00c       0x18 test/runtest.o
                0x00000000c010e00c                tests
 .data          0x00000000c010e024        0x0 thread/cleaner.o
 .data          0x00000000c010e024        0x0 thread/idle.o
 .data          0x00000000c010e024        0x0 thread/loader.o
 .data          0x00000000c010e024        0x4 thread/process.o
 .data          0x00000000c010e028        0x0 thread/spinlock.o
 .data          0x00000000c010e028        0x0 thread/synch.o
 .data          0x00000000c010e028        0x4 thread/thread.o
 .data          0x00000000c010e02c        0x0 util/adt_blocking_byte_buffer.o
 .data          0x00000000c010e02c        0x0 util/adt_hashmap.o
 .data          0x00000000c010e02c        0x0 util/adt_list.o
 .data          0x00000000c010e02c        0x0 util/adt_stack.o
 .data          0x00000000c010e02c        0x0 util/bitarray.o
 .data          0x00000000c010e02c        0x0 util/cpu.o
 .data          0x00000000c010e02c        0x0 util/kprintf.o
 .data          0x00000000c010e02c        0x0 util/panic.o
 .data          0x00000000c010e02c        0x0 vfs/copyinout.o
 .data          0x00000000c010e02c        0x0 vfs/device.o
 .data          0x00000000c010e02c        0x0 vfs/filedes.o
 .data          0x00000000c010e02c        0x0 vfs/uio.o
 .data          0x00000000c010e02c        0x0 vfs/vfs.o
 .data          0x00000000c010e02c        0x0 vfs/vnode.o
 .data          0x00000000c010e02c        0x0 fs/demofs/demofs_inodes.o
 .data          0x00000000c010e02c        0x0 fs/demofs/demofs_vnode.o
 .data          0x00000000c010e02c        0x0 machine/dev/beeper.o
 .data          0x00000000c010e02c        0x0 machine/dev/cpu.o
 .data          0x00000000c010e02c        0x4 machine/dev/floppy.o
                0x00000000c010e02c                stored_cylinder
 .data          0x00000000c010e030        0x0 machine/dev/ide.o
 .data          0x00000000c010e030        0x0 machine/dev/pic.o
 .data          0x00000000c010e030        0x0 machine/dev/pit.o
 .data          0x00000000c010e030        0x0 machine/elf/elf.o
 .data          0x00000000c010e030        0x0 machine/elf/symbols.o
 .data          0x00000000c010e030        0x0 machine/lowlevel/gdt.o
 .data          0x00000000c010e030        0x0 machine/lowlevel/idt.o
 *fill*         0x00000000c010e030       0x10 
 .data          0x00000000c010e040      0x260 machine/lowlevel/interrupt.o
 .data          0x00000000c010e2a0        0x0 machine/lowlevel/tss.o
 .data          0x00000000c010e2a0        0x4 machine/mem/physical.o
 .data          0x00000000c010e2a4        0x0 machine/mem/virtual.o
 .data          0x00000000c010e2a4        0x0 machine/thread/fork.o
 .data          0x00000000c010e2a4        0x0 test/runnable/canary.o
 .data          0x00000000c010e2a4        0x0 test/runnable/heap.o
 .data          0x00000000c010e2a4        0x0 test/runnable/sleep.o
 .data          0x00000000c010e2a4        0x0 /cygdrive/c/Users/Alex/Toolchain/Output/bin/../lib/gcc/i386-banana/8.1.0/libgcc.a(_udivdi3.o)

.got            0x00000000c010e2a4        0x0 load address 0x000000000010e2a4
 .got           0x00000000c010e2a4        0x0 assert.o

.got.plt        0x00000000c010e2a4        0x0 load address 0x000000000010e2a4
 .got.plt       0x00000000c010e2a4        0x0 assert.o

.igot.plt       0x00000000c010e2a4        0x0 load address 0x000000000010e2a4
 .igot.plt      0x00000000c010e2a4        0x0 assert.o

.bss            0x00000000c010f000     0xe000 load address 0x000000000010f000
 *(COMMON)
 COMMON         0x00000000c010f000       0x48 dev/beeper.o
                0x00000000c010f000                beeper_lock
 *fill*         0x00000000c010f048       0x18 
 COMMON         0x00000000c010f060      0x880 dev/console.o
                0x00000000c010f060                console_driver_lock
                0x00000000c010f0c0                line_buffer_char_width
                0x00000000c010f4c0                console_device
                0x00000000c010f4e0                line_buffer
 COMMON         0x00000000c010f8e0       0x48 dev/random.o
                0x00000000c010f8e0                random_lock
 *fill*         0x00000000c010f928       0x18 
 COMMON         0x00000000c010f940       0x48 dev/video.o
                0x00000000c010f940                video_lock
 *fill*         0x00000000c010f988       0x18 
 COMMON         0x00000000c010f9a0     0x2068 mem/heap.o
                0x00000000c010f9a0                bootstrap_heap
                0x00000000c01119a0                block_head
                0x00000000c01119c0                heap_lock
 *fill*         0x00000000c0111a08       0x18 
 COMMON         0x00000000c0111a20     0x1060 mem/physical.o
                0x00000000c0111a20                phys_lock
                0x00000000c0111a80                page_allocation_bitmap
 COMMON         0x00000000c0112a80       0x48 mem/virtual.o
                0x00000000c0112a80                virt_lock
 *fill*         0x00000000c0112ac8       0x18 
 COMMON         0x00000000c0112ae0       0x40 syscall/syscall.o
                0x00000000c0112ae0                syscall_table
 COMMON         0x00000000c0112b20       0x48 thread/thread.o
                0x00000000c0112b20                scheduler_lock
 COMMON         0x00000000c0112b68        0x4 util/cpu.o
                0x00000000c0112b68                current_cpu
 *fill*         0x00000000c0112b6c       0x14 
 COMMON         0x00000000c0112b80       0x48 vfs/vfs.o
                0x00000000c0112b80                vfs_lock
 COMMON         0x00000000c0112bc8        0x8 machine/dev/floppy.o
                0x00000000c0112bc8                cylinder_buffer
                0x00000000c0112bcc                cylinder_zero
 *fill*         0x00000000c0112bd0       0x10 
 COMMON         0x00000000c0112be0      0x400 machine/lowlevel/interrupt.o
                0x00000000c0112be0                x86_irq_handlers
 *fill*         0x00000000c0112fe0       0x20 
 COMMON         0x00000000c0113000     0x3580 machine/mem/virtual.o
                0x00000000c0113000                first_page_table
                0x00000000c0114000                temp_virtual_page
                0x00000000c0115000                kernel_page_directory
                0x00000000c0116000                kernel_vas_x86
                0x00000000c0116080                kernel_vas
 *(.bss)
 .bss           0x00000000c0116580        0x0 assert.o
 .bss           0x00000000c0116580        0x0 ctype.o
 .bss           0x00000000c0116580        0x0 string.o
 .bss           0x00000000c0116580        0x8 dev/beeper.o
                0x00000000c0116580                init_lock_yet
                0x00000000c0116584                default_beeper_driver
 .bss           0x00000000c0116588        0xc dev/console.o
                0x00000000c0116588                line_buffer_pos
                0x00000000c011658c                input_buffer
                0x00000000c0116590                default_console_driver
 .bss           0x00000000c0116594        0x0 dev/interface.o
 .bss           0x00000000c0116594        0x0 dev/pipe.o
 .bss           0x00000000c0116594       0x1c dev/random.o
 .bss           0x00000000c01165b0        0x4 dev/video.o
                0x00000000c01165b0                default_video_driver
 .bss           0x00000000c01165b4        0x0 main/main.o
 .bss           0x00000000c01165b4        0x9 mem/heap.o
                0x00000000c01165b4                heap_used
                0x00000000c01165b8                bootstrap_heap_pos
                0x00000000c01165bc                full_heap_initialised
 *fill*         0x00000000c01165bd        0x3 
 .bss           0x00000000c01165c0        0xc mem/physical.o
                0x00000000c01165c0                num_pages_total
                0x00000000c01165c4                num_pages_used
 *fill*         0x00000000c01165cc       0x14 
 .bss           0x00000000c01165e0       0x5c mem/swapfile.o
 .bss           0x00000000c011663c        0x0 mem/vas.o
 .bss           0x00000000c011663c        0x0 mem/virtual.o
 .bss           0x00000000c011663c        0x0 syscall/close.o
 .bss           0x00000000c011663c        0x0 syscall/dup.o
 .bss           0x00000000c011663c        0x0 syscall/isatty.o
 .bss           0x00000000c011663c        0x0 syscall/lseek.o
 .bss           0x00000000c011663c        0x0 syscall/open.o
 .bss           0x00000000c011663c        0x0 syscall/read.o
 .bss           0x00000000c011663c        0x0 syscall/sbrk.o
 .bss           0x00000000c011663c        0x0 syscall/syscall.o
 .bss           0x00000000c011663c        0x0 syscall/tcgetattr.o
 .bss           0x00000000c011663c        0x0 syscall/tcsetattr.o
 .bss           0x00000000c011663c        0x0 syscall/terminate.o
 .bss           0x00000000c011663c        0x0 syscall/write.o
 .bss           0x00000000c011663c        0x0 syscall/yield.o
 .bss           0x00000000c011663c        0x0 test/runtest.o
 .bss           0x00000000c011663c        0x4 thread/cleaner.o
 .bss           0x00000000c0116640        0x0 thread/idle.o
 .bss           0x00000000c0116640        0x0 thread/loader.o
 .bss           0x00000000c0116640       0x48 thread/process.o
 .bss           0x00000000c0116688        0x0 thread/spinlock.o
 .bss           0x00000000c0116688        0x0 thread/synch.o
 *fill*         0x00000000c0116688       0x18 
 .bss           0x00000000c01166a0       0xd8 thread/thread.o
                0x00000000c01166a0                terminated_thread_list
 .bss           0x00000000c0116778        0x0 util/adt_blocking_byte_buffer.o
 .bss           0x00000000c0116778        0x0 util/adt_hashmap.o
 .bss           0x00000000c0116778        0x0 util/adt_list.o
 .bss           0x00000000c0116778        0x0 util/adt_stack.o
 .bss           0x00000000c0116778        0x0 util/bitarray.o
 .bss           0x00000000c0116778        0x4 util/cpu.o
 .bss           0x00000000c011677c        0x0 util/kprintf.o
 .bss           0x00000000c011677c        0x0 util/panic.o
 .bss           0x00000000c011677c        0x0 vfs/copyinout.o
 .bss           0x00000000c011677c        0x0 vfs/device.o
 .bss           0x00000000c011677c        0x0 vfs/filedes.o
 .bss           0x00000000c011677c        0x0 vfs/uio.o
 .bss           0x00000000c011677c        0x4 vfs/vfs.o
                0x00000000c011677c                mount_list
 .bss           0x00000000c0116780        0x0 vfs/vnode.o
 .bss           0x00000000c0116780        0x0 fs/demofs/demofs_inodes.o
 .bss           0x00000000c0116780        0x0 fs/demofs/demofs_vnode.o
 .bss           0x00000000c0116780        0x8 machine/dev/beeper.o
 .bss           0x00000000c0116788        0x4 machine/dev/cpu.o
                0x00000000c0116788                x86_allow_interrupts
 .bss           0x00000000c011678c       0x2c machine/dev/floppy.o
                0x00000000c011678c                got_cylinder_zero
 .bss           0x00000000c01167b8       0x20 machine/dev/ide.o
                0x00000000c01167b8                ide_lock
 .bss           0x00000000c01167d8        0x0 machine/dev/pic.o
 .bss           0x00000000c01167d8        0x8 machine/dev/pit.o
                0x00000000c01167d8                pit_hertz
 .bss           0x00000000c01167e0        0x0 machine/elf/elf.o
 .bss           0x00000000c01167e0        0x4 machine/elf/symbols.o
                0x00000000c01167e0                loaded_symbols
 .bss           0x00000000c01167e4        0x0 machine/lowlevel/gdt.o
 .bss           0x00000000c01167e4        0x0 machine/lowlevel/idt.o
 .bss           0x00000000c01167e4        0x0 machine/lowlevel/interrupt.o
 .bss           0x00000000c01167e4        0x0 machine/lowlevel/tss.o
 .bss           0x00000000c01167e4       0x14 machine/mem/physical.o
                0x00000000c01167e4                memory_table
 .bss           0x00000000c01167f8        0x0 machine/mem/virtual.o
 .bss           0x00000000c01167f8        0x0 machine/thread/fork.o
 .bss           0x00000000c01167f8        0x0 test/runnable/canary.o
 .bss           0x00000000c01167f8        0x0 test/runnable/heap.o
 .bss           0x00000000c01167f8        0x0 test/runnable/sleep.o
 *fill*         0x00000000c01167f8      0x808 
 .bss           0x00000000c0117000     0x6000 machine/boot/kernel_entry.oo
 .bss           0x00000000c011d000        0x0 /cygdrive/c/Users/Alex/Toolchain/Output/bin/../lib/gcc/i386-banana/8.1.0/libgcc.a(_udivdi3.o)
 *(.bootstrap_stack)
                0x00000000c011d000                _kernel_end = .

/DISCARD/
 *(.comment)
OUTPUT(KERNEL.EXE elf32-i386)

.debug_info     0x0000000000000000      0xd25
 .debug_info    0x0000000000000000      0xd25 /cygdrive/c/Users/Alex/Toolchain/Output/bin/../lib/gcc/i386-banana/8.1.0/libgcc.a(_udivdi3.o)

.debug_abbrev   0x0000000000000000      0x23a
 .debug_abbrev  0x0000000000000000      0x23a /cygdrive/c/Users/Alex/Toolchain/Output/bin/../lib/gcc/i386-banana/8.1.0/libgcc.a(_udivdi3.o)

.debug_loc      0x0000000000000000      0x79c
 .debug_loc     0x0000000000000000      0x79c /cygdrive/c/Users/Alex/Toolchain/Output/bin/../lib/gcc/i386-banana/8.1.0/libgcc.a(_udivdi3.o)

.debug_aranges  0x0000000000000000       0x20
 .debug_aranges
                0x0000000000000000       0x20 /cygdrive/c/Users/Alex/Toolchain/Output/bin/../lib/gcc/i386-banana/8.1.0/libgcc.a(_udivdi3.o)

.debug_ranges   0x0000000000000000       0x28
 .debug_ranges  0x0000000000000000       0x28 /cygdrive/c/Users/Alex/Toolchain/Output/bin/../lib/gcc/i386-banana/8.1.0/libgcc.a(_udivdi3.o)

.debug_line     0x0000000000000000      0x2c5
 .debug_line    0x0000000000000000      0x2c5 /cygdrive/c/Users/Alex/Toolchain/Output/bin/../lib/gcc/i386-banana/8.1.0/libgcc.a(_udivdi3.o)

.debug_str      0x0000000000000000      0xb7b
 .debug_str     0x0000000000000000      0xb7b /cygdrive/c/Users/Alex/Toolchain/Output/bin/../lib/gcc/i386-banana/8.1.0/libgcc.a(_udivdi3.o)
                                        0xc29 (size before relaxing)
