Archive member included to satisfy reference by file (symbol)

/cygdrive/c/Users/Alex/Toolchain/Output/bin/../lib/gcc/i386-banana/8.1.0/libgcc.a(_udivdi3.o)
                              machine/dev/pit.o (__udivdi3)

Allocating common symbols
Common symbol       size              file

first_page_table    0x1000            machine/mem/virtual.o
cylinder_buffer     0x4               machine/dev/floppy.o
video_lock          0x48              dev/video.o
virt_lock           0x48              mem/virtual.o
console_driver_lock
                    0x48              dev/console.o
line_buffer_char_width
                    0x400             dev/console.o
bootstrap_heap      0x2000            mem/heap.o
x86_irq_handlers    0x400             machine/lowlevel/interrupt.o
temp_virtual_page   0x1000            machine/mem/virtual.o
phys_lock           0x48              mem/physical.o
kernel_page_directory
                    0x1000            machine/mem/virtual.o
random_lock         0x48              dev/random.o
block_head          0x4               mem/heap.o
vfs_lock            0x48              vfs/vfs.o
line_buffer         0x400             dev/console.o
page_allocation_bitmap
                    0x1000            mem/physical.o
kernel_vas_x86      0x80              machine/mem/virtual.o
kernel_vas          0x500             machine/mem/virtual.o
cylinder_zero       0x4               machine/dev/floppy.o
syscall_table       0x40              syscall/syscall.o
current_cpu         0x4               util/cpu.o
scheduler_lock      0x48              thread/thread.o
beeper_lock         0x48              dev/beeper.o
heap_lock           0x48              mem/heap.o

Discarded input sections

 .comment       0x0000000000000000       0x12 assert.o
 .comment       0x0000000000000000       0x12 ctype.o
 .comment       0x0000000000000000       0x12 string.o
 .comment       0x0000000000000000       0x12 dev/beeper.o
 .comment       0x0000000000000000       0x12 dev/console.o
 .comment       0x0000000000000000       0x12 dev/interface.o
 .comment       0x0000000000000000       0x12 dev/pipe.o
 .comment       0x0000000000000000       0x12 dev/random.o
 .comment       0x0000000000000000       0x12 dev/video.o
 .comment       0x0000000000000000       0x12 main/main.o
 .comment       0x0000000000000000       0x12 mem/heap.o
 .comment       0x0000000000000000       0x12 mem/physical.o
 .comment       0x0000000000000000       0x12 mem/swapfile.o
 .comment       0x0000000000000000       0x12 mem/vas.o
 .comment       0x0000000000000000       0x12 mem/virtual.o
 .comment       0x0000000000000000       0x12 syscall/close.o
 .comment       0x0000000000000000       0x12 syscall/isatty.o
 .comment       0x0000000000000000       0x12 syscall/lseek.o
 .comment       0x0000000000000000       0x12 syscall/open.o
 .comment       0x0000000000000000       0x12 syscall/read.o
 .comment       0x0000000000000000       0x12 syscall/sbrk.o
 .comment       0x0000000000000000       0x12 syscall/syscall.o
 .comment       0x0000000000000000       0x12 syscall/terminate.o
 .comment       0x0000000000000000       0x12 syscall/write.o
 .comment       0x0000000000000000       0x12 syscall/yield.o
 .comment       0x0000000000000000       0x12 test/runtest.o
 .comment       0x0000000000000000       0x12 thread/cleaner.o
 .comment       0x0000000000000000       0x12 thread/filedes.o
 .comment       0x0000000000000000       0x12 thread/idle.o
 .comment       0x0000000000000000       0x12 thread/loader.o
 .comment       0x0000000000000000       0x12 thread/process.o
 .comment       0x0000000000000000       0x12 thread/spinlock.o
 .comment       0x0000000000000000       0x12 thread/synch.o
 .comment       0x0000000000000000       0x12 thread/thread.o
 .comment       0x0000000000000000       0x12 util/adt_blocking_byte_buffer.o
 .comment       0x0000000000000000       0x12 util/adt_hashmap.o
 .comment       0x0000000000000000       0x12 util/adt_list.o
 .comment       0x0000000000000000       0x12 util/adt_stack.o
 .comment       0x0000000000000000       0x12 util/bitarray.o
 .comment       0x0000000000000000       0x12 util/cpu.o
 .comment       0x0000000000000000       0x12 util/kprintf.o
 .comment       0x0000000000000000       0x12 util/panic.o
 .comment       0x0000000000000000       0x12 vfs/copyinout.o
 .comment       0x0000000000000000       0x12 vfs/device.o
 .comment       0x0000000000000000       0x12 vfs/uio.o
 .comment       0x0000000000000000       0x12 vfs/vfs.o
 .comment       0x0000000000000000       0x12 vfs/vnode.o
 .comment       0x0000000000000000       0x12 fs/demofs/demofs_inodes.o
 .comment       0x0000000000000000       0x12 fs/demofs/demofs_vnode.o
 .comment       0x0000000000000000       0x12 machine/dev/beeper.o
 .comment       0x0000000000000000       0x12 machine/dev/cpu.o
 .comment       0x0000000000000000       0x12 machine/dev/floppy.o
 .comment       0x0000000000000000       0x12 machine/dev/ide.o
 .comment       0x0000000000000000       0x12 machine/dev/pic.o
 .comment       0x0000000000000000       0x12 machine/dev/pit.o
 .comment       0x0000000000000000       0x12 machine/elf/elf.o
 .comment       0x0000000000000000       0x12 machine/elf/symbols.o
 .comment       0x0000000000000000       0x12 machine/lowlevel/gdt.o
 .comment       0x0000000000000000       0x12 machine/lowlevel/idt.o
 .comment       0x0000000000000000       0x12 machine/lowlevel/interrupt.o
 .comment       0x0000000000000000       0x12 machine/lowlevel/tss.o
 .comment       0x0000000000000000       0x12 machine/mem/physical.o
 .comment       0x0000000000000000       0x12 machine/mem/virtual.o
 .comment       0x0000000000000000       0x12 machine/thread/fork.o
 .comment       0x0000000000000000       0x12 test/runnable/canary.o
 .comment       0x0000000000000000       0x12 test/runnable/heap.o
 .comment       0x0000000000000000       0x12 test/runnable/sleep.o
 .comment       0x0000000000000000       0x12 /cygdrive/c/Users/Alex/Toolchain/Output/bin/../lib/gcc/i386-banana/8.1.0/libgcc.a(_udivdi3.o)

Memory Configuration

Name             Origin             Length             Attributes
*default*        0x0000000000000000 0xffffffffffffffff

Linker script and memory map

LOAD assert.o
LOAD ctype.o
LOAD string.o
LOAD dev/beeper.o
LOAD dev/console.o
LOAD dev/interface.o
LOAD dev/pipe.o
LOAD dev/random.o
LOAD dev/video.o
LOAD main/main.o
LOAD mem/heap.o
LOAD mem/physical.o
LOAD mem/swapfile.o
LOAD mem/vas.o
LOAD mem/virtual.o
LOAD syscall/close.o
LOAD syscall/isatty.o
LOAD syscall/lseek.o
LOAD syscall/open.o
LOAD syscall/read.o
LOAD syscall/sbrk.o
LOAD syscall/syscall.o
LOAD syscall/terminate.o
LOAD syscall/write.o
LOAD syscall/yield.o
LOAD test/runtest.o
LOAD thread/cleaner.o
LOAD thread/filedes.o
LOAD thread/idle.o
LOAD thread/loader.o
LOAD thread/process.o
LOAD thread/spinlock.o
LOAD thread/synch.o
LOAD thread/thread.o
LOAD util/adt_blocking_byte_buffer.o
LOAD util/adt_hashmap.o
LOAD util/adt_list.o
LOAD util/adt_stack.o
LOAD util/bitarray.o
LOAD util/cpu.o
LOAD util/kprintf.o
LOAD util/panic.o
LOAD vfs/copyinout.o
LOAD vfs/device.o
LOAD vfs/uio.o
LOAD vfs/vfs.o
LOAD vfs/vnode.o
LOAD fs/demofs/demofs_inodes.o
LOAD fs/demofs/demofs_vnode.o
LOAD machine/dev/beeper.o
LOAD machine/dev/cpu.o
LOAD machine/dev/floppy.o
LOAD machine/dev/ide.o
LOAD machine/dev/pic.o
LOAD machine/dev/pit.o
LOAD machine/elf/elf.o
LOAD machine/elf/symbols.o
LOAD machine/lowlevel/gdt.o
LOAD machine/lowlevel/idt.o
LOAD machine/lowlevel/interrupt.o
LOAD machine/lowlevel/tss.o
LOAD machine/mem/physical.o
LOAD machine/mem/virtual.o
LOAD machine/thread/fork.o
LOAD test/runnable/canary.o
LOAD test/runnable/heap.o
LOAD test/runnable/sleep.o
LOAD machine/boot/kernel_entry.oo
LOAD machine/lowlevel/gdt.oo
LOAD machine/lowlevel/idt.oo
LOAD machine/lowlevel/misc.oo
LOAD machine/lowlevel/trap.oo
LOAD machine/lowlevel/tss.oo
LOAD machine/mem/virtual.oo
LOAD machine/thread/spinlock.oo
LOAD machine/thread/switch.oo
LOAD machine/thread/usermode.oo
LOAD /cygdrive/c/Users/Alex/Toolchain/Output/bin/../lib/gcc/i386-banana/8.1.0/libgcc.a
                0x0000000000100000                . = 0x100000
                0x0000000000100000                _kernel_start = .

.multiboot.data
                0x0000000000100000        0xc
 *(.multiboot.data)
 .multiboot.data
                0x0000000000100000        0xc machine/boot/kernel_entry.oo

.multiboot.text
                0x000000000010000c       0x77
 *(.multiboot.text)
 .multiboot.text
                0x000000000010000c       0x77 machine/boot/kernel_entry.oo
                0x000000000010000c                _start
                0x00000000c0100083                . = (. + 0xc0000000)

.text           0x00000000c0101000     0x79cf load address 0x0000000000101000
 *(.text)
 .text          0x00000000c0101000       0x29 assert.o
                0x00000000c0101000                assertion_fail
 .text          0x00000000c0101029      0x19c ctype.o
                0x00000000c0101029                toupper
                0x00000000c010103c                tolower
                0x00000000c010104f                isalpha
                0x00000000c0101066                isalnum
                0x00000000c0101090                iscntrl
                0x00000000c01010a9                isblank
                0x00000000c01010c2                isdigit
                0x00000000c01010d6                islower
                0x00000000c01010ea                ispunct
                0x00000000c0101114                isgraph
                0x00000000c010114a                isprint
                0x00000000c0101172                isspace
                0x00000000c010118e                isupper
                0x00000000c01011a2                isxdigit
 .text          0x00000000c01011c5      0x1d2 string.o
                0x00000000c01011c5                memchr
                0x00000000c01011e2                memcmp
                0x00000000c0101216                memcpy
                0x00000000c010122c                memmove
                0x00000000c010125b                memset
                0x00000000c0101270                strcat
                0x00000000c0101297                strchr
                0x00000000c01012ad                strcmp
                0x00000000c01012cd                strcpy
                0x00000000c01012e5                strerror
                0x00000000c01012fe                strlen
                0x00000000c0101311                strncpy
                0x00000000c0101339                strdup
                0x00000000c0101367                strncmp
 .text          0x00000000c0101397      0x168 dev/beeper.o
                0x00000000c0101397                beeper_start
                0x00000000c010140c                beeper_stop
                0x00000000c010147d                beeper_register_driver
 .text          0x00000000c01014ff      0x425 dev/console.o
                0x00000000c0101634                console_register_driver
                0x00000000c0101692                console_init
                0x00000000c0101714                console_panic
                0x00000000c010171c                console_putc
                0x00000000c0101750                console_received_character
                0x00000000c01018c8                console_getc
                0x00000000c01018f6                console_gets
 .text          0x00000000c0101924       0x1a dev/interface.o
                0x00000000c0101924                interface_init
                0x00000000c0101935                interface_io_not_needed
                0x00000000c0101938                interface_check_open_not_needed
                0x00000000c010193b                interface_ioctl_not_needed
 .text          0x00000000c010193e      0x137 dev/pipe.o
                0x00000000c01019cf                pipe_initialise_internal
                0x00000000c01019ff                pipe_create
 .text          0x00000000c0101a75      0x159 dev/random.o
                0x00000000c0101a75                random_io
                0x00000000c0101b10                random_init
                0x00000000c0101b81                rand32
 .text          0x00000000c0101bce      0x181 dev/video.o
                0x00000000c0101bce                video_init
                0x00000000c0101be8                video_register_driver
                0x00000000c0101c46                video_putpixel
                0x00000000c0101c99                video_putline
                0x00000000c0101cf3                video_putrect
 .text          0x00000000c0101d4f      0x359 main/main.o
                0x00000000c0101d4f                basic_shell
                0x00000000c0101ff1                kernel_main
 .text          0x00000000c01020a8      0x327 mem/heap.o
                0x00000000c01020e2                heap_init
                0x00000000c0102103                heap_reinit
                0x00000000c01021bb                malloc
                0x00000000c01022d7                free
                0x00000000c010239b                realloc
 .text          0x00000000c01023cf      0x184 mem/physical.o
                0x00000000c01023cf                phys_init
                0x00000000c0102489                phys_allocate_page
                0x00000000c0102516                phys_free_page
 .text          0x00000000c0102553      0x1c9 mem/swapfile.o
                0x00000000c0102553                swapfile_init
                0x00000000c01025d6                swapfile_write
                0x00000000c0102698                swapfile_read
 .text          0x00000000c010271c      0x30c mem/vas.o
                0x00000000c010271c                vas_create
                0x00000000c0102752                vas_get_current_vas
                0x00000000c010275b                vas_flush_tlb
                0x00000000c0102760                vas_destroy
                0x00000000c01027b1                vas_load
                0x00000000c01027e6                vas_copy
                0x00000000c0102834                vas_map
                0x00000000c010287c                vas_reflag
                0x00000000c01028c6                vas_virtual_to_physical
                0x00000000c01028fe                vas_unmap
                0x00000000c0102969                vas_perform_page_replacement
 .text          0x00000000c0102a28      0x132 mem/virtual.o
                0x00000000c0102a28                virt_init
                0x00000000c0102a42                virt_bytes_to_pages
                0x00000000c0102a52                virt_allocate_unbacked_krnl_region
                0x00000000c0102aac                virt_deallocate_unbacked_krnl_region
                0x00000000c0102aad                virt_allocate_backed_pages
                0x00000000c0102b1b                virt_free_backed_pages
 .text          0x00000000c0102b5a       0x3d syscall/close.o
                0x00000000c0102b5a                sys_close
 .text          0x00000000c0102b97       0x45 syscall/isatty.o
                0x00000000c0102b97                sys_isatty
 .text          0x00000000c0102bdc       0xfa syscall/lseek.o
                0x00000000c0102bdc                sys_lseek
 .text          0x00000000c0102cd6       0x96 syscall/open.o
                0x00000000c0102cd6                sys_open
 .text          0x00000000c0102d6c       0xa1 syscall/read.o
                0x00000000c0102d6c                sys_read
 .text          0x00000000c0102e0d       0xed syscall/sbrk.o
                0x00000000c0102e0d                sys_sbrk
 .text          0x00000000c0102efa       0x99 syscall/syscall.o
                0x00000000c0102efa                syscall_init
                0x00000000c0102f6d                syscall_perform
 .text          0x00000000c0102f93       0x18 syscall/terminate.o
                0x00000000c0102f93                sys_terminate
 .text          0x00000000c0102fab       0xa9 syscall/write.o
                0x00000000c0102fab                sys_write
 .text          0x00000000c0103054        0xf syscall/yield.o
                0x00000000c0103054                sys_yield
 .text          0x00000000c0103063       0x47 test/runtest.o
                0x00000000c0103063                test_run
 .text          0x00000000c01030aa       0xee thread/cleaner.o
                0x00000000c01030aa                cleaner_thread_task
                0x00000000c0103158                cleaner_thread_init
                0x00000000c010317b                cleaner_thread_awaken
 .text          0x00000000c0103198      0x223 thread/filedes.o
                0x00000000c0103198                filedes_table_create
                0x00000000c01031ec                filedes_table_copy
                0x00000000c0103271                filedesc_seek
                0x00000000c01032b4                fildesc_convert_to_vnode
                0x00000000c0103302                filedesc_table_register_vnode
 .text          0x00000000c01033bb       0x39 thread/idle.o
                0x00000000c01033d5                idle_thread_init
 .text          0x00000000c01033f4      0x1ae thread/loader.o
                0x00000000c01033f4                load_program
                0x00000000c01034ad                load_driver
 .text          0x00000000c01035a2      0x116 thread/process.o
                0x00000000c01035a2                process_create_child
                0x00000000c010360b                process_create
                0x00000000c010362a                process_kill
                0x00000000c0103630                process_add_thread
                0x00000000c0103667                process_create_thread
                0x00000000c010369e                process_init
 .text          0x00000000c01036b8       0x6b thread/spinlock.o
                0x00000000c01036b8                spinlock_is_held
                0x00000000c01036c7                spinlock_init
                0x00000000c01036f8                spinlock_acquire
                0x00000000c01036fd                spinlock_release
                0x00000000c0103702                spinlock_acquire_if_unlocked
 .text          0x00000000c0103723      0x285 thread/synch.o
                0x00000000c0103723                semaphore_create
                0x00000000c010374c                semaphore_destory
                0x00000000c0103751                semaphore_acquire
                0x00000000c01037c2                semaphore_try_acquire
                0x00000000c0103812                semaphore_release
                0x00000000c0103868                semaphore_set_count
                0x00000000c01038ab                rw_lock_create
                0x00000000c01038e6                rw_lock_destroy
                0x00000000c010390f                rw_lock_acquire_read
                0x00000000c010394a                rw_lock_release_read
                0x00000000c0103986                rw_lock_acquire_write
                0x00000000c0103997                rw_lock_release_write
 .text          0x00000000c01039a8      0xa65 thread/thread.o
                0x00000000c0103a75                thread_stack_check_canary
                0x00000000c0103aa4                thread_execve
                0x00000000c0103ac3                thread_init
                0x00000000c0103bf2                thread_fork
                0x00000000c0103d21                thread_create
                0x00000000c0103e14                thread_postpone_switches
                0x00000000c0103e37                thread_schedule
                0x00000000c0103f50                thread_block
                0x00000000c0103f66                thread_unblock
                0x00000000c0103fa6                thread_end_postpone_switches
                0x00000000c0103feb                get_time_since_boot
                0x00000000c0104020                thread_nano_sleep_until
                0x00000000c0104096                thread_nano_sleep
                0x00000000c01040b8                thread_sleep
                0x00000000c01040d2                thread_yield
                0x00000000c01040f8                thread_terminate
                0x00000000c010419c                thread_execute_in_usermode
                0x00000000c0104283                thread_startup_handler
                0x00000000c01042aa                thread_received_timer_interrupt_bsp
                0x00000000c01042e3                thread_received_timer_interrupt
                0x00000000c01043cb                thread_set_priority
 .text          0x00000000c010440d      0x189 util/adt_blocking_byte_buffer.o
                0x00000000c010440d                adt_blocking_byte_buffer_create
                0x00000000c0104472                adt_blocking_byte_buffer_destroy
                0x00000000c0104492                adt_blocking_byte_buffer_add
                0x00000000c01044f8                adt_blocking_byte_buffer_get
                0x00000000c010453d                adt_blocking_byte_buffer_try_get
 .text          0x00000000c0104596      0x207 util/adt_hashmap.o
                0x00000000c0104596                adt_hashmap_create
                0x00000000c0104603                adt_hashmap_contains
                0x00000000c010466e                adt_hashmap_add
                0x00000000c01046dc                adt_hashmap_get
                0x00000000c010475a                adt_hashmap_size
                0x00000000c0104765                adt_hashmap_null_terminated_string_hash_function
                0x00000000c0104782                adt_hashmap_null_terminated_string_equality_function
 .text          0x00000000c010479d      0x2e6 util/adt_list.o
                0x00000000c010479d                adt_list_create
                0x00000000c01047cb                adt_list_add_front
                0x00000000c0104809                adt_list_add_back
                0x00000000c0104848                adt_list_remove_front
                0x00000000c0104890                adt_list_destroy
                0x00000000c01048b8                adt_list_remove_back
                0x00000000c0104929                adt_list_get_front
                0x00000000c010494b                adt_list_get_back
                0x00000000c010496e                adt_list_size
                0x00000000c0104979                adt_list_reset
                0x00000000c010498a                adt_list_has_next
                0x00000000c01049af                adt_list_get_next
                0x00000000c01049e6                adt_list_circulate
                0x00000000c0104a0a                adt_list_remove_element
 .text          0x00000000c0104a83       0x71 util/adt_stack.o
                0x00000000c0104a83                adt_stack_create
                0x00000000c0104aa1                adt_stack_destroy
                0x00000000c0104ac1                adt_stack_push
                0x00000000c0104ad2                adt_stack_pop
                0x00000000c0104ae3                adt_stack_size
 .text          0x00000000c0104af4       0x5d util/bitarray.o
                0x00000000c0104af4                bitarray_set
                0x00000000c0104b10                bitarray_clear
                0x00000000c0104b2e                bitarray_is_set
 .text          0x00000000c0104b51       0x1d util/cpu.o
                0x00000000c0104b51                cpu_get_count
                0x00000000c0104b57                cpu_init
 .text          0x00000000c0104b6e      0x281 util/kprintf.o
                0x00000000c0104c35                kprintf
                0x00000000c0104d12                kprintfnv
 .text          0x00000000c0104def       0x22 util/panic.o
                0x00000000c0104def                panic
 .text          0x00000000c0104e11      0x10f vfs/copyinout.o
                0x00000000c0104ead                copyin
                0x00000000c0104ee5                copyout
 .text          0x00000000c0104f20      0x17a vfs/device.o
                0x00000000c010505b                dev_create_vnode
 .text          0x00000000c010509a      0x16c vfs/uio.o
                0x00000000c010509a                uio_move
                0x00000000c010510a                uio_move_string_to_usermode
                0x00000000c0105183                uio_move_string_from_usermode
                0x00000000c01051df                uio_construct
 .text          0x00000000c0105206      0xa5c vfs/vfs.o
                0x00000000c0105329                vfs_init
                0x00000000c010534d                vfs_get_path_component
                0x00000000c0105626                vfs_get_final_component
                0x00000000c01057a7                vfs_mount_filesystem
                0x00000000c01058e2                vfs_add_device
                0x00000000c01059ad                vfs_remove_device
                0x00000000c0105a7b                vfs_close
                0x00000000c0105a9d                vfs_open
                0x00000000c0105af0                vfs_add_virtual_mount_point
                0x00000000c0105be1                vfs_write
                0x00000000c0105c0d                vfs_read
 .text          0x00000000c0105c62      0x2a7 vfs/vnode.o
                0x00000000c0105c62                vnode_init
                0x00000000c0105cb7                vnode_check
                0x00000000c0105cee                vnode_reference
                0x00000000c0105d16                vnode_op_check_open
                0x00000000c0105d46                vnode_op_read
                0x00000000c0105d6e                vnode_op_readdir
                0x00000000c0105d96                vnode_op_write
                0x00000000c0105dbe                vnode_op_ioctl
                0x00000000c0105dee                vnode_op_is_seekable
                0x00000000c0105e0d                vnode_op_is_tty
                0x00000000c0105e2c                vnode_op_close
                0x00000000c0105e38                vnode_dereference
                0x00000000c0105e92                vnode_op_follow
                0x00000000c0105ec2                vnode_op_dirent_type
                0x00000000c0105ee1                vnode_op_stat
 .text          0x00000000c0105f09      0x2e6 fs/demofs/demofs_inodes.o
                0x00000000c0105f09                demofs_read_inode
                0x00000000c0105f5d                demofs_read_file
                0x00000000c0106088                demofs_follow
 .text          0x00000000c01061ef      0x235 fs/demofs/demofs_vnode.o
                0x00000000c0106310                demofs_root_creator
                0x00000000c0106364                demofs_create_file_vnode
                0x00000000c0106388                demofs_create_dir_vnode
 .text          0x00000000c0106424       0x60 machine/dev/beeper.o
                0x00000000c010645b                x86_beeper_register
 .text          0x00000000c0106484       0xa8 machine/dev/cpu.o
                0x00000000c0106484                arch_initialise_devices_no_fs
                0x00000000c0106489                arch_initialise_devices_with_fs
                0x00000000c01064b5                arch_cpu_initialise_bootstrap
                0x00000000c0106506                arch_all_cpus_are_done
                0x00000000c0106515                arch_reboot
 .text          0x00000000c010652c      0x73e machine/dev/floppy.o
                0x00000000c0106b89                floppy_initialise
 .text          0x00000000c0106c6a      0x45e machine/dev/ide.o
                0x00000000c0106c6a                ide_check_errors
                0x00000000c0106cc0                ide_poll
                0x00000000c0106faa                ide_initialise
 .text          0x00000000c01070c8       0x93 machine/dev/pic.o
                0x00000000c01070c8                pic_is_spurious
                0x00000000c0107115                pic_eoi
                0x00000000c0107128                pic_initialise
 .text          0x00000000c010715b       0x78 machine/dev/pit.o
                0x00000000c010718c                pit_initialise
 .text          0x00000000c01071d3      0x3b4 machine/elf/elf.o
                0x00000000c01074a3                is_elf_valid
                0x00000000c01074c5                arch_load_driver
                0x00000000c010751e                arch_start_driver
                0x00000000c010753f                arch_exec
 .text          0x00000000c0107587      0x399 machine/elf/symbols.o
                0x00000000c0107587                ksymbol_add_symbol
                0x00000000c01078db                ksymbol_get_address_from_name
 .text          0x00000000c0107920       0xe8 machine/lowlevel/gdt.o
                0x00000000c0107920                x86_gdt_create_entry
                0x00000000c010795f                x86_gdt_initialise
                0x00000000c01079d5                x86_gdt_add_tss
 .text          0x00000000c0107a08       0xf3 machine/lowlevel/idt.o
                0x00000000c0107a08                x86_idt_set_entry
                0x00000000c0107a4a                x86_idt_initialise
 .text          0x00000000c0107afb      0x12c machine/lowlevel/interrupt.o
                0x00000000c0107afb                x86_handle_syscall
                0x00000000c0107b31                x86_register_interrupt_handler
                0x00000000c0107b61                x86_interrupt_initialise
                0x00000000c0107b99                x86_interrupt_handler
 .text          0x00000000c0107c27       0x51 machine/lowlevel/tss.o
                0x00000000c0107c27                x86_tss_initialise
 .text          0x00000000c0107c78       0xdc machine/mem/physical.o
                0x00000000c0107c78                arch_get_memory
 .text          0x00000000c0107d54      0x750 machine/mem/virtual.o
                0x00000000c0107d54                lowmem_physical_to_virtual
                0x00000000c0107d61                arch_vas_destroy
                0x00000000c0107d66                arch_vas_load
                0x00000000c0107d77                arch_vas_set_entry
                0x00000000c0107e3f                x86_per_cpu_virt_initialise
                0x00000000c0108003                x86_get_entry
                0x00000000c010810c                arch_vas_create
                0x00000000c0108191                arch_vas_copy
                0x00000000c0108287                x86_handle_page_fault
                0x00000000c01083e5                arch_vas_get_entry
                0x00000000c0108442                arch_find_page_replacement_virt_address
 .text          0x00000000c01084a4       0x68 machine/thread/fork.o
                0x00000000c01084a4                arch_set_forked_kernel_stack
 .text          0x00000000c010850c       0x37 test/runnable/canary.o
                0x00000000c010850c                test_stack_canary
 .text          0x00000000c0108543       0x7e test/runnable/heap.o
                0x00000000c0108543                test_heap
 .text          0x00000000c01085c1       0x4a test/runnable/sleep.o
                0x00000000c01085c1                test_sleep
 *fill*         0x00000000c010860b        0x5 
 .text          0x00000000c0108610       0x6b machine/boot/kernel_entry.oo
                0x00000000c0108610                vesa_depth
                0x00000000c0108611                vesa_framebuffer
                0x00000000c0108615                vesa_width
                0x00000000c0108617                vesa_height
                0x00000000c0108619                vesa_pitch
                0x00000000c010861b                x86_grub_table
 *fill*         0x00000000c010867b        0x5 
 .text          0x00000000c0108680       0x1d machine/lowlevel/gdt.oo
                0x00000000c0108680                x86_gdt_load
 *fill*         0x00000000c010869d        0x3 
 .text          0x00000000c01086a0        0x8 machine/lowlevel/idt.oo
                0x00000000c01086a0                x86_idt_load
 *fill*         0x00000000c01086a8        0x8 
 .text          0x00000000c01086b0       0x1f machine/lowlevel/misc.oo
                0x00000000c01086b0                arch_read_timestamp
                0x00000000c01086b3                arch_enable_interrupts
                0x00000000c01086b5                arch_disable_interrupts
                0x00000000c01086b7                arch_stall_processor
                0x00000000c01086b9                arch_flush_tlb
                0x00000000c01086c0                x86_get_cr2
                0x00000000c01086c4                x86_are_irqs_on
 *fill*         0x00000000c01086cf        0x1 
 .text          0x00000000c01086d0      0x138 machine/lowlevel/trap.oo
                0x00000000c01086d0                isr0
                0x00000000c01086d9                isr1
                0x00000000c01086e2                isr2
                0x00000000c01086eb                isr3
                0x00000000c01086f4                isr4
                0x00000000c01086fd                isr5
                0x00000000c0108706                isr6
                0x00000000c010870f                isr7
                0x00000000c0108718                isr8
                0x00000000c010871f                isr9
                0x00000000c0108728                isr10
                0x00000000c010872f                isr11
                0x00000000c0108736                isr12
                0x00000000c010873d                isr13
                0x00000000c0108744                isr14
                0x00000000c010874b                isr15
                0x00000000c0108754                isr16
                0x00000000c010875d                isr17
                0x00000000c0108761                isr18
                0x00000000c0108767                isr19
                0x00000000c010876d                isr20
                0x00000000c0108773                isr21
                0x00000000c0108779                isr96
                0x00000000c010877f                irq0
                0x00000000c0108785                irq1
                0x00000000c010878b                irq2
                0x00000000c0108791                irq3
                0x00000000c0108797                irq4
                0x00000000c010879d                irq5
                0x00000000c01087a3                irq6
                0x00000000c01087a9                irq7
                0x00000000c01087af                irq8
                0x00000000c01087b5                irq9
                0x00000000c01087bb                irq10
                0x00000000c01087c1                irq11
                0x00000000c01087c7                irq12
                0x00000000c01087cd                irq13
                0x00000000c01087d3                irq14
                0x00000000c01087d9                irq15
 *fill*         0x00000000c0108808        0x8 
 .text          0x00000000c0108810        0x8 machine/lowlevel/tss.oo
                0x00000000c0108810                x86_tss_load
 *fill*         0x00000000c0108818        0x8 
 .text          0x00000000c0108820        0x8 machine/mem/virtual.oo
                0x00000000c0108820                x86_set_cr3
 *fill*         0x00000000c0108828        0x8 
 .text          0x00000000c0108830       0x3f machine/thread/spinlock.oo
                0x00000000c0108834                arch_irq_spinlock_acquire
                0x00000000c0108853                arch_irq_spinlock_release
 *fill*         0x00000000c010886f        0x1 
 .text          0x00000000c0108870       0x3d machine/thread/switch.oo
                0x00000000c0108870                arch_prepare_stack
                0x00000000c010887f                arch_switch_thread
 *fill*         0x00000000c01088ad        0x3 
 .text          0x00000000c01088b0       0x20 machine/thread/usermode.oo
                0x00000000c01088b0                arch_switch_to_usermode
 .text          0x00000000c01088d0       0xff /cygdrive/c/Users/Alex/Toolchain/Output/bin/../lib/gcc/i386-banana/8.1.0/libgcc.a(_udivdi3.o)
                0x00000000c01088d0                __udivdi3
 *(.ctors)
 *(.dtors)

.iplt           0x00000000c01089d0        0x0 load address 0x00000000001089d0
 .iplt          0x00000000c01089d0        0x0 assert.o

.rodata         0x00000000c0109000      0x1c0 load address 0x0000000000109000
 *(.rodata)
 .rodata        0x00000000c0109000       0x4c string.o
 *fill*         0x00000000c010904c       0x14 
 .rodata        0x00000000c0109060       0x34 vfs/device.o
 *fill*         0x00000000c0109094        0xc 
 .rodata        0x00000000c01090a0       0x74 fs/demofs/demofs_vnode.o
                0x00000000c01090a0                demofs_vnode_dir_ops
                0x00000000c01090e0                demofs_vnode_file_ops
 *fill*         0x00000000c0109114        0xc 
 .rodata        0x00000000c0109120       0xa0 machine/lowlevel/idt.o

.rodata.str1.1  0x00000000c01091c0      0xc82 load address 0x00000000001091c0
 .rodata.str1.1
                0x00000000c01091c0       0x31 assert.o
 .rodata.str1.1
                0x00000000c01091f1       0x21 ctype.o
 .rodata.str1.1
                0x00000000c0109212      0x1cb string.o
 .rodata.str1.1
                0x00000000c01093dd        0xc dev/beeper.o
 .rodata.str1.1
                0x00000000c01093e9       0x4e dev/console.o
 .rodata.str1.1
                0x00000000c0109437       0x17 dev/random.o
 .rodata.str1.1
                0x00000000c010944e        0xb dev/video.o
 .rodata.str1.1
                0x00000000c0109459      0x111 main/main.o
                                        0x11b (size before relaxing)
 .rodata.str1.1
                0x00000000c010956a       0x4f mem/heap.o
 .rodata.str1.1
                0x00000000c01095b9       0x23 mem/physical.o
 .rodata.str1.1
                0x00000000c01095dc       0x96 mem/swapfile.o
 .rodata.str1.1
                0x00000000c0109672       0x77 mem/vas.o
 .rodata.str1.1
                0x00000000c01096e9       0x24 mem/virtual.o
 .rodata.str1.1
                0x00000000c010970d       0x25 syscall/terminate.o
 .rodata.str1.1
                0x00000000c0109732       0x23 test/runtest.o
 .rodata.str1.1
                0x00000000c0109755       0x13 thread/filedes.o
 .rodata.str1.1
                0x00000000c0109768       0x1b thread/process.o
 .rodata.str1.1
                0x00000000c0109783       0x47 thread/synch.o
 .rodata.str1.1
                0x00000000c01097ca      0x122 thread/thread.o
 .rodata.str1.1
                0x00000000c01098ec       0x4d util/adt_blocking_byte_buffer.o
 .rodata.str1.1
                0x00000000c0109939       0x79 util/adt_hashmap.o
 .rodata.str1.1
                0x00000000c01099b2      0x138 util/adt_list.o
 .rodata.str1.1
                0x00000000c0109aea       0x3b util/kprintf.o
 .rodata.str1.1
                0x00000000c0109b25       0x12 util/panic.o
 .rodata.str1.1
                0x00000000c0109b37       0x11 vfs/vfs.o
                                         0x13 (size before relaxing)
 .rodata.str1.1
                0x00000000c0109b48       0x1b vfs/vnode.o
 .rodata.str1.1
                0x00000000c0109b63       0x29 fs/demofs/demofs_inodes.o
 .rodata.str1.1
                0x00000000c0109b8c       0x1e machine/dev/cpu.o
 .rodata.str1.1
                0x00000000c0109baa       0x7d machine/dev/floppy.o
                                         0x85 (size before relaxing)
 .rodata.str1.1
                0x00000000c0109c27       0x21 machine/dev/ide.o
                                         0x29 (size before relaxing)
 .rodata.str1.1
                0x00000000c0109c48       0x40 machine/elf/elf.o
 .rodata.str1.1
                0x00000000c0109c88       0x59 machine/elf/symbols.o
 .rodata.str1.1
                0x00000000c0109ce1       0x27 machine/lowlevel/interrupt.o
 .rodata.str1.1
                0x00000000c0109d08       0x18 machine/mem/physical.o
 .rodata.str1.1
                0x00000000c0109d20      0x100 machine/mem/virtual.o
 .rodata.str1.1
                0x00000000c0109e20        0x9 test/runnable/canary.o
 .rodata.str1.1
                0x00000000c0109e29        0x7 test/runnable/heap.o
 .rodata.str1.1
                0x00000000c0109e30       0x12 test/runnable/sleep.o

.eh_frame       0x00000000c0109e44     0x30e8 load address 0x0000000000109e44
 .eh_frame      0x00000000c0109e44       0x34 assert.o
 .eh_frame      0x00000000c0109e78      0x1c8 ctype.o
                                        0x1e0 (size before relaxing)
 .eh_frame      0x00000000c010a040      0x1f8 string.o
                                        0x210 (size before relaxing)
 .eh_frame      0x00000000c010a238       0x64 dev/beeper.o
                                         0x7c (size before relaxing)
 .eh_frame      0x00000000c010a29c      0x140 dev/console.o
                                        0x158 (size before relaxing)
 .eh_frame      0x00000000c010a3dc       0x5c dev/interface.o
                                         0x74 (size before relaxing)
 .eh_frame      0x00000000c010a438       0x78 dev/pipe.o
                                         0x90 (size before relaxing)
 .eh_frame      0x00000000c010a4b0       0x70 dev/random.o
                                         0x88 (size before relaxing)
 .eh_frame      0x00000000c010a520       0xa4 dev/video.o
                                         0xbc (size before relaxing)
 .eh_frame      0x00000000c010a5c4       0x3c main/main.o
                                         0x54 (size before relaxing)
 .eh_frame      0x00000000c010a600       0xfc mem/heap.o
                                        0x114 (size before relaxing)
 .eh_frame      0x00000000c010a6fc       0x7c mem/physical.o
                                         0x94 (size before relaxing)
 .eh_frame      0x00000000c010a778       0x74 mem/swapfile.o
                                         0x8c (size before relaxing)
 .eh_frame      0x00000000c010a7ec      0x1a0 mem/vas.o
                                        0x1b8 (size before relaxing)
 .eh_frame      0x00000000c010a98c       0xcc mem/virtual.o
                                         0xe4 (size before relaxing)
 .eh_frame      0x00000000c010aa58       0x20 syscall/close.o
                                         0x38 (size before relaxing)
 .eh_frame      0x00000000c010aa78       0x20 syscall/isatty.o
                                         0x38 (size before relaxing)
 .eh_frame      0x00000000c010aa98       0x2c syscall/lseek.o
                                         0x44 (size before relaxing)
 .eh_frame      0x00000000c010aac4       0x28 syscall/open.o
                                         0x40 (size before relaxing)
 .eh_frame      0x00000000c010aaec       0x2c syscall/read.o
                                         0x44 (size before relaxing)
 .eh_frame      0x00000000c010ab18       0x2c syscall/sbrk.o
                                         0x44 (size before relaxing)
 .eh_frame      0x00000000c010ab44       0x48 syscall/syscall.o
                                         0x60 (size before relaxing)
 .eh_frame      0x00000000c010ab8c       0x1c syscall/terminate.o
                                         0x34 (size before relaxing)
 .eh_frame      0x00000000c010aba8       0x2c syscall/write.o
                                         0x44 (size before relaxing)
 .eh_frame      0x00000000c010abd4       0x20 syscall/yield.o
                                         0x38 (size before relaxing)
 .eh_frame      0x00000000c010abf4       0x34 test/runtest.o
                                         0x4c (size before relaxing)
 .eh_frame      0x00000000c010ac28       0x60 thread/cleaner.o
                                         0x78 (size before relaxing)
 .eh_frame      0x00000000c010ac88       0xd4 thread/filedes.o
                                         0xec (size before relaxing)
 .eh_frame      0x00000000c010ad5c       0x3c thread/idle.o
                                         0x54 (size before relaxing)
 .eh_frame      0x00000000c010ad98       0x54 thread/loader.o
                                         0x6c (size before relaxing)
 .eh_frame      0x00000000c010adec       0xcc thread/process.o
                                         0xe4 (size before relaxing)
 .eh_frame      0x00000000c010aeb8       0x8c thread/spinlock.o
                                         0xa4 (size before relaxing)
 .eh_frame      0x00000000c010af44      0x198 thread/synch.o
                                        0x1b0 (size before relaxing)
 .eh_frame      0x00000000c010b0dc      0x38c thread/thread.o
                                        0x3a4 (size before relaxing)
 .eh_frame      0x00000000c010b468       0xd0 util/adt_blocking_byte_buffer.o
                                         0xe8 (size before relaxing)
 .eh_frame      0x00000000c010b538      0x10c util/adt_hashmap.o
                                        0x124 (size before relaxing)
 .eh_frame      0x00000000c010b644      0x1e0 util/adt_list.o
                                        0x1f8 (size before relaxing)
 .eh_frame      0x00000000c010b824       0xa8 util/adt_stack.o
                                         0xc0 (size before relaxing)
 .eh_frame      0x00000000c010b8cc       0x60 util/bitarray.o
                                         0x78 (size before relaxing)
 .eh_frame      0x00000000c010b92c       0x34 util/cpu.o
                                         0x4c (size before relaxing)
 .eh_frame      0x00000000c010b960      0x104 util/kprintf.o
                                        0x11c (size before relaxing)
 .eh_frame      0x00000000c010ba64       0x1c util/panic.o
                                         0x34 (size before relaxing)
 .eh_frame      0x00000000c010ba80       0x84 vfs/copyinout.o
                                         0x9c (size before relaxing)
 .eh_frame      0x00000000c010bb04      0x18c vfs/device.o
                                        0x1a4 (size before relaxing)
 .eh_frame      0x00000000c010bc90       0x9c vfs/uio.o
                                         0xb4 (size before relaxing)
 .eh_frame      0x00000000c010bd2c      0x324 vfs/vfs.o
                                        0x33c (size before relaxing)
 .eh_frame      0x00000000c010c050      0x260 vfs/vnode.o
                                        0x278 (size before relaxing)
 .eh_frame      0x00000000c010c2b0       0x88 fs/demofs/demofs_inodes.o
                                         0xa0 (size before relaxing)
 .eh_frame      0x00000000c010c338      0x208 fs/demofs/demofs_vnode.o
                                        0x220 (size before relaxing)
 .eh_frame      0x00000000c010c540       0x58 machine/dev/beeper.o
                                         0x70 (size before relaxing)
 .eh_frame      0x00000000c010c598       0x84 machine/dev/cpu.o
                                         0x9c (size before relaxing)
 .eh_frame      0x00000000c010c61c      0x1e0 machine/dev/floppy.o
                                        0x1f8 (size before relaxing)
 .eh_frame      0x00000000c010c7fc       0xa8 machine/dev/ide.o
                                         0xc0 (size before relaxing)
 .eh_frame      0x00000000c010c8a4       0x54 machine/dev/pic.o
                                         0x6c (size before relaxing)
 .eh_frame      0x00000000c010c8f8       0x44 machine/dev/pit.o
                                         0x5c (size before relaxing)
 .eh_frame      0x00000000c010c93c       0xec machine/elf/elf.o
                                        0x104 (size before relaxing)
 .eh_frame      0x00000000c010ca28       0x74 machine/elf/symbols.o
                                         0x8c (size before relaxing)
 .eh_frame      0x00000000c010ca9c       0x64 machine/lowlevel/gdt.o
                                         0x7c (size before relaxing)
 .eh_frame      0x00000000c010cb00       0x50 machine/lowlevel/idt.o
                                         0x68 (size before relaxing)
 .eh_frame      0x00000000c010cb50       0x98 machine/lowlevel/interrupt.o
                                         0xb0 (size before relaxing)
 .eh_frame      0x00000000c010cbe8       0x24 machine/lowlevel/tss.o
                                         0x3c (size before relaxing)
 .eh_frame      0x00000000c010cc0c       0x28 machine/mem/physical.o
                                         0x40 (size before relaxing)
 .eh_frame      0x00000000c010cc34      0x1f4 machine/mem/virtual.o
                                        0x20c (size before relaxing)
 .eh_frame      0x00000000c010ce28       0x2c machine/thread/fork.o
                                         0x44 (size before relaxing)
 .eh_frame      0x00000000c010ce54       0x20 test/runnable/canary.o
                                         0x38 (size before relaxing)
 .eh_frame      0x00000000c010ce74       0x28 test/runnable/heap.o
                                         0x40 (size before relaxing)
 .eh_frame      0x00000000c010ce9c       0x24 test/runnable/sleep.o
                                         0x3c (size before relaxing)
 .eh_frame      0x00000000c010cec0       0x6c /cygdrive/c/Users/Alex/Toolchain/Output/bin/../lib/gcc/i386-banana/8.1.0/libgcc.a(_udivdi3.o)
                                         0x84 (size before relaxing)

.rel.dyn        0x00000000c010cf2c        0x0 load address 0x000000000010cf2c
 .rel.got       0x00000000c010cf2c        0x0 assert.o
 .rel.iplt      0x00000000c010cf2c        0x0 assert.o
 .rel.text      0x00000000c010cf2c        0x0 assert.o
 .rel.multiboot.text
                0x00000000c010cf2c        0x0 assert.o

.data           0x00000000c010d000      0x2a4 load address 0x000000000010d000
 *(.data)
 .data          0x00000000c010d000        0x0 assert.o
 .data          0x00000000c010d000        0x0 ctype.o
 .data          0x00000000c010d000        0x0 string.o
 .data          0x00000000c010d000        0x0 dev/beeper.o
 .data          0x00000000c010d000        0x0 dev/console.o
 .data          0x00000000c010d000        0x0 dev/interface.o
 .data          0x00000000c010d000        0x0 dev/pipe.o
 .data          0x00000000c010d000        0x8 dev/random.o
 .data          0x00000000c010d008        0x0 dev/video.o
 .data          0x00000000c010d008        0x0 main/main.o
 .data          0x00000000c010d008        0x0 mem/heap.o
 .data          0x00000000c010d008        0x0 mem/physical.o
 .data          0x00000000c010d008        0x0 mem/swapfile.o
 .data          0x00000000c010d008        0x0 mem/vas.o
 .data          0x00000000c010d008        0x4 mem/virtual.o
                0x00000000c010d008                kernel_sbrk
 .data          0x00000000c010d00c        0x0 syscall/close.o
 .data          0x00000000c010d00c        0x0 syscall/isatty.o
 .data          0x00000000c010d00c        0x0 syscall/lseek.o
 .data          0x00000000c010d00c        0x0 syscall/open.o
 .data          0x00000000c010d00c        0x0 syscall/read.o
 .data          0x00000000c010d00c        0x0 syscall/sbrk.o
 .data          0x00000000c010d00c        0x0 syscall/syscall.o
 .data          0x00000000c010d00c        0x0 syscall/terminate.o
 .data          0x00000000c010d00c        0x0 syscall/write.o
 .data          0x00000000c010d00c        0x0 syscall/yield.o
 .data          0x00000000c010d00c       0x18 test/runtest.o
                0x00000000c010d00c                tests
 .data          0x00000000c010d024        0x0 thread/cleaner.o
 .data          0x00000000c010d024        0x0 thread/filedes.o
 .data          0x00000000c010d024        0x0 thread/idle.o
 .data          0x00000000c010d024        0x0 thread/loader.o
 .data          0x00000000c010d024        0x4 thread/process.o
 .data          0x00000000c010d028        0x0 thread/spinlock.o
 .data          0x00000000c010d028        0x0 thread/synch.o
 .data          0x00000000c010d028        0x4 thread/thread.o
 .data          0x00000000c010d02c        0x0 util/adt_blocking_byte_buffer.o
 .data          0x00000000c010d02c        0x0 util/adt_hashmap.o
 .data          0x00000000c010d02c        0x0 util/adt_list.o
 .data          0x00000000c010d02c        0x0 util/adt_stack.o
 .data          0x00000000c010d02c        0x0 util/bitarray.o
 .data          0x00000000c010d02c        0x0 util/cpu.o
 .data          0x00000000c010d02c        0x0 util/kprintf.o
 .data          0x00000000c010d02c        0x0 util/panic.o
 .data          0x00000000c010d02c        0x0 vfs/copyinout.o
 .data          0x00000000c010d02c        0x0 vfs/device.o
 .data          0x00000000c010d02c        0x0 vfs/uio.o
 .data          0x00000000c010d02c        0x0 vfs/vfs.o
 .data          0x00000000c010d02c        0x0 vfs/vnode.o
 .data          0x00000000c010d02c        0x0 fs/demofs/demofs_inodes.o
 .data          0x00000000c010d02c        0x0 fs/demofs/demofs_vnode.o
 .data          0x00000000c010d02c        0x0 machine/dev/beeper.o
 .data          0x00000000c010d02c        0x0 machine/dev/cpu.o
 .data          0x00000000c010d02c        0x4 machine/dev/floppy.o
                0x00000000c010d02c                stored_cylinder
 .data          0x00000000c010d030        0x0 machine/dev/ide.o
 .data          0x00000000c010d030        0x0 machine/dev/pic.o
 .data          0x00000000c010d030        0x0 machine/dev/pit.o
 .data          0x00000000c010d030        0x0 machine/elf/elf.o
 .data          0x00000000c010d030        0x0 machine/elf/symbols.o
 .data          0x00000000c010d030        0x0 machine/lowlevel/gdt.o
 .data          0x00000000c010d030        0x0 machine/lowlevel/idt.o
 *fill*         0x00000000c010d030       0x10 
 .data          0x00000000c010d040      0x260 machine/lowlevel/interrupt.o
 .data          0x00000000c010d2a0        0x0 machine/lowlevel/tss.o
 .data          0x00000000c010d2a0        0x4 machine/mem/physical.o
 .data          0x00000000c010d2a4        0x0 machine/mem/virtual.o
 .data          0x00000000c010d2a4        0x0 machine/thread/fork.o
 .data          0x00000000c010d2a4        0x0 test/runnable/canary.o
 .data          0x00000000c010d2a4        0x0 test/runnable/heap.o
 .data          0x00000000c010d2a4        0x0 test/runnable/sleep.o
 .data          0x00000000c010d2a4        0x0 /cygdrive/c/Users/Alex/Toolchain/Output/bin/../lib/gcc/i386-banana/8.1.0/libgcc.a(_udivdi3.o)

.got            0x00000000c010d2a4        0x0 load address 0x000000000010d2a4
 .got           0x00000000c010d2a4        0x0 assert.o

.got.plt        0x00000000c010d2a4        0x0 load address 0x000000000010d2a4
 .got.plt       0x00000000c010d2a4        0x0 assert.o

.igot.plt       0x00000000c010d2a4        0x0 load address 0x000000000010d2a4
 .igot.plt      0x00000000c010d2a4        0x0 assert.o

.bss            0x00000000c010e000     0xe000 load address 0x000000000010e000
 *(COMMON)
 COMMON         0x00000000c010e000       0x48 dev/beeper.o
                0x00000000c010e000                beeper_lock
 *fill*         0x00000000c010e048       0x18 
 COMMON         0x00000000c010e060      0x860 dev/console.o
                0x00000000c010e060                console_driver_lock
                0x00000000c010e0c0                line_buffer_char_width
                0x00000000c010e4c0                line_buffer
 COMMON         0x00000000c010e8c0       0x48 dev/random.o
                0x00000000c010e8c0                random_lock
 *fill*         0x00000000c010e908       0x18 
 COMMON         0x00000000c010e920       0x48 dev/video.o
                0x00000000c010e920                video_lock
 *fill*         0x00000000c010e968       0x18 
 COMMON         0x00000000c010e980     0x2068 mem/heap.o
                0x00000000c010e980                bootstrap_heap
                0x00000000c0110980                block_head
                0x00000000c01109a0                heap_lock
 *fill*         0x00000000c01109e8       0x18 
 COMMON         0x00000000c0110a00     0x1060 mem/physical.o
                0x00000000c0110a00                phys_lock
                0x00000000c0110a60                page_allocation_bitmap
 COMMON         0x00000000c0111a60       0x48 mem/virtual.o
                0x00000000c0111a60                virt_lock
 *fill*         0x00000000c0111aa8       0x18 
 COMMON         0x00000000c0111ac0       0x40 syscall/syscall.o
                0x00000000c0111ac0                syscall_table
 COMMON         0x00000000c0111b00       0x48 thread/thread.o
                0x00000000c0111b00                scheduler_lock
 COMMON         0x00000000c0111b48        0x4 util/cpu.o
                0x00000000c0111b48                current_cpu
 *fill*         0x00000000c0111b4c       0x14 
 COMMON         0x00000000c0111b60       0x48 vfs/vfs.o
                0x00000000c0111b60                vfs_lock
 COMMON         0x00000000c0111ba8        0x8 machine/dev/floppy.o
                0x00000000c0111ba8                cylinder_buffer
                0x00000000c0111bac                cylinder_zero
 *fill*         0x00000000c0111bb0       0x10 
 COMMON         0x00000000c0111bc0      0x400 machine/lowlevel/interrupt.o
                0x00000000c0111bc0                x86_irq_handlers
 *fill*         0x00000000c0111fc0       0x40 
 COMMON         0x00000000c0112000     0x3580 machine/mem/virtual.o
                0x00000000c0112000                first_page_table
                0x00000000c0113000                temp_virtual_page
                0x00000000c0114000                kernel_page_directory
                0x00000000c0115000                kernel_vas_x86
                0x00000000c0115080                kernel_vas
 *(.bss)
 .bss           0x00000000c0115580        0x0 assert.o
 .bss           0x00000000c0115580        0x0 ctype.o
 .bss           0x00000000c0115580        0x0 string.o
 .bss           0x00000000c0115580        0x8 dev/beeper.o
                0x00000000c0115580                init_lock_yet
                0x00000000c0115584                default_beeper_driver
 .bss           0x00000000c0115588       0x28 dev/console.o
                0x00000000c0115588                line_buffer_pos
                0x00000000c011558c                input_buffer
                0x00000000c0115590                default_console_driver
 .bss           0x00000000c01155b0        0x0 dev/interface.o
 .bss           0x00000000c01155b0        0x0 dev/pipe.o
 .bss           0x00000000c01155b0       0x1c dev/random.o
 .bss           0x00000000c01155cc        0x4 dev/video.o
                0x00000000c01155cc                default_video_driver
 .bss           0x00000000c01155d0        0x0 main/main.o
 .bss           0x00000000c01155d0        0x9 mem/heap.o
                0x00000000c01155d0                heap_used
                0x00000000c01155d4                bootstrap_heap_pos
                0x00000000c01155d8                full_heap_initialised
 *fill*         0x00000000c01155d9        0x3 
 .bss           0x00000000c01155dc        0xc mem/physical.o
                0x00000000c01155dc                num_pages_total
                0x00000000c01155e0                num_pages_used
 *fill*         0x00000000c01155e8       0x18 
 .bss           0x00000000c0115600       0x5c mem/swapfile.o
 .bss           0x00000000c011565c        0x0 mem/vas.o
 .bss           0x00000000c011565c        0x0 mem/virtual.o
 .bss           0x00000000c011565c        0x0 syscall/close.o
 .bss           0x00000000c011565c        0x0 syscall/isatty.o
 .bss           0x00000000c011565c        0x0 syscall/lseek.o
 .bss           0x00000000c011565c        0x0 syscall/open.o
 .bss           0x00000000c011565c        0x0 syscall/read.o
 .bss           0x00000000c011565c        0x0 syscall/sbrk.o
 .bss           0x00000000c011565c        0x0 syscall/syscall.o
 .bss           0x00000000c011565c        0x0 syscall/terminate.o
 .bss           0x00000000c011565c        0x0 syscall/write.o
 .bss           0x00000000c011565c        0x0 syscall/yield.o
 .bss           0x00000000c011565c        0x0 test/runtest.o
 .bss           0x00000000c011565c        0x4 thread/cleaner.o
 .bss           0x00000000c0115660        0x0 thread/filedes.o
 .bss           0x00000000c0115660        0x0 thread/idle.o
 .bss           0x00000000c0115660        0x0 thread/loader.o
 .bss           0x00000000c0115660       0x48 thread/process.o
 .bss           0x00000000c01156a8        0x0 thread/spinlock.o
 .bss           0x00000000c01156a8        0x0 thread/synch.o
 *fill*         0x00000000c01156a8       0x18 
 .bss           0x00000000c01156c0       0xd8 thread/thread.o
                0x00000000c01156c0                terminated_thread_list
 .bss           0x00000000c0115798        0x0 util/adt_blocking_byte_buffer.o
 .bss           0x00000000c0115798        0x0 util/adt_hashmap.o
 .bss           0x00000000c0115798        0x0 util/adt_list.o
 .bss           0x00000000c0115798        0x0 util/adt_stack.o
 .bss           0x00000000c0115798        0x0 util/bitarray.o
 .bss           0x00000000c0115798        0x4 util/cpu.o
 .bss           0x00000000c011579c        0x0 util/kprintf.o
 .bss           0x00000000c011579c        0x0 util/panic.o
 .bss           0x00000000c011579c        0x0 vfs/copyinout.o
 .bss           0x00000000c011579c        0x0 vfs/device.o
 .bss           0x00000000c011579c        0x0 vfs/uio.o
 .bss           0x00000000c011579c        0x4 vfs/vfs.o
                0x00000000c011579c                mount_list
 .bss           0x00000000c01157a0        0x0 vfs/vnode.o
 .bss           0x00000000c01157a0        0x0 fs/demofs/demofs_inodes.o
 .bss           0x00000000c01157a0        0x0 fs/demofs/demofs_vnode.o
 .bss           0x00000000c01157a0        0x8 machine/dev/beeper.o
 .bss           0x00000000c01157a8        0x4 machine/dev/cpu.o
                0x00000000c01157a8                x86_allow_interrupts
 .bss           0x00000000c01157ac       0x2c machine/dev/floppy.o
                0x00000000c01157ac                got_cylinder_zero
 .bss           0x00000000c01157d8       0x20 machine/dev/ide.o
                0x00000000c01157d8                ide_lock
 .bss           0x00000000c01157f8        0x0 machine/dev/pic.o
 .bss           0x00000000c01157f8        0x8 machine/dev/pit.o
                0x00000000c01157f8                pit_hertz
 .bss           0x00000000c0115800        0x0 machine/elf/elf.o
 .bss           0x00000000c0115800        0x4 machine/elf/symbols.o
                0x00000000c0115800                loaded_symbols
 .bss           0x00000000c0115804        0x0 machine/lowlevel/gdt.o
 .bss           0x00000000c0115804        0x0 machine/lowlevel/idt.o
 .bss           0x00000000c0115804        0x0 machine/lowlevel/interrupt.o
 .bss           0x00000000c0115804        0x0 machine/lowlevel/tss.o
 .bss           0x00000000c0115804       0x14 machine/mem/physical.o
                0x00000000c0115804                memory_table
 .bss           0x00000000c0115818        0x0 machine/mem/virtual.o
 .bss           0x00000000c0115818        0x0 machine/thread/fork.o
 .bss           0x00000000c0115818        0x0 test/runnable/canary.o
 .bss           0x00000000c0115818        0x0 test/runnable/heap.o
 .bss           0x00000000c0115818        0x0 test/runnable/sleep.o
 *fill*         0x00000000c0115818      0x7e8 
 .bss           0x00000000c0116000     0x6000 machine/boot/kernel_entry.oo
 .bss           0x00000000c011c000        0x0 /cygdrive/c/Users/Alex/Toolchain/Output/bin/../lib/gcc/i386-banana/8.1.0/libgcc.a(_udivdi3.o)
 *(.bootstrap_stack)
                0x00000000c011c000                _kernel_end = .

/DISCARD/
 *(.comment)
OUTPUT(KERNEL.EXE elf32-i386)

.debug_info     0x0000000000000000      0xd25
 .debug_info    0x0000000000000000      0xd25 /cygdrive/c/Users/Alex/Toolchain/Output/bin/../lib/gcc/i386-banana/8.1.0/libgcc.a(_udivdi3.o)

.debug_abbrev   0x0000000000000000      0x23a
 .debug_abbrev  0x0000000000000000      0x23a /cygdrive/c/Users/Alex/Toolchain/Output/bin/../lib/gcc/i386-banana/8.1.0/libgcc.a(_udivdi3.o)

.debug_loc      0x0000000000000000      0x79c
 .debug_loc     0x0000000000000000      0x79c /cygdrive/c/Users/Alex/Toolchain/Output/bin/../lib/gcc/i386-banana/8.1.0/libgcc.a(_udivdi3.o)

.debug_aranges  0x0000000000000000       0x20
 .debug_aranges
                0x0000000000000000       0x20 /cygdrive/c/Users/Alex/Toolchain/Output/bin/../lib/gcc/i386-banana/8.1.0/libgcc.a(_udivdi3.o)

.debug_ranges   0x0000000000000000       0x28
 .debug_ranges  0x0000000000000000       0x28 /cygdrive/c/Users/Alex/Toolchain/Output/bin/../lib/gcc/i386-banana/8.1.0/libgcc.a(_udivdi3.o)

.debug_line     0x0000000000000000      0x2c5
 .debug_line    0x0000000000000000      0x2c5 /cygdrive/c/Users/Alex/Toolchain/Output/bin/../lib/gcc/i386-banana/8.1.0/libgcc.a(_udivdi3.o)

.debug_str      0x0000000000000000      0xb7b
 .debug_str     0x0000000000000000      0xb7b /cygdrive/c/Users/Alex/Toolchain/Output/bin/../lib/gcc/i386-banana/8.1.0/libgcc.a(_udivdi3.o)
                                        0xc29 (size before relaxing)
