Archive member included to satisfy reference by file (symbol)

/cygdrive/c/Users/Alex/Toolchain/Output/bin/../lib/gcc/i386-banana/8.1.0/libgcc.a(_udivdi3.o)
                              machine/dev/pit.o (__udivdi3)

Allocating common symbols
Common symbol       size              file

first_page_table    0x1000            machine/mem/virtual.o
cylinder_buffer     0x4               machine/dev/floppy.o
video_lock          0x48              dev/video.o
virt_lock           0x48              mem/virtual.o
console_driver_lock
                    0x48              dev/console.o
line_buffer_char_width
                    0x400             dev/console.o
bootstrap_heap      0x2000            mem/heap.o
x86_irq_handlers    0x400             machine/lowlevel/interrupt.o
temp_virtual_page   0x1000            machine/mem/virtual.o
phys_lock           0x48              mem/physical.o
kernel_page_directory
                    0x1000            machine/mem/virtual.o
random_lock         0x48              dev/random.o
block_head          0x4               mem/heap.o
vfs_lock            0x48              vfs/vfs.o
line_buffer         0x400             dev/console.o
page_allocation_bitmap
                    0x1000            mem/physical.o
kernel_vas_x86      0x80              machine/mem/virtual.o
kernel_vas          0x500             machine/mem/virtual.o
cylinder_zero       0x4               machine/dev/floppy.o
syscall_table       0x40              syscall/syscall.o
current_cpu         0x4               util/cpu.o
scheduler_lock      0x48              thread/thread.o
beeper_lock         0x48              dev/beeper.o
heap_lock           0x48              mem/heap.o

Discarded input sections

 .comment       0x0000000000000000       0x12 assert.o
 .comment       0x0000000000000000       0x12 ctype.o
 .comment       0x0000000000000000       0x12 string.o
 .comment       0x0000000000000000       0x12 dev/beeper.o
 .comment       0x0000000000000000       0x12 dev/console.o
 .comment       0x0000000000000000       0x12 dev/interface.o
 .comment       0x0000000000000000       0x12 dev/random.o
 .comment       0x0000000000000000       0x12 dev/video.o
 .comment       0x0000000000000000       0x12 main/main.o
 .comment       0x0000000000000000       0x12 mem/heap.o
 .comment       0x0000000000000000       0x12 mem/physical.o
 .comment       0x0000000000000000       0x12 mem/swapfile.o
 .comment       0x0000000000000000       0x12 mem/vas.o
 .comment       0x0000000000000000       0x12 mem/virtual.o
 .comment       0x0000000000000000       0x12 syscall/close.o
 .comment       0x0000000000000000       0x12 syscall/isatty.o
 .comment       0x0000000000000000       0x12 syscall/lseek.o
 .comment       0x0000000000000000       0x12 syscall/open.o
 .comment       0x0000000000000000       0x12 syscall/read.o
 .comment       0x0000000000000000       0x12 syscall/sbrk.o
 .comment       0x0000000000000000       0x12 syscall/syscall.o
 .comment       0x0000000000000000       0x12 syscall/terminate.o
 .comment       0x0000000000000000       0x12 syscall/write.o
 .comment       0x0000000000000000       0x12 syscall/yield.o
 .comment       0x0000000000000000       0x12 test/runtest.o
 .comment       0x0000000000000000       0x12 thread/cleaner.o
 .comment       0x0000000000000000       0x12 thread/filedes.o
 .comment       0x0000000000000000       0x12 thread/idle.o
 .comment       0x0000000000000000       0x12 thread/loader.o
 .comment       0x0000000000000000       0x12 thread/process.o
 .comment       0x0000000000000000       0x12 thread/spinlock.o
 .comment       0x0000000000000000       0x12 thread/synch.o
 .comment       0x0000000000000000       0x12 thread/thread.o
 .comment       0x0000000000000000       0x12 util/adt_blocking_byte_buffer.o
 .comment       0x0000000000000000       0x12 util/adt_hashmap.o
 .comment       0x0000000000000000       0x12 util/adt_list.o
 .comment       0x0000000000000000       0x12 util/adt_stack.o
 .comment       0x0000000000000000       0x12 util/bitarray.o
 .comment       0x0000000000000000       0x12 util/cpu.o
 .comment       0x0000000000000000       0x12 util/kprintf.o
 .comment       0x0000000000000000       0x12 util/panic.o
 .comment       0x0000000000000000       0x12 vfs/copyinout.o
 .comment       0x0000000000000000       0x12 vfs/device.o
 .comment       0x0000000000000000       0x12 vfs/uio.o
 .comment       0x0000000000000000       0x12 vfs/vfs.o
 .comment       0x0000000000000000       0x12 vfs/vnode.o
 .comment       0x0000000000000000       0x12 fs/demofs/demofs_inodes.o
 .comment       0x0000000000000000       0x12 fs/demofs/demofs_vnode.o
 .comment       0x0000000000000000       0x12 machine/dev/beeper.o
 .comment       0x0000000000000000       0x12 machine/dev/cpu.o
 .comment       0x0000000000000000       0x12 machine/dev/floppy.o
 .comment       0x0000000000000000       0x12 machine/dev/ide.o
 .comment       0x0000000000000000       0x12 machine/dev/pic.o
 .comment       0x0000000000000000       0x12 machine/dev/pit.o
 .comment       0x0000000000000000       0x12 machine/elf/elf.o
 .comment       0x0000000000000000       0x12 machine/elf/symbols.o
 .comment       0x0000000000000000       0x12 machine/lowlevel/gdt.o
 .comment       0x0000000000000000       0x12 machine/lowlevel/idt.o
 .comment       0x0000000000000000       0x12 machine/lowlevel/interrupt.o
 .comment       0x0000000000000000       0x12 machine/lowlevel/tss.o
 .comment       0x0000000000000000       0x12 machine/mem/physical.o
 .comment       0x0000000000000000       0x12 machine/mem/virtual.o
 .comment       0x0000000000000000       0x12 machine/thread/fork.o
 .comment       0x0000000000000000       0x12 test/runnable/canary.o
 .comment       0x0000000000000000       0x12 test/runnable/heap.o
 .comment       0x0000000000000000       0x12 test/runnable/sleep.o
 .comment       0x0000000000000000       0x12 /cygdrive/c/Users/Alex/Toolchain/Output/bin/../lib/gcc/i386-banana/8.1.0/libgcc.a(_udivdi3.o)

Memory Configuration

Name             Origin             Length             Attributes
*default*        0x0000000000000000 0xffffffffffffffff

Linker script and memory map

LOAD assert.o
LOAD ctype.o
LOAD string.o
LOAD dev/beeper.o
LOAD dev/console.o
LOAD dev/interface.o
LOAD dev/random.o
LOAD dev/video.o
LOAD main/main.o
LOAD mem/heap.o
LOAD mem/physical.o
LOAD mem/swapfile.o
LOAD mem/vas.o
LOAD mem/virtual.o
LOAD syscall/close.o
LOAD syscall/isatty.o
LOAD syscall/lseek.o
LOAD syscall/open.o
LOAD syscall/read.o
LOAD syscall/sbrk.o
LOAD syscall/syscall.o
LOAD syscall/terminate.o
LOAD syscall/write.o
LOAD syscall/yield.o
LOAD test/runtest.o
LOAD thread/cleaner.o
LOAD thread/filedes.o
LOAD thread/idle.o
LOAD thread/loader.o
LOAD thread/process.o
LOAD thread/spinlock.o
LOAD thread/synch.o
LOAD thread/thread.o
LOAD util/adt_blocking_byte_buffer.o
LOAD util/adt_hashmap.o
LOAD util/adt_list.o
LOAD util/adt_stack.o
LOAD util/bitarray.o
LOAD util/cpu.o
LOAD util/kprintf.o
LOAD util/panic.o
LOAD vfs/copyinout.o
LOAD vfs/device.o
LOAD vfs/uio.o
LOAD vfs/vfs.o
LOAD vfs/vnode.o
LOAD fs/demofs/demofs_inodes.o
LOAD fs/demofs/demofs_vnode.o
LOAD machine/dev/beeper.o
LOAD machine/dev/cpu.o
LOAD machine/dev/floppy.o
LOAD machine/dev/ide.o
LOAD machine/dev/pic.o
LOAD machine/dev/pit.o
LOAD machine/elf/elf.o
LOAD machine/elf/symbols.o
LOAD machine/lowlevel/gdt.o
LOAD machine/lowlevel/idt.o
LOAD machine/lowlevel/interrupt.o
LOAD machine/lowlevel/tss.o
LOAD machine/mem/physical.o
LOAD machine/mem/virtual.o
LOAD machine/thread/fork.o
LOAD test/runnable/canary.o
LOAD test/runnable/heap.o
LOAD test/runnable/sleep.o
LOAD machine/boot/kernel_entry.oo
LOAD machine/lowlevel/gdt.oo
LOAD machine/lowlevel/idt.oo
LOAD machine/lowlevel/misc.oo
LOAD machine/lowlevel/trap.oo
LOAD machine/lowlevel/tss.oo
LOAD machine/mem/virtual.oo
LOAD machine/thread/spinlock.oo
LOAD machine/thread/switch.oo
LOAD machine/thread/usermode.oo
LOAD /cygdrive/c/Users/Alex/Toolchain/Output/bin/../lib/gcc/i386-banana/8.1.0/libgcc.a
                0x0000000000100000                . = 0x100000
                0x0000000000100000                _kernel_start = .

.multiboot.data
                0x0000000000100000        0xc
 *(.multiboot.data)
 .multiboot.data
                0x0000000000100000        0xc machine/boot/kernel_entry.oo

.multiboot.text
                0x000000000010000c       0x77
 *(.multiboot.text)
 .multiboot.text
                0x000000000010000c       0x77 machine/boot/kernel_entry.oo
                0x000000000010000c                _start
                0x00000000c0100083                . = (. + 0xc0000000)

.text           0x00000000c0101000     0x784f load address 0x0000000000101000
 *(.text)
 .text          0x00000000c0101000       0x29 assert.o
                0x00000000c0101000                assertion_fail
 .text          0x00000000c0101029      0x19c ctype.o
                0x00000000c0101029                toupper
                0x00000000c010103c                tolower
                0x00000000c010104f                isalpha
                0x00000000c0101066                isalnum
                0x00000000c0101090                iscntrl
                0x00000000c01010a9                isblank
                0x00000000c01010c2                isdigit
                0x00000000c01010d6                islower
                0x00000000c01010ea                ispunct
                0x00000000c0101114                isgraph
                0x00000000c010114a                isprint
                0x00000000c0101172                isspace
                0x00000000c010118e                isupper
                0x00000000c01011a2                isxdigit
 .text          0x00000000c01011c5      0x1d2 string.o
                0x00000000c01011c5                memchr
                0x00000000c01011e2                memcmp
                0x00000000c0101216                memcpy
                0x00000000c010122c                memmove
                0x00000000c010125b                memset
                0x00000000c0101270                strcat
                0x00000000c0101297                strchr
                0x00000000c01012ad                strcmp
                0x00000000c01012cd                strcpy
                0x00000000c01012e5                strerror
                0x00000000c01012fe                strlen
                0x00000000c0101311                strncpy
                0x00000000c0101339                strdup
                0x00000000c0101367                strncmp
 .text          0x00000000c0101397      0x168 dev/beeper.o
                0x00000000c0101397                beeper_start
                0x00000000c010140c                beeper_stop
                0x00000000c010147d                beeper_register_driver
 .text          0x00000000c01014ff      0x425 dev/console.o
                0x00000000c0101634                console_register_driver
                0x00000000c0101692                console_init
                0x00000000c0101714                console_panic
                0x00000000c010171c                console_putc
                0x00000000c0101750                console_received_character
                0x00000000c01018c8                console_getc
                0x00000000c01018f6                console_gets
 .text          0x00000000c0101924       0x1a dev/interface.o
                0x00000000c0101924                interface_init
                0x00000000c0101935                interface_io_not_needed
                0x00000000c0101938                interface_check_open_not_needed
                0x00000000c010193b                interface_ioctl_not_needed
 .text          0x00000000c010193e      0x159 dev/random.o
                0x00000000c010193e                random_io
                0x00000000c01019d9                random_init
                0x00000000c0101a4a                rand32
 .text          0x00000000c0101a97      0x181 dev/video.o
                0x00000000c0101a97                video_init
                0x00000000c0101ab1                video_register_driver
                0x00000000c0101b0f                video_putpixel
                0x00000000c0101b62                video_putline
                0x00000000c0101bbc                video_putrect
 .text          0x00000000c0101c18      0x359 main/main.o
                0x00000000c0101c18                basic_shell
                0x00000000c0101eba                kernel_main
 .text          0x00000000c0101f71      0x2f3 mem/heap.o
                0x00000000c0101fab                heap_init
                0x00000000c0101fcc                heap_reinit
                0x00000000c0102084                malloc
                0x00000000c01021a0                free
 .text          0x00000000c0102264      0x184 mem/physical.o
                0x00000000c0102264                phys_init
                0x00000000c010231e                phys_allocate_page
                0x00000000c01023ab                phys_free_page
 .text          0x00000000c01023e8      0x1c9 mem/swapfile.o
                0x00000000c01023e8                swapfile_init
                0x00000000c010246b                swapfile_write
                0x00000000c010252d                swapfile_read
 .text          0x00000000c01025b1      0x30c mem/vas.o
                0x00000000c01025b1                vas_create
                0x00000000c01025e7                vas_get_current_vas
                0x00000000c01025f0                vas_flush_tlb
                0x00000000c01025f5                vas_destroy
                0x00000000c0102646                vas_load
                0x00000000c010267b                vas_copy
                0x00000000c01026c9                vas_map
                0x00000000c0102711                vas_reflag
                0x00000000c010275b                vas_virtual_to_physical
                0x00000000c0102793                vas_unmap
                0x00000000c01027fe                vas_perform_page_replacement
 .text          0x00000000c01028bd      0x132 mem/virtual.o
                0x00000000c01028bd                virt_init
                0x00000000c01028d7                virt_bytes_to_pages
                0x00000000c01028e7                virt_allocate_unbacked_krnl_region
                0x00000000c0102941                virt_deallocate_unbacked_krnl_region
                0x00000000c0102942                virt_allocate_backed_pages
                0x00000000c01029b0                virt_free_backed_pages
 .text          0x00000000c01029ef       0x3d syscall/close.o
                0x00000000c01029ef                sys_close
 .text          0x00000000c0102a2c       0x45 syscall/isatty.o
                0x00000000c0102a2c                sys_isatty
 .text          0x00000000c0102a71       0xfa syscall/lseek.o
                0x00000000c0102a71                sys_lseek
 .text          0x00000000c0102b6b       0x96 syscall/open.o
                0x00000000c0102b6b                sys_open
 .text          0x00000000c0102c01       0xa1 syscall/read.o
                0x00000000c0102c01                sys_read
 .text          0x00000000c0102ca2       0xed syscall/sbrk.o
                0x00000000c0102ca2                sys_sbrk
 .text          0x00000000c0102d8f       0x99 syscall/syscall.o
                0x00000000c0102d8f                syscall_init
                0x00000000c0102e02                syscall_perform
 .text          0x00000000c0102e28       0x18 syscall/terminate.o
                0x00000000c0102e28                sys_terminate
 .text          0x00000000c0102e40       0xa9 syscall/write.o
                0x00000000c0102e40                sys_write
 .text          0x00000000c0102ee9        0xf syscall/yield.o
                0x00000000c0102ee9                sys_yield
 .text          0x00000000c0102ef8       0x47 test/runtest.o
                0x00000000c0102ef8                test_run
 .text          0x00000000c0102f3f       0xee thread/cleaner.o
                0x00000000c0102f3f                cleaner_thread_task
                0x00000000c0102fed                cleaner_thread_init
                0x00000000c0103010                cleaner_thread_awaken
 .text          0x00000000c010302d      0x223 thread/filedes.o
                0x00000000c010302d                filedes_table_create
                0x00000000c0103081                filedes_table_copy
                0x00000000c0103106                filedesc_seek
                0x00000000c0103149                fildesc_convert_to_vnode
                0x00000000c0103197                filedesc_table_register_vnode
 .text          0x00000000c0103250       0x39 thread/idle.o
                0x00000000c010326a                idle_thread_init
 .text          0x00000000c0103289      0x1ae thread/loader.o
                0x00000000c0103289                load_program
                0x00000000c0103342                load_driver
 .text          0x00000000c0103437      0x116 thread/process.o
                0x00000000c0103437                process_create_child
                0x00000000c01034a0                process_create
                0x00000000c01034bf                process_kill
                0x00000000c01034c5                process_add_thread
                0x00000000c01034fc                process_create_thread
                0x00000000c0103533                process_init
 .text          0x00000000c010354d       0x6b thread/spinlock.o
                0x00000000c010354d                spinlock_is_held
                0x00000000c010355c                spinlock_init
                0x00000000c010358d                spinlock_acquire
                0x00000000c0103592                spinlock_release
                0x00000000c0103597                spinlock_acquire_if_unlocked
 .text          0x00000000c01035b8      0x285 thread/synch.o
                0x00000000c01035b8                semaphore_create
                0x00000000c01035e1                semaphore_destory
                0x00000000c01035e6                semaphore_acquire
                0x00000000c0103657                semaphore_try_acquire
                0x00000000c01036a7                semaphore_release
                0x00000000c01036fd                semaphore_set_count
                0x00000000c0103740                rw_lock_create
                0x00000000c010377b                rw_lock_destroy
                0x00000000c01037a4                rw_lock_acquire_read
                0x00000000c01037df                rw_lock_release_read
                0x00000000c010381b                rw_lock_acquire_write
                0x00000000c010382c                rw_lock_release_write
 .text          0x00000000c010383d      0xa65 thread/thread.o
                0x00000000c010390a                thread_stack_check_canary
                0x00000000c0103939                thread_execve
                0x00000000c0103958                thread_init
                0x00000000c0103a87                thread_fork
                0x00000000c0103bb6                thread_create
                0x00000000c0103ca9                thread_postpone_switches
                0x00000000c0103ccc                thread_schedule
                0x00000000c0103de5                thread_block
                0x00000000c0103dfb                thread_unblock
                0x00000000c0103e3b                thread_end_postpone_switches
                0x00000000c0103e80                get_time_since_boot
                0x00000000c0103eb5                thread_nano_sleep_until
                0x00000000c0103f2b                thread_nano_sleep
                0x00000000c0103f4d                thread_sleep
                0x00000000c0103f67                thread_yield
                0x00000000c0103f8d                thread_terminate
                0x00000000c0104031                thread_execute_in_usermode
                0x00000000c0104118                thread_startup_handler
                0x00000000c010413f                thread_received_timer_interrupt_bsp
                0x00000000c0104178                thread_received_timer_interrupt
                0x00000000c0104260                thread_set_priority
 .text          0x00000000c01042a2      0x189 util/adt_blocking_byte_buffer.o
                0x00000000c01042a2                adt_blocking_byte_buffer_create
                0x00000000c0104307                adt_blocking_byte_buffer_destroy
                0x00000000c0104327                adt_blocking_byte_buffer_add
                0x00000000c010438d                adt_blocking_byte_buffer_get
                0x00000000c01043d2                adt_blocking_byte_buffer_try_get
 .text          0x00000000c010442b      0x207 util/adt_hashmap.o
                0x00000000c010442b                adt_hashmap_create
                0x00000000c0104498                adt_hashmap_contains
                0x00000000c0104503                adt_hashmap_add
                0x00000000c0104571                adt_hashmap_get
                0x00000000c01045ef                adt_hashmap_size
                0x00000000c01045fa                adt_hashmap_null_terminated_string_hash_function
                0x00000000c0104617                adt_hashmap_null_terminated_string_equality_function
 .text          0x00000000c0104632      0x2e6 util/adt_list.o
                0x00000000c0104632                adt_list_create
                0x00000000c0104660                adt_list_add_front
                0x00000000c010469e                adt_list_add_back
                0x00000000c01046dd                adt_list_remove_front
                0x00000000c0104725                adt_list_destroy
                0x00000000c010474d                adt_list_remove_back
                0x00000000c01047be                adt_list_get_front
                0x00000000c01047e0                adt_list_get_back
                0x00000000c0104803                adt_list_size
                0x00000000c010480e                adt_list_reset
                0x00000000c010481f                adt_list_has_next
                0x00000000c0104844                adt_list_get_next
                0x00000000c010487b                adt_list_circulate
                0x00000000c010489f                adt_list_remove_element
 .text          0x00000000c0104918       0x71 util/adt_stack.o
                0x00000000c0104918                adt_stack_create
                0x00000000c0104936                adt_stack_destroy
                0x00000000c0104956                adt_stack_push
                0x00000000c0104967                adt_stack_pop
                0x00000000c0104978                adt_stack_size
 .text          0x00000000c0104989       0x5d util/bitarray.o
                0x00000000c0104989                bitarray_set
                0x00000000c01049a5                bitarray_clear
                0x00000000c01049c3                bitarray_is_set
 .text          0x00000000c01049e6       0x1d util/cpu.o
                0x00000000c01049e6                cpu_get_count
                0x00000000c01049ec                cpu_init
 .text          0x00000000c0104a03      0x281 util/kprintf.o
                0x00000000c0104aca                kprintf
                0x00000000c0104ba7                kprintfnv
 .text          0x00000000c0104c84       0x22 util/panic.o
                0x00000000c0104c84                panic
 .text          0x00000000c0104ca6      0x10f vfs/copyinout.o
                0x00000000c0104d42                copyin
                0x00000000c0104d7a                copyout
 .text          0x00000000c0104db5      0x166 vfs/device.o
                0x00000000c0104ef0                dev_create_vnode
 .text          0x00000000c0104f1b      0x16c vfs/uio.o
                0x00000000c0104f1b                uio_move
                0x00000000c0104f8b                uio_move_string_to_usermode
                0x00000000c0105004                uio_move_string_from_usermode
                0x00000000c0105060                uio_construct
 .text          0x00000000c0105087      0xa62 vfs/vfs.o
                0x00000000c01051aa                vfs_init
                0x00000000c01051ce                vfs_get_path_component
                0x00000000c01054a7                vfs_get_final_component
                0x00000000c010562e                vfs_mount_filesystem
                0x00000000c0105769                vfs_add_device
                0x00000000c0105834                vfs_remove_device
                0x00000000c0105902                vfs_close
                0x00000000c0105924                vfs_open
                0x00000000c0105977                vfs_add_virtual_mount_point
                0x00000000c0105a68                vfs_write
                0x00000000c0105a94                vfs_read
 .text          0x00000000c0105ae9      0x2a7 vfs/vnode.o
                0x00000000c0105ae9                vnode_init
                0x00000000c0105b3e                vnode_check
                0x00000000c0105b75                vnode_reference
                0x00000000c0105b9d                vnode_op_check_open
                0x00000000c0105bcd                vnode_op_read
                0x00000000c0105bf5                vnode_op_readdir
                0x00000000c0105c1d                vnode_op_write
                0x00000000c0105c45                vnode_op_ioctl
                0x00000000c0105c75                vnode_op_is_seekable
                0x00000000c0105c94                vnode_op_is_tty
                0x00000000c0105cb3                vnode_op_close
                0x00000000c0105cbf                vnode_dereference
                0x00000000c0105d19                vnode_op_follow
                0x00000000c0105d49                vnode_op_dirent_type
                0x00000000c0105d68                vnode_op_stat
 .text          0x00000000c0105d90      0x2e6 fs/demofs/demofs_inodes.o
                0x00000000c0105d90                demofs_read_inode
                0x00000000c0105de4                demofs_read_file
                0x00000000c0105f0f                demofs_follow
 .text          0x00000000c0106076      0x233 fs/demofs/demofs_vnode.o
                0x00000000c0106195                demofs_root_creator
                0x00000000c01061e9                demofs_create_file_vnode
                0x00000000c010620d                demofs_create_dir_vnode
 .text          0x00000000c01062a9       0x60 machine/dev/beeper.o
                0x00000000c01062e0                x86_beeper_register
 .text          0x00000000c0106309       0xa8 machine/dev/cpu.o
                0x00000000c0106309                arch_initialise_devices_no_fs
                0x00000000c010630e                arch_initialise_devices_with_fs
                0x00000000c010633a                arch_cpu_initialise_bootstrap
                0x00000000c010638b                arch_all_cpus_are_done
                0x00000000c010639a                arch_reboot
 .text          0x00000000c01063b1      0x73e machine/dev/floppy.o
                0x00000000c0106a0e                floppy_initialise
 .text          0x00000000c0106aef      0x45e machine/dev/ide.o
                0x00000000c0106aef                ide_check_errors
                0x00000000c0106b45                ide_poll
                0x00000000c0106e2f                ide_initialise
 .text          0x00000000c0106f4d       0x93 machine/dev/pic.o
                0x00000000c0106f4d                pic_is_spurious
                0x00000000c0106f9a                pic_eoi
                0x00000000c0106fad                pic_initialise
 .text          0x00000000c0106fe0       0x78 machine/dev/pit.o
                0x00000000c0107011                pit_initialise
 .text          0x00000000c0107058      0x3b4 machine/elf/elf.o
                0x00000000c0107328                is_elf_valid
                0x00000000c010734a                arch_load_driver
                0x00000000c01073a3                arch_start_driver
                0x00000000c01073c4                arch_exec
 .text          0x00000000c010740c      0x399 machine/elf/symbols.o
                0x00000000c010740c                ksymbol_add_symbol
                0x00000000c0107760                ksymbol_get_address_from_name
 .text          0x00000000c01077a5       0xe8 machine/lowlevel/gdt.o
                0x00000000c01077a5                x86_gdt_create_entry
                0x00000000c01077e4                x86_gdt_initialise
                0x00000000c010785a                x86_gdt_add_tss
 .text          0x00000000c010788d       0xf3 machine/lowlevel/idt.o
                0x00000000c010788d                x86_idt_set_entry
                0x00000000c01078cf                x86_idt_initialise
 .text          0x00000000c0107980      0x12c machine/lowlevel/interrupt.o
                0x00000000c0107980                x86_handle_syscall
                0x00000000c01079b6                x86_register_interrupt_handler
                0x00000000c01079e6                x86_interrupt_initialise
                0x00000000c0107a1e                x86_interrupt_handler
 .text          0x00000000c0107aac       0x51 machine/lowlevel/tss.o
                0x00000000c0107aac                x86_tss_initialise
 .text          0x00000000c0107afd       0xdc machine/mem/physical.o
                0x00000000c0107afd                arch_get_memory
 .text          0x00000000c0107bd9      0x750 machine/mem/virtual.o
                0x00000000c0107bd9                lowmem_physical_to_virtual
                0x00000000c0107be6                arch_vas_destroy
                0x00000000c0107beb                arch_vas_load
                0x00000000c0107bfc                arch_vas_set_entry
                0x00000000c0107cc4                x86_per_cpu_virt_initialise
                0x00000000c0107e88                x86_get_entry
                0x00000000c0107f91                arch_vas_create
                0x00000000c0108016                arch_vas_copy
                0x00000000c010810c                x86_handle_page_fault
                0x00000000c010826a                arch_vas_get_entry
                0x00000000c01082c7                arch_find_page_replacement_virt_address
 .text          0x00000000c0108329       0x68 machine/thread/fork.o
                0x00000000c0108329                arch_set_forked_kernel_stack
 .text          0x00000000c0108391       0x37 test/runnable/canary.o
                0x00000000c0108391                test_stack_canary
 .text          0x00000000c01083c8       0x7e test/runnable/heap.o
                0x00000000c01083c8                test_heap
 .text          0x00000000c0108446       0x4a test/runnable/sleep.o
                0x00000000c0108446                test_sleep
 .text          0x00000000c0108490       0x6b machine/boot/kernel_entry.oo
                0x00000000c0108490                vesa_depth
                0x00000000c0108491                vesa_framebuffer
                0x00000000c0108495                vesa_width
                0x00000000c0108497                vesa_height
                0x00000000c0108499                vesa_pitch
                0x00000000c010849b                x86_grub_table
 *fill*         0x00000000c01084fb        0x5 
 .text          0x00000000c0108500       0x1d machine/lowlevel/gdt.oo
                0x00000000c0108500                x86_gdt_load
 *fill*         0x00000000c010851d        0x3 
 .text          0x00000000c0108520        0x8 machine/lowlevel/idt.oo
                0x00000000c0108520                x86_idt_load
 *fill*         0x00000000c0108528        0x8 
 .text          0x00000000c0108530       0x1f machine/lowlevel/misc.oo
                0x00000000c0108530                arch_read_timestamp
                0x00000000c0108533                arch_enable_interrupts
                0x00000000c0108535                arch_disable_interrupts
                0x00000000c0108537                arch_stall_processor
                0x00000000c0108539                arch_flush_tlb
                0x00000000c0108540                x86_get_cr2
                0x00000000c0108544                x86_are_irqs_on
 *fill*         0x00000000c010854f        0x1 
 .text          0x00000000c0108550      0x138 machine/lowlevel/trap.oo
                0x00000000c0108550                isr0
                0x00000000c0108559                isr1
                0x00000000c0108562                isr2
                0x00000000c010856b                isr3
                0x00000000c0108574                isr4
                0x00000000c010857d                isr5
                0x00000000c0108586                isr6
                0x00000000c010858f                isr7
                0x00000000c0108598                isr8
                0x00000000c010859f                isr9
                0x00000000c01085a8                isr10
                0x00000000c01085af                isr11
                0x00000000c01085b6                isr12
                0x00000000c01085bd                isr13
                0x00000000c01085c4                isr14
                0x00000000c01085cb                isr15
                0x00000000c01085d4                isr16
                0x00000000c01085dd                isr17
                0x00000000c01085e1                isr18
                0x00000000c01085e7                isr19
                0x00000000c01085ed                isr20
                0x00000000c01085f3                isr21
                0x00000000c01085f9                isr96
                0x00000000c01085ff                irq0
                0x00000000c0108605                irq1
                0x00000000c010860b                irq2
                0x00000000c0108611                irq3
                0x00000000c0108617                irq4
                0x00000000c010861d                irq5
                0x00000000c0108623                irq6
                0x00000000c0108629                irq7
                0x00000000c010862f                irq8
                0x00000000c0108635                irq9
                0x00000000c010863b                irq10
                0x00000000c0108641                irq11
                0x00000000c0108647                irq12
                0x00000000c010864d                irq13
                0x00000000c0108653                irq14
                0x00000000c0108659                irq15
 *fill*         0x00000000c0108688        0x8 
 .text          0x00000000c0108690        0x8 machine/lowlevel/tss.oo
                0x00000000c0108690                x86_tss_load
 *fill*         0x00000000c0108698        0x8 
 .text          0x00000000c01086a0        0x8 machine/mem/virtual.oo
                0x00000000c01086a0                x86_set_cr3
 *fill*         0x00000000c01086a8        0x8 
 .text          0x00000000c01086b0       0x3f machine/thread/spinlock.oo
                0x00000000c01086b4                arch_irq_spinlock_acquire
                0x00000000c01086d3                arch_irq_spinlock_release
 *fill*         0x00000000c01086ef        0x1 
 .text          0x00000000c01086f0       0x3d machine/thread/switch.oo
                0x00000000c01086f0                arch_prepare_stack
                0x00000000c01086ff                arch_switch_thread
 *fill*         0x00000000c010872d        0x3 
 .text          0x00000000c0108730       0x20 machine/thread/usermode.oo
                0x00000000c0108730                arch_switch_to_usermode
 .text          0x00000000c0108750       0xff /cygdrive/c/Users/Alex/Toolchain/Output/bin/../lib/gcc/i386-banana/8.1.0/libgcc.a(_udivdi3.o)
                0x00000000c0108750                __udivdi3
 *(.ctors)
 *(.dtors)

.iplt           0x00000000c0108850        0x0 load address 0x0000000000108850
 .iplt          0x00000000c0108850        0x0 assert.o

.rodata         0x00000000c0109000      0x1c0 load address 0x0000000000109000
 *(.rodata)
 .rodata        0x00000000c0109000       0x4c string.o
 *fill*         0x00000000c010904c       0x14 
 .rodata        0x00000000c0109060       0x34 vfs/device.o
 *fill*         0x00000000c0109094        0xc 
 .rodata        0x00000000c01090a0       0x74 fs/demofs/demofs_vnode.o
                0x00000000c01090a0                demofs_vnode_dir_ops
                0x00000000c01090e0                demofs_vnode_file_ops
 *fill*         0x00000000c0109114        0xc 
 .rodata        0x00000000c0109120       0xa0 machine/lowlevel/idt.o

.rodata.str1.1  0x00000000c01091c0      0xc82 load address 0x00000000001091c0
 .rodata.str1.1
                0x00000000c01091c0       0x31 assert.o
 .rodata.str1.1
                0x00000000c01091f1       0x21 ctype.o
 .rodata.str1.1
                0x00000000c0109212      0x1cb string.o
 .rodata.str1.1
                0x00000000c01093dd        0xc dev/beeper.o
 .rodata.str1.1
                0x00000000c01093e9       0x4e dev/console.o
 .rodata.str1.1
                0x00000000c0109437       0x17 dev/random.o
 .rodata.str1.1
                0x00000000c010944e        0xb dev/video.o
 .rodata.str1.1
                0x00000000c0109459      0x111 main/main.o
                                        0x11b (size before relaxing)
 .rodata.str1.1
                0x00000000c010956a       0x4f mem/heap.o
 .rodata.str1.1
                0x00000000c01095b9       0x23 mem/physical.o
 .rodata.str1.1
                0x00000000c01095dc       0x96 mem/swapfile.o
 .rodata.str1.1
                0x00000000c0109672       0x77 mem/vas.o
 .rodata.str1.1
                0x00000000c01096e9       0x24 mem/virtual.o
 .rodata.str1.1
                0x00000000c010970d       0x25 syscall/terminate.o
 .rodata.str1.1
                0x00000000c0109732       0x23 test/runtest.o
 .rodata.str1.1
                0x00000000c0109755       0x13 thread/filedes.o
 .rodata.str1.1
                0x00000000c0109768       0x1b thread/process.o
 .rodata.str1.1
                0x00000000c0109783       0x47 thread/synch.o
 .rodata.str1.1
                0x00000000c01097ca      0x122 thread/thread.o
 .rodata.str1.1
                0x00000000c01098ec       0x4d util/adt_blocking_byte_buffer.o
 .rodata.str1.1
                0x00000000c0109939       0x79 util/adt_hashmap.o
 .rodata.str1.1
                0x00000000c01099b2      0x138 util/adt_list.o
 .rodata.str1.1
                0x00000000c0109aea       0x3b util/kprintf.o
 .rodata.str1.1
                0x00000000c0109b25       0x12 util/panic.o
 .rodata.str1.1
                0x00000000c0109b37       0x11 vfs/vfs.o
                                         0x13 (size before relaxing)
 .rodata.str1.1
                0x00000000c0109b48       0x1b vfs/vnode.o
 .rodata.str1.1
                0x00000000c0109b63       0x29 fs/demofs/demofs_inodes.o
 .rodata.str1.1
                0x00000000c0109b8c       0x1e machine/dev/cpu.o
 .rodata.str1.1
                0x00000000c0109baa       0x7d machine/dev/floppy.o
                                         0x85 (size before relaxing)
 .rodata.str1.1
                0x00000000c0109c27       0x21 machine/dev/ide.o
                                         0x29 (size before relaxing)
 .rodata.str1.1
                0x00000000c0109c48       0x40 machine/elf/elf.o
 .rodata.str1.1
                0x00000000c0109c88       0x59 machine/elf/symbols.o
 .rodata.str1.1
                0x00000000c0109ce1       0x27 machine/lowlevel/interrupt.o
 .rodata.str1.1
                0x00000000c0109d08       0x18 machine/mem/physical.o
 .rodata.str1.1
                0x00000000c0109d20      0x100 machine/mem/virtual.o
 .rodata.str1.1
                0x00000000c0109e20        0x9 test/runnable/canary.o
 .rodata.str1.1
                0x00000000c0109e29        0x7 test/runnable/heap.o
 .rodata.str1.1
                0x00000000c0109e30       0x12 test/runnable/sleep.o

.eh_frame       0x00000000c0109e44     0x3044 load address 0x0000000000109e44
 .eh_frame      0x00000000c0109e44       0x34 assert.o
 .eh_frame      0x00000000c0109e78      0x1c8 ctype.o
                                        0x1e0 (size before relaxing)
 .eh_frame      0x00000000c010a040      0x1f8 string.o
                                        0x210 (size before relaxing)
 .eh_frame      0x00000000c010a238       0x64 dev/beeper.o
                                         0x7c (size before relaxing)
 .eh_frame      0x00000000c010a29c      0x140 dev/console.o
                                        0x158 (size before relaxing)
 .eh_frame      0x00000000c010a3dc       0x5c dev/interface.o
                                         0x74 (size before relaxing)
 .eh_frame      0x00000000c010a438       0x70 dev/random.o
                                         0x88 (size before relaxing)
 .eh_frame      0x00000000c010a4a8       0xa4 dev/video.o
                                         0xbc (size before relaxing)
 .eh_frame      0x00000000c010a54c       0x3c main/main.o
                                         0x54 (size before relaxing)
 .eh_frame      0x00000000c010a588       0xd0 mem/heap.o
                                         0xe8 (size before relaxing)
 .eh_frame      0x00000000c010a658       0x7c mem/physical.o
                                         0x94 (size before relaxing)
 .eh_frame      0x00000000c010a6d4       0x74 mem/swapfile.o
                                         0x8c (size before relaxing)
 .eh_frame      0x00000000c010a748      0x1a0 mem/vas.o
                                        0x1b8 (size before relaxing)
 .eh_frame      0x00000000c010a8e8       0xcc mem/virtual.o
                                         0xe4 (size before relaxing)
 .eh_frame      0x00000000c010a9b4       0x20 syscall/close.o
                                         0x38 (size before relaxing)
 .eh_frame      0x00000000c010a9d4       0x20 syscall/isatty.o
                                         0x38 (size before relaxing)
 .eh_frame      0x00000000c010a9f4       0x2c syscall/lseek.o
                                         0x44 (size before relaxing)
 .eh_frame      0x00000000c010aa20       0x28 syscall/open.o
                                         0x40 (size before relaxing)
 .eh_frame      0x00000000c010aa48       0x2c syscall/read.o
                                         0x44 (size before relaxing)
 .eh_frame      0x00000000c010aa74       0x2c syscall/sbrk.o
                                         0x44 (size before relaxing)
 .eh_frame      0x00000000c010aaa0       0x48 syscall/syscall.o
                                         0x60 (size before relaxing)
 .eh_frame      0x00000000c010aae8       0x1c syscall/terminate.o
                                         0x34 (size before relaxing)
 .eh_frame      0x00000000c010ab04       0x2c syscall/write.o
                                         0x44 (size before relaxing)
 .eh_frame      0x00000000c010ab30       0x20 syscall/yield.o
                                         0x38 (size before relaxing)
 .eh_frame      0x00000000c010ab50       0x34 test/runtest.o
                                         0x4c (size before relaxing)
 .eh_frame      0x00000000c010ab84       0x60 thread/cleaner.o
                                         0x78 (size before relaxing)
 .eh_frame      0x00000000c010abe4       0xd4 thread/filedes.o
                                         0xec (size before relaxing)
 .eh_frame      0x00000000c010acb8       0x3c thread/idle.o
                                         0x54 (size before relaxing)
 .eh_frame      0x00000000c010acf4       0x54 thread/loader.o
                                         0x6c (size before relaxing)
 .eh_frame      0x00000000c010ad48       0xcc thread/process.o
                                         0xe4 (size before relaxing)
 .eh_frame      0x00000000c010ae14       0x8c thread/spinlock.o
                                         0xa4 (size before relaxing)
 .eh_frame      0x00000000c010aea0      0x198 thread/synch.o
                                        0x1b0 (size before relaxing)
 .eh_frame      0x00000000c010b038      0x38c thread/thread.o
                                        0x3a4 (size before relaxing)
 .eh_frame      0x00000000c010b3c4       0xd0 util/adt_blocking_byte_buffer.o
                                         0xe8 (size before relaxing)
 .eh_frame      0x00000000c010b494      0x10c util/adt_hashmap.o
                                        0x124 (size before relaxing)
 .eh_frame      0x00000000c010b5a0      0x1e0 util/adt_list.o
                                        0x1f8 (size before relaxing)
 .eh_frame      0x00000000c010b780       0xa8 util/adt_stack.o
                                         0xc0 (size before relaxing)
 .eh_frame      0x00000000c010b828       0x60 util/bitarray.o
                                         0x78 (size before relaxing)
 .eh_frame      0x00000000c010b888       0x34 util/cpu.o
                                         0x4c (size before relaxing)
 .eh_frame      0x00000000c010b8bc      0x104 util/kprintf.o
                                        0x11c (size before relaxing)
 .eh_frame      0x00000000c010b9c0       0x1c util/panic.o
                                         0x34 (size before relaxing)
 .eh_frame      0x00000000c010b9dc       0x84 vfs/copyinout.o
                                         0x9c (size before relaxing)
 .eh_frame      0x00000000c010ba60      0x18c vfs/device.o
                                        0x1a4 (size before relaxing)
 .eh_frame      0x00000000c010bbec       0x9c vfs/uio.o
                                         0xb4 (size before relaxing)
 .eh_frame      0x00000000c010bc88      0x324 vfs/vfs.o
                                        0x33c (size before relaxing)
 .eh_frame      0x00000000c010bfac      0x260 vfs/vnode.o
                                        0x278 (size before relaxing)
 .eh_frame      0x00000000c010c20c       0x88 fs/demofs/demofs_inodes.o
                                         0xa0 (size before relaxing)
 .eh_frame      0x00000000c010c294      0x208 fs/demofs/demofs_vnode.o
                                        0x220 (size before relaxing)
 .eh_frame      0x00000000c010c49c       0x58 machine/dev/beeper.o
                                         0x70 (size before relaxing)
 .eh_frame      0x00000000c010c4f4       0x84 machine/dev/cpu.o
                                         0x9c (size before relaxing)
 .eh_frame      0x00000000c010c578      0x1e0 machine/dev/floppy.o
                                        0x1f8 (size before relaxing)
 .eh_frame      0x00000000c010c758       0xa8 machine/dev/ide.o
                                         0xc0 (size before relaxing)
 .eh_frame      0x00000000c010c800       0x54 machine/dev/pic.o
                                         0x6c (size before relaxing)
 .eh_frame      0x00000000c010c854       0x44 machine/dev/pit.o
                                         0x5c (size before relaxing)
 .eh_frame      0x00000000c010c898       0xec machine/elf/elf.o
                                        0x104 (size before relaxing)
 .eh_frame      0x00000000c010c984       0x74 machine/elf/symbols.o
                                         0x8c (size before relaxing)
 .eh_frame      0x00000000c010c9f8       0x64 machine/lowlevel/gdt.o
                                         0x7c (size before relaxing)
 .eh_frame      0x00000000c010ca5c       0x50 machine/lowlevel/idt.o
                                         0x68 (size before relaxing)
 .eh_frame      0x00000000c010caac       0x98 machine/lowlevel/interrupt.o
                                         0xb0 (size before relaxing)
 .eh_frame      0x00000000c010cb44       0x24 machine/lowlevel/tss.o
                                         0x3c (size before relaxing)
 .eh_frame      0x00000000c010cb68       0x28 machine/mem/physical.o
                                         0x40 (size before relaxing)
 .eh_frame      0x00000000c010cb90      0x1f4 machine/mem/virtual.o
                                        0x20c (size before relaxing)
 .eh_frame      0x00000000c010cd84       0x2c machine/thread/fork.o
                                         0x44 (size before relaxing)
 .eh_frame      0x00000000c010cdb0       0x20 test/runnable/canary.o
                                         0x38 (size before relaxing)
 .eh_frame      0x00000000c010cdd0       0x28 test/runnable/heap.o
                                         0x40 (size before relaxing)
 .eh_frame      0x00000000c010cdf8       0x24 test/runnable/sleep.o
                                         0x3c (size before relaxing)
 .eh_frame      0x00000000c010ce1c       0x6c /cygdrive/c/Users/Alex/Toolchain/Output/bin/../lib/gcc/i386-banana/8.1.0/libgcc.a(_udivdi3.o)
                                         0x84 (size before relaxing)

.rel.dyn        0x00000000c010ce88        0x0 load address 0x000000000010ce88
 .rel.got       0x00000000c010ce88        0x0 assert.o
 .rel.iplt      0x00000000c010ce88        0x0 assert.o
 .rel.text      0x00000000c010ce88        0x0 assert.o
 .rel.multiboot.text
                0x00000000c010ce88        0x0 assert.o

.data           0x00000000c010d000      0x2a4 load address 0x000000000010d000
 *(.data)
 .data          0x00000000c010d000        0x0 assert.o
 .data          0x00000000c010d000        0x0 ctype.o
 .data          0x00000000c010d000        0x0 string.o
 .data          0x00000000c010d000        0x0 dev/beeper.o
 .data          0x00000000c010d000        0x0 dev/console.o
 .data          0x00000000c010d000        0x0 dev/interface.o
 .data          0x00000000c010d000        0x8 dev/random.o
 .data          0x00000000c010d008        0x0 dev/video.o
 .data          0x00000000c010d008        0x0 main/main.o
 .data          0x00000000c010d008        0x0 mem/heap.o
 .data          0x00000000c010d008        0x0 mem/physical.o
 .data          0x00000000c010d008        0x0 mem/swapfile.o
 .data          0x00000000c010d008        0x0 mem/vas.o
 .data          0x00000000c010d008        0x4 mem/virtual.o
                0x00000000c010d008                kernel_sbrk
 .data          0x00000000c010d00c        0x0 syscall/close.o
 .data          0x00000000c010d00c        0x0 syscall/isatty.o
 .data          0x00000000c010d00c        0x0 syscall/lseek.o
 .data          0x00000000c010d00c        0x0 syscall/open.o
 .data          0x00000000c010d00c        0x0 syscall/read.o
 .data          0x00000000c010d00c        0x0 syscall/sbrk.o
 .data          0x00000000c010d00c        0x0 syscall/syscall.o
 .data          0x00000000c010d00c        0x0 syscall/terminate.o
 .data          0x00000000c010d00c        0x0 syscall/write.o
 .data          0x00000000c010d00c        0x0 syscall/yield.o
 .data          0x00000000c010d00c       0x18 test/runtest.o
                0x00000000c010d00c                tests
 .data          0x00000000c010d024        0x0 thread/cleaner.o
 .data          0x00000000c010d024        0x0 thread/filedes.o
 .data          0x00000000c010d024        0x0 thread/idle.o
 .data          0x00000000c010d024        0x0 thread/loader.o
 .data          0x00000000c010d024        0x4 thread/process.o
 .data          0x00000000c010d028        0x0 thread/spinlock.o
 .data          0x00000000c010d028        0x0 thread/synch.o
 .data          0x00000000c010d028        0x4 thread/thread.o
 .data          0x00000000c010d02c        0x0 util/adt_blocking_byte_buffer.o
 .data          0x00000000c010d02c        0x0 util/adt_hashmap.o
 .data          0x00000000c010d02c        0x0 util/adt_list.o
 .data          0x00000000c010d02c        0x0 util/adt_stack.o
 .data          0x00000000c010d02c        0x0 util/bitarray.o
 .data          0x00000000c010d02c        0x0 util/cpu.o
 .data          0x00000000c010d02c        0x0 util/kprintf.o
 .data          0x00000000c010d02c        0x0 util/panic.o
 .data          0x00000000c010d02c        0x0 vfs/copyinout.o
 .data          0x00000000c010d02c        0x0 vfs/device.o
 .data          0x00000000c010d02c        0x0 vfs/uio.o
 .data          0x00000000c010d02c        0x0 vfs/vfs.o
 .data          0x00000000c010d02c        0x0 vfs/vnode.o
 .data          0x00000000c010d02c        0x0 fs/demofs/demofs_inodes.o
 .data          0x00000000c010d02c        0x0 fs/demofs/demofs_vnode.o
 .data          0x00000000c010d02c        0x0 machine/dev/beeper.o
 .data          0x00000000c010d02c        0x0 machine/dev/cpu.o
 .data          0x00000000c010d02c        0x4 machine/dev/floppy.o
                0x00000000c010d02c                stored_cylinder
 .data          0x00000000c010d030        0x0 machine/dev/ide.o
 .data          0x00000000c010d030        0x0 machine/dev/pic.o
 .data          0x00000000c010d030        0x0 machine/dev/pit.o
 .data          0x00000000c010d030        0x0 machine/elf/elf.o
 .data          0x00000000c010d030        0x0 machine/elf/symbols.o
 .data          0x00000000c010d030        0x0 machine/lowlevel/gdt.o
 .data          0x00000000c010d030        0x0 machine/lowlevel/idt.o
 *fill*         0x00000000c010d030       0x10 
 .data          0x00000000c010d040      0x260 machine/lowlevel/interrupt.o
 .data          0x00000000c010d2a0        0x0 machine/lowlevel/tss.o
 .data          0x00000000c010d2a0        0x4 machine/mem/physical.o
 .data          0x00000000c010d2a4        0x0 machine/mem/virtual.o
 .data          0x00000000c010d2a4        0x0 machine/thread/fork.o
 .data          0x00000000c010d2a4        0x0 test/runnable/canary.o
 .data          0x00000000c010d2a4        0x0 test/runnable/heap.o
 .data          0x00000000c010d2a4        0x0 test/runnable/sleep.o
 .data          0x00000000c010d2a4        0x0 /cygdrive/c/Users/Alex/Toolchain/Output/bin/../lib/gcc/i386-banana/8.1.0/libgcc.a(_udivdi3.o)

.got            0x00000000c010d2a4        0x0 load address 0x000000000010d2a4
 .got           0x00000000c010d2a4        0x0 assert.o

.got.plt        0x00000000c010d2a4        0x0 load address 0x000000000010d2a4
 .got.plt       0x00000000c010d2a4        0x0 assert.o

.igot.plt       0x00000000c010d2a4        0x0 load address 0x000000000010d2a4
 .igot.plt      0x00000000c010d2a4        0x0 assert.o

.bss            0x00000000c010e000     0xe000 load address 0x000000000010e000
 *(COMMON)
 COMMON         0x00000000c010e000       0x48 dev/beeper.o
                0x00000000c010e000                beeper_lock
 *fill*         0x00000000c010e048       0x18 
 COMMON         0x00000000c010e060      0x860 dev/console.o
                0x00000000c010e060                console_driver_lock
                0x00000000c010e0c0                line_buffer_char_width
                0x00000000c010e4c0                line_buffer
 COMMON         0x00000000c010e8c0       0x48 dev/random.o
                0x00000000c010e8c0                random_lock
 *fill*         0x00000000c010e908       0x18 
 COMMON         0x00000000c010e920       0x48 dev/video.o
                0x00000000c010e920                video_lock
 *fill*         0x00000000c010e968       0x18 
 COMMON         0x00000000c010e980     0x2068 mem/heap.o
                0x00000000c010e980                bootstrap_heap
                0x00000000c0110980                block_head
                0x00000000c01109a0                heap_lock
 *fill*         0x00000000c01109e8       0x18 
 COMMON         0x00000000c0110a00     0x1060 mem/physical.o
                0x00000000c0110a00                phys_lock
                0x00000000c0110a60                page_allocation_bitmap
 COMMON         0x00000000c0111a60       0x48 mem/virtual.o
                0x00000000c0111a60                virt_lock
 *fill*         0x00000000c0111aa8       0x18 
 COMMON         0x00000000c0111ac0       0x40 syscall/syscall.o
                0x00000000c0111ac0                syscall_table
 COMMON         0x00000000c0111b00       0x48 thread/thread.o
                0x00000000c0111b00                scheduler_lock
 COMMON         0x00000000c0111b48        0x4 util/cpu.o
                0x00000000c0111b48                current_cpu
 *fill*         0x00000000c0111b4c       0x14 
 COMMON         0x00000000c0111b60       0x48 vfs/vfs.o
                0x00000000c0111b60                vfs_lock
 COMMON         0x00000000c0111ba8        0x8 machine/dev/floppy.o
                0x00000000c0111ba8                cylinder_buffer
                0x00000000c0111bac                cylinder_zero
 *fill*         0x00000000c0111bb0       0x10 
 COMMON         0x00000000c0111bc0      0x400 machine/lowlevel/interrupt.o
                0x00000000c0111bc0                x86_irq_handlers
 *fill*         0x00000000c0111fc0       0x40 
 COMMON         0x00000000c0112000     0x3580 machine/mem/virtual.o
                0x00000000c0112000                first_page_table
                0x00000000c0113000                temp_virtual_page
                0x00000000c0114000                kernel_page_directory
                0x00000000c0115000                kernel_vas_x86
                0x00000000c0115080                kernel_vas
 *(.bss)
 .bss           0x00000000c0115580        0x0 assert.o
 .bss           0x00000000c0115580        0x0 ctype.o
 .bss           0x00000000c0115580        0x0 string.o
 .bss           0x00000000c0115580        0x8 dev/beeper.o
                0x00000000c0115580                init_lock_yet
                0x00000000c0115584                default_beeper_driver
 .bss           0x00000000c0115588       0x28 dev/console.o
                0x00000000c0115588                line_buffer_pos
                0x00000000c011558c                input_buffer
                0x00000000c0115590                default_console_driver
 .bss           0x00000000c01155b0        0x0 dev/interface.o
 .bss           0x00000000c01155b0       0x1c dev/random.o
 .bss           0x00000000c01155cc        0x4 dev/video.o
                0x00000000c01155cc                default_video_driver
 .bss           0x00000000c01155d0        0x0 main/main.o
 .bss           0x00000000c01155d0        0x9 mem/heap.o
                0x00000000c01155d0                heap_used
                0x00000000c01155d4                bootstrap_heap_pos
                0x00000000c01155d8                full_heap_initialised
 *fill*         0x00000000c01155d9        0x3 
 .bss           0x00000000c01155dc        0xc mem/physical.o
                0x00000000c01155dc                num_pages_total
                0x00000000c01155e0                num_pages_used
 *fill*         0x00000000c01155e8       0x18 
 .bss           0x00000000c0115600       0x5c mem/swapfile.o
 .bss           0x00000000c011565c        0x0 mem/vas.o
 .bss           0x00000000c011565c        0x0 mem/virtual.o
 .bss           0x00000000c011565c        0x0 syscall/close.o
 .bss           0x00000000c011565c        0x0 syscall/isatty.o
 .bss           0x00000000c011565c        0x0 syscall/lseek.o
 .bss           0x00000000c011565c        0x0 syscall/open.o
 .bss           0x00000000c011565c        0x0 syscall/read.o
 .bss           0x00000000c011565c        0x0 syscall/sbrk.o
 .bss           0x00000000c011565c        0x0 syscall/syscall.o
 .bss           0x00000000c011565c        0x0 syscall/terminate.o
 .bss           0x00000000c011565c        0x0 syscall/write.o
 .bss           0x00000000c011565c        0x0 syscall/yield.o
 .bss           0x00000000c011565c        0x0 test/runtest.o
 .bss           0x00000000c011565c        0x4 thread/cleaner.o
 .bss           0x00000000c0115660        0x0 thread/filedes.o
 .bss           0x00000000c0115660        0x0 thread/idle.o
 .bss           0x00000000c0115660        0x0 thread/loader.o
 .bss           0x00000000c0115660       0x48 thread/process.o
 .bss           0x00000000c01156a8        0x0 thread/spinlock.o
 .bss           0x00000000c01156a8        0x0 thread/synch.o
 *fill*         0x00000000c01156a8       0x18 
 .bss           0x00000000c01156c0       0xd8 thread/thread.o
                0x00000000c01156c0                terminated_thread_list
 .bss           0x00000000c0115798        0x0 util/adt_blocking_byte_buffer.o
 .bss           0x00000000c0115798        0x0 util/adt_hashmap.o
 .bss           0x00000000c0115798        0x0 util/adt_list.o
 .bss           0x00000000c0115798        0x0 util/adt_stack.o
 .bss           0x00000000c0115798        0x0 util/bitarray.o
 .bss           0x00000000c0115798        0x4 util/cpu.o
 .bss           0x00000000c011579c        0x0 util/kprintf.o
 .bss           0x00000000c011579c        0x0 util/panic.o
 .bss           0x00000000c011579c        0x0 vfs/copyinout.o
 .bss           0x00000000c011579c        0x0 vfs/device.o
 .bss           0x00000000c011579c        0x0 vfs/uio.o
 .bss           0x00000000c011579c        0x4 vfs/vfs.o
                0x00000000c011579c                mount_list
 .bss           0x00000000c01157a0        0x0 vfs/vnode.o
 .bss           0x00000000c01157a0        0x0 fs/demofs/demofs_inodes.o
 .bss           0x00000000c01157a0        0x0 fs/demofs/demofs_vnode.o
 .bss           0x00000000c01157a0        0x8 machine/dev/beeper.o
 .bss           0x00000000c01157a8        0x4 machine/dev/cpu.o
                0x00000000c01157a8                x86_allow_interrupts
 .bss           0x00000000c01157ac       0x2c machine/dev/floppy.o
                0x00000000c01157ac                got_cylinder_zero
 .bss           0x00000000c01157d8       0x20 machine/dev/ide.o
                0x00000000c01157d8                ide_lock
 .bss           0x00000000c01157f8        0x0 machine/dev/pic.o
 .bss           0x00000000c01157f8        0x8 machine/dev/pit.o
                0x00000000c01157f8                pit_hertz
 .bss           0x00000000c0115800        0x0 machine/elf/elf.o
 .bss           0x00000000c0115800        0x4 machine/elf/symbols.o
                0x00000000c0115800                loaded_symbols
 .bss           0x00000000c0115804        0x0 machine/lowlevel/gdt.o
 .bss           0x00000000c0115804        0x0 machine/lowlevel/idt.o
 .bss           0x00000000c0115804        0x0 machine/lowlevel/interrupt.o
 .bss           0x00000000c0115804        0x0 machine/lowlevel/tss.o
 .bss           0x00000000c0115804       0x14 machine/mem/physical.o
                0x00000000c0115804                memory_table
 .bss           0x00000000c0115818        0x0 machine/mem/virtual.o
 .bss           0x00000000c0115818        0x0 machine/thread/fork.o
 .bss           0x00000000c0115818        0x0 test/runnable/canary.o
 .bss           0x00000000c0115818        0x0 test/runnable/heap.o
 .bss           0x00000000c0115818        0x0 test/runnable/sleep.o
 *fill*         0x00000000c0115818      0x7e8 
 .bss           0x00000000c0116000     0x6000 machine/boot/kernel_entry.oo
 .bss           0x00000000c011c000        0x0 /cygdrive/c/Users/Alex/Toolchain/Output/bin/../lib/gcc/i386-banana/8.1.0/libgcc.a(_udivdi3.o)
 *(.bootstrap_stack)
                0x00000000c011c000                _kernel_end = .

/DISCARD/
 *(.comment)
OUTPUT(KERNEL.EXE elf32-i386)

.debug_info     0x0000000000000000      0xd25
 .debug_info    0x0000000000000000      0xd25 /cygdrive/c/Users/Alex/Toolchain/Output/bin/../lib/gcc/i386-banana/8.1.0/libgcc.a(_udivdi3.o)

.debug_abbrev   0x0000000000000000      0x23a
 .debug_abbrev  0x0000000000000000      0x23a /cygdrive/c/Users/Alex/Toolchain/Output/bin/../lib/gcc/i386-banana/8.1.0/libgcc.a(_udivdi3.o)

.debug_loc      0x0000000000000000      0x79c
 .debug_loc     0x0000000000000000      0x79c /cygdrive/c/Users/Alex/Toolchain/Output/bin/../lib/gcc/i386-banana/8.1.0/libgcc.a(_udivdi3.o)

.debug_aranges  0x0000000000000000       0x20
 .debug_aranges
                0x0000000000000000       0x20 /cygdrive/c/Users/Alex/Toolchain/Output/bin/../lib/gcc/i386-banana/8.1.0/libgcc.a(_udivdi3.o)

.debug_ranges   0x0000000000000000       0x28
 .debug_ranges  0x0000000000000000       0x28 /cygdrive/c/Users/Alex/Toolchain/Output/bin/../lib/gcc/i386-banana/8.1.0/libgcc.a(_udivdi3.o)

.debug_line     0x0000000000000000      0x2c5
 .debug_line    0x0000000000000000      0x2c5 /cygdrive/c/Users/Alex/Toolchain/Output/bin/../lib/gcc/i386-banana/8.1.0/libgcc.a(_udivdi3.o)

.debug_str      0x0000000000000000      0xb7b
 .debug_str     0x0000000000000000      0xb7b /cygdrive/c/Users/Alex/Toolchain/Output/bin/../lib/gcc/i386-banana/8.1.0/libgcc.a(_udivdi3.o)
                                        0xc29 (size before relaxing)
