Archive member included to satisfy reference by file (symbol)

/cygdrive/c/Users/Alex/Toolchain/Output/bin/../lib/gcc/i386-banana/8.1.0/libgcc.a(_udivdi3.o)
                              machine/dev/pit.o (__udivdi3)

Allocating common symbols
Common symbol       size              file

first_page_table    0x1000            machine/mem/virtual.o
cylinder_buffer     0x4               machine/dev/floppy.o
virt_lock           0x48              mem/virtual.o
console_driver_lock
                    0x48              dev/console.o
line_buffer_char_width
                    0x400             dev/console.o
bootstrap_heap      0x2000            mem/heap.o
x86_irq_handlers    0x400             machine/lowlevel/interrupt.o
temp_virtual_page   0x1000            machine/mem/virtual.o
phys_lock           0x48              mem/physical.o
kernel_page_directory
                    0x1000            machine/mem/virtual.o
random_lock         0x48              dev/random.o
block_head          0x4               mem/heap.o
vfs_lock            0x48              vfs/vfs.o
line_buffer         0x400             dev/console.o
page_allocation_bitmap
                    0x1000            mem/physical.o
kernel_vas_x86      0x80              machine/mem/virtual.o
kernel_vas          0x500             machine/mem/virtual.o
cylinder_zero       0x4               machine/dev/floppy.o
syscall_table       0x40              syscall/syscall.o
current_cpu         0x4               util/cpu.o
scheduler_lock      0x48              thread/thread.o
beeper_lock         0x48              dev/beeper.o
heap_lock           0x48              mem/heap.o

Discarded input sections

 .comment       0x0000000000000000       0x12 assert.o
 .comment       0x0000000000000000       0x12 ctype.o
 .comment       0x0000000000000000       0x12 string.o
 .comment       0x0000000000000000       0x12 dev/beeper.o
 .comment       0x0000000000000000       0x12 dev/console.o
 .comment       0x0000000000000000       0x12 dev/interface.o
 .comment       0x0000000000000000       0x12 dev/random.o
 .comment       0x0000000000000000       0x12 main/main.o
 .comment       0x0000000000000000       0x12 mem/heap.o
 .comment       0x0000000000000000       0x12 mem/physical.o
 .comment       0x0000000000000000       0x12 mem/swapfile.o
 .comment       0x0000000000000000       0x12 mem/vas.o
 .comment       0x0000000000000000       0x12 mem/virtual.o
 .comment       0x0000000000000000       0x12 syscall/close.o
 .comment       0x0000000000000000       0x12 syscall/open.o
 .comment       0x0000000000000000       0x12 syscall/read.o
 .comment       0x0000000000000000       0x12 syscall/syscall.o
 .comment       0x0000000000000000       0x12 syscall/terminate.o
 .comment       0x0000000000000000       0x12 syscall/write.o
 .comment       0x0000000000000000       0x12 syscall/yield.o
 .comment       0x0000000000000000       0x12 test/runtest.o
 .comment       0x0000000000000000       0x12 thread/cleaner.o
 .comment       0x0000000000000000       0x12 thread/filedes.o
 .comment       0x0000000000000000       0x12 thread/idle.o
 .comment       0x0000000000000000       0x12 thread/loader.o
 .comment       0x0000000000000000       0x12 thread/process.o
 .comment       0x0000000000000000       0x12 thread/spinlock.o
 .comment       0x0000000000000000       0x12 thread/synch.o
 .comment       0x0000000000000000       0x12 thread/thread.o
 .comment       0x0000000000000000       0x12 util/adt_blocking_byte_buffer.o
 .comment       0x0000000000000000       0x12 util/adt_hashmap.o
 .comment       0x0000000000000000       0x12 util/adt_list.o
 .comment       0x0000000000000000       0x12 util/adt_stack.o
 .comment       0x0000000000000000       0x12 util/bitarray.o
 .comment       0x0000000000000000       0x12 util/cpu.o
 .comment       0x0000000000000000       0x12 util/kprintf.o
 .comment       0x0000000000000000       0x12 util/panic.o
 .comment       0x0000000000000000       0x12 vfs/copyinout.o
 .comment       0x0000000000000000       0x12 vfs/device.o
 .comment       0x0000000000000000       0x12 vfs/uio.o
 .comment       0x0000000000000000       0x12 vfs/vfs.o
 .comment       0x0000000000000000       0x12 vfs/vnode.o
 .comment       0x0000000000000000       0x12 fs/demofs/demofs_inodes.o
 .comment       0x0000000000000000       0x12 fs/demofs/demofs_vnode.o
 .comment       0x0000000000000000       0x12 machine/dev/beeper.o
 .comment       0x0000000000000000       0x12 machine/dev/cpu.o
 .comment       0x0000000000000000       0x12 machine/dev/floppy.o
 .comment       0x0000000000000000       0x12 machine/dev/ide.o
 .comment       0x0000000000000000       0x12 machine/dev/pic.o
 .comment       0x0000000000000000       0x12 machine/dev/pit.o
 .comment       0x0000000000000000       0x12 machine/elf/elf.o
 .comment       0x0000000000000000       0x12 machine/elf/symbols.o
 .comment       0x0000000000000000       0x12 machine/lowlevel/gdt.o
 .comment       0x0000000000000000       0x12 machine/lowlevel/idt.o
 .comment       0x0000000000000000       0x12 machine/lowlevel/interrupt.o
 .comment       0x0000000000000000       0x12 machine/lowlevel/tss.o
 .comment       0x0000000000000000       0x12 machine/mem/physical.o
 .comment       0x0000000000000000       0x12 machine/mem/virtual.o
 .comment       0x0000000000000000       0x12 machine/thread/fork.o
 .comment       0x0000000000000000       0x12 test/runnable/canary.o
 .comment       0x0000000000000000       0x12 test/runnable/heap.o
 .comment       0x0000000000000000       0x12 test/runnable/sleep.o
 .comment       0x0000000000000000       0x12 /cygdrive/c/Users/Alex/Toolchain/Output/bin/../lib/gcc/i386-banana/8.1.0/libgcc.a(_udivdi3.o)

Memory Configuration

Name             Origin             Length             Attributes
*default*        0x0000000000000000 0xffffffffffffffff

Linker script and memory map

LOAD assert.o
LOAD ctype.o
LOAD string.o
LOAD dev/beeper.o
LOAD dev/console.o
LOAD dev/interface.o
LOAD dev/random.o
LOAD main/main.o
LOAD mem/heap.o
LOAD mem/physical.o
LOAD mem/swapfile.o
LOAD mem/vas.o
LOAD mem/virtual.o
LOAD syscall/close.o
LOAD syscall/open.o
LOAD syscall/read.o
LOAD syscall/syscall.o
LOAD syscall/terminate.o
LOAD syscall/write.o
LOAD syscall/yield.o
LOAD test/runtest.o
LOAD thread/cleaner.o
LOAD thread/filedes.o
LOAD thread/idle.o
LOAD thread/loader.o
LOAD thread/process.o
LOAD thread/spinlock.o
LOAD thread/synch.o
LOAD thread/thread.o
LOAD util/adt_blocking_byte_buffer.o
LOAD util/adt_hashmap.o
LOAD util/adt_list.o
LOAD util/adt_stack.o
LOAD util/bitarray.o
LOAD util/cpu.o
LOAD util/kprintf.o
LOAD util/panic.o
LOAD vfs/copyinout.o
LOAD vfs/device.o
LOAD vfs/uio.o
LOAD vfs/vfs.o
LOAD vfs/vnode.o
LOAD fs/demofs/demofs_inodes.o
LOAD fs/demofs/demofs_vnode.o
LOAD machine/dev/beeper.o
LOAD machine/dev/cpu.o
LOAD machine/dev/floppy.o
LOAD machine/dev/ide.o
LOAD machine/dev/pic.o
LOAD machine/dev/pit.o
LOAD machine/elf/elf.o
LOAD machine/elf/symbols.o
LOAD machine/lowlevel/gdt.o
LOAD machine/lowlevel/idt.o
LOAD machine/lowlevel/interrupt.o
LOAD machine/lowlevel/tss.o
LOAD machine/mem/physical.o
LOAD machine/mem/virtual.o
LOAD machine/thread/fork.o
LOAD test/runnable/canary.o
LOAD test/runnable/heap.o
LOAD test/runnable/sleep.o
LOAD machine/boot/kernel_entry.oo
LOAD machine/lowlevel/gdt.oo
LOAD machine/lowlevel/idt.oo
LOAD machine/lowlevel/misc.oo
LOAD machine/lowlevel/trap.oo
LOAD machine/lowlevel/tss.oo
LOAD machine/mem/virtual.oo
LOAD machine/thread/spinlock.oo
LOAD machine/thread/switch.oo
LOAD machine/thread/usermode.oo
LOAD /cygdrive/c/Users/Alex/Toolchain/Output/bin/../lib/gcc/i386-banana/8.1.0/libgcc.a
                0x0000000000100000                . = 0x100000
                0x0000000000100000                _kernel_start = .

.multiboot.data
                0x0000000000100000        0xc
 *(.multiboot.data)
 .multiboot.data
                0x0000000000100000        0xc machine/boot/kernel_entry.oo

.multiboot.text
                0x000000000010000c       0x77
 *(.multiboot.text)
 .multiboot.text
                0x000000000010000c       0x77 machine/boot/kernel_entry.oo
                0x000000000010000c                _start
                0x00000000c0100083                . = (. + 0xc0000000)

.text           0x00000000c0101000     0x721f load address 0x0000000000101000
 *(.text)
 .text          0x00000000c0101000       0x29 assert.o
                0x00000000c0101000                assertion_fail
 .text          0x00000000c0101029      0x19c ctype.o
                0x00000000c0101029                toupper
                0x00000000c010103c                tolower
                0x00000000c010104f                isalpha
                0x00000000c0101066                isalnum
                0x00000000c0101090                iscntrl
                0x00000000c01010a9                isblank
                0x00000000c01010c2                isdigit
                0x00000000c01010d6                islower
                0x00000000c01010ea                ispunct
                0x00000000c0101114                isgraph
                0x00000000c010114a                isprint
                0x00000000c0101172                isspace
                0x00000000c010118e                isupper
                0x00000000c01011a2                isxdigit
 .text          0x00000000c01011c5      0x1d2 string.o
                0x00000000c01011c5                memchr
                0x00000000c01011e2                memcmp
                0x00000000c0101216                memcpy
                0x00000000c010122c                memmove
                0x00000000c010125b                memset
                0x00000000c0101270                strcat
                0x00000000c0101297                strchr
                0x00000000c01012ad                strcmp
                0x00000000c01012cd                strcpy
                0x00000000c01012e5                strerror
                0x00000000c01012fe                strlen
                0x00000000c0101311                strncpy
                0x00000000c0101339                strdup
                0x00000000c0101367                strncmp
 .text          0x00000000c0101397      0x168 dev/beeper.o
                0x00000000c0101397                beeper_start
                0x00000000c010140c                beeper_stop
                0x00000000c010147d                beeper_register_driver
 .text          0x00000000c01014ff      0x41b dev/console.o
                0x00000000c0101634                console_register_driver
                0x00000000c0101692                console_init
                0x00000000c010170a                console_panic
                0x00000000c0101712                console_putc
                0x00000000c0101746                console_received_character
                0x00000000c01018be                console_getc
                0x00000000c01018ec                console_gets
 .text          0x00000000c010191a       0x1a dev/interface.o
                0x00000000c010191a                interface_init
                0x00000000c010192b                interface_io_not_needed
                0x00000000c010192e                interface_check_open_not_needed
                0x00000000c0101931                interface_ioctl_not_needed
 .text          0x00000000c0101934      0x14f dev/random.o
                0x00000000c0101934                random_io
                0x00000000c01019cf                random_init
                0x00000000c0101a36                rand32
 .text          0x00000000c0101a83      0x417 main/main.o
                0x00000000c0101a83                fault_tester
                0x00000000c0101aab                terminate_test
                0x00000000c0101ab0                fake_shell
                0x00000000c0101de8                kernel_main
 .text          0x00000000c0101e9a      0x2f3 mem/heap.o
                0x00000000c0101ed4                heap_init
                0x00000000c0101ef5                heap_reinit
                0x00000000c0101fad                malloc
                0x00000000c01020c9                free
 .text          0x00000000c010218d      0x184 mem/physical.o
                0x00000000c010218d                phys_init
                0x00000000c0102247                phys_allocate_page
                0x00000000c01022d4                phys_free_page
 .text          0x00000000c0102311      0x1c9 mem/swapfile.o
                0x00000000c0102311                swapfile_init
                0x00000000c0102394                swapfile_write
                0x00000000c0102456                swapfile_read
 .text          0x00000000c01024da      0x30c mem/vas.o
                0x00000000c01024da                vas_create
                0x00000000c0102510                vas_get_current_vas
                0x00000000c0102519                vas_flush_tlb
                0x00000000c010251e                vas_destroy
                0x00000000c010256f                vas_load
                0x00000000c01025a4                vas_copy
                0x00000000c01025f2                vas_map
                0x00000000c010263a                vas_reflag
                0x00000000c0102684                vas_virtual_to_physical
                0x00000000c01026bc                vas_unmap
                0x00000000c0102727                vas_perform_page_replacement
 .text          0x00000000c01027e6      0x132 mem/virtual.o
                0x00000000c01027e6                virt_init
                0x00000000c0102800                virt_bytes_to_pages
                0x00000000c0102810                virt_allocate_unbacked_krnl_region
                0x00000000c010286a                virt_deallocate_unbacked_krnl_region
                0x00000000c010286b                virt_allocate_backed_pages
                0x00000000c01028d9                virt_free_backed_pages
 .text          0x00000000c0102918        0x6 syscall/close.o
                0x00000000c0102918                sys_close
 .text          0x00000000c010291e       0x96 syscall/open.o
                0x00000000c010291e                sys_open
 .text          0x00000000c01029b4        0x6 syscall/read.o
                0x00000000c01029b4                sys_read
 .text          0x00000000c01029ba       0x7b syscall/syscall.o
                0x00000000c01029ba                syscall_init
                0x00000000c0102a0f                syscall_perform
 .text          0x00000000c0102a35       0x18 syscall/terminate.o
                0x00000000c0102a35                sys_terminate
 .text          0x00000000c0102a4d       0x68 syscall/write.o
                0x00000000c0102a4d                sys_write
 .text          0x00000000c0102ab5        0xf syscall/yield.o
                0x00000000c0102ab5                sys_yield
 .text          0x00000000c0102ac4       0x47 test/runtest.o
                0x00000000c0102ac4                test_run
 .text          0x00000000c0102b0b       0xee thread/cleaner.o
                0x00000000c0102b0b                cleaner_thread_task
                0x00000000c0102bb9                cleaner_thread_init
                0x00000000c0102bdc                cleaner_thread_awaken
 .text          0x00000000c0102bf9      0x15c thread/filedes.o
                0x00000000c0102bf9                filedes_table_create
                0x00000000c0102c3c                filedes_table_copy
                0x00000000c0102c9d                fildesc_convert_to_vnode
                0x00000000c0102cda                filedesc_table_register_vnode
 .text          0x00000000c0102d55       0x39 thread/idle.o
                0x00000000c0102d6f                idle_thread_init
 .text          0x00000000c0102d8e      0x1ae thread/loader.o
                0x00000000c0102d8e                load_program
                0x00000000c0102e47                load_driver
 .text          0x00000000c0102f3c      0x116 thread/process.o
                0x00000000c0102f3c                process_create_child
                0x00000000c0102fa5                process_create
                0x00000000c0102fc4                process_kill
                0x00000000c0102fca                process_add_thread
                0x00000000c0103001                process_create_thread
                0x00000000c0103038                process_init
 .text          0x00000000c0103052       0x6b thread/spinlock.o
                0x00000000c0103052                spinlock_is_held
                0x00000000c0103061                spinlock_init
                0x00000000c0103092                spinlock_acquire
                0x00000000c0103097                spinlock_release
                0x00000000c010309c                spinlock_acquire_if_unlocked
 .text          0x00000000c01030bd      0x285 thread/synch.o
                0x00000000c01030bd                semaphore_create
                0x00000000c01030e6                semaphore_destory
                0x00000000c01030eb                semaphore_acquire
                0x00000000c010315c                semaphore_try_acquire
                0x00000000c01031ac                semaphore_release
                0x00000000c0103202                semaphore_set_count
                0x00000000c0103245                rw_lock_create
                0x00000000c0103280                rw_lock_destroy
                0x00000000c01032a9                rw_lock_acquire_read
                0x00000000c01032e4                rw_lock_release_read
                0x00000000c0103320                rw_lock_acquire_write
                0x00000000c0103331                rw_lock_release_write
 .text          0x00000000c0103342      0xa94 thread/thread.o
                0x00000000c010340f                thread_stack_check_canary
                0x00000000c010343e                thread_execve
                0x00000000c010345d                thread_init
                0x00000000c010358c                thread_fork
                0x00000000c01036ea                thread_create
                0x00000000c01037dd                thread_postpone_switches
                0x00000000c0103800                thread_schedule
                0x00000000c0103919                thread_block
                0x00000000c010392f                thread_unblock
                0x00000000c010396f                thread_end_postpone_switches
                0x00000000c01039b4                get_time_since_boot
                0x00000000c01039e9                thread_nano_sleep_until
                0x00000000c0103a5f                thread_nano_sleep
                0x00000000c0103a81                thread_sleep
                0x00000000c0103a9b                thread_yield
                0x00000000c0103ac1                thread_terminate
                0x00000000c0103b65                thread_execute_in_usermode
                0x00000000c0103c4c                thread_startup_handler
                0x00000000c0103c73                thread_received_timer_interrupt_bsp
                0x00000000c0103cac                thread_received_timer_interrupt
                0x00000000c0103d94                thread_set_priority
 .text          0x00000000c0103dd6      0x189 util/adt_blocking_byte_buffer.o
                0x00000000c0103dd6                adt_blocking_byte_buffer_create
                0x00000000c0103e3b                adt_blocking_byte_buffer_destroy
                0x00000000c0103e5b                adt_blocking_byte_buffer_add
                0x00000000c0103ec1                adt_blocking_byte_buffer_get
                0x00000000c0103f06                adt_blocking_byte_buffer_try_get
 .text          0x00000000c0103f5f      0x207 util/adt_hashmap.o
                0x00000000c0103f5f                adt_hashmap_create
                0x00000000c0103fcc                adt_hashmap_contains
                0x00000000c0104037                adt_hashmap_add
                0x00000000c01040a5                adt_hashmap_get
                0x00000000c0104123                adt_hashmap_size
                0x00000000c010412e                adt_hashmap_null_terminated_string_hash_function
                0x00000000c010414b                adt_hashmap_null_terminated_string_equality_function
 .text          0x00000000c0104166      0x2e6 util/adt_list.o
                0x00000000c0104166                adt_list_create
                0x00000000c0104194                adt_list_add_front
                0x00000000c01041d2                adt_list_add_back
                0x00000000c0104211                adt_list_remove_front
                0x00000000c0104259                adt_list_destroy
                0x00000000c0104281                adt_list_remove_back
                0x00000000c01042f2                adt_list_get_front
                0x00000000c0104314                adt_list_get_back
                0x00000000c0104337                adt_list_size
                0x00000000c0104342                adt_list_reset
                0x00000000c0104353                adt_list_has_next
                0x00000000c0104378                adt_list_get_next
                0x00000000c01043af                adt_list_circulate
                0x00000000c01043d3                adt_list_remove_element
 .text          0x00000000c010444c       0x71 util/adt_stack.o
                0x00000000c010444c                adt_stack_create
                0x00000000c010446a                adt_stack_destroy
                0x00000000c010448a                adt_stack_push
                0x00000000c010449b                adt_stack_pop
                0x00000000c01044ac                adt_stack_size
 .text          0x00000000c01044bd       0x5d util/bitarray.o
                0x00000000c01044bd                bitarray_set
                0x00000000c01044d9                bitarray_clear
                0x00000000c01044f7                bitarray_is_set
 .text          0x00000000c010451a       0x1d util/cpu.o
                0x00000000c010451a                cpu_get_count
                0x00000000c0104520                cpu_init
 .text          0x00000000c0104537      0x15e util/kprintf.o
                0x00000000c01045b8                kprintf
 .text          0x00000000c0104695       0x2c util/panic.o
                0x00000000c0104695                panic
 .text          0x00000000c01046c1      0x10f vfs/copyinout.o
                0x00000000c010475d                copyin
                0x00000000c0104795                copyout
 .text          0x00000000c01047d0      0x159 vfs/device.o
                0x00000000c01048fe                dev_create_vnode
 .text          0x00000000c0104929      0x16c vfs/uio.o
                0x00000000c0104929                uio_move
                0x00000000c0104999                uio_move_string_to_usermode
                0x00000000c0104a12                uio_move_string_from_usermode
                0x00000000c0104a6e                uio_construct
 .text          0x00000000c0104a95      0xa4c vfs/vfs.o
                0x00000000c0104bb8                vfs_init
                0x00000000c0104bdc                vfs_get_path_component
                0x00000000c0104eb5                vfs_get_final_component
                0x00000000c0105026                vfs_mount_filesystem
                0x00000000c0105161                vfs_add_device
                0x00000000c010522c                vfs_remove_device
                0x00000000c01052fa                vfs_close
                0x00000000c010531c                vfs_open
                0x00000000c010536f                vfs_add_virtual_mount_point
                0x00000000c0105460                vfs_write
                0x00000000c010548c                vfs_read
 .text          0x00000000c01054e1      0x288 vfs/vnode.o
                0x00000000c01054e1                vnode_init
                0x00000000c0105536                vnode_check
                0x00000000c010556d                vnode_reference
                0x00000000c0105595                vnode_op_check_open
                0x00000000c01055c5                vnode_op_read
                0x00000000c01055ed                vnode_op_readdir
                0x00000000c0105615                vnode_op_write
                0x00000000c010563d                vnode_op_ioctl
                0x00000000c010566d                vnode_op_is_seekable
                0x00000000c010568c                vnode_op_close
                0x00000000c0105698                vnode_dereference
                0x00000000c01056f2                vnode_op_follow
                0x00000000c0105722                vnode_op_dirent_type
                0x00000000c0105741                vnode_op_stat
 .text          0x00000000c0105769      0x2e6 fs/demofs/demofs_inodes.o
                0x00000000c0105769                demofs_read_inode
                0x00000000c01057bd                demofs_read_file
                0x00000000c01058e8                demofs_follow
 .text          0x00000000c0105a4f      0x230 fs/demofs/demofs_vnode.o
                0x00000000c0105b6b                demofs_root_creator
                0x00000000c0105bbf                demofs_create_file_vnode
                0x00000000c0105be3                demofs_create_dir_vnode
 .text          0x00000000c0105c7f       0x60 machine/dev/beeper.o
                0x00000000c0105cb6                x86_beeper_register
 .text          0x00000000c0105cdf       0xa8 machine/dev/cpu.o
                0x00000000c0105cdf                arch_initialise_devices_no_fs
                0x00000000c0105ce4                arch_initialise_devices_with_fs
                0x00000000c0105d10                arch_cpu_initialise_bootstrap
                0x00000000c0105d61                arch_all_cpus_are_done
                0x00000000c0105d70                arch_reboot
 .text          0x00000000c0105d87      0x734 machine/dev/floppy.o
                0x00000000c01063e4                floppy_initialise
 .text          0x00000000c01064bb      0x454 machine/dev/ide.o
                0x00000000c01064bb                ide_check_errors
                0x00000000c0106511                ide_poll
                0x00000000c01067fb                ide_initialise
 .text          0x00000000c010690f       0x93 machine/dev/pic.o
                0x00000000c010690f                pic_is_spurious
                0x00000000c010695c                pic_eoi
                0x00000000c010696f                pic_initialise
 .text          0x00000000c01069a2       0x78 machine/dev/pit.o
                0x00000000c01069d3                pit_initialise
 .text          0x00000000c0106a1a      0x3f3 machine/elf/elf.o
                0x00000000c0106d29                is_elf_valid
                0x00000000c0106d4b                arch_load_driver
                0x00000000c0106da4                arch_start_driver
                0x00000000c0106dc5                arch_exec
 .text          0x00000000c0106e0d      0x399 machine/elf/symbols.o
                0x00000000c0106e0d                ksymbol_add_symbol
                0x00000000c0107161                ksymbol_get_address_from_name
 .text          0x00000000c01071a6       0xe8 machine/lowlevel/gdt.o
                0x00000000c01071a6                x86_gdt_create_entry
                0x00000000c01071e5                x86_gdt_initialise
                0x00000000c010725b                x86_gdt_add_tss
 .text          0x00000000c010728e       0xf3 machine/lowlevel/idt.o
                0x00000000c010728e                x86_idt_set_entry
                0x00000000c01072d0                x86_idt_initialise
 .text          0x00000000c0107381      0x12c machine/lowlevel/interrupt.o
                0x00000000c0107381                x86_handle_syscall
                0x00000000c01073b7                x86_register_interrupt_handler
                0x00000000c01073e7                x86_interrupt_initialise
                0x00000000c010741f                x86_interrupt_handler
 .text          0x00000000c01074ad       0x51 machine/lowlevel/tss.o
                0x00000000c01074ad                x86_tss_initialise
 .text          0x00000000c01074fe       0xdc machine/mem/physical.o
                0x00000000c01074fe                arch_get_memory
 .text          0x00000000c01075da      0x750 machine/mem/virtual.o
                0x00000000c01075da                lowmem_physical_to_virtual
                0x00000000c01075e7                arch_vas_destroy
                0x00000000c01075ec                arch_vas_load
                0x00000000c01075fd                arch_vas_set_entry
                0x00000000c01076c5                x86_per_cpu_virt_initialise
                0x00000000c0107889                x86_get_entry
                0x00000000c0107992                arch_vas_create
                0x00000000c0107a17                arch_vas_copy
                0x00000000c0107b0d                x86_handle_page_fault
                0x00000000c0107c6b                arch_vas_get_entry
                0x00000000c0107cc8                arch_find_page_replacement_virt_address
 .text          0x00000000c0107d2a       0x68 machine/thread/fork.o
                0x00000000c0107d2a                arch_set_forked_kernel_stack
 .text          0x00000000c0107d92       0x37 test/runnable/canary.o
                0x00000000c0107d92                test_stack_canary
 .text          0x00000000c0107dc9       0x7e test/runnable/heap.o
                0x00000000c0107dc9                test_heap
 .text          0x00000000c0107e47       0x4a test/runnable/sleep.o
                0x00000000c0107e47                test_sleep
 *fill*         0x00000000c0107e91        0xf 
 .text          0x00000000c0107ea0       0x28 machine/boot/kernel_entry.oo
                0x00000000c0107ea0                x86_grub_table
 *fill*         0x00000000c0107ec8        0x8 
 .text          0x00000000c0107ed0       0x1d machine/lowlevel/gdt.oo
                0x00000000c0107ed0                x86_gdt_load
 *fill*         0x00000000c0107eed        0x3 
 .text          0x00000000c0107ef0        0x8 machine/lowlevel/idt.oo
                0x00000000c0107ef0                x86_idt_load
 *fill*         0x00000000c0107ef8        0x8 
 .text          0x00000000c0107f00       0x1f machine/lowlevel/misc.oo
                0x00000000c0107f00                arch_read_timestamp
                0x00000000c0107f03                arch_enable_interrupts
                0x00000000c0107f05                arch_disable_interrupts
                0x00000000c0107f07                arch_stall_processor
                0x00000000c0107f09                arch_flush_tlb
                0x00000000c0107f10                x86_get_cr2
                0x00000000c0107f14                x86_are_irqs_on
 *fill*         0x00000000c0107f1f        0x1 
 .text          0x00000000c0107f20      0x138 machine/lowlevel/trap.oo
                0x00000000c0107f20                isr0
                0x00000000c0107f29                isr1
                0x00000000c0107f32                isr2
                0x00000000c0107f3b                isr3
                0x00000000c0107f44                isr4
                0x00000000c0107f4d                isr5
                0x00000000c0107f56                isr6
                0x00000000c0107f5f                isr7
                0x00000000c0107f68                isr8
                0x00000000c0107f6f                isr9
                0x00000000c0107f78                isr10
                0x00000000c0107f7f                isr11
                0x00000000c0107f86                isr12
                0x00000000c0107f8d                isr13
                0x00000000c0107f94                isr14
                0x00000000c0107f9b                isr15
                0x00000000c0107fa4                isr16
                0x00000000c0107fad                isr17
                0x00000000c0107fb1                isr18
                0x00000000c0107fb7                isr19
                0x00000000c0107fbd                isr20
                0x00000000c0107fc3                isr21
                0x00000000c0107fc9                isr96
                0x00000000c0107fcf                irq0
                0x00000000c0107fd5                irq1
                0x00000000c0107fdb                irq2
                0x00000000c0107fe1                irq3
                0x00000000c0107fe7                irq4
                0x00000000c0107fed                irq5
                0x00000000c0107ff3                irq6
                0x00000000c0107ff9                irq7
                0x00000000c0107fff                irq8
                0x00000000c0108005                irq9
                0x00000000c010800b                irq10
                0x00000000c0108011                irq11
                0x00000000c0108017                irq12
                0x00000000c010801d                irq13
                0x00000000c0108023                irq14
                0x00000000c0108029                irq15
 *fill*         0x00000000c0108058        0x8 
 .text          0x00000000c0108060        0x8 machine/lowlevel/tss.oo
                0x00000000c0108060                x86_tss_load
 *fill*         0x00000000c0108068        0x8 
 .text          0x00000000c0108070        0x8 machine/mem/virtual.oo
                0x00000000c0108070                x86_set_cr3
 *fill*         0x00000000c0108078        0x8 
 .text          0x00000000c0108080       0x3f machine/thread/spinlock.oo
                0x00000000c0108084                arch_irq_spinlock_acquire
                0x00000000c01080a3                arch_irq_spinlock_release
 *fill*         0x00000000c01080bf        0x1 
 .text          0x00000000c01080c0       0x3d machine/thread/switch.oo
                0x00000000c01080c0                arch_prepare_stack
                0x00000000c01080cf                arch_switch_thread
 *fill*         0x00000000c01080fd        0x3 
 .text          0x00000000c0108100       0x20 machine/thread/usermode.oo
                0x00000000c0108100                arch_switch_to_usermode
 .text          0x00000000c0108120       0xff /cygdrive/c/Users/Alex/Toolchain/Output/bin/../lib/gcc/i386-banana/8.1.0/libgcc.a(_udivdi3.o)
                0x00000000c0108120                __udivdi3

.iplt           0x00000000c0108220        0x0 load address 0x0000000000108220
 .iplt          0x00000000c0108220        0x0 assert.o

.rodata         0x00000000c0109000      0x1c0 load address 0x0000000000109000
 *(.rodata)
 .rodata        0x00000000c0109000       0x4c string.o
 *fill*         0x00000000c010904c       0x14 
 .rodata        0x00000000c0109060       0x30 vfs/device.o
 *fill*         0x00000000c0109090       0x10 
 .rodata        0x00000000c01090a0       0x70 fs/demofs/demofs_vnode.o
 *fill*         0x00000000c0109110       0x10 
 .rodata        0x00000000c0109120       0xa0 machine/lowlevel/idt.o

.rodata.str1.1  0x00000000c01091c0      0xcb6 load address 0x00000000001091c0
 .rodata.str1.1
                0x00000000c01091c0       0x31 assert.o
 .rodata.str1.1
                0x00000000c01091f1       0x21 ctype.o
 .rodata.str1.1
                0x00000000c0109212      0x1cb string.o
 .rodata.str1.1
                0x00000000c01093dd        0xc dev/beeper.o
 .rodata.str1.1
                0x00000000c01093e9       0x4e dev/console.o
 .rodata.str1.1
                0x00000000c0109437       0x17 dev/random.o
 .rodata.str1.1
                0x00000000c010944e      0x12e main/main.o
                                        0x13d (size before relaxing)
 .rodata.str1.1
                0x00000000c010957c       0x4f mem/heap.o
 .rodata.str1.1
                0x00000000c01095cb       0x23 mem/physical.o
 .rodata.str1.1
                0x00000000c01095ee       0x96 mem/swapfile.o
 .rodata.str1.1
                0x00000000c0109684       0x77 mem/vas.o
 .rodata.str1.1
                0x00000000c01096fb       0x24 mem/virtual.o
 .rodata.str1.1
                0x00000000c010971f       0x25 syscall/terminate.o
 .rodata.str1.1
                0x00000000c0109744       0x23 test/runtest.o
 .rodata.str1.1
                0x00000000c0109767       0x13 thread/filedes.o
 .rodata.str1.1
                0x00000000c010977a       0x1b thread/process.o
 .rodata.str1.1
                0x00000000c0109795       0x47 thread/synch.o
 .rodata.str1.1
                0x00000000c01097dc      0x145 thread/thread.o
 .rodata.str1.1
                0x00000000c0109921       0x4d util/adt_blocking_byte_buffer.o
 .rodata.str1.1
                0x00000000c010996e       0x79 util/adt_hashmap.o
 .rodata.str1.1
                0x00000000c01099e7      0x138 util/adt_list.o
 .rodata.str1.1
                0x00000000c0109b1f       0x3b util/kprintf.o
 .rodata.str1.1
                0x00000000c0109b5a       0x12 util/panic.o
 .rodata.str1.1
                0x00000000c0109b6c       0x11 vfs/vfs.o
                                         0x13 (size before relaxing)
 .rodata.str1.1
                0x00000000c0109b7d       0x1b vfs/vnode.o
 .rodata.str1.1
                0x00000000c0109b98       0x29 fs/demofs/demofs_inodes.o
 .rodata.str1.1
                0x00000000c0109bc1       0x1d machine/dev/cpu.o
 .rodata.str1.1
                0x00000000c0109bde       0x7d machine/dev/floppy.o
                                         0x85 (size before relaxing)
 .rodata.str1.1
                0x00000000c0109c5b       0x21 machine/dev/ide.o
                                         0x29 (size before relaxing)
 .rodata.str1.1
                0x00000000c0109c7c       0x40 machine/elf/elf.o
 .rodata.str1.1
                0x00000000c0109cbc       0x59 machine/elf/symbols.o
 .rodata.str1.1
                0x00000000c0109d15       0x27 machine/lowlevel/interrupt.o
 .rodata.str1.1
                0x00000000c0109d3c       0x18 machine/mem/physical.o
 .rodata.str1.1
                0x00000000c0109d54      0x100 machine/mem/virtual.o
 .rodata.str1.1
                0x00000000c0109e54        0x9 test/runnable/canary.o
 .rodata.str1.1
                0x00000000c0109e5d        0x7 test/runnable/heap.o
 .rodata.str1.1
                0x00000000c0109e64       0x12 test/runnable/sleep.o

.eh_frame       0x00000000c0109e78     0x2e24 load address 0x0000000000109e78
 .eh_frame      0x00000000c0109e78       0x34 assert.o
 .eh_frame      0x00000000c0109eac      0x1c8 ctype.o
                                        0x1e0 (size before relaxing)
 .eh_frame      0x00000000c010a074      0x1f8 string.o
                                        0x210 (size before relaxing)
 .eh_frame      0x00000000c010a26c       0x64 dev/beeper.o
                                         0x7c (size before relaxing)
 .eh_frame      0x00000000c010a2d0      0x140 dev/console.o
                                        0x158 (size before relaxing)
 .eh_frame      0x00000000c010a410       0x5c dev/interface.o
                                         0x74 (size before relaxing)
 .eh_frame      0x00000000c010a46c       0x70 dev/random.o
                                         0x88 (size before relaxing)
 .eh_frame      0x00000000c010a4dc       0x6c main/main.o
                                         0x84 (size before relaxing)
 .eh_frame      0x00000000c010a548       0xd0 mem/heap.o
                                         0xe8 (size before relaxing)
 .eh_frame      0x00000000c010a618       0x7c mem/physical.o
                                         0x94 (size before relaxing)
 .eh_frame      0x00000000c010a694       0x74 mem/swapfile.o
                                         0x8c (size before relaxing)
 .eh_frame      0x00000000c010a708      0x1a0 mem/vas.o
                                        0x1b8 (size before relaxing)
 .eh_frame      0x00000000c010a8a8       0xcc mem/virtual.o
                                         0xe4 (size before relaxing)
 .eh_frame      0x00000000c010a974       0x14 syscall/close.o
                                         0x2c (size before relaxing)
 .eh_frame      0x00000000c010a988       0x28 syscall/open.o
                                         0x40 (size before relaxing)
 .eh_frame      0x00000000c010a9b0       0x14 syscall/read.o
                                         0x2c (size before relaxing)
 .eh_frame      0x00000000c010a9c4       0x48 syscall/syscall.o
                                         0x60 (size before relaxing)
 .eh_frame      0x00000000c010aa0c       0x1c syscall/terminate.o
                                         0x34 (size before relaxing)
 .eh_frame      0x00000000c010aa28       0x2c syscall/write.o
                                         0x44 (size before relaxing)
 .eh_frame      0x00000000c010aa54       0x20 syscall/yield.o
                                         0x38 (size before relaxing)
 .eh_frame      0x00000000c010aa74       0x34 test/runtest.o
                                         0x4c (size before relaxing)
 .eh_frame      0x00000000c010aaa8       0x60 thread/cleaner.o
                                         0x78 (size before relaxing)
 .eh_frame      0x00000000c010ab08       0xa8 thread/filedes.o
                                         0xc0 (size before relaxing)
 .eh_frame      0x00000000c010abb0       0x3c thread/idle.o
                                         0x54 (size before relaxing)
 .eh_frame      0x00000000c010abec       0x54 thread/loader.o
                                         0x6c (size before relaxing)
 .eh_frame      0x00000000c010ac40       0xcc thread/process.o
                                         0xe4 (size before relaxing)
 .eh_frame      0x00000000c010ad0c       0x8c thread/spinlock.o
                                         0xa4 (size before relaxing)
 .eh_frame      0x00000000c010ad98      0x198 thread/synch.o
                                        0x1b0 (size before relaxing)
 .eh_frame      0x00000000c010af30      0x38c thread/thread.o
                                        0x3a4 (size before relaxing)
 .eh_frame      0x00000000c010b2bc       0xd0 util/adt_blocking_byte_buffer.o
                                         0xe8 (size before relaxing)
 .eh_frame      0x00000000c010b38c      0x10c util/adt_hashmap.o
                                        0x124 (size before relaxing)
 .eh_frame      0x00000000c010b498      0x1e0 util/adt_list.o
                                        0x1f8 (size before relaxing)
 .eh_frame      0x00000000c010b678       0xa8 util/adt_stack.o
                                         0xc0 (size before relaxing)
 .eh_frame      0x00000000c010b720       0x60 util/bitarray.o
                                         0x78 (size before relaxing)
 .eh_frame      0x00000000c010b780       0x34 util/cpu.o
                                         0x4c (size before relaxing)
 .eh_frame      0x00000000c010b7b4       0x7c util/kprintf.o
                                         0x94 (size before relaxing)
 .eh_frame      0x00000000c010b830       0x1c util/panic.o
                                         0x34 (size before relaxing)
 .eh_frame      0x00000000c010b84c       0x84 vfs/copyinout.o
                                         0x9c (size before relaxing)
 .eh_frame      0x00000000c010b8d0      0x16c vfs/device.o
                                        0x184 (size before relaxing)
 .eh_frame      0x00000000c010ba3c       0x9c vfs/uio.o
                                         0xb4 (size before relaxing)
 .eh_frame      0x00000000c010bad8      0x320 vfs/vfs.o
                                        0x338 (size before relaxing)
 .eh_frame      0x00000000c010bdf8      0x23c vfs/vnode.o
                                        0x254 (size before relaxing)
 .eh_frame      0x00000000c010c034       0x88 fs/demofs/demofs_inodes.o
                                         0xa0 (size before relaxing)
 .eh_frame      0x00000000c010c0bc      0x1f4 fs/demofs/demofs_vnode.o
                                        0x20c (size before relaxing)
 .eh_frame      0x00000000c010c2b0       0x58 machine/dev/beeper.o
                                         0x70 (size before relaxing)
 .eh_frame      0x00000000c010c308       0x84 machine/dev/cpu.o
                                         0x9c (size before relaxing)
 .eh_frame      0x00000000c010c38c      0x1e0 machine/dev/floppy.o
                                        0x1f8 (size before relaxing)
 .eh_frame      0x00000000c010c56c       0xa8 machine/dev/ide.o
                                         0xc0 (size before relaxing)
 .eh_frame      0x00000000c010c614       0x54 machine/dev/pic.o
                                         0x6c (size before relaxing)
 .eh_frame      0x00000000c010c668       0x44 machine/dev/pit.o
                                         0x5c (size before relaxing)
 .eh_frame      0x00000000c010c6ac       0xec machine/elf/elf.o
                                        0x104 (size before relaxing)
 .eh_frame      0x00000000c010c798       0x74 machine/elf/symbols.o
                                         0x8c (size before relaxing)
 .eh_frame      0x00000000c010c80c       0x64 machine/lowlevel/gdt.o
                                         0x7c (size before relaxing)
 .eh_frame      0x00000000c010c870       0x50 machine/lowlevel/idt.o
                                         0x68 (size before relaxing)
 .eh_frame      0x00000000c010c8c0       0x98 machine/lowlevel/interrupt.o
                                         0xb0 (size before relaxing)
 .eh_frame      0x00000000c010c958       0x24 machine/lowlevel/tss.o
                                         0x3c (size before relaxing)
 .eh_frame      0x00000000c010c97c       0x28 machine/mem/physical.o
                                         0x40 (size before relaxing)
 .eh_frame      0x00000000c010c9a4      0x1f4 machine/mem/virtual.o
                                        0x20c (size before relaxing)
 .eh_frame      0x00000000c010cb98       0x2c machine/thread/fork.o
                                         0x44 (size before relaxing)
 .eh_frame      0x00000000c010cbc4       0x20 test/runnable/canary.o
                                         0x38 (size before relaxing)
 .eh_frame      0x00000000c010cbe4       0x28 test/runnable/heap.o
                                         0x40 (size before relaxing)
 .eh_frame      0x00000000c010cc0c       0x24 test/runnable/sleep.o
                                         0x3c (size before relaxing)
 .eh_frame      0x00000000c010cc30       0x6c /cygdrive/c/Users/Alex/Toolchain/Output/bin/../lib/gcc/i386-banana/8.1.0/libgcc.a(_udivdi3.o)
                                         0x84 (size before relaxing)

.rel.dyn        0x00000000c010cc9c        0x0 load address 0x000000000010cc9c
 .rel.got       0x00000000c010cc9c        0x0 assert.o
 .rel.iplt      0x00000000c010cc9c        0x0 assert.o
 .rel.text      0x00000000c010cc9c        0x0 assert.o
 .rel.multiboot.text
                0x00000000c010cc9c        0x0 assert.o

.data           0x00000000c010d000      0x2a4 load address 0x000000000010d000
 *(.data)
 .data          0x00000000c010d000        0x0 assert.o
 .data          0x00000000c010d000        0x0 ctype.o
 .data          0x00000000c010d000        0x0 string.o
 .data          0x00000000c010d000        0x0 dev/beeper.o
 .data          0x00000000c010d000        0x0 dev/console.o
 .data          0x00000000c010d000        0x0 dev/interface.o
 .data          0x00000000c010d000        0x8 dev/random.o
 .data          0x00000000c010d008        0x0 main/main.o
 .data          0x00000000c010d008        0x0 mem/heap.o
 .data          0x00000000c010d008        0x0 mem/physical.o
 .data          0x00000000c010d008        0x0 mem/swapfile.o
 .data          0x00000000c010d008        0x0 mem/vas.o
 .data          0x00000000c010d008        0x4 mem/virtual.o
                0x00000000c010d008                kernel_sbrk
 .data          0x00000000c010d00c        0x0 syscall/close.o
 .data          0x00000000c010d00c        0x0 syscall/open.o
 .data          0x00000000c010d00c        0x0 syscall/read.o
 .data          0x00000000c010d00c        0x0 syscall/syscall.o
 .data          0x00000000c010d00c        0x0 syscall/terminate.o
 .data          0x00000000c010d00c        0x0 syscall/write.o
 .data          0x00000000c010d00c        0x0 syscall/yield.o
 .data          0x00000000c010d00c       0x18 test/runtest.o
                0x00000000c010d00c                tests
 .data          0x00000000c010d024        0x0 thread/cleaner.o
 .data          0x00000000c010d024        0x0 thread/filedes.o
 .data          0x00000000c010d024        0x0 thread/idle.o
 .data          0x00000000c010d024        0x0 thread/loader.o
 .data          0x00000000c010d024        0x4 thread/process.o
 .data          0x00000000c010d028        0x0 thread/spinlock.o
 .data          0x00000000c010d028        0x0 thread/synch.o
 .data          0x00000000c010d028        0x4 thread/thread.o
 .data          0x00000000c010d02c        0x0 util/adt_blocking_byte_buffer.o
 .data          0x00000000c010d02c        0x0 util/adt_hashmap.o
 .data          0x00000000c010d02c        0x0 util/adt_list.o
 .data          0x00000000c010d02c        0x0 util/adt_stack.o
 .data          0x00000000c010d02c        0x0 util/bitarray.o
 .data          0x00000000c010d02c        0x0 util/cpu.o
 .data          0x00000000c010d02c        0x0 util/kprintf.o
 .data          0x00000000c010d02c        0x0 util/panic.o
 .data          0x00000000c010d02c        0x0 vfs/copyinout.o
 .data          0x00000000c010d02c        0x0 vfs/device.o
 .data          0x00000000c010d02c        0x0 vfs/uio.o
 .data          0x00000000c010d02c        0x0 vfs/vfs.o
 .data          0x00000000c010d02c        0x0 vfs/vnode.o
 .data          0x00000000c010d02c        0x0 fs/demofs/demofs_inodes.o
 .data          0x00000000c010d02c        0x0 fs/demofs/demofs_vnode.o
 .data          0x00000000c010d02c        0x0 machine/dev/beeper.o
 .data          0x00000000c010d02c        0x0 machine/dev/cpu.o
 .data          0x00000000c010d02c        0x4 machine/dev/floppy.o
                0x00000000c010d02c                stored_cylinder
 .data          0x00000000c010d030        0x0 machine/dev/ide.o
 .data          0x00000000c010d030        0x0 machine/dev/pic.o
 .data          0x00000000c010d030        0x0 machine/dev/pit.o
 .data          0x00000000c010d030        0x0 machine/elf/elf.o
 .data          0x00000000c010d030        0x0 machine/elf/symbols.o
 .data          0x00000000c010d030        0x0 machine/lowlevel/gdt.o
 .data          0x00000000c010d030        0x0 machine/lowlevel/idt.o
 *fill*         0x00000000c010d030       0x10 
 .data          0x00000000c010d040      0x260 machine/lowlevel/interrupt.o
 .data          0x00000000c010d2a0        0x0 machine/lowlevel/tss.o
 .data          0x00000000c010d2a0        0x4 machine/mem/physical.o
 .data          0x00000000c010d2a4        0x0 machine/mem/virtual.o
 .data          0x00000000c010d2a4        0x0 machine/thread/fork.o
 .data          0x00000000c010d2a4        0x0 test/runnable/canary.o
 .data          0x00000000c010d2a4        0x0 test/runnable/heap.o
 .data          0x00000000c010d2a4        0x0 test/runnable/sleep.o
 .data          0x00000000c010d2a4        0x0 /cygdrive/c/Users/Alex/Toolchain/Output/bin/../lib/gcc/i386-banana/8.1.0/libgcc.a(_udivdi3.o)

.got            0x00000000c010d2a4        0x0 load address 0x000000000010d2a4
 .got           0x00000000c010d2a4        0x0 assert.o

.got.plt        0x00000000c010d2a4        0x0 load address 0x000000000010d2a4
 .got.plt       0x00000000c010d2a4        0x0 assert.o

.igot.plt       0x00000000c010d2a4        0x0 load address 0x000000000010d2a4
 .igot.plt      0x00000000c010d2a4        0x0 assert.o

.bss            0x00000000c010e000     0xe000 load address 0x000000000010e000
 *(COMMON)
 COMMON         0x00000000c010e000       0x48 dev/beeper.o
                0x00000000c010e000                beeper_lock
 *fill*         0x00000000c010e048       0x18 
 COMMON         0x00000000c010e060      0x860 dev/console.o
                0x00000000c010e060                console_driver_lock
                0x00000000c010e0c0                line_buffer_char_width
                0x00000000c010e4c0                line_buffer
 COMMON         0x00000000c010e8c0       0x48 dev/random.o
                0x00000000c010e8c0                random_lock
 *fill*         0x00000000c010e908       0x18 
 COMMON         0x00000000c010e920     0x2068 mem/heap.o
                0x00000000c010e920                bootstrap_heap
                0x00000000c0110920                block_head
                0x00000000c0110940                heap_lock
 *fill*         0x00000000c0110988       0x18 
 COMMON         0x00000000c01109a0     0x1060 mem/physical.o
                0x00000000c01109a0                phys_lock
                0x00000000c0110a00                page_allocation_bitmap
 COMMON         0x00000000c0111a00       0x48 mem/virtual.o
                0x00000000c0111a00                virt_lock
 *fill*         0x00000000c0111a48       0x18 
 COMMON         0x00000000c0111a60       0x40 syscall/syscall.o
                0x00000000c0111a60                syscall_table
 COMMON         0x00000000c0111aa0       0x48 thread/thread.o
                0x00000000c0111aa0                scheduler_lock
 COMMON         0x00000000c0111ae8        0x4 util/cpu.o
                0x00000000c0111ae8                current_cpu
 *fill*         0x00000000c0111aec       0x14 
 COMMON         0x00000000c0111b00       0x48 vfs/vfs.o
                0x00000000c0111b00                vfs_lock
 COMMON         0x00000000c0111b48        0x8 machine/dev/floppy.o
                0x00000000c0111b48                cylinder_buffer
                0x00000000c0111b4c                cylinder_zero
 *fill*         0x00000000c0111b50       0x10 
 COMMON         0x00000000c0111b60      0x400 machine/lowlevel/interrupt.o
                0x00000000c0111b60                x86_irq_handlers
 *fill*         0x00000000c0111f60       0xa0 
 COMMON         0x00000000c0112000     0x3580 machine/mem/virtual.o
                0x00000000c0112000                first_page_table
                0x00000000c0113000                temp_virtual_page
                0x00000000c0114000                kernel_page_directory
                0x00000000c0115000                kernel_vas_x86
                0x00000000c0115080                kernel_vas
 *(.bss)
 .bss           0x00000000c0115580        0x0 assert.o
 .bss           0x00000000c0115580        0x0 ctype.o
 .bss           0x00000000c0115580        0x0 string.o
 .bss           0x00000000c0115580        0x8 dev/beeper.o
                0x00000000c0115580                init_lock_yet
                0x00000000c0115584                default_beeper_driver
 .bss           0x00000000c0115588       0x24 dev/console.o
                0x00000000c0115588                line_buffer_pos
                0x00000000c011558c                input_buffer
                0x00000000c0115590                default_console_driver
 .bss           0x00000000c01155ac        0x0 dev/interface.o
 .bss           0x00000000c01155ac       0x18 dev/random.o
 .bss           0x00000000c01155c4        0x0 main/main.o
 .bss           0x00000000c01155c4        0x9 mem/heap.o
                0x00000000c01155c4                heap_used
                0x00000000c01155c8                bootstrap_heap_pos
                0x00000000c01155cc                full_heap_initialised
 *fill*         0x00000000c01155cd        0x3 
 .bss           0x00000000c01155d0        0xc mem/physical.o
                0x00000000c01155d0                num_pages_total
                0x00000000c01155d4                num_pages_used
 *fill*         0x00000000c01155dc        0x4 
 .bss           0x00000000c01155e0       0x5c mem/swapfile.o
 .bss           0x00000000c011563c        0x0 mem/vas.o
 .bss           0x00000000c011563c        0x0 mem/virtual.o
 .bss           0x00000000c011563c        0x0 syscall/close.o
 .bss           0x00000000c011563c        0x0 syscall/open.o
 .bss           0x00000000c011563c        0x0 syscall/read.o
 .bss           0x00000000c011563c        0x0 syscall/syscall.o
 .bss           0x00000000c011563c        0x0 syscall/terminate.o
 .bss           0x00000000c011563c        0x0 syscall/write.o
 .bss           0x00000000c011563c        0x0 syscall/yield.o
 .bss           0x00000000c011563c        0x0 test/runtest.o
 .bss           0x00000000c011563c        0x4 thread/cleaner.o
 .bss           0x00000000c0115640        0x0 thread/filedes.o
 .bss           0x00000000c0115640        0x0 thread/idle.o
 .bss           0x00000000c0115640        0x0 thread/loader.o
 .bss           0x00000000c0115640       0x48 thread/process.o
 .bss           0x00000000c0115688        0x0 thread/spinlock.o
 .bss           0x00000000c0115688        0x0 thread/synch.o
 *fill*         0x00000000c0115688       0x18 
 .bss           0x00000000c01156a0       0xd8 thread/thread.o
                0x00000000c01156a0                terminated_thread_list
 .bss           0x00000000c0115778        0x0 util/adt_blocking_byte_buffer.o
 .bss           0x00000000c0115778        0x0 util/adt_hashmap.o
 .bss           0x00000000c0115778        0x0 util/adt_list.o
 .bss           0x00000000c0115778        0x0 util/adt_stack.o
 .bss           0x00000000c0115778        0x0 util/bitarray.o
 .bss           0x00000000c0115778        0x4 util/cpu.o
 .bss           0x00000000c011577c        0x0 util/kprintf.o
 .bss           0x00000000c011577c        0x0 util/panic.o
 .bss           0x00000000c011577c        0x0 vfs/copyinout.o
 .bss           0x00000000c011577c        0x0 vfs/device.o
 .bss           0x00000000c011577c        0x0 vfs/uio.o
 .bss           0x00000000c011577c        0x4 vfs/vfs.o
                0x00000000c011577c                mount_list
 .bss           0x00000000c0115780        0x0 vfs/vnode.o
 .bss           0x00000000c0115780        0x0 fs/demofs/demofs_inodes.o
 .bss           0x00000000c0115780        0x0 fs/demofs/demofs_vnode.o
 .bss           0x00000000c0115780        0x8 machine/dev/beeper.o
 .bss           0x00000000c0115788        0x4 machine/dev/cpu.o
                0x00000000c0115788                x86_allow_interrupts
 .bss           0x00000000c011578c       0x28 machine/dev/floppy.o
                0x00000000c011578c                got_cylinder_zero
 .bss           0x00000000c01157b4       0x1c machine/dev/ide.o
                0x00000000c01157b4                ide_lock
 .bss           0x00000000c01157d0        0x0 machine/dev/pic.o
 .bss           0x00000000c01157d0        0x8 machine/dev/pit.o
                0x00000000c01157d0                pit_hertz
 .bss           0x00000000c01157d8        0x0 machine/elf/elf.o
 .bss           0x00000000c01157d8        0x4 machine/elf/symbols.o
                0x00000000c01157d8                loaded_symbols
 .bss           0x00000000c01157dc        0x0 machine/lowlevel/gdt.o
 .bss           0x00000000c01157dc        0x0 machine/lowlevel/idt.o
 .bss           0x00000000c01157dc        0x0 machine/lowlevel/interrupt.o
 .bss           0x00000000c01157dc        0x0 machine/lowlevel/tss.o
 .bss           0x00000000c01157dc       0x14 machine/mem/physical.o
                0x00000000c01157dc                memory_table
 .bss           0x00000000c01157f0        0x0 machine/mem/virtual.o
 .bss           0x00000000c01157f0        0x0 machine/thread/fork.o
 .bss           0x00000000c01157f0        0x0 test/runnable/canary.o
 .bss           0x00000000c01157f0        0x0 test/runnable/heap.o
 .bss           0x00000000c01157f0        0x0 test/runnable/sleep.o
 *fill*         0x00000000c01157f0      0x810 
 .bss           0x00000000c0116000     0x6000 machine/boot/kernel_entry.oo
 .bss           0x00000000c011c000        0x0 /cygdrive/c/Users/Alex/Toolchain/Output/bin/../lib/gcc/i386-banana/8.1.0/libgcc.a(_udivdi3.o)
 *(.bootstrap_stack)
                0x00000000c011c000                _kernel_end = .

/DISCARD/
 *(.comment)
OUTPUT(KERNEL.EXE elf32-i386)

.debug_info     0x0000000000000000      0xd25
 .debug_info    0x0000000000000000      0xd25 /cygdrive/c/Users/Alex/Toolchain/Output/bin/../lib/gcc/i386-banana/8.1.0/libgcc.a(_udivdi3.o)

.debug_abbrev   0x0000000000000000      0x23a
 .debug_abbrev  0x0000000000000000      0x23a /cygdrive/c/Users/Alex/Toolchain/Output/bin/../lib/gcc/i386-banana/8.1.0/libgcc.a(_udivdi3.o)

.debug_loc      0x0000000000000000      0x79c
 .debug_loc     0x0000000000000000      0x79c /cygdrive/c/Users/Alex/Toolchain/Output/bin/../lib/gcc/i386-banana/8.1.0/libgcc.a(_udivdi3.o)

.debug_aranges  0x0000000000000000       0x20
 .debug_aranges
                0x0000000000000000       0x20 /cygdrive/c/Users/Alex/Toolchain/Output/bin/../lib/gcc/i386-banana/8.1.0/libgcc.a(_udivdi3.o)

.debug_ranges   0x0000000000000000       0x28
 .debug_ranges  0x0000000000000000       0x28 /cygdrive/c/Users/Alex/Toolchain/Output/bin/../lib/gcc/i386-banana/8.1.0/libgcc.a(_udivdi3.o)

.debug_line     0x0000000000000000      0x2c5
 .debug_line    0x0000000000000000      0x2c5 /cygdrive/c/Users/Alex/Toolchain/Output/bin/../lib/gcc/i386-banana/8.1.0/libgcc.a(_udivdi3.o)

.debug_str      0x0000000000000000      0xb7b
 .debug_str     0x0000000000000000      0xb7b /cygdrive/c/Users/Alex/Toolchain/Output/bin/../lib/gcc/i386-banana/8.1.0/libgcc.a(_udivdi3.o)
                                        0xc29 (size before relaxing)
