Archive member included to satisfy reference by file (symbol)

/cygdrive/c/Users/Alex/Toolchain/Output/bin/../lib/gcc/i386-banana/8.1.0/libgcc.a(_udivdi3.o)
                              machine/dev/pit.o (__udivdi3)

Allocating common symbols
Common symbol       size              file

first_page_table    0x1000            machine/mem/virtual.o
cylinder_buffer     0x4               machine/dev/floppy.o
virt_lock           0x48              mem/virtual.o
console_driver_lock
                    0x48              dev/console.o
line_buffer_char_width
                    0x400             dev/console.o
bootstrap_heap      0x2000            mem/heap.o
x86_irq_handlers    0x400             machine/lowlevel/interrupt.o
temp_virtual_page   0x1000            machine/mem/virtual.o
phys_lock           0x48              mem/physical.o
kernel_page_directory
                    0x1000            machine/mem/virtual.o
random_lock         0x48              dev/random.o
block_head          0x4               mem/heap.o
vfs_lock            0x48              vfs/vfs.o
line_buffer         0x400             dev/console.o
page_allocation_bitmap
                    0x1000            mem/physical.o
kernel_vas_x86      0x80              machine/mem/virtual.o
kernel_vas          0x500             machine/mem/virtual.o
cylinder_zero       0x4               machine/dev/floppy.o
syscall_table       0x40              syscall/syscall.o
current_cpu         0x4               util/cpu.o
scheduler_lock      0x48              thread/thread.o
beeper_lock         0x48              dev/beeper.o
heap_lock           0x48              mem/heap.o

Discarded input sections

 .comment       0x0000000000000000       0x12 assert.o
 .comment       0x0000000000000000       0x12 ctype.o
 .comment       0x0000000000000000       0x12 string.o
 .comment       0x0000000000000000       0x12 dev/beeper.o
 .comment       0x0000000000000000       0x12 dev/console.o
 .comment       0x0000000000000000       0x12 dev/interface.o
 .comment       0x0000000000000000       0x12 dev/random.o
 .comment       0x0000000000000000       0x12 main/main.o
 .comment       0x0000000000000000       0x12 mem/heap.o
 .comment       0x0000000000000000       0x12 mem/physical.o
 .comment       0x0000000000000000       0x12 mem/swapfile.o
 .comment       0x0000000000000000       0x12 mem/vas.o
 .comment       0x0000000000000000       0x12 mem/virtual.o
 .comment       0x0000000000000000       0x12 syscall/close.o
 .comment       0x0000000000000000       0x12 syscall/lseek.o
 .comment       0x0000000000000000       0x12 syscall/open.o
 .comment       0x0000000000000000       0x12 syscall/read.o
 .comment       0x0000000000000000       0x12 syscall/syscall.o
 .comment       0x0000000000000000       0x12 syscall/terminate.o
 .comment       0x0000000000000000       0x12 syscall/write.o
 .comment       0x0000000000000000       0x12 syscall/yield.o
 .comment       0x0000000000000000       0x12 test/runtest.o
 .comment       0x0000000000000000       0x12 thread/cleaner.o
 .comment       0x0000000000000000       0x12 thread/filedes.o
 .comment       0x0000000000000000       0x12 thread/idle.o
 .comment       0x0000000000000000       0x12 thread/loader.o
 .comment       0x0000000000000000       0x12 thread/process.o
 .comment       0x0000000000000000       0x12 thread/spinlock.o
 .comment       0x0000000000000000       0x12 thread/synch.o
 .comment       0x0000000000000000       0x12 thread/thread.o
 .comment       0x0000000000000000       0x12 util/adt_blocking_byte_buffer.o
 .comment       0x0000000000000000       0x12 util/adt_hashmap.o
 .comment       0x0000000000000000       0x12 util/adt_list.o
 .comment       0x0000000000000000       0x12 util/adt_stack.o
 .comment       0x0000000000000000       0x12 util/bitarray.o
 .comment       0x0000000000000000       0x12 util/cpu.o
 .comment       0x0000000000000000       0x12 util/kprintf.o
 .comment       0x0000000000000000       0x12 util/panic.o
 .comment       0x0000000000000000       0x12 vfs/copyinout.o
 .comment       0x0000000000000000       0x12 vfs/device.o
 .comment       0x0000000000000000       0x12 vfs/uio.o
 .comment       0x0000000000000000       0x12 vfs/vfs.o
 .comment       0x0000000000000000       0x12 vfs/vnode.o
 .comment       0x0000000000000000       0x12 fs/demofs/demofs_inodes.o
 .comment       0x0000000000000000       0x12 fs/demofs/demofs_vnode.o
 .comment       0x0000000000000000       0x12 machine/dev/beeper.o
 .comment       0x0000000000000000       0x12 machine/dev/cpu.o
 .comment       0x0000000000000000       0x12 machine/dev/floppy.o
 .comment       0x0000000000000000       0x12 machine/dev/ide.o
 .comment       0x0000000000000000       0x12 machine/dev/pic.o
 .comment       0x0000000000000000       0x12 machine/dev/pit.o
 .comment       0x0000000000000000       0x12 machine/elf/elf.o
 .comment       0x0000000000000000       0x12 machine/elf/symbols.o
 .comment       0x0000000000000000       0x12 machine/lowlevel/gdt.o
 .comment       0x0000000000000000       0x12 machine/lowlevel/idt.o
 .comment       0x0000000000000000       0x12 machine/lowlevel/interrupt.o
 .comment       0x0000000000000000       0x12 machine/lowlevel/tss.o
 .comment       0x0000000000000000       0x12 machine/mem/physical.o
 .comment       0x0000000000000000       0x12 machine/mem/virtual.o
 .comment       0x0000000000000000       0x12 machine/thread/fork.o
 .comment       0x0000000000000000       0x12 test/internal/test.o
 .comment       0x0000000000000000       0x12 test/internal/test_adt_list.o
 .comment       0x0000000000000000       0x12 test/internal/test_vfs_get_path_component.o
 .comment       0x0000000000000000       0x12 test/internal/test_vfs_open_read.o
 .comment       0x0000000000000000       0x12 test/runnable/canary.o
 .comment       0x0000000000000000       0x12 test/runnable/heap.o
 .comment       0x0000000000000000       0x12 test/runnable/sleep.o
 .comment       0x0000000000000000       0x12 /cygdrive/c/Users/Alex/Toolchain/Output/bin/../lib/gcc/i386-banana/8.1.0/libgcc.a(_udivdi3.o)

Memory Configuration

Name             Origin             Length             Attributes
*default*        0x0000000000000000 0xffffffffffffffff

Linker script and memory map

LOAD assert.o
LOAD ctype.o
LOAD string.o
LOAD dev/beeper.o
LOAD dev/console.o
LOAD dev/interface.o
LOAD dev/random.o
LOAD main/main.o
LOAD mem/heap.o
LOAD mem/physical.o
LOAD mem/swapfile.o
LOAD mem/vas.o
LOAD mem/virtual.o
LOAD syscall/close.o
LOAD syscall/lseek.o
LOAD syscall/open.o
LOAD syscall/read.o
LOAD syscall/syscall.o
LOAD syscall/terminate.o
LOAD syscall/write.o
LOAD syscall/yield.o
LOAD test/runtest.o
LOAD thread/cleaner.o
LOAD thread/filedes.o
LOAD thread/idle.o
LOAD thread/loader.o
LOAD thread/process.o
LOAD thread/spinlock.o
LOAD thread/synch.o
LOAD thread/thread.o
LOAD util/adt_blocking_byte_buffer.o
LOAD util/adt_hashmap.o
LOAD util/adt_list.o
LOAD util/adt_stack.o
LOAD util/bitarray.o
LOAD util/cpu.o
LOAD util/kprintf.o
LOAD util/panic.o
LOAD vfs/copyinout.o
LOAD vfs/device.o
LOAD vfs/uio.o
LOAD vfs/vfs.o
LOAD vfs/vnode.o
LOAD fs/demofs/demofs_inodes.o
LOAD fs/demofs/demofs_vnode.o
LOAD machine/dev/beeper.o
LOAD machine/dev/cpu.o
LOAD machine/dev/floppy.o
LOAD machine/dev/ide.o
LOAD machine/dev/pic.o
LOAD machine/dev/pit.o
LOAD machine/elf/elf.o
LOAD machine/elf/symbols.o
LOAD machine/lowlevel/gdt.o
LOAD machine/lowlevel/idt.o
LOAD machine/lowlevel/interrupt.o
LOAD machine/lowlevel/tss.o
LOAD machine/mem/physical.o
LOAD machine/mem/virtual.o
LOAD machine/thread/fork.o
LOAD test/internal/test.o
LOAD test/internal/test_adt_list.o
LOAD test/internal/test_vfs_get_path_component.o
LOAD test/internal/test_vfs_open_read.o
LOAD test/runnable/canary.o
LOAD test/runnable/heap.o
LOAD test/runnable/sleep.o
LOAD machine/boot/kernel_entry.oo
LOAD machine/lowlevel/gdt.oo
LOAD machine/lowlevel/idt.oo
LOAD machine/lowlevel/misc.oo
LOAD machine/lowlevel/trap.oo
LOAD machine/lowlevel/tss.oo
LOAD machine/mem/virtual.oo
LOAD machine/thread/spinlock.oo
LOAD machine/thread/switch.oo
LOAD machine/thread/usermode.oo
LOAD /cygdrive/c/Users/Alex/Toolchain/Output/bin/../lib/gcc/i386-banana/8.1.0/libgcc.a
                0x0000000000100000                . = 0x100000
                0x0000000000100000                _kernel_start = .

.multiboot.data
                0x0000000000100000        0xc
 *(.multiboot.data)
 .multiboot.data
                0x0000000000100000        0xc machine/boot/kernel_entry.oo

.multiboot.text
                0x000000000010000c       0x77
 *(.multiboot.text)
 .multiboot.text
                0x000000000010000c       0x77 machine/boot/kernel_entry.oo
                0x000000000010000c                _start
                0x00000000c0100083                . = (. + 0xc0000000)

.text           0x00000000c0101000     0xd0bf load address 0x0000000000101000
 *(.text)
 .text          0x00000000c0101000       0x29 assert.o
                0x00000000c0101000                assertion_fail
 .text          0x00000000c0101029      0x19c ctype.o
                0x00000000c0101029                toupper
                0x00000000c010103c                tolower
                0x00000000c010104f                isalpha
                0x00000000c0101066                isalnum
                0x00000000c0101090                iscntrl
                0x00000000c01010a9                isblank
                0x00000000c01010c2                isdigit
                0x00000000c01010d6                islower
                0x00000000c01010ea                ispunct
                0x00000000c0101114                isgraph
                0x00000000c010114a                isprint
                0x00000000c0101172                isspace
                0x00000000c010118e                isupper
                0x00000000c01011a2                isxdigit
 .text          0x00000000c01011c5      0x1d2 string.o
                0x00000000c01011c5                memchr
                0x00000000c01011e2                memcmp
                0x00000000c0101216                memcpy
                0x00000000c010122c                memmove
                0x00000000c010125b                memset
                0x00000000c0101270                strcat
                0x00000000c0101297                strchr
                0x00000000c01012ad                strcmp
                0x00000000c01012cd                strcpy
                0x00000000c01012e5                strerror
                0x00000000c01012fe                strlen
                0x00000000c0101311                strncpy
                0x00000000c0101339                strdup
                0x00000000c0101367                strncmp
 .text          0x00000000c0101397      0x168 dev/beeper.o
                0x00000000c0101397                beeper_start
                0x00000000c010140c                beeper_stop
                0x00000000c010147d                beeper_register_driver
 .text          0x00000000c01014ff      0x41b dev/console.o
                0x00000000c0101634                console_register_driver
                0x00000000c0101692                console_init
                0x00000000c010170a                console_panic
                0x00000000c0101712                console_putc
                0x00000000c0101746                console_received_character
                0x00000000c01018be                console_getc
                0x00000000c01018ec                console_gets
 .text          0x00000000c010191a       0x1a dev/interface.o
                0x00000000c010191a                interface_init
                0x00000000c010192b                interface_io_not_needed
                0x00000000c010192e                interface_check_open_not_needed
                0x00000000c0101931                interface_ioctl_not_needed
 .text          0x00000000c0101934      0x14f dev/random.o
                0x00000000c0101934                random_io
                0x00000000c01019cf                random_init
                0x00000000c0101a36                rand32
 .text          0x00000000c0101a83      0x348 main/main.o
                0x00000000c0101a83                basic_shell
                0x00000000c0101d14                kernel_main
 .text          0x00000000c0101dcb      0x393 mem/heap.o
                0x00000000c0101e5c                heap_init
                0x00000000c0101e7d                heap_reinit
                0x00000000c0101f35                malloc
                0x00000000c010209b                free
 .text          0x00000000c010215e      0x297 mem/physical.o
                0x00000000c010221d                phys_init
                0x00000000c01022d1                phys_allocate_page
                0x00000000c010239a                phys_free_page
 .text          0x00000000c01023f5      0x1c9 mem/swapfile.o
                0x00000000c01023f5                swapfile_init
                0x00000000c0102478                swapfile_write
                0x00000000c010253a                swapfile_read
 .text          0x00000000c01025be      0x4c3 mem/vas.o
                0x00000000c01025be                vas_create
                0x00000000c01025f4                vas_get_current_vas
                0x00000000c01025fd                vas_flush_tlb
                0x00000000c0102602                vas_destroy
                0x00000000c0102670                vas_load
                0x00000000c01026c2                vas_copy
                0x00000000c0102730                vas_map
                0x00000000c01027e2                vas_reflag
                0x00000000c0102893                vas_virtual_to_physical
                0x00000000c0102907                vas_unmap
                0x00000000c01029c2                vas_perform_page_replacement
 .text          0x00000000c0102a81      0x172 mem/virtual.o
                0x00000000c0102a81                virt_init
                0x00000000c0102a9b                virt_bytes_to_pages
                0x00000000c0102aab                virt_allocate_unbacked_krnl_region
                0x00000000c0102b25                virt_deallocate_unbacked_krnl_region
                0x00000000c0102b26                virt_allocate_backed_pages
                0x00000000c0102bb4                virt_free_backed_pages
 .text          0x00000000c0102bf3        0x6 syscall/close.o
                0x00000000c0102bf3                sys_close
 .text          0x00000000c0102bf9       0xfa syscall/lseek.o
                0x00000000c0102bf9                sys_lseek
 .text          0x00000000c0102cf3       0x96 syscall/open.o
                0x00000000c0102cf3                sys_open
 .text          0x00000000c0102d89       0xa1 syscall/read.o
                0x00000000c0102d89                sys_read
 .text          0x00000000c0102e2a       0xb2 syscall/syscall.o
                0x00000000c0102e2a                syscall_init
                0x00000000c0102e89                syscall_perform
 .text          0x00000000c0102edc       0x18 syscall/terminate.o
                0x00000000c0102edc                sys_terminate
 .text          0x00000000c0102ef4       0xa1 syscall/write.o
                0x00000000c0102ef4                sys_write
 .text          0x00000000c0102f95        0xf syscall/yield.o
                0x00000000c0102f95                sys_yield
 .text          0x00000000c0102fa4       0x47 test/runtest.o
                0x00000000c0102fa4                test_run
 .text          0x00000000c0102feb      0x183 thread/cleaner.o
                0x00000000c0102feb                cleaner_thread_task
                0x00000000c0103102                cleaner_thread_init
                0x00000000c0103125                cleaner_thread_awaken
 .text          0x00000000c010316e      0x223 thread/filedes.o
                0x00000000c010316e                filedes_table_create
                0x00000000c01031c2                filedes_table_copy
                0x00000000c0103247                filedesc_seek
                0x00000000c010328a                fildesc_convert_to_vnode
                0x00000000c01032d8                filedesc_table_register_vnode
 .text          0x00000000c0103391       0x39 thread/idle.o
                0x00000000c01033ab                idle_thread_init
 .text          0x00000000c01033ca      0x1ae thread/loader.o
                0x00000000c01033ca                load_program
                0x00000000c0103483                load_driver
 .text          0x00000000c0103578      0x14b thread/process.o
                0x00000000c0103578                process_create_child
                0x00000000c01035e1                process_create
                0x00000000c0103600                process_kill
                0x00000000c0103606                process_add_thread
                0x00000000c0103672                process_create_thread
                0x00000000c01036a9                process_init
 .text          0x00000000c01036c3      0x120 thread/spinlock.o
                0x00000000c01036c3                spinlock_is_held
                0x00000000c01036f2                spinlock_init
                0x00000000c010373f                spinlock_acquire
                0x00000000c010377a                spinlock_release
                0x00000000c01037b5                spinlock_acquire_if_unlocked
 .text          0x00000000c01037e3      0x3b3 thread/synch.o
                0x00000000c01037e3                semaphore_create
                0x00000000c010382e                semaphore_destory
                0x00000000c0103859                semaphore_acquire
                0x00000000c01038e8                semaphore_try_acquire
                0x00000000c0103956                semaphore_release
                0x00000000c01039ca                semaphore_set_count
                0x00000000c0103a3f                rw_lock_create
                0x00000000c0103a7a                rw_lock_destroy
                0x00000000c0103ac1                rw_lock_acquire_read
                0x00000000c0103b1a                rw_lock_release_read
                0x00000000c0103b74                rw_lock_acquire_write
                0x00000000c0103b85                rw_lock_release_write
 .text          0x00000000c0103b96      0xc98 thread/thread.o
                0x00000000c0103cfc                thread_stack_check_canary
                0x00000000c0103d2b                thread_execve
                0x00000000c0103d4a                thread_init
                0x00000000c0103e79                thread_fork
                0x00000000c0103fc8                thread_create
                0x00000000c01040bb                thread_postpone_switches
                0x00000000c01040de                thread_schedule
                0x00000000c0104289                thread_block
                0x00000000c01042e7                thread_unblock
                0x00000000c010439e                thread_end_postpone_switches
                0x00000000c010440c                get_time_since_boot
                0x00000000c0104441                thread_nano_sleep_until
                0x00000000c01044b7                thread_nano_sleep
                0x00000000c01044d9                thread_sleep
                0x00000000c01044f3                thread_yield
                0x00000000c0104519                thread_terminate
                0x00000000c01045bd                thread_execute_in_usermode
                0x00000000c01046a4                thread_startup_handler
                0x00000000c01046cb                thread_received_timer_interrupt_bsp
                0x00000000c0104704                thread_received_timer_interrupt
                0x00000000c01047ec                thread_set_priority
 .text          0x00000000c010482e      0x189 util/adt_blocking_byte_buffer.o
                0x00000000c010482e                adt_blocking_byte_buffer_create
                0x00000000c0104893                adt_blocking_byte_buffer_destroy
                0x00000000c01048b3                adt_blocking_byte_buffer_add
                0x00000000c0104919                adt_blocking_byte_buffer_get
                0x00000000c010495e                adt_blocking_byte_buffer_try_get
 .text          0x00000000c01049b7      0x207 util/adt_hashmap.o
                0x00000000c01049b7                adt_hashmap_create
                0x00000000c0104a24                adt_hashmap_contains
                0x00000000c0104a8f                adt_hashmap_add
                0x00000000c0104afd                adt_hashmap_get
                0x00000000c0104b7b                adt_hashmap_size
                0x00000000c0104b86                adt_hashmap_null_terminated_string_hash_function
                0x00000000c0104ba3                adt_hashmap_null_terminated_string_equality_function
 .text          0x00000000c0104bbe      0x441 util/adt_list.o
                0x00000000c0104bbe                adt_list_create
                0x00000000c0104bec                adt_list_add_front
                0x00000000c0104c8b                adt_list_add_back
                0x00000000c0104d2a                adt_list_remove_front
                0x00000000c0104da6                adt_list_destroy
                0x00000000c0104dce                adt_list_remove_back
                0x00000000c0104e71                adt_list_get_front
                0x00000000c0104e93                adt_list_get_back
                0x00000000c0104eb6                adt_list_size
                0x00000000c0104ec1                adt_list_reset
                0x00000000c0104ed2                adt_list_has_next
                0x00000000c0104ef7                adt_list_get_next
                0x00000000c0104f2e                adt_list_circulate
                0x00000000c0104f52                adt_list_remove_element
 .text          0x00000000c0104fff       0x71 util/adt_stack.o
                0x00000000c0104fff                adt_stack_create
                0x00000000c010501d                adt_stack_destroy
                0x00000000c010503d                adt_stack_push
                0x00000000c010504e                adt_stack_pop
                0x00000000c010505f                adt_stack_size
 .text          0x00000000c0105070       0x5d util/bitarray.o
                0x00000000c0105070                bitarray_set
                0x00000000c010508c                bitarray_clear
                0x00000000c01050aa                bitarray_is_set
 .text          0x00000000c01050cd       0x1d util/cpu.o
                0x00000000c01050cd                cpu_get_count
                0x00000000c01050d3                cpu_init
 .text          0x00000000c01050ea      0x281 util/kprintf.o
                0x00000000c01051b1                kprintf
                0x00000000c010528e                kprintfnv
 .text          0x00000000c010536b       0x22 util/panic.o
                0x00000000c010536b                panic
 .text          0x00000000c010538d      0x10f vfs/copyinout.o
                0x00000000c0105429                copyin
                0x00000000c0105461                copyout
 .text          0x00000000c010549c      0x27e vfs/device.o
                0x00000000c01056d1                dev_create_vnode
 .text          0x00000000c010571a      0x1bd vfs/uio.o
                0x00000000c010571a                uio_move
                0x00000000c01057db                uio_move_string_to_usermode
                0x00000000c0105854                uio_move_string_from_usermode
                0x00000000c01058b0                uio_construct
 .text          0x00000000c01058d7      0xbaf vfs/vfs.o
                0x00000000c0105a6d                vfs_init
                0x00000000c0105a91                vfs_get_path_component
                0x00000000c0105e74                vfs_get_final_component
                0x00000000c0105fe5                vfs_mount_filesystem
                0x00000000c0106106                vfs_add_device
                0x00000000c01061d1                vfs_remove_device
                0x00000000c010629f                vfs_close
                0x00000000c01062c1                vfs_open
                0x00000000c0106314                vfs_add_virtual_mount_point
                0x00000000c0106405                vfs_write
                0x00000000c0106431                vfs_read
 .text          0x00000000c0106486      0x453 vfs/vnode.o
                0x00000000c0106486                vnode_init
                0x00000000c01064db                vnode_check
                0x00000000c010668e                vnode_reference
                0x00000000c01066d3                vnode_op_check_open
                0x00000000c0106703                vnode_op_read
                0x00000000c010672b                vnode_op_readdir
                0x00000000c0106753                vnode_op_write
                0x00000000c010677b                vnode_op_ioctl
                0x00000000c01067ab                vnode_op_is_seekable
                0x00000000c01067ca                vnode_op_close
                0x00000000c01067d6                vnode_dereference
                0x00000000c0106862                vnode_op_follow
                0x00000000c0106892                vnode_op_dirent_type
                0x00000000c01068b1                vnode_op_stat
 .text          0x00000000c01068d9      0x35e fs/demofs/demofs_inodes.o
                0x00000000c01068d9                demofs_read_inode
                0x00000000c010692d                demofs_read_file
                0x00000000c0106a58                demofs_follow
 .text          0x00000000c0106c37      0x26d fs/demofs/demofs_vnode.o
                0x00000000c0106d90                demofs_root_creator
                0x00000000c0106de4                demofs_create_file_vnode
                0x00000000c0106e08                demofs_create_dir_vnode
 .text          0x00000000c0106ea4       0x60 machine/dev/beeper.o
                0x00000000c0106edb                x86_beeper_register
 .text          0x00000000c0106f04       0xa8 machine/dev/cpu.o
                0x00000000c0106f04                arch_initialise_devices_no_fs
                0x00000000c0106f09                arch_initialise_devices_with_fs
                0x00000000c0106f35                arch_cpu_initialise_bootstrap
                0x00000000c0106f86                arch_all_cpus_are_done
                0x00000000c0106f95                arch_reboot
 .text          0x00000000c0106fac      0x729 machine/dev/floppy.o
                0x00000000c01075fe                floppy_initialise
 .text          0x00000000c01076d5      0x48a machine/dev/ide.o
                0x00000000c01076d5                ide_check_errors
                0x00000000c010772b                ide_poll
                0x00000000c0107a4b                ide_initialise
 .text          0x00000000c0107b5f       0x93 machine/dev/pic.o
                0x00000000c0107b5f                pic_is_spurious
                0x00000000c0107bac                pic_eoi
                0x00000000c0107bbf                pic_initialise
 .text          0x00000000c0107bf2       0x9b machine/dev/pit.o
                0x00000000c0107c46                pit_initialise
 .text          0x00000000c0107c8d      0x3dd machine/elf/elf.o
                0x00000000c0107f86                is_elf_valid
                0x00000000c0107fa8                arch_load_driver
                0x00000000c0108001                arch_start_driver
                0x00000000c0108022                arch_exec
 .text          0x00000000c010806a      0x399 machine/elf/symbols.o
                0x00000000c010806a                ksymbol_add_symbol
                0x00000000c01083be                ksymbol_get_address_from_name
 .text          0x00000000c0108403       0xe8 machine/lowlevel/gdt.o
                0x00000000c0108403                x86_gdt_create_entry
                0x00000000c0108442                x86_gdt_initialise
                0x00000000c01084b8                x86_gdt_add_tss
 .text          0x00000000c01084eb       0xf3 machine/lowlevel/idt.o
                0x00000000c01084eb                x86_idt_set_entry
                0x00000000c010852d                x86_idt_initialise
 .text          0x00000000c01085de      0x12c machine/lowlevel/interrupt.o
                0x00000000c01085de                x86_handle_syscall
                0x00000000c0108614                x86_register_interrupt_handler
                0x00000000c0108644                x86_interrupt_initialise
                0x00000000c010867c                x86_interrupt_handler
 .text          0x00000000c010870a       0x51 machine/lowlevel/tss.o
                0x00000000c010870a                x86_tss_initialise
 .text          0x00000000c010875b       0xff machine/mem/physical.o
                0x00000000c010875b                arch_get_memory
 .text          0x00000000c010885a      0x859 machine/mem/virtual.o
                0x00000000c010885a                lowmem_physical_to_virtual
                0x00000000c010888a                arch_vas_destroy
                0x00000000c010888f                arch_vas_load
                0x00000000c01088a0                arch_vas_set_entry
                0x00000000c01089ae                x86_per_cpu_virt_initialise
                0x00000000c0108b72                x86_get_entry
                0x00000000c0108ce2                arch_vas_create
                0x00000000c0108d67                arch_vas_copy
                0x00000000c0108e5d                x86_handle_page_fault
                0x00000000c0108fd7                arch_vas_get_entry
                0x00000000c0109051                arch_find_page_replacement_virt_address
 .text          0x00000000c01090b3       0x89 machine/thread/fork.o
                0x00000000c01090b3                arch_set_forked_kernel_stack
 .text          0x00000000c010913c       0x16 test/internal/test.o
                0x00000000c010913c                test_kernel
 .text          0x00000000c0109152     0x2a69 test/internal/test_adt_list.o
                0x00000000c0109152                test_basic_insert_back_and_iter
                0x00000000c0109408                test_basic_insert_front_and_iter
                0x00000000c01096be                test_circulate
                0x00000000c01098af                test_basic_get_head_and_tail
                0x00000000c0109a0d                test_insert_alternating
                0x00000000c0109bcf                test_insert_back_updates_tail_correctly
                0x00000000c0109d17                test_insert_front_updates_head_correctly
                0x00000000c0109e5f                test_remove_back_updates_tail_correctly
                0x00000000c010a035                test_remove_front_updates_head_correctly
                0x00000000c010a20b                test_remove_both_ends
                0x00000000c010a474                test_remove_final_via_back
                0x00000000c010a7bb                test_remove_final_via_front
                0x00000000c010abbf                test_add_first_via_front
                0x00000000c010acc7                test_add_first_via_back
                0x00000000c010adcf                test_list_remove_element_first
                0x00000000c010b063                test_list_remove_element_last
                0x00000000c010b2f7                test_list_remove_element_middle
                0x00000000c010b5ac                test_list_remove_element_only
                0x00000000c010b6ae                test_list_remove_element_non_existent
                0x00000000c010b8eb                test_reset
                0x00000000c010bb50                test_adt_list
 .text          0x00000000c010bbbb      0xb28 test/internal/test_vfs_get_path_component.o
                0x00000000c010bbbb                test_vfs_get_path_component
 .text          0x00000000c010c6e3     0x1519 test/internal/test_vfs_open_read.o
                0x00000000c010c6e3                test_open_file
                0x00000000c010c789                test_file_read
                0x00000000c010c8a6                test_file_read_with_offset
                0x00000000c010c9c3                test_file_read_way_past_end
                0x00000000c010cad5                test_file_read_fails_on_dir
                0x00000000c010cbd1                test_double_file_read
                0x00000000c010cd5b                test_open_with_dot_slash
                0x00000000c010ce01                test_open_with_dot_slash_2
                0x00000000c010cea7                test_open_with_dot_slash_after_file
                0x00000000c010cf44                test_open_subdir_file
                0x00000000c010cfea                test_open_dir
                0x00000000c010d090                test_open_file_write
                0x00000000c010d12d                test_open_dir_write
                0x00000000c010d1cd                test_open_no_device
                0x00000000c010d26a                test_open_no_file
                0x00000000c010d307                test_open_file_in_middle_of_path
                0x00000000c010d3a4                test_open_filesystem_root
                0x00000000c010d44a                test_open_going_back_1
                0x00000000c010d4f0                test_open_going_back_2
                0x00000000c010d596                test_open_going_back_twice_1
                0x00000000c010d63c                test_open_going_back_twice_2
                0x00000000c010d705                test_open_going_back_past_root
                0x00000000c010d934                test_open_going_back_with_invalid
                0x00000000c010da87                test_open_going_back_after_file
                0x00000000c010db7d                test_vfs_open_read
 .text          0x00000000c010dbfc       0x37 test/runnable/canary.o
                0x00000000c010dbfc                test_stack_canary
 .text          0x00000000c010dc33       0x7e test/runnable/heap.o
                0x00000000c010dc33                test_heap
 .text          0x00000000c010dcb1       0x4a test/runnable/sleep.o
                0x00000000c010dcb1                test_sleep
 *fill*         0x00000000c010dcfb        0x5 
 .text          0x00000000c010dd00       0x6b machine/boot/kernel_entry.oo
                0x00000000c010dd00                vesa_depth
                0x00000000c010dd01                vesa_framebuffer
                0x00000000c010dd05                vesa_width
                0x00000000c010dd07                vesa_height
                0x00000000c010dd09                vesa_pitch
                0x00000000c010dd0b                x86_grub_table
 *fill*         0x00000000c010dd6b        0x5 
 .text          0x00000000c010dd70       0x1d machine/lowlevel/gdt.oo
                0x00000000c010dd70                x86_gdt_load
 *fill*         0x00000000c010dd8d        0x3 
 .text          0x00000000c010dd90        0x8 machine/lowlevel/idt.oo
                0x00000000c010dd90                x86_idt_load
 *fill*         0x00000000c010dd98        0x8 
 .text          0x00000000c010dda0       0x1f machine/lowlevel/misc.oo
                0x00000000c010dda0                arch_read_timestamp
                0x00000000c010dda3                arch_enable_interrupts
                0x00000000c010dda5                arch_disable_interrupts
                0x00000000c010dda7                arch_stall_processor
                0x00000000c010dda9                arch_flush_tlb
                0x00000000c010ddb0                x86_get_cr2
                0x00000000c010ddb4                x86_are_irqs_on
 *fill*         0x00000000c010ddbf        0x1 
 .text          0x00000000c010ddc0      0x138 machine/lowlevel/trap.oo
                0x00000000c010ddc0                isr0
                0x00000000c010ddc9                isr1
                0x00000000c010ddd2                isr2
                0x00000000c010dddb                isr3
                0x00000000c010dde4                isr4
                0x00000000c010dded                isr5
                0x00000000c010ddf6                isr6
                0x00000000c010ddff                isr7
                0x00000000c010de08                isr8
                0x00000000c010de0f                isr9
                0x00000000c010de18                isr10
                0x00000000c010de1f                isr11
                0x00000000c010de26                isr12
                0x00000000c010de2d                isr13
                0x00000000c010de34                isr14
                0x00000000c010de3b                isr15
                0x00000000c010de44                isr16
                0x00000000c010de4d                isr17
                0x00000000c010de51                isr18
                0x00000000c010de57                isr19
                0x00000000c010de5d                isr20
                0x00000000c010de63                isr21
                0x00000000c010de69                isr96
                0x00000000c010de6f                irq0
                0x00000000c010de75                irq1
                0x00000000c010de7b                irq2
                0x00000000c010de81                irq3
                0x00000000c010de87                irq4
                0x00000000c010de8d                irq5
                0x00000000c010de93                irq6
                0x00000000c010de99                irq7
                0x00000000c010de9f                irq8
                0x00000000c010dea5                irq9
                0x00000000c010deab                irq10
                0x00000000c010deb1                irq11
                0x00000000c010deb7                irq12
                0x00000000c010debd                irq13
                0x00000000c010dec3                irq14
                0x00000000c010dec9                irq15
 *fill*         0x00000000c010def8        0x8 
 .text          0x00000000c010df00        0x8 machine/lowlevel/tss.oo
                0x00000000c010df00                x86_tss_load
 *fill*         0x00000000c010df08        0x8 
 .text          0x00000000c010df10        0x8 machine/mem/virtual.oo
                0x00000000c010df10                x86_set_cr3
 *fill*         0x00000000c010df18        0x8 
 .text          0x00000000c010df20       0x3f machine/thread/spinlock.oo
                0x00000000c010df24                arch_irq_spinlock_acquire
                0x00000000c010df43                arch_irq_spinlock_release
 *fill*         0x00000000c010df5f        0x1 
 .text          0x00000000c010df60       0x3d machine/thread/switch.oo
                0x00000000c010df60                arch_prepare_stack
                0x00000000c010df6f                arch_switch_thread
 *fill*         0x00000000c010df9d        0x3 
 .text          0x00000000c010dfa0       0x20 machine/thread/usermode.oo
                0x00000000c010dfa0                arch_switch_to_usermode
 .text          0x00000000c010dfc0       0xff /cygdrive/c/Users/Alex/Toolchain/Output/bin/../lib/gcc/i386-banana/8.1.0/libgcc.a(_udivdi3.o)
                0x00000000c010dfc0                __udivdi3
 *(.ctors)
 *(.dtors)

.iplt           0x00000000c010e0c0        0x0 load address 0x000000000010e0c0
 .iplt          0x00000000c010e0c0        0x0 assert.o

.rodata         0x00000000c010f000      0x1c0 load address 0x000000000010f000
 *(.rodata)
 .rodata        0x00000000c010f000       0x4c string.o
 *fill*         0x00000000c010f04c       0x14 
 .rodata        0x00000000c010f060       0x30 vfs/device.o
 *fill*         0x00000000c010f090       0x10 
 .rodata        0x00000000c010f0a0       0x70 fs/demofs/demofs_vnode.o
                0x00000000c010f0a0                demofs_vnode_dir_ops
                0x00000000c010f0e0                demofs_vnode_file_ops
 *fill*         0x00000000c010f110       0x10 
 .rodata        0x00000000c010f120       0xa0 machine/lowlevel/idt.o

.rodata.str1.1  0x00000000c010f1c0     0x2ec1 load address 0x000000000010f1c0
 .rodata.str1.1
                0x00000000c010f1c0       0x31 assert.o
 .rodata.str1.1
                0x00000000c010f1f1       0x21 ctype.o
 .rodata.str1.1
                0x00000000c010f212      0x1cb string.o
 .rodata.str1.1
                0x00000000c010f3dd        0xc dev/beeper.o
 .rodata.str1.1
                0x00000000c010f3e9       0x4e dev/console.o
 .rodata.str1.1
                0x00000000c010f437       0x17 dev/random.o
 .rodata.str1.1
                0x00000000c010f44e       0xef main/main.o
                                        0x101 (size before relaxing)
 .rodata.str1.1
                0x00000000c010f53d       0xc3 mem/heap.o
                                         0xc4 (size before relaxing)
 .rodata.str1.1
                0x00000000c010f600       0x88 mem/physical.o
                                         0xaa (size before relaxing)
 .rodata.str1.1
                0x00000000c010f688       0x96 mem/swapfile.o
 .rodata.str1.1
                0x00000000c010f71e      0x157 mem/vas.o
                                        0x177 (size before relaxing)
 .rodata.str1.1
                0x00000000c010f875       0x3d mem/virtual.o
                                         0x4f (size before relaxing)
 .rodata.str1.1
                0x00000000c010f8b2       0x23 syscall/syscall.o
 .rodata.str1.1
                0x00000000c010f8d5       0x25 syscall/terminate.o
 .rodata.str1.1
                0x00000000c010f8fa       0x23 test/runtest.o
 .rodata.str1.1
                0x00000000c010f91d       0xa6 thread/cleaner.o
                                         0xb4 (size before relaxing)
 .rodata.str1.1
                0x00000000c010f9c3       0x13 thread/filedes.o
 .rodata.str1.1
                0x00000000c010f9d6       0x3b thread/process.o
                                         0x42 (size before relaxing)
 .rodata.str1.1
                0x00000000c010fa11       0x3e thread/spinlock.o
                                         0x62 (size before relaxing)
 .rodata.str1.1
                0x00000000c010fa4f       0x88 thread/synch.o
                                         0x9e (size before relaxing)
 .rodata.str1.1
                0x00000000c010fad7      0x2e7 thread/thread.o
                                        0x30a (size before relaxing)
 .rodata.str1.1
                0x00000000c010fdbe       0x4d util/adt_blocking_byte_buffer.o
 .rodata.str1.1
                0x00000000c010fe0b       0x79 util/adt_hashmap.o
 .rodata.str1.1
                0x00000000c010fe84      0x1cc util/adt_list.o
                                        0x1e5 (size before relaxing)
 .rodata.str1.1
                0x00000000c0110050       0x3b util/kprintf.o
 .rodata.str1.1
                0x00000000c011008b       0x12 util/panic.o
 .rodata.str1.1
                0x00000000c011009d      0x171 vfs/device.o
                                        0x19a (size before relaxing)
 .rodata.str1.1
                0x00000000c011020e       0xc8 vfs/uio.o
                                         0xd2 (size before relaxing)
 .rodata.str1.1
                0x00000000c01102d6      0x12d vfs/vfs.o
                                        0x143 (size before relaxing)
 .rodata.str1.1
                0x00000000c0110403      0x1fa vfs/vnode.o
                                        0x231 (size before relaxing)
 .rodata.str1.1
                0x00000000c01105fd       0x6a fs/demofs/demofs_inodes.o
                                         0x7f (size before relaxing)
 .rodata.str1.1
                0x00000000c0110667       0x31 fs/demofs/demofs_vnode.o
                                         0x36 (size before relaxing)
 .rodata.str1.1
                0x00000000c0110698       0x1e machine/dev/cpu.o
 .rodata.str1.1
                0x00000000c01106b6       0xad machine/dev/floppy.o
                                         0xb6 (size before relaxing)
 .rodata.str1.1
                0x00000000c0110763       0x64 machine/dev/ide.o
                                         0x71 (size before relaxing)
 .rodata.str1.1
                0x00000000c01107c7       0x21 machine/dev/pit.o
                                         0x25 (size before relaxing)
 .rodata.str1.1
                0x00000000c01107e8       0x66 machine/elf/elf.o
                                         0x6a (size before relaxing)
 .rodata.str1.1
                0x00000000c011084e       0x59 machine/elf/symbols.o
 .rodata.str1.1
                0x00000000c01108a7       0x27 machine/lowlevel/interrupt.o
 .rodata.str1.1
                0x00000000c01108ce       0x47 machine/mem/physical.o
                                         0x4b (size before relaxing)
 .rodata.str1.1
                0x00000000c0110915      0x1ab machine/mem/virtual.o
                                        0x1c5 (size before relaxing)
 .rodata.str1.1
                0x00000000c0110ac0       0x4f machine/thread/fork.o
                                         0x53 (size before relaxing)
 .rodata.str1.1
                0x00000000c0110b0f      0x7be test/internal/test_adt_list.o
                                        0x88c (size before relaxing)
 .rodata.str1.1
                0x00000000c01112cd      0x5a3 test/internal/test_vfs_get_path_component.o
                                        0x630 (size before relaxing)
 .rodata.str1.1
                0x00000000c0111870      0x7ef test/internal/test_vfs_open_read.o
                                        0x89b (size before relaxing)
 .rodata.str1.1
                0x00000000c011205f        0x9 test/runnable/canary.o
 .rodata.str1.1
                0x00000000c0112068        0x7 test/runnable/heap.o
 .rodata.str1.1
                0x00000000c011206f       0x12 test/runnable/sleep.o

.eh_frame       0x00000000c0112084     0x37d8 load address 0x0000000000112084
 .eh_frame      0x00000000c0112084       0x34 assert.o
 .eh_frame      0x00000000c01120b8      0x1c8 ctype.o
                                        0x1e0 (size before relaxing)
 .eh_frame      0x00000000c0112280      0x1f8 string.o
                                        0x210 (size before relaxing)
 .eh_frame      0x00000000c0112478       0x64 dev/beeper.o
                                         0x7c (size before relaxing)
 .eh_frame      0x00000000c01124dc      0x140 dev/console.o
                                        0x158 (size before relaxing)
 .eh_frame      0x00000000c011261c       0x5c dev/interface.o
                                         0x74 (size before relaxing)
 .eh_frame      0x00000000c0112678       0x70 dev/random.o
                                         0x88 (size before relaxing)
 .eh_frame      0x00000000c01126e8       0x3c main/main.o
                                         0x54 (size before relaxing)
 .eh_frame      0x00000000c0112724       0xfc mem/heap.o
                                        0x114 (size before relaxing)
 .eh_frame      0x00000000c0112820       0xc4 mem/physical.o
                                         0xdc (size before relaxing)
 .eh_frame      0x00000000c01128e4       0x74 mem/swapfile.o
                                         0x8c (size before relaxing)
 .eh_frame      0x00000000c0112958      0x1a4 mem/vas.o
                                        0x1bc (size before relaxing)
 .eh_frame      0x00000000c0112afc       0xd0 mem/virtual.o
                                         0xe8 (size before relaxing)
 .eh_frame      0x00000000c0112bcc       0x14 syscall/close.o
                                         0x2c (size before relaxing)
 .eh_frame      0x00000000c0112be0       0x2c syscall/lseek.o
                                         0x44 (size before relaxing)
 .eh_frame      0x00000000c0112c0c       0x28 syscall/open.o
                                         0x40 (size before relaxing)
 .eh_frame      0x00000000c0112c34       0x2c syscall/read.o
                                         0x44 (size before relaxing)
 .eh_frame      0x00000000c0112c60       0x54 syscall/syscall.o
                                         0x6c (size before relaxing)
 .eh_frame      0x00000000c0112cb4       0x1c syscall/terminate.o
                                         0x34 (size before relaxing)
 .eh_frame      0x00000000c0112cd0       0x2c syscall/write.o
                                         0x44 (size before relaxing)
 .eh_frame      0x00000000c0112cfc       0x20 syscall/yield.o
                                         0x38 (size before relaxing)
 .eh_frame      0x00000000c0112d1c       0x34 test/runtest.o
                                         0x4c (size before relaxing)
 .eh_frame      0x00000000c0112d50       0x60 thread/cleaner.o
                                         0x78 (size before relaxing)
 .eh_frame      0x00000000c0112db0       0xd4 thread/filedes.o
                                         0xec (size before relaxing)
 .eh_frame      0x00000000c0112e84       0x3c thread/idle.o
                                         0x54 (size before relaxing)
 .eh_frame      0x00000000c0112ec0       0x54 thread/loader.o
                                         0x6c (size before relaxing)
 .eh_frame      0x00000000c0112f14       0xcc thread/process.o
                                         0xe4 (size before relaxing)
 .eh_frame      0x00000000c0112fe0       0xb0 thread/spinlock.o
                                         0xc8 (size before relaxing)
 .eh_frame      0x00000000c0113090      0x1a8 thread/synch.o
                                        0x1c0 (size before relaxing)
 .eh_frame      0x00000000c0113238      0x3ac thread/thread.o
                                        0x3c4 (size before relaxing)
 .eh_frame      0x00000000c01135e4       0xd0 util/adt_blocking_byte_buffer.o
                                         0xe8 (size before relaxing)
 .eh_frame      0x00000000c01136b4      0x10c util/adt_hashmap.o
                                        0x124 (size before relaxing)
 .eh_frame      0x00000000c01137c0      0x1e0 util/adt_list.o
                                        0x1f8 (size before relaxing)
 .eh_frame      0x00000000c01139a0       0xa8 util/adt_stack.o
                                         0xc0 (size before relaxing)
 .eh_frame      0x00000000c0113a48       0x60 util/bitarray.o
                                         0x78 (size before relaxing)
 .eh_frame      0x00000000c0113aa8       0x34 util/cpu.o
                                         0x4c (size before relaxing)
 .eh_frame      0x00000000c0113adc      0x104 util/kprintf.o
                                        0x11c (size before relaxing)
 .eh_frame      0x00000000c0113be0       0x1c util/panic.o
                                         0x34 (size before relaxing)
 .eh_frame      0x00000000c0113bfc       0x84 vfs/copyinout.o
                                         0x9c (size before relaxing)
 .eh_frame      0x00000000c0113c80      0x178 vfs/device.o
                                        0x190 (size before relaxing)
 .eh_frame      0x00000000c0113df8       0xa0 vfs/uio.o
                                         0xb8 (size before relaxing)
 .eh_frame      0x00000000c0113e98      0x320 vfs/vfs.o
                                        0x338 (size before relaxing)
 .eh_frame      0x00000000c01141b8      0x248 vfs/vnode.o
                                        0x260 (size before relaxing)
 .eh_frame      0x00000000c0114400       0x88 fs/demofs/demofs_inodes.o
                                         0xa0 (size before relaxing)
 .eh_frame      0x00000000c0114488      0x1f4 fs/demofs/demofs_vnode.o
                                        0x20c (size before relaxing)
 .eh_frame      0x00000000c011467c       0x58 machine/dev/beeper.o
                                         0x70 (size before relaxing)
 .eh_frame      0x00000000c01146d4       0x84 machine/dev/cpu.o
                                         0x9c (size before relaxing)
 .eh_frame      0x00000000c0114758      0x1e0 machine/dev/floppy.o
                                        0x1f8 (size before relaxing)
 .eh_frame      0x00000000c0114938       0xa8 machine/dev/ide.o
                                         0xc0 (size before relaxing)
 .eh_frame      0x00000000c01149e0       0x54 machine/dev/pic.o
                                         0x6c (size before relaxing)
 .eh_frame      0x00000000c0114a34       0x44 machine/dev/pit.o
                                         0x5c (size before relaxing)
 .eh_frame      0x00000000c0114a78       0xec machine/elf/elf.o
                                        0x104 (size before relaxing)
 .eh_frame      0x00000000c0114b64       0x74 machine/elf/symbols.o
                                         0x8c (size before relaxing)
 .eh_frame      0x00000000c0114bd8       0x64 machine/lowlevel/gdt.o
                                         0x7c (size before relaxing)
 .eh_frame      0x00000000c0114c3c       0x50 machine/lowlevel/idt.o
                                         0x68 (size before relaxing)
 .eh_frame      0x00000000c0114c8c       0x98 machine/lowlevel/interrupt.o
                                         0xb0 (size before relaxing)
 .eh_frame      0x00000000c0114d24       0x24 machine/lowlevel/tss.o
                                         0x3c (size before relaxing)
 .eh_frame      0x00000000c0114d48       0x28 machine/mem/physical.o
                                         0x40 (size before relaxing)
 .eh_frame      0x00000000c0114d70      0x1f4 machine/mem/virtual.o
                                        0x20c (size before relaxing)
 .eh_frame      0x00000000c0114f64       0x2c machine/thread/fork.o
                                         0x44 (size before relaxing)
 .eh_frame      0x00000000c0114f90       0x20 test/internal/test.o
                                         0x38 (size before relaxing)
 .eh_frame      0x00000000c0114fb0      0x3ac test/internal/test_adt_list.o
                                        0x3c4 (size before relaxing)
 .eh_frame      0x00000000c011535c       0x30 test/internal/test_vfs_get_path_component.o
                                         0x48 (size before relaxing)
 .eh_frame      0x00000000c011538c      0x3f8 test/internal/test_vfs_open_read.o
                                        0x410 (size before relaxing)
 .eh_frame      0x00000000c0115784       0x20 test/runnable/canary.o
                                         0x38 (size before relaxing)
 .eh_frame      0x00000000c01157a4       0x28 test/runnable/heap.o
                                         0x40 (size before relaxing)
 .eh_frame      0x00000000c01157cc       0x24 test/runnable/sleep.o
                                         0x3c (size before relaxing)
 .eh_frame      0x00000000c01157f0       0x6c /cygdrive/c/Users/Alex/Toolchain/Output/bin/../lib/gcc/i386-banana/8.1.0/libgcc.a(_udivdi3.o)
                                         0x84 (size before relaxing)

.rel.dyn        0x00000000c011585c        0x0 load address 0x000000000011585c
 .rel.got       0x00000000c011585c        0x0 assert.o
 .rel.iplt      0x00000000c011585c        0x0 assert.o
 .rel.text      0x00000000c011585c        0x0 assert.o
 .rel.multiboot.text
                0x00000000c011585c        0x0 assert.o

.data           0x00000000c0116000      0x2a4 load address 0x0000000000116000
 *(.data)
 .data          0x00000000c0116000        0x0 assert.o
 .data          0x00000000c0116000        0x0 ctype.o
 .data          0x00000000c0116000        0x0 string.o
 .data          0x00000000c0116000        0x0 dev/beeper.o
 .data          0x00000000c0116000        0x0 dev/console.o
 .data          0x00000000c0116000        0x0 dev/interface.o
 .data          0x00000000c0116000        0x8 dev/random.o
 .data          0x00000000c0116008        0x0 main/main.o
 .data          0x00000000c0116008        0x0 mem/heap.o
 .data          0x00000000c0116008        0x0 mem/physical.o
 .data          0x00000000c0116008        0x0 mem/swapfile.o
 .data          0x00000000c0116008        0x0 mem/vas.o
 .data          0x00000000c0116008        0x4 mem/virtual.o
                0x00000000c0116008                kernel_sbrk
 .data          0x00000000c011600c        0x0 syscall/close.o
 .data          0x00000000c011600c        0x0 syscall/lseek.o
 .data          0x00000000c011600c        0x0 syscall/open.o
 .data          0x00000000c011600c        0x0 syscall/read.o
 .data          0x00000000c011600c        0x0 syscall/syscall.o
 .data          0x00000000c011600c        0x0 syscall/terminate.o
 .data          0x00000000c011600c        0x0 syscall/write.o
 .data          0x00000000c011600c        0x0 syscall/yield.o
 .data          0x00000000c011600c       0x18 test/runtest.o
                0x00000000c011600c                tests
 .data          0x00000000c0116024        0x0 thread/cleaner.o
 .data          0x00000000c0116024        0x0 thread/filedes.o
 .data          0x00000000c0116024        0x0 thread/idle.o
 .data          0x00000000c0116024        0x0 thread/loader.o
 .data          0x00000000c0116024        0x4 thread/process.o
 .data          0x00000000c0116028        0x0 thread/spinlock.o
 .data          0x00000000c0116028        0x0 thread/synch.o
 .data          0x00000000c0116028        0x4 thread/thread.o
 .data          0x00000000c011602c        0x0 util/adt_blocking_byte_buffer.o
 .data          0x00000000c011602c        0x0 util/adt_hashmap.o
 .data          0x00000000c011602c        0x0 util/adt_list.o
 .data          0x00000000c011602c        0x0 util/adt_stack.o
 .data          0x00000000c011602c        0x0 util/bitarray.o
 .data          0x00000000c011602c        0x0 util/cpu.o
 .data          0x00000000c011602c        0x0 util/kprintf.o
 .data          0x00000000c011602c        0x0 util/panic.o
 .data          0x00000000c011602c        0x0 vfs/copyinout.o
 .data          0x00000000c011602c        0x0 vfs/device.o
 .data          0x00000000c011602c        0x0 vfs/uio.o
 .data          0x00000000c011602c        0x0 vfs/vfs.o
 .data          0x00000000c011602c        0x0 vfs/vnode.o
 .data          0x00000000c011602c        0x0 fs/demofs/demofs_inodes.o
 .data          0x00000000c011602c        0x0 fs/demofs/demofs_vnode.o
 .data          0x00000000c011602c        0x0 machine/dev/beeper.o
 .data          0x00000000c011602c        0x0 machine/dev/cpu.o
 .data          0x00000000c011602c        0x4 machine/dev/floppy.o
                0x00000000c011602c                stored_cylinder
 .data          0x00000000c0116030        0x0 machine/dev/ide.o
 .data          0x00000000c0116030        0x0 machine/dev/pic.o
 .data          0x00000000c0116030        0x0 machine/dev/pit.o
 .data          0x00000000c0116030        0x0 machine/elf/elf.o
 .data          0x00000000c0116030        0x0 machine/elf/symbols.o
 .data          0x00000000c0116030        0x0 machine/lowlevel/gdt.o
 .data          0x00000000c0116030        0x0 machine/lowlevel/idt.o
 *fill*         0x00000000c0116030       0x10 
 .data          0x00000000c0116040      0x260 machine/lowlevel/interrupt.o
 .data          0x00000000c01162a0        0x0 machine/lowlevel/tss.o
 .data          0x00000000c01162a0        0x4 machine/mem/physical.o
 .data          0x00000000c01162a4        0x0 machine/mem/virtual.o
 .data          0x00000000c01162a4        0x0 machine/thread/fork.o
 .data          0x00000000c01162a4        0x0 test/internal/test.o
 .data          0x00000000c01162a4        0x0 test/internal/test_adt_list.o
 .data          0x00000000c01162a4        0x0 test/internal/test_vfs_get_path_component.o
 .data          0x00000000c01162a4        0x0 test/internal/test_vfs_open_read.o
 .data          0x00000000c01162a4        0x0 test/runnable/canary.o
 .data          0x00000000c01162a4        0x0 test/runnable/heap.o
 .data          0x00000000c01162a4        0x0 test/runnable/sleep.o
 .data          0x00000000c01162a4        0x0 /cygdrive/c/Users/Alex/Toolchain/Output/bin/../lib/gcc/i386-banana/8.1.0/libgcc.a(_udivdi3.o)

.got            0x00000000c01162a4        0x0 load address 0x00000000001162a4
 .got           0x00000000c01162a4        0x0 assert.o

.got.plt        0x00000000c01162a4        0x0 load address 0x00000000001162a4
 .got.plt       0x00000000c01162a4        0x0 assert.o

.igot.plt       0x00000000c01162a4        0x0 load address 0x00000000001162a4
 .igot.plt      0x00000000c01162a4        0x0 assert.o

.bss            0x00000000c0117000     0xe000 load address 0x0000000000117000
 *(COMMON)
 COMMON         0x00000000c0117000       0x48 dev/beeper.o
                0x00000000c0117000                beeper_lock
 *fill*         0x00000000c0117048       0x18 
 COMMON         0x00000000c0117060      0x860 dev/console.o
                0x00000000c0117060                console_driver_lock
                0x00000000c01170c0                line_buffer_char_width
                0x00000000c01174c0                line_buffer
 COMMON         0x00000000c01178c0       0x48 dev/random.o
                0x00000000c01178c0                random_lock
 *fill*         0x00000000c0117908       0x18 
 COMMON         0x00000000c0117920     0x2068 mem/heap.o
                0x00000000c0117920                bootstrap_heap
                0x00000000c0119920                block_head
                0x00000000c0119940                heap_lock
 *fill*         0x00000000c0119988       0x18 
 COMMON         0x00000000c01199a0     0x1060 mem/physical.o
                0x00000000c01199a0                phys_lock
                0x00000000c0119a00                page_allocation_bitmap
 COMMON         0x00000000c011aa00       0x48 mem/virtual.o
                0x00000000c011aa00                virt_lock
 *fill*         0x00000000c011aa48       0x18 
 COMMON         0x00000000c011aa60       0x40 syscall/syscall.o
                0x00000000c011aa60                syscall_table
 COMMON         0x00000000c011aaa0       0x48 thread/thread.o
                0x00000000c011aaa0                scheduler_lock
 COMMON         0x00000000c011aae8        0x4 util/cpu.o
                0x00000000c011aae8                current_cpu
 *fill*         0x00000000c011aaec       0x14 
 COMMON         0x00000000c011ab00       0x48 vfs/vfs.o
                0x00000000c011ab00                vfs_lock
 COMMON         0x00000000c011ab48        0x8 machine/dev/floppy.o
                0x00000000c011ab48                cylinder_buffer
                0x00000000c011ab4c                cylinder_zero
 *fill*         0x00000000c011ab50       0x10 
 COMMON         0x00000000c011ab60      0x400 machine/lowlevel/interrupt.o
                0x00000000c011ab60                x86_irq_handlers
 *fill*         0x00000000c011af60       0xa0 
 COMMON         0x00000000c011b000     0x3580 machine/mem/virtual.o
                0x00000000c011b000                first_page_table
                0x00000000c011c000                temp_virtual_page
                0x00000000c011d000                kernel_page_directory
                0x00000000c011e000                kernel_vas_x86
                0x00000000c011e080                kernel_vas
 *(.bss)
 .bss           0x00000000c011e580        0x0 assert.o
 .bss           0x00000000c011e580        0x0 ctype.o
 .bss           0x00000000c011e580        0x0 string.o
 .bss           0x00000000c011e580        0x8 dev/beeper.o
                0x00000000c011e580                init_lock_yet
                0x00000000c011e584                default_beeper_driver
 .bss           0x00000000c011e588       0x24 dev/console.o
                0x00000000c011e588                line_buffer_pos
                0x00000000c011e58c                input_buffer
                0x00000000c011e590                default_console_driver
 .bss           0x00000000c011e5ac        0x0 dev/interface.o
 .bss           0x00000000c011e5ac       0x18 dev/random.o
 .bss           0x00000000c011e5c4        0x0 main/main.o
 .bss           0x00000000c011e5c4        0x9 mem/heap.o
                0x00000000c011e5c4                heap_used
                0x00000000c011e5c8                bootstrap_heap_pos
                0x00000000c011e5cc                full_heap_initialised
 *fill*         0x00000000c011e5cd        0x3 
 .bss           0x00000000c011e5d0        0xc mem/physical.o
                0x00000000c011e5d0                num_pages_total
                0x00000000c011e5d4                num_pages_used
 *fill*         0x00000000c011e5dc        0x4 
 .bss           0x00000000c011e5e0       0x5c mem/swapfile.o
 .bss           0x00000000c011e63c        0x0 mem/vas.o
 .bss           0x00000000c011e63c        0x0 mem/virtual.o
 .bss           0x00000000c011e63c        0x0 syscall/close.o
 .bss           0x00000000c011e63c        0x0 syscall/lseek.o
 .bss           0x00000000c011e63c        0x0 syscall/open.o
 .bss           0x00000000c011e63c        0x0 syscall/read.o
 .bss           0x00000000c011e63c        0x0 syscall/syscall.o
 .bss           0x00000000c011e63c        0x0 syscall/terminate.o
 .bss           0x00000000c011e63c        0x0 syscall/write.o
 .bss           0x00000000c011e63c        0x0 syscall/yield.o
 .bss           0x00000000c011e63c        0x0 test/runtest.o
 .bss           0x00000000c011e63c        0x4 thread/cleaner.o
 .bss           0x00000000c011e640        0x0 thread/filedes.o
 .bss           0x00000000c011e640        0x0 thread/idle.o
 .bss           0x00000000c011e640        0x0 thread/loader.o
 .bss           0x00000000c011e640       0x48 thread/process.o
 .bss           0x00000000c011e688        0x0 thread/spinlock.o
 .bss           0x00000000c011e688        0x0 thread/synch.o
 *fill*         0x00000000c011e688       0x18 
 .bss           0x00000000c011e6a0       0xd8 thread/thread.o
                0x00000000c011e6a0                terminated_thread_list
 .bss           0x00000000c011e778        0x0 util/adt_blocking_byte_buffer.o
 .bss           0x00000000c011e778        0x0 util/adt_hashmap.o
 .bss           0x00000000c011e778        0x0 util/adt_list.o
 .bss           0x00000000c011e778        0x0 util/adt_stack.o
 .bss           0x00000000c011e778        0x0 util/bitarray.o
 .bss           0x00000000c011e778        0x4 util/cpu.o
 .bss           0x00000000c011e77c        0x0 util/kprintf.o
 .bss           0x00000000c011e77c        0x0 util/panic.o
 .bss           0x00000000c011e77c        0x0 vfs/copyinout.o
 .bss           0x00000000c011e77c        0x0 vfs/device.o
 .bss           0x00000000c011e77c        0x0 vfs/uio.o
 .bss           0x00000000c011e77c        0x4 vfs/vfs.o
                0x00000000c011e77c                mount_list
 .bss           0x00000000c011e780        0x0 vfs/vnode.o
 .bss           0x00000000c011e780        0x0 fs/demofs/demofs_inodes.o
 .bss           0x00000000c011e780        0x0 fs/demofs/demofs_vnode.o
 .bss           0x00000000c011e780        0x8 machine/dev/beeper.o
 .bss           0x00000000c011e788        0x4 machine/dev/cpu.o
                0x00000000c011e788                x86_allow_interrupts
 .bss           0x00000000c011e78c       0x28 machine/dev/floppy.o
                0x00000000c011e78c                got_cylinder_zero
 .bss           0x00000000c011e7b4       0x1c machine/dev/ide.o
                0x00000000c011e7b4                ide_lock
 .bss           0x00000000c011e7d0        0x0 machine/dev/pic.o
 .bss           0x00000000c011e7d0        0x8 machine/dev/pit.o
                0x00000000c011e7d0                pit_hertz
 .bss           0x00000000c011e7d8        0x0 machine/elf/elf.o
 .bss           0x00000000c011e7d8        0x4 machine/elf/symbols.o
                0x00000000c011e7d8                loaded_symbols
 .bss           0x00000000c011e7dc        0x0 machine/lowlevel/gdt.o
 .bss           0x00000000c011e7dc        0x0 machine/lowlevel/idt.o
 .bss           0x00000000c011e7dc        0x0 machine/lowlevel/interrupt.o
 .bss           0x00000000c011e7dc        0x0 machine/lowlevel/tss.o
 .bss           0x00000000c011e7dc       0x14 machine/mem/physical.o
                0x00000000c011e7dc                memory_table
 .bss           0x00000000c011e7f0        0x0 machine/mem/virtual.o
 .bss           0x00000000c011e7f0        0x0 machine/thread/fork.o
 .bss           0x00000000c011e7f0        0x0 test/internal/test.o
 .bss           0x00000000c011e7f0        0x0 test/internal/test_adt_list.o
 .bss           0x00000000c011e7f0        0x0 test/internal/test_vfs_get_path_component.o
 .bss           0x00000000c011e7f0        0x0 test/internal/test_vfs_open_read.o
 .bss           0x00000000c011e7f0        0x0 test/runnable/canary.o
 .bss           0x00000000c011e7f0        0x0 test/runnable/heap.o
 .bss           0x00000000c011e7f0        0x0 test/runnable/sleep.o
 *fill*         0x00000000c011e7f0      0x810 
 .bss           0x00000000c011f000     0x6000 machine/boot/kernel_entry.oo
 .bss           0x00000000c0125000        0x0 /cygdrive/c/Users/Alex/Toolchain/Output/bin/../lib/gcc/i386-banana/8.1.0/libgcc.a(_udivdi3.o)
 *(.bootstrap_stack)
                0x00000000c0125000                _kernel_end = .

/DISCARD/
 *(.comment)
OUTPUT(KERNEL.EXE elf32-i386)

.debug_info     0x0000000000000000      0xd25
 .debug_info    0x0000000000000000      0xd25 /cygdrive/c/Users/Alex/Toolchain/Output/bin/../lib/gcc/i386-banana/8.1.0/libgcc.a(_udivdi3.o)

.debug_abbrev   0x0000000000000000      0x23a
 .debug_abbrev  0x0000000000000000      0x23a /cygdrive/c/Users/Alex/Toolchain/Output/bin/../lib/gcc/i386-banana/8.1.0/libgcc.a(_udivdi3.o)

.debug_loc      0x0000000000000000      0x79c
 .debug_loc     0x0000000000000000      0x79c /cygdrive/c/Users/Alex/Toolchain/Output/bin/../lib/gcc/i386-banana/8.1.0/libgcc.a(_udivdi3.o)

.debug_aranges  0x0000000000000000       0x20
 .debug_aranges
                0x0000000000000000       0x20 /cygdrive/c/Users/Alex/Toolchain/Output/bin/../lib/gcc/i386-banana/8.1.0/libgcc.a(_udivdi3.o)

.debug_ranges   0x0000000000000000       0x28
 .debug_ranges  0x0000000000000000       0x28 /cygdrive/c/Users/Alex/Toolchain/Output/bin/../lib/gcc/i386-banana/8.1.0/libgcc.a(_udivdi3.o)

.debug_line     0x0000000000000000      0x2c5
 .debug_line    0x0000000000000000      0x2c5 /cygdrive/c/Users/Alex/Toolchain/Output/bin/../lib/gcc/i386-banana/8.1.0/libgcc.a(_udivdi3.o)

.debug_str      0x0000000000000000      0xb7b
 .debug_str     0x0000000000000000      0xb7b /cygdrive/c/Users/Alex/Toolchain/Output/bin/../lib/gcc/i386-banana/8.1.0/libgcc.a(_udivdi3.o)
                                        0xc29 (size before relaxing)
