
Discarded input sections

 .comment       0x0000000000000000       0x12 main.o

Memory Configuration

Name             Origin             Length             Attributes
*default*        0x0000000000000000 0xffffffffffffffff

Linker script and memory map

LOAD main.o
LOAD /cygdrive/c/Users/Alex/Toolchain/Output/bin/../lib/gcc/i386-banana/8.1.0/libgcc.a
                0x00000000d0000000                . = 0xd0000000

.text           0x00000000d0000000      0x4e1
 *(.text)
 .text          0x00000000d0000000      0x4e1 main.o
                0x00000000d0000389                _driver_entry_point
 *(.rodata)
 *(.symtab)
 *(.strtab)

.plt            0x00000000d00004f0        0x0
 .plt           0x00000000d00004f0        0x0 main.o

.plt.got        0x00000000d00004e8        0x0
 .plt.got       0x00000000d00004e8        0x0 main.o

.rodata.str1.1  0x00000000d00004e1       0x29
 .rodata.str1.1
                0x00000000d00004e1       0x29 main.o
                                         0x2a (size before relaxing)

.eh_frame       0x00000000d000050c      0x140
 .eh_frame      0x00000000d000050c      0x140 main.o

.gnu.version_d  0x00000000d000064c        0x0
 .gnu.version_d
                0x00000000d000064c        0x0 main.o

.gnu.version    0x00000000d000064c        0x0
 .gnu.version   0x00000000d000064c        0x0 main.o

.gnu.version_r  0x00000000d000064c        0x0
 .gnu.version_r
                0x00000000d000064c        0x0 main.o

.dynsym         0x00000000d000064c      0x150
 .dynsym        0x00000000d000064c      0x150 main.o

.dynstr         0x00000000d000079c      0x13a
 .dynstr        0x00000000d000079c      0x13a main.o

.hash           0x00000000d00008d8       0xa0
 .hash          0x00000000d00008d8       0xa0 main.o

.eh_frame       0x00000000d0000978        0x0
 .eh_frame      0x00000000d0000978        0x0 main.o
 .eh_frame      0x00000000d0000978        0x0 main.o

.rel.dyn        0x00000000d0000978      0x160
 .rel.plt       0x00000000d0000978        0x0 main.o
 .rel.got       0x00000000d0000978        0x0 main.o
 .rel.ifunc     0x00000000d0000978        0x0 main.o
 .rel.text      0x00000000d0000978      0x160 main.o

.data           0x00000000d0001000     0x1020
 *(.data)
 .data          0x00000000d0001000     0x1020 main.o
                0x00000000d0001000                SCREEN_HEIGHT
                0x00000000d0001004                SCREEN_WIDTH
                0x00000000d0001020                terminal_font

.dynamic        0x00000000d0002020       0x78
 .dynamic       0x00000000d0002020       0x78 main.o
                0x00000000d0002020                _DYNAMIC

.got            0x00000000d0002098        0x0
 .got           0x00000000d0002098        0x0 main.o

.got.plt        0x00000000d0002098        0x0
 .got.plt       0x00000000d0002098        0x0 main.o

.data.rel.ro    0x00000000d0002098        0x0
 .data.rel.ro   0x00000000d0002098        0x0 main.o

.bss            0x00000000d0003000       0x1c
 *(COMMON)
 *(.bss)
 .bss           0x00000000d0003000       0x1c main.o
 *(.bootstrap_stack)

.dynbss         0x00000000d000301c        0x0
 .dynbss        0x00000000d000301c        0x0 main.o

/DISCARD/
 *(.comment)
OUTPUT(VESACON.SYS elf32-i386)
