
Discarded input sections

 .comment       0x00000000       0x13 main.o

Memory Configuration

Name             Origin             Length             Attributes
*default*        0x00000000         0xffffffff

Linker script and memory map

LOAD main.o
LOAD /opt/homebrew/Cellar/i686-elf-gcc/13.1.0/lib/gcc/i686-elf/13.1.0/libgcc.a
                0xd0000000                        . = 0xd0000000

.text           0xd0000000      0x4be
 *(.text)
 .text          0xd0000000      0x4be main.o
                0xd0000374                _driver_entry_point
 *(.rodata)
 *(.symtab)
 *(.strtab)

.plt            0xd00004c0        0x0
 .plt           0xd00004c0        0x0 main.o

.plt.got        0xd00004c0        0x0
 .plt.got       0xd00004c0        0x0 main.o

.rodata.str1.1  0xd00004be       0x29
 .rodata.str1.1
                0xd00004be       0x29 main.o
                                 0x2a (size before relaxing)

.gnu.version_d  0xd00004e8        0x0
 .gnu.version_d
                0xd00004e8        0x0 main.o

.gnu.version    0xd00004e8        0x0
 .gnu.version   0xd00004e8        0x0 main.o

.gnu.version_r  0xd00004e8        0x0
 .gnu.version_r
                0xd00004e8        0x0 main.o

.dynsym         0xd00004e8      0x150
 .dynsym        0xd00004e8      0x150 main.o

.dynstr         0xd0000638      0x13a
 .dynstr        0xd0000638      0x13a main.o

.hash           0xd0000774       0xa0
 .hash          0xd0000774       0xa0 main.o

.eh_frame       0xd0000814        0x0
 .eh_frame      0xd0000814        0x0 main.o
 .eh_frame      0xd0000814        0x0 main.o

.rel.dyn        0xd0000814      0x160
 .rel.plt       0xd0000814        0x0 main.o
 .rel.got       0xd0000814        0x0 main.o
 .rel.ifunc     0xd0000814        0x0 main.o
 .rel.text      0xd0000814      0x160 main.o

.data           0xd0001000     0x1020
 *(.data)
 .data          0xd0001000     0x1020 main.o
                0xd0001000                SCREEN_HEIGHT
                0xd0001004                SCREEN_WIDTH
                0xd0001020                terminal_font

.dynamic        0xd0002020       0x78
 .dynamic       0xd0002020       0x78 main.o
                0xd0002020                _DYNAMIC

.got            0xd0002098        0x0
 .got           0xd0002098        0x0 main.o

.got.plt        0xd0002098        0x0
 .got.plt       0xd0002098        0x0 main.o

.data.rel.ro    0xd0002098        0x0
 .data.rel.ro   0xd0002098        0x0 main.o

.bss            0xd0003000       0x1c
 *(COMMON)
 *(.bss)
 .bss           0xd0003000       0x1c main.o
 *(.bootstrap_stack)

.dynbss         0xd000301c        0x0
 .dynbss        0xd000301c        0x0 main.o

/DISCARD/
 *(.comment)
OUTPUT(vesacon.sys elf32-i386)
